Archive member included to satisfy reference by file (symbol)

/Applications/STM32CubeIDE.app/Contents/Eclipse/plugins/com.st.stm32cube.ide.mcu.externaltools.gnu-tools-for-stm32.9-2020-q2-update.macos64_2.0.0.202105311346/tools/bin/../lib/gcc/arm-none-eabi/9.3.1/../../../../arm-none-eabi/lib/thumb/v7e-m+fp/hard/libc_nano.a(lib_a-errno.o)
                              ./Core/Src/syscalls.o (__errno)
/Applications/STM32CubeIDE.app/Contents/Eclipse/plugins/com.st.stm32cube.ide.mcu.externaltools.gnu-tools-for-stm32.9-2020-q2-update.macos64_2.0.0.202105311346/tools/bin/../lib/gcc/arm-none-eabi/9.3.1/../../../../arm-none-eabi/lib/thumb/v7e-m+fp/hard/libc_nano.a(lib_a-exit.o)
                              /Applications/STM32CubeIDE.app/Contents/Eclipse/plugins/com.st.stm32cube.ide.mcu.externaltools.gnu-tools-for-stm32.9-2020-q2-update.macos64_2.0.0.202105311346/tools/bin/../lib/gcc/arm-none-eabi/9.3.1/../../../../arm-none-eabi/lib/thumb/v7e-m+fp/hard/crt0.o (exit)
/Applications/STM32CubeIDE.app/Contents/Eclipse/plugins/com.st.stm32cube.ide.mcu.externaltools.gnu-tools-for-stm32.9-2020-q2-update.macos64_2.0.0.202105311346/tools/bin/../lib/gcc/arm-none-eabi/9.3.1/../../../../arm-none-eabi/lib/thumb/v7e-m+fp/hard/libc_nano.a(lib_a-impure.o)
                              /Applications/STM32CubeIDE.app/Contents/Eclipse/plugins/com.st.stm32cube.ide.mcu.externaltools.gnu-tools-for-stm32.9-2020-q2-update.macos64_2.0.0.202105311346/tools/bin/../lib/gcc/arm-none-eabi/9.3.1/../../../../arm-none-eabi/lib/thumb/v7e-m+fp/hard/libc_nano.a(lib_a-exit.o) (_global_impure_ptr)
/Applications/STM32CubeIDE.app/Contents/Eclipse/plugins/com.st.stm32cube.ide.mcu.externaltools.gnu-tools-for-stm32.9-2020-q2-update.macos64_2.0.0.202105311346/tools/bin/../lib/gcc/arm-none-eabi/9.3.1/../../../../arm-none-eabi/lib/thumb/v7e-m+fp/hard/libc_nano.a(lib_a-init.o)
                              /Applications/STM32CubeIDE.app/Contents/Eclipse/plugins/com.st.stm32cube.ide.mcu.externaltools.gnu-tools-for-stm32.9-2020-q2-update.macos64_2.0.0.202105311346/tools/bin/../lib/gcc/arm-none-eabi/9.3.1/../../../../arm-none-eabi/lib/thumb/v7e-m+fp/hard/crt0.o (__libc_init_array)
/Applications/STM32CubeIDE.app/Contents/Eclipse/plugins/com.st.stm32cube.ide.mcu.externaltools.gnu-tools-for-stm32.9-2020-q2-update.macos64_2.0.0.202105311346/tools/bin/../lib/gcc/arm-none-eabi/9.3.1/../../../../arm-none-eabi/lib/thumb/v7e-m+fp/hard/libc_nano.a(lib_a-memset.o)
                              /Applications/STM32CubeIDE.app/Contents/Eclipse/plugins/com.st.stm32cube.ide.mcu.externaltools.gnu-tools-for-stm32.9-2020-q2-update.macos64_2.0.0.202105311346/tools/bin/../lib/gcc/arm-none-eabi/9.3.1/../../../../arm-none-eabi/lib/thumb/v7e-m+fp/hard/crt0.o (memset)
/Applications/STM32CubeIDE.app/Contents/Eclipse/plugins/com.st.stm32cube.ide.mcu.externaltools.gnu-tools-for-stm32.9-2020-q2-update.macos64_2.0.0.202105311346/tools/bin/../lib/gcc/arm-none-eabi/9.3.1/thumb/v7e-m+fp/hard/libgcc.a(_aeabi_uldivmod.o)
                              ./Drivers/STM32F4xx_HAL_Driver/Src/stm32f4xx_hal_rcc.o (__aeabi_uldivmod)
/Applications/STM32CubeIDE.app/Contents/Eclipse/plugins/com.st.stm32cube.ide.mcu.externaltools.gnu-tools-for-stm32.9-2020-q2-update.macos64_2.0.0.202105311346/tools/bin/../lib/gcc/arm-none-eabi/9.3.1/thumb/v7e-m+fp/hard/libgcc.a(_udivmoddi4.o)
                              /Applications/STM32CubeIDE.app/Contents/Eclipse/plugins/com.st.stm32cube.ide.mcu.externaltools.gnu-tools-for-stm32.9-2020-q2-update.macos64_2.0.0.202105311346/tools/bin/../lib/gcc/arm-none-eabi/9.3.1/thumb/v7e-m+fp/hard/libgcc.a(_aeabi_uldivmod.o) (__udivmoddi4)
/Applications/STM32CubeIDE.app/Contents/Eclipse/plugins/com.st.stm32cube.ide.mcu.externaltools.gnu-tools-for-stm32.9-2020-q2-update.macos64_2.0.0.202105311346/tools/bin/../lib/gcc/arm-none-eabi/9.3.1/thumb/v7e-m+fp/hard/libgcc.a(_dvmd_tls.o)
                              /Applications/STM32CubeIDE.app/Contents/Eclipse/plugins/com.st.stm32cube.ide.mcu.externaltools.gnu-tools-for-stm32.9-2020-q2-update.macos64_2.0.0.202105311346/tools/bin/../lib/gcc/arm-none-eabi/9.3.1/thumb/v7e-m+fp/hard/libgcc.a(_aeabi_uldivmod.o) (__aeabi_ldiv0)

Allocating common symbols
Common symbol       size              file

hUsbDeviceFS        0x2d0             ./USB_DEVICE/App/usb_device.o
hdma_usart2_rx      0x60              ./Core/Src/main.o
xfunc_in            0x4               ./Drivers/Message/Src/xprintf.o
hpcd_USB_OTG_FS     0x408             ./USB_DEVICE/Target/usbd_conf.o
xfunc_out           0x4               ./Drivers/Message/Src/xprintf.o
uwTick              0x4               ./Drivers/STM32F4xx_HAL_Driver/Src/stm32f4xx_hal.o
pFlash              0x20              ./Drivers/STM32F4xx_HAL_Driver/Src/stm32f4xx_hal_flash.o
hdma_usart1_tx      0x60              ./Core/Src/main.o
hdma_usart1_rx      0x60              ./Core/Src/main.o
hdma_usart2_tx      0x60              ./Core/Src/main.o
huart1              0x44              ./Core/Src/main.o
[...]
Memory Configuration

Name             Origin             Length             Attributes
RAM              0x0000000020000000 0x0000000000018000 xrw
FLASH            0x0000000008000000 0x0000000000080000 xr
*default*        0x0000000000000000 0xffffffffffffffff

Linker script and memory map

LOAD /Applications/STM32CubeIDE.app/Contents/Eclipse/plugins/com.st.stm32cube.ide.mcu.externaltools.gnu-tools-for-stm32.9-2020-q2-update.macos64_2.0.0.202105311346/tools/bin/../lib/gcc/arm-none-eabi/9.3.1/thumb/v7e-m+fp/hard/crti.o
LOAD /Applications/STM32CubeIDE.app/Contents/Eclipse/plugins/com.st.stm32cube.ide.mcu.externaltools.gnu-tools-for-stm32.9-2020-q2-update.macos64_2.0.0.202105311346/tools/bin/../lib/gcc/arm-none-eabi/9.3.1/thumb/v7e-m+fp/hard/crtbegin.o
LOAD /Applications/STM32CubeIDE.app/Contents/Eclipse/plugins/com.st.stm32cube.ide.mcu.externaltools.gnu-tools-for-stm32.9-2020-q2-update.macos64_2.0.0.202105311346/tools/bin/../lib/gcc/arm-none-eabi/9.3.1/../../../../arm-none-eabi/lib/thumb/v7e-m+fp/hard/crt0.o
LOAD ./Core/Src/app.o
LOAD ./Core/Src/main.o
LOAD ./Core/Src/stm32f4xx_hal_msp.o
LOAD ./Core/Src/stm32f4xx_it.o
LOAD ./Core/Src/syscalls.o
LOAD ./Core/Src/sysmem.o
LOAD ./Core/Src/system_stm32f4xx.o
LOAD ./Core/Startup/startup_stm32f401retx.o
LOAD ./Drivers/DeviceController/Src/DeviceController.o
LOAD ./Drivers/GPIO/Src/GPIO.o
LOAD ./Drivers/Message/Src/message.o
LOAD ./Drivers/Message/Src/xprintf.o
LOAD ./Drivers/STM32F4xx_HAL_Driver/Src/stm32f4xx_hal.o
LOAD ./Drivers/STM32F4xx_HAL_Driver/Src/stm32f4xx_hal_cortex.o
LOAD ./Drivers/STM32F4xx_HAL_Driver/Src/stm32f4xx_hal_dma.o
LOAD ./Drivers/STM32F4xx_HAL_Driver/Src/stm32f4xx_hal_dma_ex.o
LOAD ./Drivers/STM32F4xx_HAL_Driver/Src/stm32f4xx_hal_exti.o
LOAD ./Drivers/STM32F4xx_HAL_Driver/Src/stm32f4xx_hal_flash.o
LOAD ./Drivers/STM32F4xx_HAL_Driver/Src/stm32f4xx_hal_flash_ex.o
LOAD ./Drivers/STM32F4xx_HAL_Driver/Src/stm32f4xx_hal_flash_ramfunc.o
LOAD ./Drivers/STM32F4xx_HAL_Driver/Src/stm32f4xx_hal_gpio.o
LOAD ./Drivers/STM32F4xx_HAL_Driver/Src/stm32f4xx_hal_pcd.o
LOAD ./Drivers/STM32F4xx_HAL_Driver/Src/stm32f4xx_hal_pcd_ex.o
LOAD ./Drivers/STM32F4xx_HAL_Driver/Src/stm32f4xx_hal_pwr.o
LOAD ./Drivers/STM32F4xx_HAL_Driver/Src/stm32f4xx_hal_pwr_ex.o
LOAD ./Drivers/STM32F4xx_HAL_Driver/Src/stm32f4xx_hal_rcc.o
LOAD ./Drivers/STM32F4xx_HAL_Driver/Src/stm32f4xx_hal_rcc_ex.o
LOAD ./Drivers/STM32F4xx_HAL_Driver/Src/stm32f4xx_hal_tim.o
LOAD ./Drivers/STM32F4xx_HAL_Driver/Src/stm32f4xx_hal_tim_ex.o
LOAD ./Drivers/STM32F4xx_HAL_Driver/Src/stm32f4xx_hal_uart.o
LOAD ./Drivers/STM32F4xx_HAL_Driver/Src/stm32f4xx_ll_usb.o
LOAD ./Drivers/USBHID/Src/usbhid.o
LOAD ./Middlewares/ST/STM32_USB_Device_Library/Class/HID/Src/usbd_hid.o
LOAD ./Middlewares/ST/STM32_USB_Device_Library/Core/Src/usbd_core.o
LOAD ./Middlewares/ST/STM32_USB_Device_Library/Core/Src/usbd_ctlreq.o
LOAD ./Middlewares/ST/STM32_USB_Device_Library/Core/Src/usbd_ioreq.o
LOAD ./USB_DEVICE/App/usb_device.o
LOAD ./USB_DEVICE/App/usbd_desc.o
LOAD ./USB_DEVICE/Target/usbd_conf.o
START GROUP
LOAD /Applications/STM32CubeIDE.app/Contents/Eclipse/plugins/com.st.stm32cube.ide.mcu.externaltools.gnu-tools-for-stm32.9-2020-q2-update.macos64_2.0.0.202105311346/tools/bin/../lib/gcc/arm-none-eabi/9.3.1/../../../../arm-none-eabi/lib/thumb/v7e-m+fp/hard/libc_nano.a
LOAD /Applications/STM32CubeIDE.app/Contents/Eclipse/plugins/com.st.stm32cube.ide.mcu.externaltools.gnu-tools-for-stm32.9-2020-q2-update.macos64_2.0.0.202105311346/tools/bin/../lib/gcc/arm-none-eabi/9.3.1/../../../../arm-none-eabi/lib/thumb/v7e-m+fp/hard/libm.a
END GROUP
START GROUP
LOAD /Applications/STM32CubeIDE.app/Contents/Eclipse/plugins/com.st.stm32cube.ide.mcu.externaltools.gnu-tools-for-stm32.9-2020-q2-update.macos64_2.0.0.202105311346/tools/bin/../lib/gcc/arm-none-eabi/9.3.1/thumb/v7e-m+fp/hard/libgcc.a
LOAD /Applications/STM32CubeIDE.app/Contents/Eclipse/plugins/com.st.stm32cube.ide.mcu.externaltools.gnu-tools-for-stm32.9-2020-q2-update.macos64_2.0.0.202105311346/tools/bin/../lib/gcc/arm-none-eabi/9.3.1/../../../../arm-none-eabi/lib/thumb/v7e-m+fp/hard/libc_nano.a
END GROUP
START GROUP
LOAD /Applications/STM32CubeIDE.app/Contents/Eclipse/plugins/com.st.stm32cube.ide.mcu.externaltools.gnu-tools-for-stm32.9-2020-q2-update.macos64_2.0.0.202105311346/tools/bin/../lib/gcc/arm-none-eabi/9.3.1/thumb/v7e-m+fp/hard/libgcc.a
LOAD /Applications/STM32CubeIDE.app/Contents/Eclipse/plugins/com.st.stm32cube.ide.mcu.externaltools.gnu-tools-for-stm32.9-2020-q2-update.macos64_2.0.0.202105311346/tools/bin/../lib/gcc/arm-none-eabi/9.3.1/../../../../arm-none-eabi/lib/thumb/v7e-m+fp/hard/libc_nano.a
LOAD /Applications/STM32CubeIDE.app/Contents/Eclipse/plugins/com.st.stm32cube.ide.mcu.externaltools.gnu-tools-for-stm32.9-2020-q2-update.macos64_2.0.0.202105311346/tools/bin/../lib/gcc/arm-none-eabi/9.3.1/../../../../arm-none-eabi/lib/thumb/v7e-m+fp/hard/libnosys.a
END GROUP
START GROUP
LOAD /Applications/STM32CubeIDE.app/Contents/Eclipse/plugins/com.st.stm32cube.ide.mcu.externaltools.gnu-tools-for-stm32.9-2020-q2-update.macos64_2.0.0.202105311346/tools/bin/../lib/gcc/arm-none-eabi/9.3.1/thumb/v7e-m+fp/hard/libgcc.a
LOAD /Applications/STM32CubeIDE.app/Contents/Eclipse/plugins/com.st.stm32cube.ide.mcu.externaltools.gnu-tools-for-stm32.9-2020-q2-update.macos64_2.0.0.202105311346/tools/bin/../lib/gcc/arm-none-eabi/9.3.1/../../../../arm-none-eabi/lib/thumb/v7e-m+fp/hard/libc_nano.a
LOAD /Applications/STM32CubeIDE.app/Contents/Eclipse/plugins/com.st.stm32cube.ide.mcu.externaltools.gnu-tools-for-stm32.9-2020-q2-update.macos64_2.0.0.202105311346/tools/bin/../lib/gcc/arm-none-eabi/9.3.1/../../../../arm-none-eabi/lib/thumb/v7e-m+fp/hard/libnosys.a
END GROUP
LOAD /Applications/STM32CubeIDE.app/Contents/Eclipse/plugins/com.st.stm32cube.ide.mcu.externaltools.gnu-tools-for-stm32.9-2020-q2-update.macos64_2.0.0.202105311346/tools/bin/../lib/gcc/arm-none-eabi/9.3.1/thumb/v7e-m+fp/hard/crtend.o
LOAD /Applications/STM32CubeIDE.app/Contents/Eclipse/plugins/com.st.stm32cube.ide.mcu.externaltools.gnu-tools-for-stm32.9-2020-q2-update.macos64_2.0.0.202105311346/tools/bin/../lib/gcc/arm-none-eabi/9.3.1/thumb/v7e-m+fp/hard/crtn.o
                0x0000000020018000                _estack = (ORIGIN (RAM) + LENGTH (RAM))
                0x0000000000000200                _Min_Heap_Size = 0x200
                0x0000000000000400                _Min_Stack_Size = 0x400

.isr_vector     0x0000000008000000      0x194
                0x0000000008000000                . = ALIGN (0x4)
 *(.isr_vector)
 .isr_vector    0x0000000008000000      0x194 ./Core/Startup/startup_stm32f401retx.o
                0x0000000008000000                g_pfnVectors
                0x0000000008000194                . = ALIGN (0x4)

.text           0x0000000008000194     0x8744
                0x0000000008000194                . = ALIGN (0x4)
 *(.text)
 .text          0x0000000008000194       0x40 /Applications/STM32CubeIDE.app/Contents/Eclipse/plugins/com.st.stm32cube.ide.mcu.externaltools.gnu-tools-for-stm32.9-2020-q2-update.macos64_2.0.0.202105311346/tools/bin/../lib/gcc/arm-none-eabi/9.3.1/thumb/v7e-m+fp/hard/crtbegin.o
 .text          0x00000000080001d4       0x30 /Applications/STM32CubeIDE.app/Contents/Eclipse/plugins/com.st.stm32cube.ide.mcu.externaltools.gnu-tools-for-stm32.9-2020-q2-update.macos64_2.0.0.202105311346/tools/bin/../lib/gcc/arm-none-eabi/9.3.1/thumb/v7e-m+fp/hard/libgcc.a(_aeabi_uldivmod.o)
                0x00000000080001d4                __aeabi_uldivmod
 .text          0x0000000008000204      0x2c4 /Applications/STM32CubeIDE.app/Contents/Eclipse/plugins/com.st.stm32cube.ide.mcu.externaltools.gnu-tools-for-stm32.9-2020-q2-update.macos64_2.0.0.202105311346/tools/bin/../lib/gcc/arm-none-eabi/9.3.1/thumb/v7e-m+fp/hard/libgcc.a(_udivmoddi4.o)
                0x0000000008000204                __udivmoddi4
 .text          0x00000000080004c8        0x4 /Applications/STM32CubeIDE.app/Contents/Eclipse/plugins/com.st.stm32cube.ide.mcu.externaltools.gnu-tools-for-stm32.9-2020-q2-update.macos64_2.0.0.202105311346/tools/bin/../lib/gcc/arm-none-eabi/9.3.1/thumb/v7e-m+fp/hard/libgcc.a(_dvmd_tls.o)
                0x00000000080004c8                __aeabi_ldiv0
                0x00000000080004c8                __aeabi_idiv0
 *(.text*)
 .text.appInit  0x00000000080004cc       0x10 ./Core/Src/app.o
                0x00000000080004cc                appInit
 .text.appTask  0x00000000080004dc      0x2bc ./Core/Src/app.o
                0x00000000080004dc                appTask
 .text.main     0x0000000008000798       0x68 ./Core/Src/main.o
                0x0000000008000798                main
 .text.SystemClock_Config
                0x0000000008000800       0xd4 ./Core/Src/main.o
                0x0000000008000800                SystemClock_Config
 .text.MX_USART1_UART_Init
                0x00000000080008d4       0x54 ./Core/Src/main.o
 .text.MX_USART2_UART_Init
                0x0000000008000928       0x54 ./Core/Src/main.o
 .text.MX_DMA_Init
                0x000000000800097c       0x8c ./Core/Src/main.o
 .text.MX_GPIO_Init
                0x0000000008000a08       0xdc ./Core/Src/main.o
 .text.HAL_UART_TxCpltCallback
                0x0000000008000ae4       0x38 ./Core/Src/main.o
                0x0000000008000ae4                HAL_UART_TxCpltCallback
 .text.HAL_UART_RxCpltCallback
                0x0000000008000b1c       0x38 ./Core/Src/main.o
                0x0000000008000b1c                HAL_UART_RxCpltCallback
 .text.Error_Handler
                0x0000000008000b54        0xa ./Core/Src/main.o
                0x0000000008000b54                Error_Handler
 *fill*         0x0000000008000b5e        0x2 
 .text.HAL_MspInit
                0x0000000008000b60       0x50 ./Core/Src/stm32f4xx_hal_msp.o
                0x0000000008000b60                HAL_MspInit
 .text.HAL_UART_MspInit
                0x0000000008000bb0      0x2ac ./Core/Src/stm32f4xx_hal_msp.o
                0x0000000008000bb0                HAL_UART_MspInit
 .text.NMI_Handler
                0x0000000008000e5c        0x6 ./Core/Src/stm32f4xx_it.o
                0x0000000008000e5c                NMI_Handler
 .text.HardFault_Handler
                0x0000000008000e62        0x6 ./Core/Src/stm32f4xx_it.o
                0x0000000008000e62                HardFault_Handler
 .text.MemManage_Handler
                0x0000000008000e68        0x6 ./Core/Src/stm32f4xx_it.o
                0x0000000008000e68                MemManage_Handler
 .text.BusFault_Handler
                0x0000000008000e6e        0x6 ./Core/Src/stm32f4xx_it.o
                0x0000000008000e6e                BusFault_Handler
 .text.UsageFault_Handler
                0x0000000008000e74        0x6 ./Core/Src/stm32f4xx_it.o
                0x0000000008000e74                UsageFault_Handler
 .text.SVC_Handler
                0x0000000008000e7a        0xe ./Core/Src/stm32f4xx_it.o
                0x0000000008000e7a                SVC_Handler
 .text.DebugMon_Handler
                0x0000000008000e88        0xe ./Core/Src/stm32f4xx_it.o
                0x0000000008000e88                DebugMon_Handler
 .text.PendSV_Handler
                0x0000000008000e96        0xe ./Core/Src/stm32f4xx_it.o
                0x0000000008000e96                PendSV_Handler
 .text.SysTick_Handler
                0x0000000008000ea4       0x1c ./Core/Src/stm32f4xx_it.o
                0x0000000008000ea4                SysTick_Handler
 .text.DMA1_Stream5_IRQHandler
                0x0000000008000ec0       0x14 ./Core/Src/stm32f4xx_it.o
                0x0000000008000ec0                DMA1_Stream5_IRQHandler
 .text.DMA1_Stream6_IRQHandler
                0x0000000008000ed4       0x14 ./Core/Src/stm32f4xx_it.o
                0x0000000008000ed4                DMA1_Stream6_IRQHandler
 .text.USART1_IRQHandler
                0x0000000008000ee8       0x14 ./Core/Src/stm32f4xx_it.o
                0x0000000008000ee8                USART1_IRQHandler
 .text.USART2_IRQHandler
                0x0000000008000efc       0x14 ./Core/Src/stm32f4xx_it.o
                0x0000000008000efc                USART2_IRQHandler
 .text.DMA2_Stream2_IRQHandler
                0x0000000008000f10       0x14 ./Core/Src/stm32f4xx_it.o
                0x0000000008000f10                DMA2_Stream2_IRQHandler
 .text.OTG_FS_IRQHandler
                0x0000000008000f24       0x14 ./Core/Src/stm32f4xx_it.o
                0x0000000008000f24                OTG_FS_IRQHandler
 .text.DMA2_Stream7_IRQHandler
                0x0000000008000f38       0x14 ./Core/Src/stm32f4xx_it.o
                0x0000000008000f38                DMA2_Stream7_IRQHandler
 .text.SystemInit
                0x0000000008000f4c       0x24 ./Core/Src/system_stm32f4xx.o
                0x0000000008000f4c                SystemInit
 .text.Reset_Handler
                0x0000000008000f70       0x50 ./Core/Startup/startup_stm32f401retx.o
                0x0000000008000f70                Reset_Handler
 .text.Default_Handler
                0x0000000008000fc0        0x2 ./Core/Startup/startup_stm32f401retx.o
                0x0000000008000fc0                DMA1_Stream3_IRQHandler
                0x0000000008000fc0                EXTI2_IRQHandler
                0x0000000008000fc0                SPI4_IRQHandler
                0x0000000008000fc0                TIM1_CC_IRQHandler
                0x0000000008000fc0                DMA2_Stream5_IRQHandler
                0x0000000008000fc0                PVD_IRQHandler
                0x0000000008000fc0                SDIO_IRQHandler
                0x0000000008000fc0                TAMP_STAMP_IRQHandler
                0x0000000008000fc0                EXTI3_IRQHandler
                0x0000000008000fc0                TIM1_UP_TIM10_IRQHandler
                0x0000000008000fc0                I2C3_ER_IRQHandler
                0x0000000008000fc0                EXTI0_IRQHandler
                0x0000000008000fc0                I2C2_EV_IRQHandler
                0x0000000008000fc0                DMA1_Stream2_IRQHandler
                0x0000000008000fc0                FPU_IRQHandler
                0x0000000008000fc0                SPI1_IRQHandler
                0x0000000008000fc0                TIM1_BRK_TIM9_IRQHandler
                0x0000000008000fc0                DMA2_Stream3_IRQHandler
                0x0000000008000fc0                USART6_IRQHandler
                0x0000000008000fc0                DMA2_Stream0_IRQHandler
                0x0000000008000fc0                TIM4_IRQHandler
                0x0000000008000fc0                I2C1_EV_IRQHandler
                0x0000000008000fc0                DMA1_Stream1_IRQHandler
                0x0000000008000fc0                TIM3_IRQHandler
                0x0000000008000fc0                RCC_IRQHandler
                0x0000000008000fc0                Default_Handler
                0x0000000008000fc0                EXTI15_10_IRQHandler
                0x0000000008000fc0                ADC_IRQHandler
                0x0000000008000fc0                DMA1_Stream7_IRQHandler
                0x0000000008000fc0                TIM5_IRQHandler
                0x0000000008000fc0                I2C3_EV_IRQHandler
                0x0000000008000fc0                EXTI9_5_IRQHandler
                0x0000000008000fc0                RTC_WKUP_IRQHandler
                0x0000000008000fc0                SPI2_IRQHandler
                0x0000000008000fc0                DMA1_Stream0_IRQHandler
                0x0000000008000fc0                EXTI4_IRQHandler
                0x0000000008000fc0                WWDG_IRQHandler
                0x0000000008000fc0                TIM2_IRQHandler
                0x0000000008000fc0                OTG_FS_WKUP_IRQHandler
                0x0000000008000fc0                TIM1_TRG_COM_TIM11_IRQHandler
                0x0000000008000fc0                EXTI1_IRQHandler
                0x0000000008000fc0                I2C2_ER_IRQHandler
                0x0000000008000fc0                DMA2_Stream1_IRQHandler
                0x0000000008000fc0                FLASH_IRQHandler
                0x0000000008000fc0                DMA2_Stream4_IRQHandler
                0x0000000008000fc0                SPI3_IRQHandler
                0x0000000008000fc0                DMA1_Stream4_IRQHandler
                0x0000000008000fc0                I2C1_ER_IRQHandler
                0x0000000008000fc0                DMA2_Stream6_IRQHandler
                0x0000000008000fc0                RTC_Alarm_IRQHandler
 *fill*         0x0000000008000fc2        0x2 
 .text.D_Slider_SystickUpdate
                0x0000000008000fc4       0xdc ./Drivers/DeviceController/Src/DeviceController.o
                0x0000000008000fc4                D_Slider_SystickUpdate
 .text.D_Slider_Start
                0x00000000080010a0       0x60 ./Drivers/DeviceController/Src/DeviceController.o
                0x00000000080010a0                D_Slider_Start
 .text.D_Slider_LightingUpdate
                0x0000000008001100       0x1c ./Drivers/DeviceController/Src/DeviceController.o
                0x0000000008001100                D_Slider_LightingUpdate
 .text.D_Slider_Send
                0x000000000800111c       0x50 ./Drivers/DeviceController/Src/DeviceController.o
                0x000000000800111c                D_Slider_Send
 .text.D_Slider_Receive
                0x000000000800116c       0x48 ./Drivers/DeviceController/Src/DeviceController.o
                0x000000000800116c                D_Slider_Receive
 .text.D_Slider_GetSensorData
                0x00000000080011b4       0x38 ./Drivers/DeviceController/Src/DeviceController.o
                0x00000000080011b4                D_Slider_GetSensorData
 .text.D_Slider_CheckData
                0x00000000080011ec       0xe4 ./Drivers/DeviceController/Src/DeviceController.o
                0x00000000080011ec                D_Slider_CheckData
 .text.D_Slider_SetColorData
                0x00000000080012d0      0x250 ./Drivers/DeviceController/Src/DeviceController.o
                0x00000000080012d0                D_Slider_SetColorData
 .text.D_Slider_TransitionCompletedCallBack
                0x0000000008001520       0x18 ./Drivers/DeviceController/Src/DeviceController.o
                0x0000000008001520                D_Slider_TransitionCompletedCallBack
 .text.D_Slider_ReceptionCompletedCallBack
                0x0000000008001538       0x20 ./Drivers/DeviceController/Src/DeviceController.o
                0x0000000008001538                D_Slider_ReceptionCompletedCallBack
 .text.D_GPIO_Read
                0x0000000008001558       0x2a ./Drivers/GPIO/Src/GPIO.o
                0x0000000008001558                D_GPIO_Read
 *fill*         0x0000000008001582        0x2 
 .text.D_Mess_flush
                0x0000000008001584       0x64 ./Drivers/Message/Src/message.o
                0x0000000008001584                D_Mess_flush
 .text.D_Mess_TransitionCompletedCallBack
                0x00000000080015e8       0x18 ./Drivers/Message/Src/message.o
                0x00000000080015e8                D_Mess_TransitionCompletedCallBack
 .text.D_Mess_ReceptionCompletedCallBack
                0x0000000008001600       0x18 ./Drivers/Message/Src/message.o
                0x0000000008001600                D_Mess_ReceptionCompletedCallBack
 .text.HAL_Init
                0x0000000008001618       0x44 ./Drivers/STM32F4xx_HAL_Driver/Src/stm32f4xx_hal.o
                0x0000000008001618                HAL_Init
 .text.HAL_InitTick
                0x000000000800165c       0x60 ./Drivers/STM32F4xx_HAL_Driver/Src/stm32f4xx_hal.o
                0x000000000800165c                HAL_InitTick
 .text.HAL_IncTick
                0x00000000080016bc       0x28 ./Drivers/STM32F4xx_HAL_Driver/Src/stm32f4xx_hal.o
                0x00000000080016bc                HAL_IncTick
 .text.HAL_GetTick
                0x00000000080016e4       0x18 ./Drivers/STM32F4xx_HAL_Driver/Src/stm32f4xx_hal.o
                0x00000000080016e4                HAL_GetTick
 .text.HAL_Delay
                0x00000000080016fc       0x48 ./Drivers/STM32F4xx_HAL_Driver/Src/stm32f4xx_hal.o
                0x00000000080016fc                HAL_Delay
 .text.__NVIC_SetPriorityGrouping
                0x0000000008001744       0x48 ./Drivers/STM32F4xx_HAL_Driver/Src/stm32f4xx_hal_cortex.o
 .text.__NVIC_GetPriorityGrouping
                0x000000000800178c       0x1c ./Drivers/STM32F4xx_HAL_Driver/Src/stm32f4xx_hal_cortex.o
 .text.__NVIC_EnableIRQ
                0x00000000080017a8       0x3c ./Drivers/STM32F4xx_HAL_Driver/Src/stm32f4xx_hal_cortex.o
 .text.__NVIC_SetPriority
                0x00000000080017e4       0x54 ./Drivers/STM32F4xx_HAL_Driver/Src/stm32f4xx_hal_cortex.o
 .text.NVIC_EncodePriority
                0x0000000008001838       0x66 ./Drivers/STM32F4xx_HAL_Driver/Src/stm32f4xx_hal_cortex.o
 *fill*         0x000000000800189e        0x2 
 .text.SysTick_Config
                0x00000000080018a0       0x44 ./Drivers/STM32F4xx_HAL_Driver/Src/stm32f4xx_hal_cortex.o
 .text.HAL_NVIC_SetPriorityGrouping
                0x00000000080018e4       0x16 ./Drivers/STM32F4xx_HAL_Driver/Src/stm32f4xx_hal_cortex.o
                0x00000000080018e4                HAL_NVIC_SetPriorityGrouping
 .text.HAL_NVIC_SetPriority
                0x00000000080018fa       0x38 ./Drivers/STM32F4xx_HAL_Driver/Src/stm32f4xx_hal_cortex.o
                0x00000000080018fa                HAL_NVIC_SetPriority
 .text.HAL_NVIC_EnableIRQ
                0x0000000008001932       0x1c ./Drivers/STM32F4xx_HAL_Driver/Src/stm32f4xx_hal_cortex.o
                0x0000000008001932                HAL_NVIC_EnableIRQ
 .text.HAL_SYSTICK_Config
                0x000000000800194e       0x18 ./Drivers/STM32F4xx_HAL_Driver/Src/stm32f4xx_hal_cortex.o
                0x000000000800194e                HAL_SYSTICK_Config
 *fill*         0x0000000008001966        0x2 
 .text.HAL_DMA_Init
                0x0000000008001968      0x15c ./Drivers/STM32F4xx_HAL_Driver/Src/stm32f4xx_hal_dma.o
                0x0000000008001968                HAL_DMA_Init
 .text.HAL_DMA_Start_IT
                0x0000000008001ac4       0xb0 ./Drivers/STM32F4xx_HAL_Driver/Src/stm32f4xx_hal_dma.o
                0x0000000008001ac4                HAL_DMA_Start_IT
 .text.HAL_DMA_Abort
                0x0000000008001b74       0xe0 ./Drivers/STM32F4xx_HAL_Driver/Src/stm32f4xx_hal_dma.o
                0x0000000008001b74                HAL_DMA_Abort
 .text.HAL_DMA_Abort_IT
                0x0000000008001c54       0x44 ./Drivers/STM32F4xx_HAL_Driver/Src/stm32f4xx_hal_dma.o
                0x0000000008001c54                HAL_DMA_Abort_IT
 .text.HAL_DMA_IRQHandler
                0x0000000008001c98      0x314 ./Drivers/STM32F4xx_HAL_Driver/Src/stm32f4xx_hal_dma.o
                0x0000000008001c98                HAL_DMA_IRQHandler
 .text.DMA_SetConfig
                0x0000000008001fac       0x5c ./Drivers/STM32F4xx_HAL_Driver/Src/stm32f4xx_hal_dma.o
 .text.DMA_CalcBaseAndBitshift
                0x0000000008002008       0x6c ./Drivers/STM32F4xx_HAL_Driver/Src/stm32f4xx_hal_dma.o
 .text.DMA_CheckFifoParam
                0x0000000008002074       0xf8 ./Drivers/STM32F4xx_HAL_Driver/Src/stm32f4xx_hal_dma.o
 .text.HAL_GPIO_Init
                0x000000000800216c      0x308 ./Drivers/STM32F4xx_HAL_Driver/Src/stm32f4xx_hal_gpio.o
                0x000000000800216c                HAL_GPIO_Init
 .text.HAL_GPIO_ReadPin
                0x0000000008002474       0x30 ./Drivers/STM32F4xx_HAL_Driver/Src/stm32f4xx_hal_gpio.o
                0x0000000008002474                HAL_GPIO_ReadPin
 .text.HAL_GPIO_WritePin
                0x00000000080024a4       0x32 ./Drivers/STM32F4xx_HAL_Driver/Src/stm32f4xx_hal_gpio.o
                0x00000000080024a4                HAL_GPIO_WritePin
 .text.HAL_PCD_Init
                0x00000000080024d6      0x23a ./Drivers/STM32F4xx_HAL_Driver/Src/stm32f4xx_hal_pcd.o
                0x00000000080024d6                HAL_PCD_Init
 .text.HAL_PCD_Start
                0x0000000008002710       0x66 ./Drivers/STM32F4xx_HAL_Driver/Src/stm32f4xx_hal_pcd.o
                0x0000000008002710                HAL_PCD_Start
 .text.HAL_PCD_IRQHandler
                0x0000000008002776      0x764 ./Drivers/STM32F4xx_HAL_Driver/Src/stm32f4xx_hal_pcd.o
                0x0000000008002776                HAL_PCD_IRQHandler
 .text.HAL_PCD_SetAddress
                0x0000000008002eda       0x4a ./Drivers/STM32F4xx_HAL_Driver/Src/stm32f4xx_hal_pcd.o
                0x0000000008002eda                HAL_PCD_SetAddress
 .text.HAL_PCD_EP_Open
                0x0000000008002f24       0xd0 ./Drivers/STM32F4xx_HAL_Driver/Src/stm32f4xx_hal_pcd.o
                0x0000000008002f24                HAL_PCD_EP_Open
 .text.HAL_PCD_EP_Close
                0x0000000008002ff4       0x94 ./Drivers/STM32F4xx_HAL_Driver/Src/stm32f4xx_hal_pcd.o
                0x0000000008002ff4                HAL_PCD_EP_Close
 .text.HAL_PCD_EP_Receive
                0x0000000008003088       0x96 ./Drivers/STM32F4xx_HAL_Driver/Src/stm32f4xx_hal_pcd.o
                0x0000000008003088                HAL_PCD_EP_Receive
 .text.HAL_PCD_EP_Transmit
                0x000000000800311e       0x94 ./Drivers/STM32F4xx_HAL_Driver/Src/stm32f4xx_hal_pcd.o
                0x000000000800311e                HAL_PCD_EP_Transmit
 .text.HAL_PCD_EP_SetStall
                0x00000000080031b2       0xc8 ./Drivers/STM32F4xx_HAL_Driver/Src/stm32f4xx_hal_pcd.o
                0x00000000080031b2                HAL_PCD_EP_SetStall
 .text.HAL_PCD_EP_ClrStall
                0x000000000800327a       0xac ./Drivers/STM32F4xx_HAL_Driver/Src/stm32f4xx_hal_pcd.o
                0x000000000800327a                HAL_PCD_EP_ClrStall
 .text.PCD_WriteEmptyTxFifo
                0x0000000008003326      0x11a ./Drivers/STM32F4xx_HAL_Driver/Src/stm32f4xx_hal_pcd.o
 .text.PCD_EP_OutXfrComplete_int
                0x0000000008003440      0x218 ./Drivers/STM32F4xx_HAL_Driver/Src/stm32f4xx_hal_pcd.o
 .text.PCD_EP_OutSetupPacket_int
                0x0000000008003658       0x8c ./Drivers/STM32F4xx_HAL_Driver/Src/stm32f4xx_hal_pcd.o
 .text.HAL_PCDEx_SetTxFiFo
                0x00000000080036e4       0x8e ./Drivers/STM32F4xx_HAL_Driver/Src/stm32f4xx_hal_pcd_ex.o
                0x00000000080036e4                HAL_PCDEx_SetTxFiFo
 .text.HAL_PCDEx_SetRxFiFo
                0x0000000008003772       0x22 ./Drivers/STM32F4xx_HAL_Driver/Src/stm32f4xx_hal_pcd_ex.o
                0x0000000008003772                HAL_PCDEx_SetRxFiFo
 .text.HAL_PCDEx_LPM_Callback
                0x0000000008003794       0x18 ./Drivers/STM32F4xx_HAL_Driver/Src/stm32f4xx_hal_pcd_ex.o
                0x0000000008003794                HAL_PCDEx_LPM_Callback
 .text.HAL_RCC_OscConfig
                0x00000000080037ac      0x4f0 ./Drivers/STM32F4xx_HAL_Driver/Src/stm32f4xx_hal_rcc.o
                0x00000000080037ac                HAL_RCC_OscConfig
 .text.HAL_RCC_ClockConfig
                0x0000000008003c9c      0x1cc ./Drivers/STM32F4xx_HAL_Driver/Src/stm32f4xx_hal_rcc.o
                0x0000000008003c9c                HAL_RCC_ClockConfig
 .text.HAL_RCC_GetSysClockFreq
                0x0000000008003e68      0x1c4 ./Drivers/STM32F4xx_HAL_Driver/Src/stm32f4xx_hal_rcc.o
                0x0000000008003e68                HAL_RCC_GetSysClockFreq
 .text.HAL_RCC_GetHCLKFreq
                0x000000000800402c       0x18 ./Drivers/STM32F4xx_HAL_Driver/Src/stm32f4xx_hal_rcc.o
                0x000000000800402c                HAL_RCC_GetHCLKFreq
 .text.HAL_RCC_GetPCLK1Freq
                0x0000000008004044       0x28 ./Drivers/STM32F4xx_HAL_Driver/Src/stm32f4xx_hal_rcc.o
                0x0000000008004044                HAL_RCC_GetPCLK1Freq
 .text.HAL_RCC_GetPCLK2Freq
                0x000000000800406c       0x28 ./Drivers/STM32F4xx_HAL_Driver/Src/stm32f4xx_hal_rcc.o
                0x000000000800406c                HAL_RCC_GetPCLK2Freq
 .text.HAL_UART_Init
                0x0000000008004094       0x9a ./Drivers/STM32F4xx_HAL_Driver/Src/stm32f4xx_hal_uart.o
                0x0000000008004094                HAL_UART_Init
 *fill*         0x000000000800412e        0x2 
 .text.HAL_UART_Transmit_DMA
                0x0000000008004130       0xfc ./Drivers/STM32F4xx_HAL_Driver/Src/stm32f4xx_hal_uart.o
                0x0000000008004130                HAL_UART_Transmit_DMA
 .text.HAL_UART_Receive_DMA
                0x000000000800422c       0x60 ./Drivers/STM32F4xx_HAL_Driver/Src/stm32f4xx_hal_uart.o
                0x000000000800422c                HAL_UART_Receive_DMA
 .text.HAL_UART_IRQHandler
                0x000000000800428c      0x51c ./Drivers/STM32F4xx_HAL_Driver/Src/stm32f4xx_hal_uart.o
                0x000000000800428c                HAL_UART_IRQHandler
 .text.HAL_UART_TxHalfCpltCallback
                0x00000000080047a8       0x14 ./Drivers/STM32F4xx_HAL_Driver/Src/stm32f4xx_hal_uart.o
                0x00000000080047a8                HAL_UART_TxHalfCpltCallback
 .text.HAL_UART_RxHalfCpltCallback
                0x00000000080047bc       0x14 ./Drivers/STM32F4xx_HAL_Driver/Src/stm32f4xx_hal_uart.o
                0x00000000080047bc                HAL_UART_RxHalfCpltCallback
 .text.HAL_UART_ErrorCallback
                0x00000000080047d0       0x14 ./Drivers/STM32F4xx_HAL_Driver/Src/stm32f4xx_hal_uart.o
                0x00000000080047d0                HAL_UART_ErrorCallback
 .text.HAL_UARTEx_RxEventCallback
                0x00000000080047e4       0x18 ./Drivers/STM32F4xx_HAL_Driver/Src/stm32f4xx_hal_uart.o
                0x00000000080047e4                HAL_UARTEx_RxEventCallback
 .text.UART_DMATransmitCplt
                0x00000000080047fc       0x9a ./Drivers/STM32F4xx_HAL_Driver/Src/stm32f4xx_hal_uart.o
 .text.UART_DMATxHalfCplt
                0x0000000008004896       0x1c ./Drivers/STM32F4xx_HAL_Driver/Src/stm32f4xx_hal_uart.o
 .text.UART_DMAReceiveCplt
                0x00000000080048b2      0x126 ./Drivers/STM32F4xx_HAL_Driver/Src/stm32f4xx_hal_uart.o
 .text.UART_DMARxHalfCplt
                0x00000000080049d8       0x36 ./Drivers/STM32F4xx_HAL_Driver/Src/stm32f4xx_hal_uart.o
 .text.UART_DMAError
                0x0000000008004a0e       0x94 ./Drivers/STM32F4xx_HAL_Driver/Src/stm32f4xx_hal_uart.o
 *fill*         0x0000000008004aa2        0x2 
 .text.UART_Start_Receive_DMA
                0x0000000008004aa4      0x134 ./Drivers/STM32F4xx_HAL_Driver/Src/stm32f4xx_hal_uart.o
                0x0000000008004aa4                UART_Start_Receive_DMA
 .text.UART_EndTxTransfer
                0x0000000008004bd8       0x50 ./Drivers/STM32F4xx_HAL_Driver/Src/stm32f4xx_hal_uart.o
 .text.UART_EndRxTransfer
                0x0000000008004c28       0xc6 ./Drivers/STM32F4xx_HAL_Driver/Src/stm32f4xx_hal_uart.o
 .text.UART_DMAAbortOnError
                0x0000000008004cee       0x28 ./Drivers/STM32F4xx_HAL_Driver/Src/stm32f4xx_hal_uart.o
 .text.UART_Transmit_IT
                0x0000000008004d16       0xa0 ./Drivers/STM32F4xx_HAL_Driver/Src/stm32f4xx_hal_uart.o
 .text.UART_EndTransmit_IT
                0x0000000008004db6       0x30 ./Drivers/STM32F4xx_HAL_Driver/Src/stm32f4xx_hal_uart.o
 .text.UART_Receive_IT
                0x0000000008004de6      0x176 ./Drivers/STM32F4xx_HAL_Driver/Src/stm32f4xx_hal_uart.o
 .text.UART_SetConfig
                0x0000000008004f5c      0x390 ./Drivers/STM32F4xx_HAL_Driver/Src/stm32f4xx_hal_uart.o
 .text.USB_CoreInit
                0x00000000080052ec       0xc2 ./Drivers/STM32F4xx_HAL_Driver/Src/stm32f4xx_ll_usb.o
                0x00000000080052ec                USB_CoreInit
 *fill*         0x00000000080053ae        0x2 
 .text.USB_SetTurnaroundTime
                0x00000000080053b0      0x144 ./Drivers/STM32F4xx_HAL_Driver/Src/stm32f4xx_ll_usb.o
                0x00000000080053b0                USB_SetTurnaroundTime
 .text.USB_EnableGlobalInt
                0x00000000080054f4       0x22 ./Drivers/STM32F4xx_HAL_Driver/Src/stm32f4xx_ll_usb.o
                0x00000000080054f4                USB_EnableGlobalInt
 .text.USB_DisableGlobalInt
                0x0000000008005516       0x22 ./Drivers/STM32F4xx_HAL_Driver/Src/stm32f4xx_ll_usb.o
                0x0000000008005516                USB_DisableGlobalInt
 .text.USB_SetCurrentMode
                0x0000000008005538       0x98 ./Drivers/STM32F4xx_HAL_Driver/Src/stm32f4xx_ll_usb.o
                0x0000000008005538                USB_SetCurrentMode
 .text.USB_DevInit
                0x00000000080055d0      0x2c8 ./Drivers/STM32F4xx_HAL_Driver/Src/stm32f4xx_ll_usb.o
                0x00000000080055d0                USB_DevInit
 .text.USB_FlushTxFifo
                0x0000000008005898       0x48 ./Drivers/STM32F4xx_HAL_Driver/Src/stm32f4xx_ll_usb.o
                0x0000000008005898                USB_FlushTxFifo
 .text.USB_FlushRxFifo
                0x00000000080058e0       0x40 ./Drivers/STM32F4xx_HAL_Driver/Src/stm32f4xx_ll_usb.o
                0x00000000080058e0                USB_FlushRxFifo
 .text.USB_SetDevSpeed
                0x0000000008005920       0x32 ./Drivers/STM32F4xx_HAL_Driver/Src/stm32f4xx_ll_usb.o
                0x0000000008005920                USB_SetDevSpeed
 .text.USB_GetDevSpeed
                0x0000000008005952       0x4a ./Drivers/STM32F4xx_HAL_Driver/Src/stm32f4xx_ll_usb.o
                0x0000000008005952                USB_GetDevSpeed
 .text.USB_ActivateEndpoint
                0x000000000800599c      0x10e ./Drivers/STM32F4xx_HAL_Driver/Src/stm32f4xx_ll_usb.o
                0x000000000800599c                USB_ActivateEndpoint
 *fill*         0x0000000008005aaa        0x2 
 .text.USB_DeactivateEndpoint
                0x0000000008005aac      0x1b8 ./Drivers/STM32F4xx_HAL_Driver/Src/stm32f4xx_ll_usb.o
                0x0000000008005aac                USB_DeactivateEndpoint
 .text.USB_EPStartXfer
                0x0000000008005c64      0x488 ./Drivers/STM32F4xx_HAL_Driver/Src/stm32f4xx_ll_usb.o
                0x0000000008005c64                USB_EPStartXfer
 .text.USB_EP0StartXfer
                0x00000000080060ec      0x2a6 ./Drivers/STM32F4xx_HAL_Driver/Src/stm32f4xx_ll_usb.o
                0x00000000080060ec                USB_EP0StartXfer
 .text.USB_WritePacket
                0x0000000008006392       0x7c ./Drivers/STM32F4xx_HAL_Driver/Src/stm32f4xx_ll_usb.o
                0x0000000008006392                USB_WritePacket
 .text.USB_ReadPacket
                0x000000000800640e       0xb0 ./Drivers/STM32F4xx_HAL_Driver/Src/stm32f4xx_ll_usb.o
                0x000000000800640e                USB_ReadPacket
 .text.USB_EPSetStall
                0x00000000080064be       0xdc ./Drivers/STM32F4xx_HAL_Driver/Src/stm32f4xx_ll_usb.o
                0x00000000080064be                USB_EPSetStall
 .text.USB_EPClearStall
                0x000000000800659a       0xcc ./Drivers/STM32F4xx_HAL_Driver/Src/stm32f4xx_ll_usb.o
                0x000000000800659a                USB_EPClearStall
 .text.USB_SetDevAddress
                0x0000000008006666       0x4c ./Drivers/STM32F4xx_HAL_Driver/Src/stm32f4xx_ll_usb.o
                0x0000000008006666                USB_SetDevAddress
 .text.USB_DevConnect
                0x00000000080066b2       0x42 ./Drivers/STM32F4xx_HAL_Driver/Src/stm32f4xx_ll_usb.o
                0x00000000080066b2                USB_DevConnect
 .text.USB_DevDisconnect
                0x00000000080066f4       0x42 ./Drivers/STM32F4xx_HAL_Driver/Src/stm32f4xx_ll_usb.o
                0x00000000080066f4                USB_DevDisconnect
 .text.USB_ReadInterrupts
                0x0000000008006736       0x26 ./Drivers/STM32F4xx_HAL_Driver/Src/stm32f4xx_ll_usb.o
                0x0000000008006736                USB_ReadInterrupts
 .text.USB_ReadDevAllOutEpInterrupt
                0x000000000800675c       0x34 ./Drivers/STM32F4xx_HAL_Driver/Src/stm32f4xx_ll_usb.o
                0x000000000800675c                USB_ReadDevAllOutEpInterrupt
 .text.USB_ReadDevAllInEpInterrupt
                0x0000000008006790       0x34 ./Drivers/STM32F4xx_HAL_Driver/Src/stm32f4xx_ll_usb.o
                0x0000000008006790                USB_ReadDevAllInEpInterrupt
 .text.USB_ReadDevOutEPInterrupt
                0x00000000080067c4       0x3c ./Drivers/STM32F4xx_HAL_Driver/Src/stm32f4xx_ll_usb.o
                0x00000000080067c4                USB_ReadDevOutEPInterrupt
 .text.USB_ReadDevInEPInterrupt
                0x0000000008006800       0x5c ./Drivers/STM32F4xx_HAL_Driver/Src/stm32f4xx_ll_usb.o
                0x0000000008006800                USB_ReadDevInEPInterrupt
 .text.USB_GetMode
                0x000000000800685c       0x1c ./Drivers/STM32F4xx_HAL_Driver/Src/stm32f4xx_ll_usb.o
                0x000000000800685c                USB_GetMode
 .text.USB_ActivateSetup
                0x0000000008006878       0x46 ./Drivers/STM32F4xx_HAL_Driver/Src/stm32f4xx_ll_usb.o
                0x0000000008006878                USB_ActivateSetup
 *fill*         0x00000000080068be        0x2 
 .text.USB_EP0_OutStart
                0x00000000080068c0       0xbc ./Drivers/STM32F4xx_HAL_Driver/Src/stm32f4xx_ll_usb.o
                0x00000000080068c0                USB_EP0_OutStart
 .text.USB_CoreReset
                0x000000000800697c       0x64 ./Drivers/STM32F4xx_HAL_Driver/Src/stm32f4xx_ll_usb.o
 .text.USBD_HID_Init
                0x00000000080069e0       0x66 ./Middlewares/ST/STM32_USB_Device_Library/Class/HID/Src/usbd_hid.o
 .text.USBD_HID_DeInit
                0x0000000008006a46       0x48 ./Middlewares/ST/STM32_USB_Device_Library/Class/HID/Src/usbd_hid.o
 *fill*         0x0000000008006a8e        0x2 
 .text.USBD_HID_Setup
                0x0000000008006a90      0x208 ./Middlewares/ST/STM32_USB_Device_Library/Class/HID/Src/usbd_hid.o
 .text.USBD_HID_GetFSCfgDesc
                0x0000000008006c98       0x20 ./Middlewares/ST/STM32_USB_Device_Library/Class/HID/Src/usbd_hid.o
 .text.USBD_HID_GetHSCfgDesc
                0x0000000008006cb8       0x20 ./Middlewares/ST/STM32_USB_Device_Library/Class/HID/Src/usbd_hid.o
 .text.USBD_HID_GetOtherSpeedCfgDesc
                0x0000000008006cd8       0x20 ./Middlewares/ST/STM32_USB_Device_Library/Class/HID/Src/usbd_hid.o
 .text.USBD_HID_DataIn
                0x0000000008006cf8       0x24 ./Middlewares/ST/STM32_USB_Device_Library/Class/HID/Src/usbd_hid.o
 .text.USBD_HID_GetDeviceQualifierDesc
                0x0000000008006d1c       0x20 ./Middlewares/ST/STM32_USB_Device_Library/Class/HID/Src/usbd_hid.o
 .text.USBD_Init
                0x0000000008006d3c       0x60 ./Middlewares/ST/STM32_USB_Device_Library/Core/Src/usbd_core.o
                0x0000000008006d3c                USBD_Init
 .text.USBD_RegisterClass
                0x0000000008006d9c       0x4e ./Middlewares/ST/STM32_USB_Device_Library/Core/Src/usbd_core.o
                0x0000000008006d9c                USBD_RegisterClass
 .text.USBD_Start
                0x0000000008006dea       0x18 ./Middlewares/ST/STM32_USB_Device_Library/Core/Src/usbd_core.o
                0x0000000008006dea                USBD_Start
 .text.USBD_RunTestMode
                0x0000000008006e02       0x16 ./Middlewares/ST/STM32_USB_Device_Library/Core/Src/usbd_core.o
                0x0000000008006e02                USBD_RunTestMode
 .text.USBD_SetClassConfig
                0x0000000008006e18       0x38 ./Middlewares/ST/STM32_USB_Device_Library/Core/Src/usbd_core.o
                0x0000000008006e18                USBD_SetClassConfig
 .text.USBD_ClrClassConfig
                0x0000000008006e50       0x30 ./Middlewares/ST/STM32_USB_Device_Library/Core/Src/usbd_core.o
                0x0000000008006e50                USBD_ClrClassConfig
 .text.USBD_LL_SetupStage
                0x0000000008006e80       0xaa ./Middlewares/ST/STM32_USB_Device_Library/Core/Src/usbd_core.o
                0x0000000008006e80                USBD_LL_SetupStage
 .text.USBD_LL_DataOutStage
                0x0000000008006f2a       0xc6 ./Middlewares/ST/STM32_USB_Device_Library/Core/Src/usbd_core.o
                0x0000000008006f2a                USBD_LL_DataOutStage
 .text.USBD_LL_DataInStage
                0x0000000008006ff0      0x12c ./Middlewares/ST/STM32_USB_Device_Library/Core/Src/usbd_core.o
                0x0000000008006ff0                USBD_LL_DataInStage
 .text.USBD_LL_Reset
                0x000000000800711c       0x9c ./Middlewares/ST/STM32_USB_Device_Library/Core/Src/usbd_core.o
                0x000000000800711c                USBD_LL_Reset
 .text.USBD_LL_SetSpeed
                0x00000000080071b8       0x20 ./Middlewares/ST/STM32_USB_Device_Library/Core/Src/usbd_core.o
                0x00000000080071b8                USBD_LL_SetSpeed
 .text.USBD_LL_Suspend
                0x00000000080071d8       0x2c ./Middlewares/ST/STM32_USB_Device_Library/Core/Src/usbd_core.o
                0x00000000080071d8                USBD_LL_Suspend
 .text.USBD_LL_Resume
                0x0000000008007204       0x30 ./Middlewares/ST/STM32_USB_Device_Library/Core/Src/usbd_core.o
                0x0000000008007204                USBD_LL_Resume
 .text.USBD_LL_SOF
                0x0000000008007234       0x44 ./Middlewares/ST/STM32_USB_Device_Library/Core/Src/usbd_core.o
                0x0000000008007234                USBD_LL_SOF
 .text.USBD_LL_IsoINIncomplete
                0x0000000008007278       0x4c ./Middlewares/ST/STM32_USB_Device_Library/Core/Src/usbd_core.o
                0x0000000008007278                USBD_LL_IsoINIncomplete
 .text.USBD_LL_IsoOUTIncomplete
                0x00000000080072c4       0x4c ./Middlewares/ST/STM32_USB_Device_Library/Core/Src/usbd_core.o
                0x00000000080072c4                USBD_LL_IsoOUTIncomplete
 .text.USBD_LL_DevConnected
                0x0000000008007310       0x16 ./Middlewares/ST/STM32_USB_Device_Library/Core/Src/usbd_core.o
                0x0000000008007310                USBD_LL_DevConnected
 .text.USBD_LL_DevDisconnected
                0x0000000008007326       0x38 ./Middlewares/ST/STM32_USB_Device_Library/Core/Src/usbd_core.o
                0x0000000008007326                USBD_LL_DevDisconnected
 .text.SWAPBYTE
                0x000000000800735e       0x3c ./Middlewares/ST/STM32_USB_Device_Library/Core/Src/usbd_ctlreq.o
 *fill*         0x000000000800739a        0x2 
 .text.USBD_StdDevReq
                0x000000000800739c       0xdc ./Middlewares/ST/STM32_USB_Device_Library/Core/Src/usbd_ctlreq.o
                0x000000000800739c                USBD_StdDevReq
 .text.USBD_StdItfReq
                0x0000000008007478       0x92 ./Middlewares/ST/STM32_USB_Device_Library/Core/Src/usbd_ctlreq.o
                0x0000000008007478                USBD_StdItfReq
 .text.USBD_StdEPReq
                0x000000000800750a      0x2c4 ./Middlewares/ST/STM32_USB_Device_Library/Core/Src/usbd_ctlreq.o
                0x000000000800750a                USBD_StdEPReq
 *fill*         0x00000000080077ce        0x2 
 .text.USBD_GetDescriptor
                0x00000000080077d0      0x2d4 ./Middlewares/ST/STM32_USB_Device_Library/Core/Src/usbd_ctlreq.o
 .text.USBD_SetAddress
                0x0000000008007aa4       0x88 ./Middlewares/ST/STM32_USB_Device_Library/Core/Src/usbd_ctlreq.o
 .text.USBD_SetConfig
                0x0000000008007b2c      0x14c ./Middlewares/ST/STM32_USB_Device_Library/Core/Src/usbd_ctlreq.o
 .text.USBD_GetConfig
                0x0000000008007c78       0x6c ./Middlewares/ST/STM32_USB_Device_Library/Core/Src/usbd_ctlreq.o
 .text.USBD_GetStatus
                0x0000000008007ce4       0x68 ./Middlewares/ST/STM32_USB_Device_Library/Core/Src/usbd_ctlreq.o
 .text.USBD_SetFeature
                0x0000000008007d4c       0x28 ./Middlewares/ST/STM32_USB_Device_Library/Core/Src/usbd_ctlreq.o
 .text.USBD_ClrFeature
                0x0000000008007d74       0x44 ./Middlewares/ST/STM32_USB_Device_Library/Core/Src/usbd_ctlreq.o
 .text.USBD_ParseSetupRequest
                0x0000000008007db8       0x74 ./Middlewares/ST/STM32_USB_Device_Library/Core/Src/usbd_ctlreq.o
                0x0000000008007db8                USBD_ParseSetupRequest
 .text.USBD_CtlError
                0x0000000008007e2c       0x22 ./Middlewares/ST/STM32_USB_Device_Library/Core/Src/usbd_ctlreq.o
                0x0000000008007e2c                USBD_CtlError
 .text.USBD_GetString
                0x0000000008007e4e       0x8c ./Middlewares/ST/STM32_USB_Device_Library/Core/Src/usbd_ctlreq.o
                0x0000000008007e4e                USBD_GetString
 .text.USBD_GetLen
                0x0000000008007eda       0x34 ./Middlewares/ST/STM32_USB_Device_Library/Core/Src/usbd_ctlreq.o
 .text.USBD_CtlSendData
                0x0000000008007f0e       0x36 ./Middlewares/ST/STM32_USB_Device_Library/Core/Src/usbd_ioreq.o
                0x0000000008007f0e                USBD_CtlSendData
 .text.USBD_CtlContinueSendData
                0x0000000008007f44       0x22 ./Middlewares/ST/STM32_USB_Device_Library/Core/Src/usbd_ioreq.o
                0x0000000008007f44                USBD_CtlContinueSendData
 .text.USBD_CtlContinueRx
                0x0000000008007f66       0x22 ./Middlewares/ST/STM32_USB_Device_Library/Core/Src/usbd_ioreq.o
                0x0000000008007f66                USBD_CtlContinueRx
 .text.USBD_CtlSendStatus
                0x0000000008007f88       0x26 ./Middlewares/ST/STM32_USB_Device_Library/Core/Src/usbd_ioreq.o
                0x0000000008007f88                USBD_CtlSendStatus
 .text.USBD_CtlReceiveStatus
                0x0000000008007fae       0x26 ./Middlewares/ST/STM32_USB_Device_Library/Core/Src/usbd_ioreq.o
                0x0000000008007fae                USBD_CtlReceiveStatus
 .text.MX_USB_DEVICE_Init
                0x0000000008007fd4       0x4c ./USB_DEVICE/App/usb_device.o
                0x0000000008007fd4                MX_USB_DEVICE_Init
 .text.USBD_FS_DeviceDescriptor
                0x0000000008008020       0x24 ./USB_DEVICE/App/usbd_desc.o
                0x0000000008008020                USBD_FS_DeviceDescriptor
 .text.USBD_FS_LangIDStrDescriptor
                0x0000000008008044       0x24 ./USB_DEVICE/App/usbd_desc.o
                0x0000000008008044                USBD_FS_LangIDStrDescriptor
 .text.USBD_FS_ProductStrDescriptor
                0x0000000008008068       0x3c ./USB_DEVICE/App/usbd_desc.o
                0x0000000008008068                USBD_FS_ProductStrDescriptor
 .text.USBD_FS_ManufacturerStrDescriptor
                0x00000000080080a4       0x28 ./USB_DEVICE/App/usbd_desc.o
                0x00000000080080a4                USBD_FS_ManufacturerStrDescriptor
 .text.USBD_FS_SerialStrDescriptor
                0x00000000080080cc       0x24 ./USB_DEVICE/App/usbd_desc.o
                0x00000000080080cc                USBD_FS_SerialStrDescriptor
 .text.USBD_FS_ConfigStrDescriptor
                0x00000000080080f0       0x3c ./USB_DEVICE/App/usbd_desc.o
                0x00000000080080f0                USBD_FS_ConfigStrDescriptor
 .text.USBD_FS_InterfaceStrDescriptor
                0x000000000800812c       0x3c ./USB_DEVICE/App/usbd_desc.o
                0x000000000800812c                USBD_FS_InterfaceStrDescriptor
 .text.Get_SerialNum
                0x0000000008008168       0x58 ./USB_DEVICE/App/usbd_desc.o
 .text.IntToUnicode
                0x00000000080081c0       0x7e ./USB_DEVICE/App/usbd_desc.o
 *fill*         0x000000000800823e        0x2 
 .text.HAL_PCD_MspInit
                0x0000000008008240       0xcc ./USB_DEVICE/Target/usbd_conf.o
                0x0000000008008240                HAL_PCD_MspInit
 .text.HAL_PCD_SetupStageCallback
                0x000000000800830c       0x24 ./USB_DEVICE/Target/usbd_conf.o
                0x000000000800830c                HAL_PCD_SetupStageCallback
 .text.HAL_PCD_DataOutStageCallback
                0x0000000008008330       0x36 ./USB_DEVICE/Target/usbd_conf.o
                0x0000000008008330                HAL_PCD_DataOutStageCallback
 .text.HAL_PCD_DataInStageCallback
                0x0000000008008366       0x34 ./USB_DEVICE/Target/usbd_conf.o
                0x0000000008008366                HAL_PCD_DataInStageCallback
 .text.HAL_PCD_SOFCallback
                0x000000000800839a       0x1c ./USB_DEVICE/Target/usbd_conf.o
                0x000000000800839a                HAL_PCD_SOFCallback
 .text.HAL_PCD_ResetCallback
                0x00000000080083b6       0x50 ./USB_DEVICE/Target/usbd_conf.o
                0x00000000080083b6                HAL_PCD_ResetCallback
 *fill*         0x0000000008008406        0x2 
 .text.HAL_PCD_SuspendCallback
                0x0000000008008408       0x4c ./USB_DEVICE/Target/usbd_conf.o
                0x0000000008008408                HAL_PCD_SuspendCallback
 .text.HAL_PCD_ResumeCallback
                0x0000000008008454       0x1c ./USB_DEVICE/Target/usbd_conf.o
                0x0000000008008454                HAL_PCD_ResumeCallback
 .text.HAL_PCD_ISOOUTIncompleteCallback
                0x0000000008008470       0x24 ./USB_DEVICE/Target/usbd_conf.o
                0x0000000008008470                HAL_PCD_ISOOUTIncompleteCallback
 .text.HAL_PCD_ISOINIncompleteCallback
                0x0000000008008494       0x24 ./USB_DEVICE/Target/usbd_conf.o
                0x0000000008008494                HAL_PCD_ISOINIncompleteCallback
 .text.HAL_PCD_ConnectCallback
                0x00000000080084b8       0x1c ./USB_DEVICE/Target/usbd_conf.o
                0x00000000080084b8                HAL_PCD_ConnectCallback
 .text.HAL_PCD_DisconnectCallback
                0x00000000080084d4       0x1c ./USB_DEVICE/Target/usbd_conf.o
                0x00000000080084d4                HAL_PCD_DisconnectCallback
 .text.USBD_LL_Init
                0x00000000080084f0       0x98 ./USB_DEVICE/Target/usbd_conf.o
                0x00000000080084f0                USBD_LL_Init
 .text.USBD_LL_Start
                0x0000000008008588       0x36 ./USB_DEVICE/Target/usbd_conf.o
                0x0000000008008588                USBD_LL_Start
 .text.USBD_LL_OpenEP
                0x00000000080085be       0x4c ./USB_DEVICE/Target/usbd_conf.o
                0x00000000080085be                USBD_LL_OpenEP
 .text.USBD_LL_CloseEP
                0x000000000800860a       0x3e ./USB_DEVICE/Target/usbd_conf.o
                0x000000000800860a                USBD_LL_CloseEP
 .text.USBD_LL_StallEP
                0x0000000008008648       0x3e ./USB_DEVICE/Target/usbd_conf.o
                0x0000000008008648                USBD_LL_StallEP
 .text.USBD_LL_ClearStallEP
                0x0000000008008686       0x3e ./USB_DEVICE/Target/usbd_conf.o
                0x0000000008008686                USBD_LL_ClearStallEP
 .text.USBD_LL_IsStallEP
                0x00000000080086c4       0x58 ./USB_DEVICE/Target/usbd_conf.o
                0x00000000080086c4                USBD_LL_IsStallEP
 .text.USBD_LL_SetUSBAddress
                0x000000000800871c       0x3e ./USB_DEVICE/Target/usbd_conf.o
                0x000000000800871c                USBD_LL_SetUSBAddress
 .text.USBD_LL_Transmit
                0x000000000800875a       0x42 ./USB_DEVICE/Target/usbd_conf.o
                0x000000000800875a                USBD_LL_Transmit
 .text.USBD_LL_PrepareReceive
                0x000000000800879c       0x42 ./USB_DEVICE/Target/usbd_conf.o
                0x000000000800879c                USBD_LL_PrepareReceive
 *fill*         0x00000000080087de        0x2 
 .text.USBD_static_malloc
                0x00000000080087e0       0x1c ./USB_DEVICE/Target/usbd_conf.o
                0x00000000080087e0                USBD_static_malloc
 .text.USBD_static_free
                0x00000000080087fc       0x14 ./USB_DEVICE/Target/usbd_conf.o
                0x00000000080087fc                USBD_static_free
 .text.USBD_Get_USB_Status
                0x0000000008008810       0x58 ./USB_DEVICE/Target/usbd_conf.o
                0x0000000008008810                USBD_Get_USB_Status
 .text.__libc_init_array
                0x0000000008008868       0x48 /Applications/STM32CubeIDE.app/Contents/Eclipse/plugins/com.st.stm32cube.ide.mcu.externaltools.gnu-tools-for-stm32.9-2020-q2-update.macos64_2.0.0.202105311346/tools/bin/../lib/gcc/arm-none-eabi/9.3.1/../../../../arm-none-eabi/lib/thumb/v7e-m+fp/hard/libc_nano.a(lib_a-init.o)
                0x0000000008008868                __libc_init_array
 .text.memset   0x00000000080088b0       0x10 /Applications/STM32CubeIDE.app/Contents/Eclipse/plugins/com.st.stm32cube.ide.mcu.externaltools.gnu-tools-for-stm32.9-2020-q2-update.macos64_2.0.0.202105311346/tools/bin/../lib/gcc/arm-none-eabi/9.3.1/../../../../arm-none-eabi/lib/thumb/v7e-m+fp/hard/libc_nano.a(lib_a-memset.o)
                0x00000000080088b0                memset
 *(.glue_7)
 .glue_7        0x00000000080088c0        0x0 linker stubs
 *(.glue_7t)
 .glue_7t       0x00000000080088c0        0x0 linker stubs
 *(.eh_frame)
 .eh_frame      0x00000000080088c0        0x0 /Applications/STM32CubeIDE.app/Contents/Eclipse/plugins/com.st.stm32cube.ide.mcu.externaltools.gnu-tools-for-stm32.9-2020-q2-update.macos64_2.0.0.202105311346/tools/bin/../lib/gcc/arm-none-eabi/9.3.1/thumb/v7e-m+fp/hard/crtbegin.o
 *(.init)
 .init          0x00000000080088c0        0x4 /Applications/STM32CubeIDE.app/Contents/Eclipse/plugins/com.st.stm32cube.ide.mcu.externaltools.gnu-tools-for-stm32.9-2020-q2-update.macos64_2.0.0.202105311346/tools/bin/../lib/gcc/arm-none-eabi/9.3.1/thumb/v7e-m+fp/hard/crti.o
                0x00000000080088c0                _init
 .init          0x00000000080088c4        0x8 /Applications/STM32CubeIDE.app/Contents/Eclipse/plugins/com.st.stm32cube.ide.mcu.externaltools.gnu-tools-for-stm32.9-2020-q2-update.macos64_2.0.0.202105311346/tools/bin/../lib/gcc/arm-none-eabi/9.3.1/thumb/v7e-m+fp/hard/crtn.o
 *(.fini)
 .fini          0x00000000080088cc        0x4 /Applications/STM32CubeIDE.app/Contents/Eclipse/plugins/com.st.stm32cube.ide.mcu.externaltools.gnu-tools-for-stm32.9-2020-q2-update.macos64_2.0.0.202105311346/tools/bin/../lib/gcc/arm-none-eabi/9.3.1/thumb/v7e-m+fp/hard/crti.o
                0x00000000080088cc                _fini
 .fini          0x00000000080088d0        0x8 /Applications/STM32CubeIDE.app/Contents/Eclipse/plugins/com.st.stm32cube.ide.mcu.externaltools.gnu-tools-for-stm32.9-2020-q2-update.macos64_2.0.0.202105311346/tools/bin/../lib/gcc/arm-none-eabi/9.3.1/thumb/v7e-m+fp/hard/crtn.o
                0x00000000080088d8                . = ALIGN (0x4)
                0x00000000080088d8                _etext = .

.vfp11_veneer   0x00000000080088d8        0x0
 .vfp11_veneer  0x00000000080088d8        0x0 linker stubs

.v4_bx          0x00000000080088d8        0x0
 .v4_bx         0x00000000080088d8        0x0 linker stubs

.iplt           0x00000000080088d8        0x0
 .iplt          0x00000000080088d8        0x0 /Applications/STM32CubeIDE.app/Contents/Eclipse/plugins/com.st.stm32cube.ide.mcu.externaltools.gnu-tools-for-stm32.9-2020-q2-update.macos64_2.0.0.202105311346/tools/bin/../lib/gcc/arm-none-eabi/9.3.1/thumb/v7e-m+fp/hard/crtbegin.o

.rodata         0x00000000080088d8       0x68
                0x00000000080088d8                . = ALIGN (0x4)
 *(.rodata)
 .rodata        0x00000000080088d8       0x46 ./USB_DEVICE/App/usbd_desc.o
 *(.rodata*)
 *fill*         0x000000000800891e        0x2 
 .rodata.AHBPrescTable
                0x0000000008008920       0x10 ./Core/Src/system_stm32f4xx.o
                0x0000000008008920                AHBPrescTable
 .rodata.APBPrescTable
                0x0000000008008930        0x8 ./Core/Src/system_stm32f4xx.o
                0x0000000008008930                APBPrescTable
 .rodata.flagBitshiftOffset.7964
                0x0000000008008938        0x8 ./Drivers/STM32F4xx_HAL_Driver/Src/stm32f4xx_hal_dma.o
                0x0000000008008940                . = ALIGN (0x4)

.ARM.extab      0x0000000008008940        0x0
                0x0000000008008940                . = ALIGN (0x4)
 *(.ARM.extab* .gnu.linkonce.armextab.*)
                0x0000000008008940                . = ALIGN (0x4)

.ARM            0x0000000008008940        0x8
                0x0000000008008940                . = ALIGN (0x4)
                0x0000000008008940                __exidx_start = .
 *(.ARM.exidx*)
 .ARM.exidx     0x0000000008008940        0x8 /Applications/STM32CubeIDE.app/Contents/Eclipse/plugins/com.st.stm32cube.ide.mcu.externaltools.gnu-tools-for-stm32.9-2020-q2-update.macos64_2.0.0.202105311346/tools/bin/../lib/gcc/arm-none-eabi/9.3.1/thumb/v7e-m+fp/hard/libgcc.a(_udivmoddi4.o)
                0x0000000008008948                __exidx_end = .
                0x0000000008008948                . = ALIGN (0x4)

.rel.dyn        0x0000000008008948        0x0
 .rel.iplt      0x0000000008008948        0x0 /Applications/STM32CubeIDE.app/Contents/Eclipse/plugins/com.st.stm32cube.ide.mcu.externaltools.gnu-tools-for-stm32.9-2020-q2-update.macos64_2.0.0.202105311346/tools/bin/../lib/gcc/arm-none-eabi/9.3.1/thumb/v7e-m+fp/hard/crtbegin.o

.preinit_array  0x0000000008008948        0x0
                0x0000000008008948                . = ALIGN (0x4)
                0x0000000008008948                PROVIDE (__preinit_array_start = .)
 *(.preinit_array*)
                0x0000000008008948                PROVIDE (__preinit_array_end = .)
                0x0000000008008948                . = ALIGN (0x4)

.init_array     0x0000000008008948        0x4
                0x0000000008008948                . = ALIGN (0x4)
                0x0000000008008948                PROVIDE (__init_array_start = .)
 *(SORT_BY_NAME(.init_array.*))
 *(.init_array*)
 .init_array    0x0000000008008948        0x4 /Applications/STM32CubeIDE.app/Contents/Eclipse/plugins/com.st.stm32cube.ide.mcu.externaltools.gnu-tools-for-stm32.9-2020-q2-update.macos64_2.0.0.202105311346/tools/bin/../lib/gcc/arm-none-eabi/9.3.1/thumb/v7e-m+fp/hard/crtbegin.o
                0x000000000800894c                PROVIDE (__init_array_end = .)
                0x000000000800894c                . = ALIGN (0x4)

.fini_array     0x000000000800894c        0x4
                0x000000000800894c                . = ALIGN (0x4)
                [!provide]                        PROVIDE (__fini_array_start = .)
 *(SORT_BY_NAME(.fini_array.*))
 *(.fini_array*)
 .fini_array    0x000000000800894c        0x4 /Applications/STM32CubeIDE.app/Contents/Eclipse/plugins/com.st.stm32cube.ide.mcu.externaltools.gnu-tools-for-stm32.9-2020-q2-update.macos64_2.0.0.202105311346/tools/bin/../lib/gcc/arm-none-eabi/9.3.1/thumb/v7e-m+fp/hard/crtbegin.o
                [!provide]                        PROVIDE (__fini_array_end = .)
                0x0000000008008950                . = ALIGN (0x4)
                0x0000000008008950                _sidata = LOADADDR (.data)

.data           0x0000000020000000      0x150 load address 0x0000000008008950
                0x0000000020000000                . = ALIGN (0x4)
                0x0000000020000000                _sdata = .
 *(.data)
 *(.data*)
 .data.sendLength.9080
                0x0000000020000000        0x4 ./Core/Src/app.o
 .data.SystemCoreClock
                0x0000000020000004        0x4 ./Core/Src/system_stm32f4xx.o
                0x0000000020000004                SystemCoreClock
 .data.had_completed_tx
                0x0000000020000008        0x1 ./Drivers/DeviceController/Src/DeviceController.o
 .data.had_completed_rx
                0x0000000020000009        0x1 ./Drivers/DeviceController/Src/DeviceController.o
 .data.had_completed_tx
                0x000000002000000a        0x1 ./Drivers/Message/Src/message.o
 .data.had_completed_rx
                0x000000002000000b        0x1 ./Drivers/Message/Src/message.o
 .data.uwTickPrio
                0x000000002000000c        0x4 ./Drivers/STM32F4xx_HAL_Driver/Src/stm32f4xx_hal.o
                0x000000002000000c                uwTickPrio
 .data.uwTickFreq
                0x0000000020000010        0x1 ./Drivers/STM32F4xx_HAL_Driver/Src/stm32f4xx_hal.o
                0x0000000020000010                uwTickFreq
 *fill*         0x0000000020000011        0x3 
 .data.USBD_HID
                0x0000000020000014       0x38 ./Middlewares/ST/STM32_USB_Device_Library/Class/HID/Src/usbd_hid.o
                0x0000000020000014                USBD_HID
 .data.USBD_HID_CfgFSDesc
                0x000000002000004c       0x22 ./Middlewares/ST/STM32_USB_Device_Library/Class/HID/Src/usbd_hid.o
 *fill*         0x000000002000006e        0x2 
 .data.USBD_HID_CfgHSDesc
                0x0000000020000070       0x22 ./Middlewares/ST/STM32_USB_Device_Library/Class/HID/Src/usbd_hid.o
 *fill*         0x0000000020000092        0x2 
 .data.USBD_HID_OtherSpeedCfgDesc
                0x0000000020000094       0x22 ./Middlewares/ST/STM32_USB_Device_Library/Class/HID/Src/usbd_hid.o
 *fill*         0x00000000200000b6        0x2 
 .data.USBD_HID_Desc
                0x00000000200000b8        0x9 ./Middlewares/ST/STM32_USB_Device_Library/Class/HID/Src/usbd_hid.o
 *fill*         0x00000000200000c1        0x3 
 .data.USBD_HID_DeviceQualifierDesc
                0x00000000200000c4        0xa ./Middlewares/ST/STM32_USB_Device_Library/Class/HID/Src/usbd_hid.o
 *fill*         0x00000000200000ce        0x2 
 .data.HID_MOUSE_ReportDesc
                0x00000000200000d0       0x2d ./Middlewares/ST/STM32_USB_Device_Library/Class/HID/Src/usbd_hid.o
 *fill*         0x00000000200000fd        0x3 
 .data.FS_Desc  0x0000000020000100       0x1c ./USB_DEVICE/App/usbd_desc.o
                0x0000000020000100                FS_Desc
 .data.USBD_FS_DeviceDesc
                0x000000002000011c       0x12 ./USB_DEVICE/App/usbd_desc.o
                0x000000002000011c                USBD_FS_DeviceDesc
 *fill*         0x000000002000012e        0x2 
 .data.USBD_LangIDDesc
                0x0000000020000130        0x4 ./USB_DEVICE/App/usbd_desc.o
                0x0000000020000130                USBD_LangIDDesc
 .data.USBD_StringSerial
                0x0000000020000134       0x1a ./USB_DEVICE/App/usbd_desc.o
                0x0000000020000134                USBD_StringSerial
 *(.RamFunc)
 *(.RamFunc*)
                0x0000000020000150                . = ALIGN (0x4)
 *fill*         0x000000002000014e        0x2 
                0x0000000020000150                _edata = .

.igot.plt       0x0000000020000150        0x0 load address 0x0000000008008aa0
 .igot.plt      0x0000000020000150        0x0 /Applications/STM32CubeIDE.app/Contents/Eclipse/plugins/com.st.stm32cube.ide.mcu.externaltools.gnu-tools-for-stm32.9-2020-q2-update.macos64_2.0.0.202105311346/tools/bin/../lib/gcc/arm-none-eabi/9.3.1/thumb/v7e-m+fp/hard/crtbegin.o
                0x0000000020000150                . = ALIGN (0x4)

.bss            0x0000000020000150     0x107c load address 0x0000000008008aa0
                0x0000000020000150                _sbss = .
                0x0000000020000150                __bss_start__ = _sbss
 *(.bss)
 .bss           0x0000000020000150       0x1c /Applications/STM32CubeIDE.app/Contents/Eclipse/plugins/com.st.stm32cube.ide.mcu.externaltools.gnu-tools-for-stm32.9-2020-q2-update.macos64_2.0.0.202105311346/tools/bin/../lib/gcc/arm-none-eabi/9.3.1/thumb/v7e-m+fp/hard/crtbegin.o
 *(.bss*)
 .bss.rcvData_UART
                0x000000002000016c       0x20 ./Core/Src/app.o
 .bss.sndData_UART
                0x000000002000018c       0x10 ./Core/Src/app.o
 .bss.SliderLEDDataR
                0x000000002000019c        0xf ./Core/Src/app.o
 *fill*         0x00000000200001ab        0x1 
 .bss.SliderLEDDataL
                0x00000000200001ac        0xf ./Core/Src/app.o
 *fill*         0x00000000200001bb        0x1 
 .bss.recent_System_counter.9068
                0x00000000200001bc        0x4 ./Core/Src/app.o
 .bss.sndTime.9069
                0x00000000200001c0        0x4 ./Core/Src/app.o
 .bss.rcvTime.9070
                0x00000000200001c4        0x4 ./Core/Src/app.o
 .bss.testCount1.9075
                0x00000000200001c8        0x4 ./Core/Src/app.o
 .bss.testCount.9074
                0x00000000200001cc        0x4 ./Core/Src/app.o
 .bss.testCount2.9076
                0x00000000200001d0        0x4 ./Core/Src/app.o
 .bss.testCount3.9077
                0x00000000200001d4        0x4 ./Core/Src/app.o
 .bss.testCount4.9078
                0x00000000200001d8        0x4 ./Core/Src/app.o
 .bss._userButton.9066
                0x00000000200001dc        0x1 ./Core/Src/app.o
 *fill*         0x00000000200001dd        0x3 
 .bss.rcvJudge.9073
                0x00000000200001e0       0x40 ./Core/Src/app.o
 .bss.G_System_counter
                0x0000000020000220        0x4 ./Core/Src/main.o
                0x0000000020000220                G_System_counter
 .bss.SendData  0x0000000020000224       0x20 ./Drivers/DeviceController/Src/DeviceController.o
 .bss.SensorGetSendData
                0x0000000020000244       0x20 ./Drivers/DeviceController/Src/DeviceController.o
 .bss.AdditionalPacket
                0x0000000020000264        0x1 ./Drivers/DeviceController/Src/DeviceController.o
 *fill*         0x0000000020000265        0x3 
 .bss.RecvData  0x0000000020000268       0x20 ./Drivers/DeviceController/Src/DeviceController.o
 .bss.SensorCountR
                0x0000000020000288       0x14 ./Drivers/DeviceController/Src/DeviceController.o
 .bss.SensorCountL
                0x000000002000029c       0x14 ./Drivers/DeviceController/Src/DeviceController.o
 .bss._send     0x00000000200002b0        0x1 ./Drivers/DeviceController/Src/DeviceController.o
 .bss._firstSend
                0x00000000200002b1        0x1 ./Drivers/DeviceController/Src/DeviceController.o
 .bss.rightLightingMode
                0x00000000200002b2        0x1 ./Drivers/DeviceController/Src/DeviceController.o
 *fill*         0x00000000200002b3        0x1 
 .bss.recent_System_counter.8580
                0x00000000200002b4        0x4 ./Drivers/DeviceController/Src/DeviceController.o
 .bss.sndTime.8581
                0x00000000200002b8        0x4 ./Drivers/DeviceController/Src/DeviceController.o
 .bss.rcvTime.8582
                0x00000000200002bc        0x4 ./Drivers/DeviceController/Src/DeviceController.o
 .bss.count.8583
                0x00000000200002c0        0x1 ./Drivers/DeviceController/Src/DeviceController.o
 *fill*         0x00000000200002c1        0x3 
 .bss.buff      0x00000000200002c4      0x400 ./Drivers/Message/Src/message.o
 .bss.cfgidx.9989
                0x00000000200006c4        0x1 ./Middlewares/ST/STM32_USB_Device_Library/Core/Src/usbd_ctlreq.o
 *fill*         0x00000000200006c5        0x3 
 .bss.mem.10026
                0x00000000200006c8       0x14 ./USB_DEVICE/Target/usbd_conf.o
 *(COMMON)
 COMMON         0x00000000200006dc      0x208 ./Core/Src/main.o
                0x00000000200006dc                hdma_usart2_rx
                0x000000002000073c                hdma_usart1_tx
                0x000000002000079c                hdma_usart1_rx
                0x00000000200007fc                hdma_usart2_tx
                0x000000002000085c                huart1
                0x00000000200008a0                huart2
 COMMON         0x00000000200008e4        0xc ./Drivers/Message/Src/xprintf.o
                0x00000000200008e4                xfunc_in
                0x00000000200008e8                xfunc_out
                0x00000000200008ec                outptr
 COMMON         0x00000000200008f0        0x4 ./Drivers/STM32F4xx_HAL_Driver/Src/stm32f4xx_hal.o
                0x00000000200008f0                uwTick
 COMMON         0x00000000200008f4      0x2d0 ./USB_DEVICE/App/usb_device.o
                0x00000000200008f4                hUsbDeviceFS
 COMMON         0x0000000020000bc4      0x200 ./USB_DEVICE/App/usbd_desc.o
                0x0000000020000bc4                USBD_StrDesc
 COMMON         0x0000000020000dc4      0x408 ./USB_DEVICE/Target/usbd_conf.o
                0x0000000020000dc4                hpcd_USB_OTG_FS
                0x00000000200011cc                . = ALIGN (0x4)
                0x00000000200011cc                _ebss = .
                0x00000000200011cc                __bss_end__ = _ebss

._user_heap_stack
                0x00000000200011cc      0x604 load address 0x0000000008008aa0
                0x00000000200011d0                . = ALIGN (0x8)
 *fill*         0x00000000200011cc        0x4 
                [!provide]                        PROVIDE (end = .)
                0x00000000200011d0                PROVIDE (_end = .)
                0x00000000200013d0                . = (. + _Min_Heap_Size)
 *fill*         0x00000000200011d0      0x200 
                0x00000000200017d0                . = (. + _Min_Stack_Size)
 *fill*         0x00000000200013d0      0x400 
                0x00000000200017d0                . = ALIGN (0x8)

/DISCARD/
 libc.a(*)
 libm.a(*)
 libgcc.a(*)

.ARM.attributes
                0x0000000000000000       0x30
 *(.ARM.attributes)
 .ARM.attributes
                0x0000000000000000       0x1e /Applications/STM32CubeIDE.app/Contents/Eclipse/plugins/com.st.stm32cube.ide.mcu.externaltools.gnu-tools-for-stm32.9-2020-q2-update.macos64_2.0.0.202105311346/tools/bin/../lib/gcc/arm-none-eabi/9.3.1/thumb/v7e-m+fp/hard/crti.o
 .ARM.attributes
                0x000000000000001e       0x34 /Applications/STM32CubeIDE.app/Contents/Eclipse/plugins/com.st.stm32cube.ide.mcu.externaltools.gnu-tools-for-stm32.9-2020-q2-update.macos64_2.0.0.202105311346/tools/bin/../lib/gcc/arm-none-eabi/9.3.1/thumb/v7e-m+fp/hard/crtbegin.o
 .ARM.attributes
                0x0000000000000052       0x34 ./Core/Src/app.o
 .ARM.attributes
                0x0000000000000086       0x34 ./Core/Src/main.o
 .ARM.attributes
                0x00000000000000ba       0x34 ./Core/Src/stm32f4xx_hal_msp.o
 .ARM.attributes
                0x00000000000000ee       0x34 ./Core/Src/stm32f4xx_it.o
 .ARM.attributes
                0x0000000000000122       0x34 ./Core/Src/system_stm32f4xx.o
 .ARM.attributes
                0x0000000000000156       0x21 ./Core/Startup/startup_stm32f401retx.o
 .ARM.attributes
                0x0000000000000177       0x34 ./Drivers/DeviceController/Src/DeviceController.o
 .ARM.attributes
                0x00000000000001ab       0x34 ./Drivers/GPIO/Src/GPIO.o
 .ARM.attributes
                0x00000000000001df       0x34 ./Drivers/Message/Src/message.o
 .ARM.attributes
                0x0000000000000213       0x34 ./Drivers/Message/Src/xprintf.o
 .ARM.attributes
                0x0000000000000247       0x34 ./Drivers/STM32F4xx_HAL_Driver/Src/stm32f4xx_hal.o
 .ARM.attributes
                0x000000000000027b       0x34 ./Drivers/STM32F4xx_HAL_Driver/Src/stm32f4xx_hal_cortex.o
 .ARM.attributes
                0x00000000000002af       0x34 ./Drivers/STM32F4xx_HAL_Driver/Src/stm32f4xx_hal_dma.o
 .ARM.attributes
                0x00000000000002e3       0x34 ./Drivers/STM32F4xx_HAL_Driver/Src/stm32f4xx_hal_gpio.o
 .ARM.attributes
                0x0000000000000317       0x34 ./Drivers/STM32F4xx_HAL_Driver/Src/stm32f4xx_hal_pcd.o
 .ARM.attributes
                0x000000000000034b       0x34 ./Drivers/STM32F4xx_HAL_Driver/Src/stm32f4xx_hal_pcd_ex.o
 .ARM.attributes
                0x000000000000037f       0x34 ./Drivers/STM32F4xx_HAL_Driver/Src/stm32f4xx_hal_rcc.o
 .ARM.attributes
                0x00000000000003b3       0x34 ./Drivers/STM32F4xx_HAL_Driver/Src/stm32f4xx_hal_uart.o
 .ARM.attributes
                0x00000000000003e7       0x34 ./Drivers/STM32F4xx_HAL_Driver/Src/stm32f4xx_ll_usb.o
 .ARM.attributes
                0x000000000000041b       0x34 ./Middlewares/ST/STM32_USB_Device_Library/Class/HID/Src/usbd_hid.o
 .ARM.attributes
                0x000000000000044f       0x34 ./Middlewares/ST/STM32_USB_Device_Library/Core/Src/usbd_core.o
 .ARM.attributes
                0x0000000000000483       0x34 ./Middlewares/ST/STM32_USB_Device_Library/Core/Src/usbd_ctlreq.o
 .ARM.attributes
                0x00000000000004b7       0x34 ./Middlewares/ST/STM32_USB_Device_Library/Core/Src/usbd_ioreq.o
 .ARM.attributes
                0x00000000000004eb       0x34 ./USB_DEVICE/App/usb_device.o
 .ARM.attributes
                0x000000000000051f       0x34 ./USB_DEVICE/App/usbd_desc.o
 .ARM.attributes
                0x0000000000000553       0x34 ./USB_DEVICE/Target/usbd_conf.o
 .ARM.attributes
                0x0000000000000587       0x34 /Applications/STM32CubeIDE.app/Contents/Eclipse/plugins/com.st.stm32cube.ide.mcu.externaltools.gnu-tools-for-stm32.9-2020-q2-update.macos64_2.0.0.202105311346/tools/bin/../lib/gcc/arm-none-eabi/9.3.1/../../../../arm-none-eabi/lib/thumb/v7e-m+fp/hard/libc_nano.a(lib_a-init.o)
 .ARM.attributes
                0x00000000000005bb       0x34 /Applications/STM32CubeIDE.app/Contents/Eclipse/plugins/com.st.stm32cube.ide.mcu.externaltools.gnu-tools-for-stm32.9-2020-q2-update.macos64_2.0.0.202105311346/tools/bin/../lib/gcc/arm-none-eabi/9.3.1/../../../../arm-none-eabi/lib/thumb/v7e-m+fp/hard/libc_nano.a(lib_a-memset.o)
 .ARM.attributes
                0x00000000000005ef       0x1e /Applications/STM32CubeIDE.app/Contents/Eclipse/plugins/com.st.stm32cube.ide.mcu.externaltools.gnu-tools-for-stm32.9-2020-q2-update.macos64_2.0.0.202105311346/tools/bin/../lib/gcc/arm-none-eabi/9.3.1/thumb/v7e-m+fp/hard/libgcc.a(_aeabi_uldivmod.o)
 .ARM.attributes
                0x000000000000060d       0x34 /Applications/STM32CubeIDE.app/Contents/Eclipse/plugins/com.st.stm32cube.ide.mcu.externaltools.gnu-tools-for-stm32.9-2020-q2-update.macos64_2.0.0.202105311346/tools/bin/../lib/gcc/arm-none-eabi/9.3.1/thumb/v7e-m+fp/hard/libgcc.a(_udivmoddi4.o)
 .ARM.attributes
                0x0000000000000641       0x1e /Applications/STM32CubeIDE.app/Contents/Eclipse/plugins/com.st.stm32cube.ide.mcu.externaltools.gnu-tools-for-stm32.9-2020-q2-update.macos64_2.0.0.202105311346/tools/bin/../lib/gcc/arm-none-eabi/9.3.1/thumb/v7e-m+fp/hard/libgcc.a(_dvmd_tls.o)
 .ARM.attributes
                0x000000000000065f       0x1e /Applications/STM32CubeIDE.app/Contents/Eclipse/plugins/com.st.stm32cube.ide.mcu.externaltools.gnu-tools-for-stm32.9-2020-q2-update.macos64_2.0.0.202105311346/tools/bin/../lib/gcc/arm-none-eabi/9.3.1/thumb/v7e-m+fp/hard/crtn.o
OUTPUT(GINGAAAN_1STLOTSLIDE.elf elf32-littlearm)
LOAD linker stubs
LOAD /Applications/STM32CubeIDE.app/Contents/Eclipse/plugins/com.st.stm32cube.ide.mcu.externaltools.gnu-tools-for-stm32.9-2020-q2-update.macos64_2.0.0.202105311346/tools/bin/../lib/gcc/arm-none-eabi/9.3.1/../../../../arm-none-eabi/lib/thumb/v7e-m+fp/hard/libc.a
LOAD /Applications/STM32CubeIDE.app/Contents/Eclipse/plugins/com.st.stm32cube.ide.mcu.externaltools.gnu-tools-for-stm32.9-2020-q2-update.macos64_2.0.0.202105311346/tools/bin/../lib/gcc/arm-none-eabi/9.3.1/../../../../arm-none-eabi/lib/thumb/v7e-m+fp/hard/libm.a
LOAD /Applications/STM32CubeIDE.app/Contents/Eclipse/plugins/com.st.stm32cube.ide.mcu.externaltools.gnu-tools-for-stm32.9-2020-q2-update.macos64_2.0.0.202105311346/tools/bin/../lib/gcc/arm-none-eabi/9.3.1/thumb/v7e-m+fp/hard/libgcc.a

.debug_info     0x0000000000000000    0x1e56e
 .debug_info    0x0000000000000000     0x1453 ./Core/Src/app.o
 .debug_info    0x0000000000001453     0x1e33 ./Core/Src/main.o
 .debug_info    0x0000000000003286      0xdca ./Core/Src/stm32f4xx_hal_msp.o
 .debug_info    0x0000000000004050      0xd7f ./Core/Src/stm32f4xx_it.o
 .debug_info    0x0000000000004dcf      0x5d0 ./Core/Src/system_stm32f4xx.o
 .debug_info    0x000000000000539f       0x22 ./Core/Startup/startup_stm32f401retx.o
 .debug_info    0x00000000000053c1     0x15b2 ./Drivers/DeviceController/Src/DeviceController.o
 .debug_info    0x0000000000006973     0x1218 ./Drivers/GPIO/Src/GPIO.o
 .debug_info    0x0000000000007b8b     0x12d3 ./Drivers/Message/Src/message.o
 .debug_info    0x0000000000008e5e      0x650 ./Drivers/Message/Src/xprintf.o
 .debug_info    0x00000000000094ae      0x93d ./Drivers/STM32F4xx_HAL_Driver/Src/stm32f4xx_hal.o
 .debug_info    0x0000000000009deb      0xe41 ./Drivers/STM32F4xx_HAL_Driver/Src/stm32f4xx_hal_cortex.o
 .debug_info    0x000000000000ac2c      0x9e9 ./Drivers/STM32F4xx_HAL_Driver/Src/stm32f4xx_hal_dma.o
 .debug_info    0x000000000000b615      0x862 ./Drivers/STM32F4xx_HAL_Driver/Src/stm32f4xx_hal_gpio.o
 .debug_info    0x000000000000be77     0x12d5 ./Drivers/STM32F4xx_HAL_Driver/Src/stm32f4xx_hal_pcd.o
 .debug_info    0x000000000000d14c      0x7c3 ./Drivers/STM32F4xx_HAL_Driver/Src/stm32f4xx_hal_pcd_ex.o
 .debug_info    0x000000000000d90f      0x9bd ./Drivers/STM32F4xx_HAL_Driver/Src/stm32f4xx_hal_rcc.o
 .debug_info    0x000000000000e2cc     0x31d6 ./Drivers/STM32F4xx_HAL_Driver/Src/stm32f4xx_hal_uart.o
 .debug_info    0x00000000000114a2     0x1ab4 ./Drivers/STM32F4xx_HAL_Driver/Src/stm32f4xx_ll_usb.o
 .debug_info    0x0000000000012f56     0x1922 ./Middlewares/ST/STM32_USB_Device_Library/Class/HID/Src/usbd_hid.o
 .debug_info    0x0000000000014878     0x1a03 ./Middlewares/ST/STM32_USB_Device_Library/Core/Src/usbd_core.o
 .debug_info    0x000000000001627b     0x19cf ./Middlewares/ST/STM32_USB_Device_Library/Core/Src/usbd_ctlreq.o
 .debug_info    0x0000000000017c4a     0x16f1 ./Middlewares/ST/STM32_USB_Device_Library/Core/Src/usbd_ioreq.o
 .debug_info    0x000000000001933b     0x157a ./USB_DEVICE/App/usb_device.o
 .debug_info    0x000000000001a8b5     0x145b ./USB_DEVICE/App/usbd_desc.o
 .debug_info    0x000000000001bd10     0x285e ./USB_DEVICE/Target/usbd_conf.o

.debug_abbrev   0x0000000000000000     0x3d86
 .debug_abbrev  0x0000000000000000      0x2c5 ./Core/Src/app.o
 .debug_abbrev  0x00000000000002c5      0x31c ./Core/Src/main.o
 .debug_abbrev  0x00000000000005e1      0x1b5 ./Core/Src/stm32f4xx_hal_msp.o
 .debug_abbrev  0x0000000000000796      0x1df ./Core/Src/stm32f4xx_it.o
 .debug_abbrev  0x0000000000000975      0x145 ./Core/Src/system_stm32f4xx.o
 .debug_abbrev  0x0000000000000aba       0x12 ./Core/Startup/startup_stm32f401retx.o
 .debug_abbrev  0x0000000000000acc      0x2de ./Drivers/DeviceController/Src/DeviceController.o
 .debug_abbrev  0x0000000000000daa      0x222 ./Drivers/GPIO/Src/GPIO.o
 .debug_abbrev  0x0000000000000fcc      0x2ce ./Drivers/Message/Src/message.o
 .debug_abbrev  0x000000000000129a      0x1ff ./Drivers/Message/Src/xprintf.o
 .debug_abbrev  0x0000000000001499      0x21e ./Drivers/STM32F4xx_HAL_Driver/Src/stm32f4xx_hal.o
 .debug_abbrev  0x00000000000016b7      0x33c ./Drivers/STM32F4xx_HAL_Driver/Src/stm32f4xx_hal_cortex.o
 .debug_abbrev  0x00000000000019f3      0x219 ./Drivers/STM32F4xx_HAL_Driver/Src/stm32f4xx_hal_dma.o
 .debug_abbrev  0x0000000000001c0c      0x1f1 ./Drivers/STM32F4xx_HAL_Driver/Src/stm32f4xx_hal_gpio.o
 .debug_abbrev  0x0000000000001dfd      0x2a0 ./Drivers/STM32F4xx_HAL_Driver/Src/stm32f4xx_hal_pcd.o
 .debug_abbrev  0x000000000000209d      0x1fb ./Drivers/STM32F4xx_HAL_Driver/Src/stm32f4xx_hal_pcd_ex.o
 .debug_abbrev  0x0000000000002298      0x275 ./Drivers/STM32F4xx_HAL_Driver/Src/stm32f4xx_hal_rcc.o
 .debug_abbrev  0x000000000000250d      0x2fc ./Drivers/STM32F4xx_HAL_Driver/Src/stm32f4xx_hal_uart.o
 .debug_abbrev  0x0000000000002809      0x2a7 ./Drivers/STM32F4xx_HAL_Driver/Src/stm32f4xx_ll_usb.o
 .debug_abbrev  0x0000000000002ab0      0x2e8 ./Middlewares/ST/STM32_USB_Device_Library/Class/HID/Src/usbd_hid.o
 .debug_abbrev  0x0000000000002d98      0x2c8 ./Middlewares/ST/STM32_USB_Device_Library/Core/Src/usbd_core.o
 .debug_abbrev  0x0000000000003060      0x2fc ./Middlewares/ST/STM32_USB_Device_Library/Core/Src/usbd_ctlreq.o
 .debug_abbrev  0x000000000000335c      0x23b ./Middlewares/ST/STM32_USB_Device_Library/Core/Src/usbd_ioreq.o
 .debug_abbrev  0x0000000000003597      0x208 ./USB_DEVICE/App/usb_device.o
 .debug_abbrev  0x000000000000379f      0x2bb ./USB_DEVICE/App/usbd_desc.o
 .debug_abbrev  0x0000000000003a5a      0x32c ./USB_DEVICE/Target/usbd_conf.o

.debug_aranges  0x0000000000000000      0xf18
 .debug_aranges
                0x0000000000000000       0x30 ./Core/Src/app.o
 .debug_aranges
                0x0000000000000030       0x60 ./Core/Src/main.o
 .debug_aranges
                0x0000000000000090       0x30 ./Core/Src/stm32f4xx_hal_msp.o
 .debug_aranges
                0x00000000000000c0       0x98 ./Core/Src/stm32f4xx_it.o
 .debug_aranges
                0x0000000000000158       0x28 ./Core/Src/system_stm32f4xx.o
 .debug_aranges
                0x0000000000000180       0x28 ./Core/Startup/startup_stm32f401retx.o
 .debug_aranges
                0x00000000000001a8       0x70 ./Drivers/DeviceController/Src/DeviceController.o
 .debug_aranges
                0x0000000000000218       0x30 ./Drivers/GPIO/Src/GPIO.o
 .debug_aranges
                0x0000000000000248       0x50 ./Drivers/Message/Src/message.o
 .debug_aranges
                0x0000000000000298       0x70 ./Drivers/Message/Src/xprintf.o
 .debug_aranges
                0x0000000000000308       0xf0 ./Drivers/STM32F4xx_HAL_Driver/Src/stm32f4xx_hal.o
 .debug_aranges
                0x00000000000003f8      0x118 ./Drivers/STM32F4xx_HAL_Driver/Src/stm32f4xx_hal_cortex.o
 .debug_aranges
                0x0000000000000510       0x90 ./Drivers/STM32F4xx_HAL_Driver/Src/stm32f4xx_hal_dma.o
 .debug_aranges
                0x00000000000005a0       0x58 ./Drivers/STM32F4xx_HAL_Driver/Src/stm32f4xx_hal_gpio.o
 .debug_aranges
                0x00000000000005f8      0x138 ./Drivers/STM32F4xx_HAL_Driver/Src/stm32f4xx_hal_pcd.o
 .debug_aranges
                0x0000000000000730       0x38 ./Drivers/STM32F4xx_HAL_Driver/Src/stm32f4xx_hal_pcd_ex.o
 .debug_aranges
                0x0000000000000768       0x88 ./Drivers/STM32F4xx_HAL_Driver/Src/stm32f4xx_hal_rcc.o
 .debug_aranges
                0x00000000000007f0      0x200 ./Drivers/STM32F4xx_HAL_Driver/Src/stm32f4xx_hal_uart.o
 .debug_aranges
                0x00000000000009f0      0x198 ./Drivers/STM32F4xx_HAL_Driver/Src/stm32f4xx_ll_usb.o
 .debug_aranges
                0x0000000000000b88       0x68 ./Middlewares/ST/STM32_USB_Device_Library/Class/HID/Src/usbd_hid.o
 .debug_aranges
                0x0000000000000bf0       0xb8 ./Middlewares/ST/STM32_USB_Device_Library/Core/Src/usbd_core.o
 .debug_aranges
                0x0000000000000ca8       0x90 ./Middlewares/ST/STM32_USB_Device_Library/Core/Src/usbd_ctlreq.o
 .debug_aranges
                0x0000000000000d38       0x50 ./Middlewares/ST/STM32_USB_Device_Library/Core/Src/usbd_ioreq.o
 .debug_aranges
                0x0000000000000d88       0x20 ./USB_DEVICE/App/usb_device.o
 .debug_aranges
                0x0000000000000da8       0x60 ./USB_DEVICE/App/usbd_desc.o
 .debug_aranges
                0x0000000000000e08      0x110 ./USB_DEVICE/Target/usbd_conf.o

.debug_ranges   0x0000000000000000      0xdb0
 .debug_ranges  0x0000000000000000       0x20 ./Core/Src/app.o
 .debug_ranges  0x0000000000000020       0x50 ./Core/Src/main.o
 .debug_ranges  0x0000000000000070       0x20 ./Core/Src/stm32f4xx_hal_msp.o
 .debug_ranges  0x0000000000000090       0x88 ./Core/Src/stm32f4xx_it.o
 .debug_ranges  0x0000000000000118       0x18 ./Core/Src/system_stm32f4xx.o
 .debug_ranges  0x0000000000000130       0x20 ./Core/Startup/startup_stm32f401retx.o
 .debug_ranges  0x0000000000000150       0x60 ./Drivers/DeviceController/Src/DeviceController.o
 .debug_ranges  0x00000000000001b0       0x20 ./Drivers/GPIO/Src/GPIO.o
 .debug_ranges  0x00000000000001d0       0x40 ./Drivers/Message/Src/message.o
 .debug_ranges  0x0000000000000210       0x60 ./Drivers/Message/Src/xprintf.o
 .debug_ranges  0x0000000000000270       0xe0 ./Drivers/STM32F4xx_HAL_Driver/Src/stm32f4xx_hal.o
 .debug_ranges  0x0000000000000350      0x108 ./Drivers/STM32F4xx_HAL_Driver/Src/stm32f4xx_hal_cortex.o
 .debug_ranges  0x0000000000000458       0x80 ./Drivers/STM32F4xx_HAL_Driver/Src/stm32f4xx_hal_dma.o
 .debug_ranges  0x00000000000004d8       0x48 ./Drivers/STM32F4xx_HAL_Driver/Src/stm32f4xx_hal_gpio.o
 .debug_ranges  0x0000000000000520      0x128 ./Drivers/STM32F4xx_HAL_Driver/Src/stm32f4xx_hal_pcd.o
 .debug_ranges  0x0000000000000648       0x28 ./Drivers/STM32F4xx_HAL_Driver/Src/stm32f4xx_hal_pcd_ex.o
 .debug_ranges  0x0000000000000670       0x78 ./Drivers/STM32F4xx_HAL_Driver/Src/stm32f4xx_hal_rcc.o
 .debug_ranges  0x00000000000006e8      0x220 ./Drivers/STM32F4xx_HAL_Driver/Src/stm32f4xx_hal_uart.o
 .debug_ranges  0x0000000000000908      0x188 ./Drivers/STM32F4xx_HAL_Driver/Src/stm32f4xx_ll_usb.o
 .debug_ranges  0x0000000000000a90       0x58 ./Middlewares/ST/STM32_USB_Device_Library/Class/HID/Src/usbd_hid.o
 .debug_ranges  0x0000000000000ae8       0xa8 ./Middlewares/ST/STM32_USB_Device_Library/Core/Src/usbd_core.o
 .debug_ranges  0x0000000000000b90       0x80 ./Middlewares/ST/STM32_USB_Device_Library/Core/Src/usbd_ctlreq.o
 .debug_ranges  0x0000000000000c10       0x40 ./Middlewares/ST/STM32_USB_Device_Library/Core/Src/usbd_ioreq.o
 .debug_ranges  0x0000000000000c50       0x10 ./USB_DEVICE/App/usb_device.o
 .debug_ranges  0x0000000000000c60       0x50 ./USB_DEVICE/App/usbd_desc.o
 .debug_ranges  0x0000000000000cb0      0x100 ./USB_DEVICE/Target/usbd_conf.o

.debug_macro    0x0000000000000000    0x1a0c8
 .debug_macro   0x0000000000000000      0x30b ./Core/Src/app.o
 .debug_macro   0x000000000000030b      0xaa8 ./Core/Src/app.o
 .debug_macro   0x0000000000000db3       0x18 ./Core/Src/app.o
 .debug_macro   0x0000000000000dcb       0x22 ./Core/Src/app.o
 .debug_macro   0x0000000000000ded       0x4c ./Core/Src/app.o
 .debug_macro   0x0000000000000e39       0x94 ./Core/Src/app.o
 .debug_macro   0x0000000000000ecd       0x3c ./Core/Src/app.o
 .debug_macro   0x0000000000000f09       0x34 ./Core/Src/app.o
 .debug_macro   0x0000000000000f3d       0x16 ./Core/Src/app.o
 .debug_macro   0x0000000000000f53      0x10e ./Core/Src/app.o
 .debug_macro   0x0000000000001061       0x8d ./Core/Src/app.o
 .debug_macro   0x00000000000010ee       0x16 ./Core/Src/app.o
 .debug_macro   0x0000000000001104       0x43 ./Core/Src/app.o
 .debug_macro   0x0000000000001147       0x57 ./Core/Src/app.o
 .debug_macro   0x000000000000119e       0x34 ./Core/Src/app.o
 .debug_macro   0x00000000000011d2       0x10 ./Core/Src/app.o
 .debug_macro   0x00000000000011e2       0x58 ./Core/Src/app.o
 .debug_macro   0x000000000000123a       0x71 ./Core/Src/app.o
 .debug_macro   0x00000000000012ab       0x1c ./Core/Src/app.o
 .debug_macro   0x00000000000012c7      0x12a ./Core/Src/app.o
 .debug_macro   0x00000000000013f1      0x339 ./Core/Src/app.o
 .debug_macro   0x000000000000172a       0x16 ./Core/Src/app.o
 .debug_macro   0x0000000000001740       0x29 ./Core/Src/app.o
 .debug_macro   0x0000000000001769       0x22 ./Core/Src/app.o
 .debug_macro   0x000000000000178b      0x1a9 ./Core/Src/app.o
 .debug_macro   0x0000000000001934      0x29b ./Core/Src/app.o
 .debug_macro   0x0000000000001bcf       0x2e ./Core/Src/app.o
 .debug_macro   0x0000000000001bfd       0x28 ./Core/Src/app.o
 .debug_macro   0x0000000000001c25      0x103 ./Core/Src/app.o
 .debug_macro   0x0000000000001d28       0x6a ./Core/Src/app.o
 .debug_macro   0x0000000000001d92      0x1df ./Core/Src/app.o
 .debug_macro   0x0000000000001f71       0x1c ./Core/Src/app.o
 .debug_macro   0x0000000000001f8d       0x22 ./Core/Src/app.o
 .debug_macro   0x0000000000001faf       0xd9 ./Core/Src/app.o
 .debug_macro   0x0000000000002088     0x102d ./Core/Src/app.o
 .debug_macro   0x00000000000030b5      0x11f ./Core/Src/app.o
 .debug_macro   0x00000000000031d4     0xb86c ./Core/Src/app.o
 .debug_macro   0x000000000000ea40       0x6d ./Core/Src/app.o
 .debug_macro   0x000000000000eaad     0x3666 ./Core/Src/app.o
 .debug_macro   0x0000000000012113       0x56 ./Core/Src/app.o
 .debug_macro   0x0000000000012169      0x416 ./Core/Src/app.o
 .debug_macro   0x000000000001257f      0x9fe ./Core/Src/app.o
 .debug_macro   0x0000000000012f7d      0x116 ./Core/Src/app.o
 .debug_macro   0x0000000000013093       0xf8 ./Core/Src/app.o
 .debug_macro   0x000000000001318b       0xa5 ./Core/Src/app.o
 .debug_macro   0x0000000000013230      0x15f ./Core/Src/app.o
 .debug_macro   0x000000000001338f      0x287 ./Core/Src/app.o
 .debug_macro   0x0000000000013616       0x5f ./Core/Src/app.o
 .debug_macro   0x0000000000013675      0x236 ./Core/Src/app.o
 .debug_macro   0x00000000000138ab      0x132 ./Core/Src/app.o
 .debug_macro   0x00000000000139dd      0x264 ./Core/Src/app.o
 .debug_macro   0x0000000000013c41       0x2e ./Core/Src/app.o
 .debug_macro   0x0000000000013c6f      0x11a ./Core/Src/app.o
 .debug_macro   0x0000000000013d89       0x85 ./Core/Src/app.o
 .debug_macro   0x0000000000013e0e       0x89 ./Core/Src/app.o
 .debug_macro   0x0000000000013e97      0x295 ./Core/Src/app.o
 .debug_macro   0x000000000001412c      0x21e ./Core/Src/app.o
 .debug_macro   0x000000000001434a       0xba ./Core/Src/app.o
 .debug_macro   0x0000000000014404      0x126 ./Core/Src/app.o
 .debug_macro   0x000000000001452a       0x16 ./Core/Src/app.o
 .debug_macro   0x0000000000014540      0x112 ./Core/Src/app.o
 .debug_macro   0x0000000000014652       0x5e ./Core/Src/app.o
 .debug_macro   0x00000000000146b0       0x58 ./Core/Src/app.o
 .debug_macro   0x0000000000014708      0x11e ./Core/Src/app.o
 .debug_macro   0x0000000000014826      0x41d ./Core/Src/main.o
 .debug_macro   0x0000000000014c43       0x8e ./Core/Src/main.o
 .debug_macro   0x0000000000014cd1       0x51 ./Core/Src/main.o
 .debug_macro   0x0000000000014d22       0xdf ./Core/Src/main.o
 .debug_macro   0x0000000000014e01      0x174 ./Core/Src/main.o
 .debug_macro   0x0000000000014f75       0x5c ./Core/Src/main.o
 .debug_macro   0x0000000000014fd1       0x52 ./Core/Src/main.o
 .debug_macro   0x0000000000015023       0x16 ./Core/Src/main.o
 .debug_macro   0x0000000000015039       0x35 ./Core/Src/main.o
 .debug_macro   0x000000000001506e      0x333 ./Core/Src/main.o
 .debug_macro   0x00000000000153a1       0x10 ./Core/Src/main.o
 .debug_macro   0x00000000000153b1       0x10 ./Core/Src/main.o
 .debug_macro   0x00000000000153c1       0x1c ./Core/Src/main.o
 .debug_macro   0x00000000000153dd       0x52 ./Core/Src/main.o
 .debug_macro   0x000000000001542f       0x22 ./Core/Src/main.o
 .debug_macro   0x0000000000015451       0x10 ./Core/Src/main.o
 .debug_macro   0x0000000000015461       0x40 ./Core/Src/main.o
 .debug_macro   0x00000000000154a1       0xd5 ./Core/Src/main.o
 .debug_macro   0x0000000000015576       0x1c ./Core/Src/main.o
 .debug_macro   0x0000000000015592       0x3d ./Core/Src/main.o
 .debug_macro   0x00000000000155cf       0x16 ./Core/Src/main.o
 .debug_macro   0x00000000000155e5      0x145 ./Core/Src/main.o
 .debug_macro   0x000000000001572a       0x16 ./Core/Src/main.o
 .debug_macro   0x0000000000015740       0x20 ./Core/Src/main.o
 .debug_macro   0x0000000000015760       0x6b ./Core/Src/main.o
 .debug_macro   0x00000000000157cb      0x1ef ./Core/Src/main.o
 .debug_macro   0x00000000000159ba      0x232 ./Core/Src/stm32f4xx_hal_msp.o
 .debug_macro   0x0000000000015bec      0x23c ./Core/Src/stm32f4xx_it.o
 .debug_macro   0x0000000000015e28      0x1de ./Core/Src/system_stm32f4xx.o
 .debug_macro   0x0000000000016006      0x308 ./Drivers/DeviceController/Src/DeviceController.o
 .debug_macro   0x000000000001630e       0x58 ./Drivers/DeviceController/Src/DeviceController.o
 .debug_macro   0x0000000000016366      0x308 ./Drivers/GPIO/Src/GPIO.o
 .debug_macro   0x000000000001666e      0x10c ./Drivers/GPIO/Src/GPIO.o
 .debug_macro   0x000000000001677a      0x31f ./Drivers/Message/Src/message.o
 .debug_macro   0x0000000000016a99       0x22 ./Drivers/Message/Src/message.o
 .debug_macro   0x0000000000016abb       0x58 ./Drivers/Message/Src/message.o
 .debug_macro   0x0000000000016b13       0x22 ./Drivers/Message/Src/message.o
 .debug_macro   0x0000000000016b35      0x1f5 ./Drivers/Message/Src/xprintf.o
 .debug_macro   0x0000000000016d2a      0x23e ./Drivers/STM32F4xx_HAL_Driver/Src/stm32f4xx_hal.o
 .debug_macro   0x0000000000016f68      0x1de ./Drivers/STM32F4xx_HAL_Driver/Src/stm32f4xx_hal_cortex.o
 .debug_macro   0x0000000000017146      0x1e4 ./Drivers/STM32F4xx_HAL_Driver/Src/stm32f4xx_hal_dma.o
 .debug_macro   0x000000000001732a      0x1e4 ./Drivers/STM32F4xx_HAL_Driver/Src/stm32f4xx_hal_gpio.o
 .debug_macro   0x000000000001750e      0x1ea ./Drivers/STM32F4xx_HAL_Driver/Src/stm32f4xx_hal_pcd.o
 .debug_macro   0x00000000000176f8      0x1de ./Drivers/STM32F4xx_HAL_Driver/Src/stm32f4xx_hal_pcd_ex.o
 .debug_macro   0x00000000000178d6      0x202 ./Drivers/STM32F4xx_HAL_Driver/Src/stm32f4xx_hal_rcc.o
 .debug_macro   0x0000000000017ad8      0x1df ./Drivers/STM32F4xx_HAL_Driver/Src/stm32f4xx_hal_uart.o
 .debug_macro   0x0000000000017cb7      0x1de ./Drivers/STM32F4xx_HAL_Driver/Src/stm32f4xx_ll_usb.o
 .debug_macro   0x0000000000017e95      0x448 ./Middlewares/ST/STM32_USB_Device_Library/Class/HID/Src/usbd_hid.o
 .debug_macro   0x00000000000182dd       0x97 ./Middlewares/ST/STM32_USB_Device_Library/Class/HID/Src/usbd_hid.o
 .debug_macro   0x0000000000018374       0xfd ./Middlewares/ST/STM32_USB_Device_Library/Class/HID/Src/usbd_hid.o
 .debug_macro   0x0000000000018471       0x5e ./Middlewares/ST/STM32_USB_Device_Library/Class/HID/Src/usbd_hid.o
 .debug_macro   0x00000000000184cf      0x42f ./Middlewares/ST/STM32_USB_Device_Library/Core/Src/usbd_core.o
 .debug_macro   0x00000000000188fe      0x1f5 ./Middlewares/ST/STM32_USB_Device_Library/Core/Src/usbd_core.o
 .debug_macro   0x0000000000018af3      0x439 ./Middlewares/ST/STM32_USB_Device_Library/Core/Src/usbd_ctlreq.o
 .debug_macro   0x0000000000018f2c      0x435 ./Middlewares/ST/STM32_USB_Device_Library/Core/Src/usbd_ioreq.o
 .debug_macro   0x0000000000019361      0x465 ./USB_DEVICE/App/usb_device.o
 .debug_macro   0x00000000000197c6       0x22 ./USB_DEVICE/App/usb_device.o
 .debug_macro   0x00000000000197e8      0x472 ./USB_DEVICE/App/usbd_desc.o
 .debug_macro   0x0000000000019c5a       0x1c ./USB_DEVICE/App/usbd_desc.o
 .debug_macro   0x0000000000019c76      0x452 ./USB_DEVICE/Target/usbd_conf.o

.debug_line     0x0000000000000000    0x15ecc
 .debug_line    0x0000000000000000      0xb35 ./Core/Src/app.o
 .debug_line    0x0000000000000b35      0xc7e ./Core/Src/main.o
 .debug_line    0x00000000000017b3      0x91d ./Core/Src/stm32f4xx_hal_msp.o
 .debug_line    0x00000000000020d0      0x966 ./Core/Src/stm32f4xx_it.o
 .debug_line    0x0000000000002a36      0x78e ./Core/Src/system_stm32f4xx.o
 .debug_line    0x00000000000031c4       0x88 ./Core/Startup/startup_stm32f401retx.o
 .debug_line    0x000000000000324c      0xd8f ./Drivers/DeviceController/Src/DeviceController.o
 .debug_line    0x0000000000003fdb      0x9a6 ./Drivers/GPIO/Src/GPIO.o
 .debug_line    0x0000000000004981      0xa7f ./Drivers/Message/Src/message.o
 .debug_line    0x0000000000005400      0xc0e ./Drivers/Message/Src/xprintf.o
 .debug_line    0x000000000000600e      0x9f4 ./Drivers/STM32F4xx_HAL_Driver/Src/stm32f4xx_hal.o
 .debug_line    0x0000000000006a02      0xca3 ./Drivers/STM32F4xx_HAL_Driver/Src/stm32f4xx_hal_cortex.o