Archive member included to satisfy reference by file (symbol)

/Applications/STM32CubeIDE.app/Contents/Eclipse/plugins/com.st.stm32cube.ide.mcu.externaltools.gnu-tools-for-stm32.9-2020-q2-update.macos64_2.0.0.202105311346/tools/bin/../lib/gcc/arm-none-eabi/9.3.1/../../../../arm-none-eabi/lib/thumb/v7e-m+fp/hard/libc_nano.a(lib_a-errno.o)
                              ./Core/Src/syscalls.o (__errno)
/Applications/STM32CubeIDE.app/Contents/Eclipse/plugins/com.st.stm32cube.ide.mcu.externaltools.gnu-tools-for-stm32.9-2020-q2-update.macos64_2.0.0.202105311346/tools/bin/../lib/gcc/arm-none-eabi/9.3.1/../../../../arm-none-eabi/lib/thumb/v7e-m+fp/hard/libc_nano.a(lib_a-exit.o)
                              /Applications/STM32CubeIDE.app/Contents/Eclipse/plugins/com.st.stm32cube.ide.mcu.externaltools.gnu-tools-for-stm32.9-2020-q2-update.macos64_2.0.0.202105311346/tools/bin/../lib/gcc/arm-none-eabi/9.3.1/../../../../arm-none-eabi/lib/thumb/v7e-m+fp/hard/crt0.o (exit)
/Applications/STM32CubeIDE.app/Contents/Eclipse/plugins/com.st.stm32cube.ide.mcu.externaltools.gnu-tools-for-stm32.9-2020-q2-update.macos64_2.0.0.202105311346/tools/bin/../lib/gcc/arm-none-eabi/9.3.1/../../../../arm-none-eabi/lib/thumb/v7e-m+fp/hard/libc_nano.a(lib_a-impure.o)
                              /Applications/STM32CubeIDE.app/Contents/Eclipse/plugins/com.st.stm32cube.ide.mcu.externaltools.gnu-tools-for-stm32.9-2020-q2-update.macos64_2.0.0.202105311346/tools/bin/../lib/gcc/arm-none-eabi/9.3.1/../../../../arm-none-eabi/lib/thumb/v7e-m+fp/hard/libc_nano.a(lib_a-exit.o) (_global_impure_ptr)
/Applications/STM32CubeIDE.app/Contents/Eclipse/plugins/com.st.stm32cube.ide.mcu.externaltools.gnu-tools-for-stm32.9-2020-q2-update.macos64_2.0.0.202105311346/tools/bin/../lib/gcc/arm-none-eabi/9.3.1/../../../../arm-none-eabi/lib/thumb/v7e-m+fp/hard/libc_nano.a(lib_a-init.o)
                              /Applications/STM32CubeIDE.app/Contents/Eclipse/plugins/com.st.stm32cube.ide.mcu.externaltools.gnu-tools-for-stm32.9-2020-q2-update.macos64_2.0.0.202105311346/tools/bin/../lib/gcc/arm-none-eabi/9.3.1/../../../../arm-none-eabi/lib/thumb/v7e-m+fp/hard/crt0.o (__libc_init_array)
/Applications/STM32CubeIDE.app/Contents/Eclipse/plugins/com.st.stm32cube.ide.mcu.externaltools.gnu-tools-for-stm32.9-2020-q2-update.macos64_2.0.0.202105311346/tools/bin/../lib/gcc/arm-none-eabi/9.3.1/../../../../arm-none-eabi/lib/thumb/v7e-m+fp/hard/libc_nano.a(lib_a-memset.o)
                              /Applications/STM32CubeIDE.app/Contents/Eclipse/plugins/com.st.stm32cube.ide.mcu.externaltools.gnu-tools-for-stm32.9-2020-q2-update.macos64_2.0.0.202105311346/tools/bin/../lib/gcc/arm-none-eabi/9.3.1/../../../../arm-none-eabi/lib/thumb/v7e-m+fp/hard/crt0.o (memset)
/Applications/STM32CubeIDE.app/Contents/Eclipse/plugins/com.st.stm32cube.ide.mcu.externaltools.gnu-tools-for-stm32.9-2020-q2-update.macos64_2.0.0.202105311346/tools/bin/../lib/gcc/arm-none-eabi/9.3.1/thumb/v7e-m+fp/hard/libgcc.a(_aeabi_uldivmod.o)
                              ./Drivers/STM32F4xx_HAL_Driver/Src/stm32f4xx_hal_rcc.o (__aeabi_uldivmod)
/Applications/STM32CubeIDE.app/Contents/Eclipse/plugins/com.st.stm32cube.ide.mcu.externaltools.gnu-tools-for-stm32.9-2020-q2-update.macos64_2.0.0.202105311346/tools/bin/../lib/gcc/arm-none-eabi/9.3.1/thumb/v7e-m+fp/hard/libgcc.a(_udivmoddi4.o)
                              /Applications/STM32CubeIDE.app/Contents/Eclipse/plugins/com.st.stm32cube.ide.mcu.externaltools.gnu-tools-for-stm32.9-2020-q2-update.macos64_2.0.0.202105311346/tools/bin/../lib/gcc/arm-none-eabi/9.3.1/thumb/v7e-m+fp/hard/libgcc.a(_aeabi_uldivmod.o) (__udivmoddi4)
/Applications/STM32CubeIDE.app/Contents/Eclipse/plugins/com.st.stm32cube.ide.mcu.externaltools.gnu-tools-for-stm32.9-2020-q2-update.macos64_2.0.0.202105311346/tools/bin/../lib/gcc/arm-none-eabi/9.3.1/thumb/v7e-m+fp/hard/libgcc.a(_dvmd_tls.o)
                              /Applications/STM32CubeIDE.app/Contents/Eclipse/plugins/com.st.stm32cube.ide.mcu.externaltools.gnu-tools-for-stm32.9-2020-q2-update.macos64_2.0.0.202105311346/tools/bin/../lib/gcc/arm-none-eabi/9.3.1/thumb/v7e-m+fp/hard/libgcc.a(_aeabi_uldivmod.o) (__aeabi_ldiv0)

Allocating common symbols
Common symbol       size              file

hUsbDeviceFS        0x2d0             ./USB_DEVICE/App/usb_device.o
hdma_usart2_rx      0x60              ./Core/Src/main.o
xfunc_in            0x4               ./Drivers/Message/Src/xprintf.o
hpcd_USB_OTG_FS     0x408             ./USB_DEVICE/Target/usbd_conf.o
xfunc_out           0x4               ./Drivers/Message/Src/xprintf.o
uwTick              0x4               ./Drivers/STM32F4xx_HAL_Driver/Src/stm32f4xx_hal.o
pFlash              0x20              ./Drivers/STM32F4xx_HAL_Driver/Src/stm32f4xx_hal_flash.o
hdma_usart1_tx      0x60              ./Core/Src/main.o
hdma_usart1_rx      0x60              ./Core/Src/main.o
hdma_usart2_tx      0x60              ./Core/Src/main.o
huart1              0x44              ./Core/Src/main.o
[...]
Memory Configuration

Name             Origin             Length             Attributes
RAM              0x0000000020000000 0x0000000000018000 xrw
FLASH            0x0000000008000000 0x0000000000080000 xr
*default*        0x0000000000000000 0xffffffffffffffff

Linker script and memory map

LOAD /Applications/STM32CubeIDE.app/Contents/Eclipse/plugins/com.st.stm32cube.ide.mcu.externaltools.gnu-tools-for-stm32.9-2020-q2-update.macos64_2.0.0.202105311346/tools/bin/../lib/gcc/arm-none-eabi/9.3.1/thumb/v7e-m+fp/hard/crti.o
LOAD /Applications/STM32CubeIDE.app/Contents/Eclipse/plugins/com.st.stm32cube.ide.mcu.externaltools.gnu-tools-for-stm32.9-2020-q2-update.macos64_2.0.0.202105311346/tools/bin/../lib/gcc/arm-none-eabi/9.3.1/thumb/v7e-m+fp/hard/crtbegin.o
LOAD /Applications/STM32CubeIDE.app/Contents/Eclipse/plugins/com.st.stm32cube.ide.mcu.externaltools.gnu-tools-for-stm32.9-2020-q2-update.macos64_2.0.0.202105311346/tools/bin/../lib/gcc/arm-none-eabi/9.3.1/../../../../arm-none-eabi/lib/thumb/v7e-m+fp/hard/crt0.o
LOAD ./Core/Src/app.o
LOAD ./Core/Src/main.o
LOAD ./Core/Src/stm32f4xx_hal_msp.o
LOAD ./Core/Src/stm32f4xx_it.o
LOAD ./Core/Src/syscalls.o
LOAD ./Core/Src/sysmem.o
LOAD ./Core/Src/system_stm32f4xx.o
LOAD ./Core/Startup/startup_stm32f401retx.o
LOAD ./Drivers/DeviceController/Src/DeviceController.o
LOAD ./Drivers/GPIO/Src/GPIO.o
LOAD ./Drivers/Message/Src/message.o
LOAD ./Drivers/Message/Src/xprintf.o
LOAD ./Drivers/STM32F4xx_HAL_Driver/Src/stm32f4xx_hal.o
LOAD ./Drivers/STM32F4xx_HAL_Driver/Src/stm32f4xx_hal_cortex.o
LOAD ./Drivers/STM32F4xx_HAL_Driver/Src/stm32f4xx_hal_dma.o
LOAD ./Drivers/STM32F4xx_HAL_Driver/Src/stm32f4xx_hal_dma_ex.o
LOAD ./Drivers/STM32F4xx_HAL_Driver/Src/stm32f4xx_hal_exti.o
LOAD ./Drivers/STM32F4xx_HAL_Driver/Src/stm32f4xx_hal_flash.o
LOAD ./Drivers/STM32F4xx_HAL_Driver/Src/stm32f4xx_hal_flash_ex.o
LOAD ./Drivers/STM32F4xx_HAL_Driver/Src/stm32f4xx_hal_flash_ramfunc.o
LOAD ./Drivers/STM32F4xx_HAL_Driver/Src/stm32f4xx_hal_gpio.o
LOAD ./Drivers/STM32F4xx_HAL_Driver/Src/stm32f4xx_hal_pcd.o
LOAD ./Drivers/STM32F4xx_HAL_Driver/Src/stm32f4xx_hal_pcd_ex.o
LOAD ./Drivers/STM32F4xx_HAL_Driver/Src/stm32f4xx_hal_pwr.o
LOAD ./Drivers/STM32F4xx_HAL_Driver/Src/stm32f4xx_hal_pwr_ex.o
LOAD ./Drivers/STM32F4xx_HAL_Driver/Src/stm32f4xx_hal_rcc.o
LOAD ./Drivers/STM32F4xx_HAL_Driver/Src/stm32f4xx_hal_rcc_ex.o
LOAD ./Drivers/STM32F4xx_HAL_Driver/Src/stm32f4xx_hal_tim.o
LOAD ./Drivers/STM32F4xx_HAL_Driver/Src/stm32f4xx_hal_tim_ex.o
LOAD ./Drivers/STM32F4xx_HAL_Driver/Src/stm32f4xx_hal_uart.o
LOAD ./Drivers/STM32F4xx_HAL_Driver/Src/stm32f4xx_ll_usb.o
LOAD ./Drivers/USBHID/Src/usbhid.o
LOAD ./Middlewares/ST/STM32_USB_Device_Library/Class/HID/Src/usbd_hid.o
LOAD ./Middlewares/ST/STM32_USB_Device_Library/Core/Src/usbd_core.o
LOAD ./Middlewares/ST/STM32_USB_Device_Library/Core/Src/usbd_ctlreq.o
LOAD ./Middlewares/ST/STM32_USB_Device_Library/Core/Src/usbd_ioreq.o
LOAD ./USB_DEVICE/App/usb_device.o
LOAD ./USB_DEVICE/App/usbd_desc.o
LOAD ./USB_DEVICE/Target/usbd_conf.o
START GROUP
LOAD /Applications/STM32CubeIDE.app/Contents/Eclipse/plugins/com.st.stm32cube.ide.mcu.externaltools.gnu-tools-for-stm32.9-2020-q2-update.macos64_2.0.0.202105311346/tools/bin/../lib/gcc/arm-none-eabi/9.3.1/../../../../arm-none-eabi/lib/thumb/v7e-m+fp/hard/libc_nano.a
LOAD /Applications/STM32CubeIDE.app/Contents/Eclipse/plugins/com.st.stm32cube.ide.mcu.externaltools.gnu-tools-for-stm32.9-2020-q2-update.macos64_2.0.0.202105311346/tools/bin/../lib/gcc/arm-none-eabi/9.3.1/../../../../arm-none-eabi/lib/thumb/v7e-m+fp/hard/libm.a
END GROUP
START GROUP
LOAD /Applications/STM32CubeIDE.app/Contents/Eclipse/plugins/com.st.stm32cube.ide.mcu.externaltools.gnu-tools-for-stm32.9-2020-q2-update.macos64_2.0.0.202105311346/tools/bin/../lib/gcc/arm-none-eabi/9.3.1/thumb/v7e-m+fp/hard/libgcc.a
LOAD /Applications/STM32CubeIDE.app/Contents/Eclipse/plugins/com.st.stm32cube.ide.mcu.externaltools.gnu-tools-for-stm32.9-2020-q2-update.macos64_2.0.0.202105311346/tools/bin/../lib/gcc/arm-none-eabi/9.3.1/../../../../arm-none-eabi/lib/thumb/v7e-m+fp/hard/libc_nano.a
END GROUP
START GROUP
LOAD /Applications/STM32CubeIDE.app/Contents/Eclipse/plugins/com.st.stm32cube.ide.mcu.externaltools.gnu-tools-for-stm32.9-2020-q2-update.macos64_2.0.0.202105311346/tools/bin/../lib/gcc/arm-none-eabi/9.3.1/thumb/v7e-m+fp/hard/libgcc.a
LOAD /Applications/STM32CubeIDE.app/Contents/Eclipse/plugins/com.st.stm32cube.ide.mcu.externaltools.gnu-tools-for-stm32.9-2020-q2-update.macos64_2.0.0.202105311346/tools/bin/../lib/gcc/arm-none-eabi/9.3.1/../../../../arm-none-eabi/lib/thumb/v7e-m+fp/hard/libc_nano.a
LOAD /Applications/STM32CubeIDE.app/Contents/Eclipse/plugins/com.st.stm32cube.ide.mcu.externaltools.gnu-tools-for-stm32.9-2020-q2-update.macos64_2.0.0.202105311346/tools/bin/../lib/gcc/arm-none-eabi/9.3.1/../../../../arm-none-eabi/lib/thumb/v7e-m+fp/hard/libnosys.a
END GROUP
START GROUP
LOAD /Applications/STM32CubeIDE.app/Contents/Eclipse/plugins/com.st.stm32cube.ide.mcu.externaltools.gnu-tools-for-stm32.9-2020-q2-update.macos64_2.0.0.202105311346/tools/bin/../lib/gcc/arm-none-eabi/9.3.1/thumb/v7e-m+fp/hard/libgcc.a
LOAD /Applications/STM32CubeIDE.app/Contents/Eclipse/plugins/com.st.stm32cube.ide.mcu.externaltools.gnu-tools-for-stm32.9-2020-q2-update.macos64_2.0.0.202105311346/tools/bin/../lib/gcc/arm-none-eabi/9.3.1/../../../../arm-none-eabi/lib/thumb/v7e-m+fp/hard/libc_nano.a
LOAD /Applications/STM32CubeIDE.app/Contents/Eclipse/plugins/com.st.stm32cube.ide.mcu.externaltools.gnu-tools-for-stm32.9-2020-q2-update.macos64_2.0.0.202105311346/tools/bin/../lib/gcc/arm-none-eabi/9.3.1/../../../../arm-none-eabi/lib/thumb/v7e-m+fp/hard/libnosys.a
END GROUP
LOAD /Applications/STM32CubeIDE.app/Contents/Eclipse/plugins/com.st.stm32cube.ide.mcu.externaltools.gnu-tools-for-stm32.9-2020-q2-update.macos64_2.0.0.202105311346/tools/bin/../lib/gcc/arm-none-eabi/9.3.1/thumb/v7e-m+fp/hard/crtend.o
LOAD /Applications/STM32CubeIDE.app/Contents/Eclipse/plugins/com.st.stm32cube.ide.mcu.externaltools.gnu-tools-for-stm32.9-2020-q2-update.macos64_2.0.0.202105311346/tools/bin/../lib/gcc/arm-none-eabi/9.3.1/thumb/v7e-m+fp/hard/crtn.o
                0x0000000020018000                _estack = (ORIGIN (RAM) + LENGTH (RAM))
                0x0000000000000200                _Min_Heap_Size = 0x200
                0x0000000000000400                _Min_Stack_Size = 0x400

.isr_vector     0x0000000008000000      0x194
                0x0000000008000000                . = ALIGN (0x4)
 *(.isr_vector)
 .isr_vector    0x0000000008000000      0x194 ./Core/Startup/startup_stm32f401retx.o
                0x0000000008000000                g_pfnVectors
                0x0000000008000194                . = ALIGN (0x4)

.text           0x0000000008000194     0x87d4
                0x0000000008000194                . = ALIGN (0x4)
 *(.text)
 .text          0x0000000008000194       0x40 /Applications/STM32CubeIDE.app/Contents/Eclipse/plugins/com.st.stm32cube.ide.mcu.externaltools.gnu-tools-for-stm32.9-2020-q2-update.macos64_2.0.0.202105311346/tools/bin/../lib/gcc/arm-none-eabi/9.3.1/thumb/v7e-m+fp/hard/crtbegin.o
 .text          0x00000000080001d4       0x30 /Applications/STM32CubeIDE.app/Contents/Eclipse/plugins/com.st.stm32cube.ide.mcu.externaltools.gnu-tools-for-stm32.9-2020-q2-update.macos64_2.0.0.202105311346/tools/bin/../lib/gcc/arm-none-eabi/9.3.1/thumb/v7e-m+fp/hard/libgcc.a(_aeabi_uldivmod.o)
                0x00000000080001d4                __aeabi_uldivmod
 .text          0x0000000008000204      0x2c4 /Applications/STM32CubeIDE.app/Contents/Eclipse/plugins/com.st.stm32cube.ide.mcu.externaltools.gnu-tools-for-stm32.9-2020-q2-update.macos64_2.0.0.202105311346/tools/bin/../lib/gcc/arm-none-eabi/9.3.1/thumb/v7e-m+fp/hard/libgcc.a(_udivmoddi4.o)
                0x0000000008000204                __udivmoddi4
 .text          0x00000000080004c8        0x4 /Applications/STM32CubeIDE.app/Contents/Eclipse/plugins/com.st.stm32cube.ide.mcu.externaltools.gnu-tools-for-stm32.9-2020-q2-update.macos64_2.0.0.202105311346/tools/bin/../lib/gcc/arm-none-eabi/9.3.1/thumb/v7e-m+fp/hard/libgcc.a(_dvmd_tls.o)
                0x00000000080004c8                __aeabi_ldiv0
                0x00000000080004c8                __aeabi_idiv0
 *(.text*)
 .text.appInit  0x00000000080004cc       0x10 ./Core/Src/app.o
                0x00000000080004cc                appInit
 .text.appTask  0x00000000080004dc      0x3cc ./Core/Src/app.o
                0x00000000080004dc                appTask
 .text.main     0x00000000080008a8       0x68 ./Core/Src/main.o
                0x00000000080008a8                main
 .text.SystemClock_Config
                0x0000000008000910       0xd4 ./Core/Src/main.o
                0x0000000008000910                SystemClock_Config
 .text.MX_USART1_UART_Init
                0x00000000080009e4       0x54 ./Core/Src/main.o
 .text.MX_USART2_UART_Init
                0x0000000008000a38       0x54 ./Core/Src/main.o
 .text.MX_DMA_Init
                0x0000000008000a8c       0x8c ./Core/Src/main.o
 .text.MX_GPIO_Init
                0x0000000008000b18       0xdc ./Core/Src/main.o
 .text.HAL_UART_TxCpltCallback
                0x0000000008000bf4       0x38 ./Core/Src/main.o
                0x0000000008000bf4                HAL_UART_TxCpltCallback
 .text.HAL_UART_RxCpltCallback
                0x0000000008000c2c       0x38 ./Core/Src/main.o
                0x0000000008000c2c                HAL_UART_RxCpltCallback
 .text.Error_Handler
                0x0000000008000c64        0xa ./Core/Src/main.o
                0x0000000008000c64                Error_Handler
 *fill*         0x0000000008000c6e        0x2 
 .text.HAL_MspInit
                0x0000000008000c70       0x50 ./Core/Src/stm32f4xx_hal_msp.o
                0x0000000008000c70                HAL_MspInit
 .text.HAL_UART_MspInit
                0x0000000008000cc0      0x2ac ./Core/Src/stm32f4xx_hal_msp.o
                0x0000000008000cc0                HAL_UART_MspInit
 .text.NMI_Handler
                0x0000000008000f6c        0x6 ./Core/Src/stm32f4xx_it.o
                0x0000000008000f6c                NMI_Handler
 .text.HardFault_Handler
                0x0000000008000f72        0x6 ./Core/Src/stm32f4xx_it.o
                0x0000000008000f72                HardFault_Handler
 .text.MemManage_Handler
                0x0000000008000f78        0x6 ./Core/Src/stm32f4xx_it.o
                0x0000000008000f78                MemManage_Handler
 .text.BusFault_Handler
                0x0000000008000f7e        0x6 ./Core/Src/stm32f4xx_it.o
                0x0000000008000f7e                BusFault_Handler
 .text.UsageFault_Handler
                0x0000000008000f84        0x6 ./Core/Src/stm32f4xx_it.o
                0x0000000008000f84                UsageFault_Handler
 .text.SVC_Handler
                0x0000000008000f8a        0xe ./Core/Src/stm32f4xx_it.o
                0x0000000008000f8a                SVC_Handler
 .text.DebugMon_Handler
                0x0000000008000f98        0xe ./Core/Src/stm32f4xx_it.o
                0x0000000008000f98                DebugMon_Handler
 .text.PendSV_Handler
                0x0000000008000fa6        0xe ./Core/Src/stm32f4xx_it.o
                0x0000000008000fa6                PendSV_Handler
 .text.SysTick_Handler
                0x0000000008000fb4       0x1c ./Core/Src/stm32f4xx_it.o
                0x0000000008000fb4                SysTick_Handler
 .text.DMA1_Stream5_IRQHandler
                0x0000000008000fd0       0x14 ./Core/Src/stm32f4xx_it.o
                0x0000000008000fd0                DMA1_Stream5_IRQHandler
 .text.DMA1_Stream6_IRQHandler
                0x0000000008000fe4       0x14 ./Core/Src/stm32f4xx_it.o
                0x0000000008000fe4                DMA1_Stream6_IRQHandler
 .text.USART1_IRQHandler
                0x0000000008000ff8       0x14 ./Core/Src/stm32f4xx_it.o
                0x0000000008000ff8                USART1_IRQHandler
 .text.USART2_IRQHandler
                0x000000000800100c       0x14 ./Core/Src/stm32f4xx_it.o
                0x000000000800100c                USART2_IRQHandler
 .text.DMA2_Stream2_IRQHandler
                0x0000000008001020       0x14 ./Core/Src/stm32f4xx_it.o
                0x0000000008001020                DMA2_Stream2_IRQHandler
 .text.OTG_FS_IRQHandler
                0x0000000008001034       0x14 ./Core/Src/stm32f4xx_it.o
                0x0000000008001034                OTG_FS_IRQHandler
 .text.DMA2_Stream7_IRQHandler
                0x0000000008001048       0x14 ./Core/Src/stm32f4xx_it.o
                0x0000000008001048                DMA2_Stream7_IRQHandler
 .text.SystemInit
                0x000000000800105c       0x24 ./Core/Src/system_stm32f4xx.o
                0x000000000800105c                SystemInit
 .text.Reset_Handler
                0x0000000008001080       0x50 ./Core/Startup/startup_stm32f401retx.o
                0x0000000008001080                Reset_Handler
 .text.Default_Handler
                0x00000000080010d0        0x2 ./Core/Startup/startup_stm32f401retx.o
                0x00000000080010d0                DMA1_Stream3_IRQHandler
                0x00000000080010d0                EXTI2_IRQHandler
                0x00000000080010d0                SPI4_IRQHandler
                0x00000000080010d0                TIM1_CC_IRQHandler
                0x00000000080010d0                DMA2_Stream5_IRQHandler
                0x00000000080010d0                PVD_IRQHandler
                0x00000000080010d0                SDIO_IRQHandler
                0x00000000080010d0                TAMP_STAMP_IRQHandler
                0x00000000080010d0                EXTI3_IRQHandler
                0x00000000080010d0                TIM1_UP_TIM10_IRQHandler
                0x00000000080010d0                I2C3_ER_IRQHandler
                0x00000000080010d0                EXTI0_IRQHandler
                0x00000000080010d0                I2C2_EV_IRQHandler
                0x00000000080010d0                DMA1_Stream2_IRQHandler
                0x00000000080010d0                FPU_IRQHandler
                0x00000000080010d0                SPI1_IRQHandler
                0x00000000080010d0                TIM1_BRK_TIM9_IRQHandler
                0x00000000080010d0                DMA2_Stream3_IRQHandler
                0x00000000080010d0                USART6_IRQHandler
                0x00000000080010d0                DMA2_Stream0_IRQHandler
                0x00000000080010d0                TIM4_IRQHandler
                0x00000000080010d0                I2C1_EV_IRQHandler
                0x00000000080010d0                DMA1_Stream1_IRQHandler
                0x00000000080010d0                TIM3_IRQHandler
                0x00000000080010d0                RCC_IRQHandler
                0x00000000080010d0                Default_Handler
                0x00000000080010d0                EXTI15_10_IRQHandler
                0x00000000080010d0                ADC_IRQHandler
                0x00000000080010d0                DMA1_Stream7_IRQHandler
                0x00000000080010d0                TIM5_IRQHandler
                0x00000000080010d0                I2C3_EV_IRQHandler
                0x00000000080010d0                EXTI9_5_IRQHandler
                0x00000000080010d0                RTC_WKUP_IRQHandler
                0x00000000080010d0                SPI2_IRQHandler
                0x00000000080010d0                DMA1_Stream0_IRQHandler
                0x00000000080010d0                EXTI4_IRQHandler
                0x00000000080010d0                WWDG_IRQHandler
                0x00000000080010d0                TIM2_IRQHandler
                0x00000000080010d0                OTG_FS_WKUP_IRQHandler
                0x00000000080010d0                TIM1_TRG_COM_TIM11_IRQHandler
                0x00000000080010d0                EXTI1_IRQHandler
                0x00000000080010d0                I2C2_ER_IRQHandler
                0x00000000080010d0                DMA2_Stream1_IRQHandler
                0x00000000080010d0                FLASH_IRQHandler
                0x00000000080010d0                DMA2_Stream4_IRQHandler
                0x00000000080010d0                SPI3_IRQHandler
                0x00000000080010d0                DMA1_Stream4_IRQHandler
                0x00000000080010d0                I2C1_ER_IRQHandler
                0x00000000080010d0                DMA2_Stream6_IRQHandler
                0x00000000080010d0                RTC_Alarm_IRQHandler
 *fill*         0x00000000080010d2        0x2 
 .text.D_Slider_SystickUpdate
                0x00000000080010d4       0xd4 ./Drivers/DeviceController/Src/DeviceController.o
                0x00000000080010d4                D_Slider_SystickUpdate
 .text.D_Slider_Start
                0x00000000080011a8       0x60 ./Drivers/DeviceController/Src/DeviceController.o
                0x00000000080011a8                D_Slider_Start
 .text.D_Slider_Send
                0x0000000008001208       0x48 ./Drivers/DeviceController/Src/DeviceController.o
                0x0000000008001208                D_Slider_Send
 .text.D_Slider_Receive
                0x0000000008001250       0x48 ./Drivers/DeviceController/Src/DeviceController.o
                0x0000000008001250                D_Slider_Receive
 .text.D_Slider_GetSensorData
                0x0000000008001298       0x38 ./Drivers/DeviceController/Src/DeviceController.o
                0x0000000008001298                D_Slider_GetSensorData
 .text.D_Slider_CheckData
                0x00000000080012d0       0xe4 ./Drivers/DeviceController/Src/DeviceController.o
                0x00000000080012d0                D_Slider_CheckData
 .text.D_Slider_CheckSum
                0x00000000080013b4       0x48 ./Drivers/DeviceController/Src/DeviceController.o
                0x00000000080013b4                D_Slider_CheckSum
 .text.D_Slider_SetColorData
                0x00000000080013fc      0x178 ./Drivers/DeviceController/Src/DeviceController.o
                0x00000000080013fc                D_Slider_SetColorData
 .text.D_Slider_TransitionCompletedCallBack
                0x0000000008001574       0x18 ./Drivers/DeviceController/Src/DeviceController.o
                0x0000000008001574                D_Slider_TransitionCompletedCallBack
 .text.D_Slider_ReceptionCompletedCallBack
                0x000000000800158c       0x5c ./Drivers/DeviceController/Src/DeviceController.o
                0x000000000800158c                D_Slider_ReceptionCompletedCallBack
 .text.D_GPIO_Read
                0x00000000080015e8       0x2a ./Drivers/GPIO/Src/GPIO.o
                0x00000000080015e8                D_GPIO_Read
 *fill*         0x0000000008001612        0x2 
 .text.D_Mess_flush
                0x0000000008001614       0x64 ./Drivers/Message/Src/message.o
                0x0000000008001614                D_Mess_flush
 .text.D_Mess_TransitionCompletedCallBack
                0x0000000008001678       0x18 ./Drivers/Message/Src/message.o
                0x0000000008001678                D_Mess_TransitionCompletedCallBack
 .text.D_Mess_ReceptionCompletedCallBack
                0x0000000008001690       0x18 ./Drivers/Message/Src/message.o
                0x0000000008001690                D_Mess_ReceptionCompletedCallBack
 .text.HAL_Init
                0x00000000080016a8       0x44 ./Drivers/STM32F4xx_HAL_Driver/Src/stm32f4xx_hal.o
                0x00000000080016a8                HAL_Init
 .text.HAL_InitTick
                0x00000000080016ec       0x60 ./Drivers/STM32F4xx_HAL_Driver/Src/stm32f4xx_hal.o
                0x00000000080016ec                HAL_InitTick
 .text.HAL_IncTick
                0x000000000800174c       0x28 ./Drivers/STM32F4xx_HAL_Driver/Src/stm32f4xx_hal.o
                0x000000000800174c                HAL_IncTick
 .text.HAL_GetTick
                0x0000000008001774       0x18 ./Drivers/STM32F4xx_HAL_Driver/Src/stm32f4xx_hal.o
                0x0000000008001774                HAL_GetTick
 .text.HAL_Delay
                0x000000000800178c       0x48 ./Drivers/STM32F4xx_HAL_Driver/Src/stm32f4xx_hal.o
                0x000000000800178c                HAL_Delay
 .text.__NVIC_SetPriorityGrouping
                0x00000000080017d4       0x48 ./Drivers/STM32F4xx_HAL_Driver/Src/stm32f4xx_hal_cortex.o
 .text.__NVIC_GetPriorityGrouping
                0x000000000800181c       0x1c ./Drivers/STM32F4xx_HAL_Driver/Src/stm32f4xx_hal_cortex.o
 .text.__NVIC_EnableIRQ
                0x0000000008001838       0x3c ./Drivers/STM32F4xx_HAL_Driver/Src/stm32f4xx_hal_cortex.o
 .text.__NVIC_SetPriority
                0x0000000008001874       0x54 ./Drivers/STM32F4xx_HAL_Driver/Src/stm32f4xx_hal_cortex.o
 .text.NVIC_EncodePriority
                0x00000000080018c8       0x66 ./Drivers/STM32F4xx_HAL_Driver/Src/stm32f4xx_hal_cortex.o
 *fill*         0x000000000800192e        0x2 
 .text.SysTick_Config
                0x0000000008001930       0x44 ./Drivers/STM32F4xx_HAL_Driver/Src/stm32f4xx_hal_cortex.o
 .text.HAL_NVIC_SetPriorityGrouping
                0x0000000008001974       0x16 ./Drivers/STM32F4xx_HAL_Driver/Src/stm32f4xx_hal_cortex.o
                0x0000000008001974                HAL_NVIC_SetPriorityGrouping
 .text.HAL_NVIC_SetPriority
                0x000000000800198a       0x38 ./Drivers/STM32F4xx_HAL_Driver/Src/stm32f4xx_hal_cortex.o
                0x000000000800198a                HAL_NVIC_SetPriority
 .text.HAL_NVIC_EnableIRQ
                0x00000000080019c2       0x1c ./Drivers/STM32F4xx_HAL_Driver/Src/stm32f4xx_hal_cortex.o
                0x00000000080019c2                HAL_NVIC_EnableIRQ
 .text.HAL_SYSTICK_Config
                0x00000000080019de       0x18 ./Drivers/STM32F4xx_HAL_Driver/Src/stm32f4xx_hal_cortex.o
                0x00000000080019de                HAL_SYSTICK_Config
 *fill*         0x00000000080019f6        0x2 
 .text.HAL_DMA_Init
                0x00000000080019f8      0x15c ./Drivers/STM32F4xx_HAL_Driver/Src/stm32f4xx_hal_dma.o
                0x00000000080019f8                HAL_DMA_Init
 .text.HAL_DMA_Start_IT
                0x0000000008001b54       0xb0 ./Drivers/STM32F4xx_HAL_Driver/Src/stm32f4xx_hal_dma.o
                0x0000000008001b54                HAL_DMA_Start_IT
 .text.HAL_DMA_Abort
                0x0000000008001c04       0xe0 ./Drivers/STM32F4xx_HAL_Driver/Src/stm32f4xx_hal_dma.o
                0x0000000008001c04                HAL_DMA_Abort
 .text.HAL_DMA_Abort_IT
                0x0000000008001ce4       0x44 ./Drivers/STM32F4xx_HAL_Driver/Src/stm32f4xx_hal_dma.o
                0x0000000008001ce4                HAL_DMA_Abort_IT
 .text.HAL_DMA_IRQHandler
                0x0000000008001d28      0x314 ./Drivers/STM32F4xx_HAL_Driver/Src/stm32f4xx_hal_dma.o
                0x0000000008001d28                HAL_DMA_IRQHandler
 .text.DMA_SetConfig
                0x000000000800203c       0x5c ./Drivers/STM32F4xx_HAL_Driver/Src/stm32f4xx_hal_dma.o
 .text.DMA_CalcBaseAndBitshift
                0x0000000008002098       0x6c ./Drivers/STM32F4xx_HAL_Driver/Src/stm32f4xx_hal_dma.o
 .text.DMA_CheckFifoParam
                0x0000000008002104       0xf8 ./Drivers/STM32F4xx_HAL_Driver/Src/stm32f4xx_hal_dma.o
 .text.HAL_GPIO_Init
                0x00000000080021fc      0x308 ./Drivers/STM32F4xx_HAL_Driver/Src/stm32f4xx_hal_gpio.o
                0x00000000080021fc                HAL_GPIO_Init
 .text.HAL_GPIO_ReadPin
                0x0000000008002504       0x30 ./Drivers/STM32F4xx_HAL_Driver/Src/stm32f4xx_hal_gpio.o
                0x0000000008002504                HAL_GPIO_ReadPin
 .text.HAL_GPIO_WritePin
                0x0000000008002534       0x32 ./Drivers/STM32F4xx_HAL_Driver/Src/stm32f4xx_hal_gpio.o
                0x0000000008002534                HAL_GPIO_WritePin
 .text.HAL_PCD_Init
                0x0000000008002566      0x23a ./Drivers/STM32F4xx_HAL_Driver/Src/stm32f4xx_hal_pcd.o
                0x0000000008002566                HAL_PCD_Init
 .text.HAL_PCD_Start
                0x00000000080027a0       0x66 ./Drivers/STM32F4xx_HAL_Driver/Src/stm32f4xx_hal_pcd.o
                0x00000000080027a0                HAL_PCD_Start
 .text.HAL_PCD_IRQHandler
                0x0000000008002806      0x764 ./Drivers/STM32F4xx_HAL_Driver/Src/stm32f4xx_hal_pcd.o
                0x0000000008002806                HAL_PCD_IRQHandler
 .text.HAL_PCD_SetAddress
                0x0000000008002f6a       0x4a ./Drivers/STM32F4xx_HAL_Driver/Src/stm32f4xx_hal_pcd.o
                0x0000000008002f6a                HAL_PCD_SetAddress
 .text.HAL_PCD_EP_Open
                0x0000000008002fb4       0xd0 ./Drivers/STM32F4xx_HAL_Driver/Src/stm32f4xx_hal_pcd.o
                0x0000000008002fb4                HAL_PCD_EP_Open
 .text.HAL_PCD_EP_Close
                0x0000000008003084       0x94 ./Drivers/STM32F4xx_HAL_Driver/Src/stm32f4xx_hal_pcd.o
                0x0000000008003084                HAL_PCD_EP_Close
 .text.HAL_PCD_EP_Receive
                0x0000000008003118       0x96 ./Drivers/STM32F4xx_HAL_Driver/Src/stm32f4xx_hal_pcd.o
                0x0000000008003118                HAL_PCD_EP_Receive
 .text.HAL_PCD_EP_Transmit
                0x00000000080031ae       0x94 ./Drivers/STM32F4xx_HAL_Driver/Src/stm32f4xx_hal_pcd.o
                0x00000000080031ae                HAL_PCD_EP_Transmit
 .text.HAL_PCD_EP_SetStall
                0x0000000008003242       0xc8 ./Drivers/STM32F4xx_HAL_Driver/Src/stm32f4xx_hal_pcd.o
                0x0000000008003242                HAL_PCD_EP_SetStall
 .text.HAL_PCD_EP_ClrStall
                0x000000000800330a       0xac ./Drivers/STM32F4xx_HAL_Driver/Src/stm32f4xx_hal_pcd.o
                0x000000000800330a                HAL_PCD_EP_ClrStall
 .text.PCD_WriteEmptyTxFifo
                0x00000000080033b6      0x11a ./Drivers/STM32F4xx_HAL_Driver/Src/stm32f4xx_hal_pcd.o
 .text.PCD_EP_OutXfrComplete_int
                0x00000000080034d0      0x218 ./Drivers/STM32F4xx_HAL_Driver/Src/stm32f4xx_hal_pcd.o
 .text.PCD_EP_OutSetupPacket_int
                0x00000000080036e8       0x8c ./Drivers/STM32F4xx_HAL_Driver/Src/stm32f4xx_hal_pcd.o
 .text.HAL_PCDEx_SetTxFiFo
                0x0000000008003774       0x8e ./Drivers/STM32F4xx_HAL_Driver/Src/stm32f4xx_hal_pcd_ex.o
                0x0000000008003774                HAL_PCDEx_SetTxFiFo
 .text.HAL_PCDEx_SetRxFiFo
                0x0000000008003802       0x22 ./Drivers/STM32F4xx_HAL_Driver/Src/stm32f4xx_hal_pcd_ex.o
                0x0000000008003802                HAL_PCDEx_SetRxFiFo
 .text.HAL_PCDEx_LPM_Callback
                0x0000000008003824       0x18 ./Drivers/STM32F4xx_HAL_Driver/Src/stm32f4xx_hal_pcd_ex.o
                0x0000000008003824                HAL_PCDEx_LPM_Callback
 .text.HAL_RCC_OscConfig
                0x000000000800383c      0x4f0 ./Drivers/STM32F4xx_HAL_Driver/Src/stm32f4xx_hal_rcc.o
                0x000000000800383c                HAL_RCC_OscConfig
 .text.HAL_RCC_ClockConfig
                0x0000000008003d2c      0x1cc ./Drivers/STM32F4xx_HAL_Driver/Src/stm32f4xx_hal_rcc.o
                0x0000000008003d2c                HAL_RCC_ClockConfig
 .text.HAL_RCC_GetSysClockFreq
                0x0000000008003ef8      0x1c4 ./Drivers/STM32F4xx_HAL_Driver/Src/stm32f4xx_hal_rcc.o
                0x0000000008003ef8                HAL_RCC_GetSysClockFreq
 .text.HAL_RCC_GetHCLKFreq
                0x00000000080040bc       0x18 ./Drivers/STM32F4xx_HAL_Driver/Src/stm32f4xx_hal_rcc.o
                0x00000000080040bc                HAL_RCC_GetHCLKFreq
 .text.HAL_RCC_GetPCLK1Freq
                0x00000000080040d4       0x28 ./Drivers/STM32F4xx_HAL_Driver/Src/stm32f4xx_hal_rcc.o
                0x00000000080040d4                HAL_RCC_GetPCLK1Freq
 .text.HAL_RCC_GetPCLK2Freq
                0x00000000080040fc       0x28 ./Drivers/STM32F4xx_HAL_Driver/Src/stm32f4xx_hal_rcc.o
                0x00000000080040fc                HAL_RCC_GetPCLK2Freq
 .text.HAL_UART_Init
                0x0000000008004124       0x9a ./Drivers/STM32F4xx_HAL_Driver/Src/stm32f4xx_hal_uart.o
                0x0000000008004124                HAL_UART_Init
 *fill*         0x00000000080041be        0x2 
 .text.HAL_UART_Transmit_DMA
                0x00000000080041c0       0xfc ./Drivers/STM32F4xx_HAL_Driver/Src/stm32f4xx_hal_uart.o
                0x00000000080041c0                HAL_UART_Transmit_DMA
 .text.HAL_UART_Receive_DMA
                0x00000000080042bc       0x60 ./Drivers/STM32F4xx_HAL_Driver/Src/stm32f4xx_hal_uart.o
                0x00000000080042bc                HAL_UART_Receive_DMA
 .text.HAL_UART_IRQHandler
                0x000000000800431c      0x51c ./Drivers/STM32F4xx_HAL_Driver/Src/stm32f4xx_hal_uart.o
                0x000000000800431c                HAL_UART_IRQHandler
 .text.HAL_UART_TxHalfCpltCallback
                0x0000000008004838       0x14 ./Drivers/STM32F4xx_HAL_Driver/Src/stm32f4xx_hal_uart.o
                0x0000000008004838                HAL_UART_TxHalfCpltCallback
 .text.HAL_UART_RxHalfCpltCallback
                0x000000000800484c       0x14 ./Drivers/STM32F4xx_HAL_Driver/Src/stm32f4xx_hal_uart.o
                0x000000000800484c                HAL_UART_RxHalfCpltCallback
 .text.HAL_UART_ErrorCallback
                0x0000000008004860       0x14 ./Drivers/STM32F4xx_HAL_Driver/Src/stm32f4xx_hal_uart.o
                0x0000000008004860                HAL_UART_ErrorCallback
 .text.HAL_UARTEx_RxEventCallback
                0x0000000008004874       0x18 ./Drivers/STM32F4xx_HAL_Driver/Src/stm32f4xx_hal_uart.o
                0x0000000008004874                HAL_UARTEx_RxEventCallback
 .text.UART_DMATransmitCplt
                0x000000000800488c       0x9a ./Drivers/STM32F4xx_HAL_Driver/Src/stm32f4xx_hal_uart.o
 .text.UART_DMATxHalfCplt
                0x0000000008004926       0x1c ./Drivers/STM32F4xx_HAL_Driver/Src/stm32f4xx_hal_uart.o
 .text.UART_DMAReceiveCplt
                0x0000000008004942      0x126 ./Drivers/STM32F4xx_HAL_Driver/Src/stm32f4xx_hal_uart.o
 .text.UART_DMARxHalfCplt
                0x0000000008004a68       0x36 ./Drivers/STM32F4xx_HAL_Driver/Src/stm32f4xx_hal_uart.o
 .text.UART_DMAError
                0x0000000008004a9e       0x94 ./Drivers/STM32F4xx_HAL_Driver/Src/stm32f4xx_hal_uart.o
 *fill*         0x0000000008004b32        0x2 
 .text.UART_Start_Receive_DMA
                0x0000000008004b34      0x134 ./Drivers/STM32F4xx_HAL_Driver/Src/stm32f4xx_hal_uart.o
                0x0000000008004b34                UART_Start_Receive_DMA
 .text.UART_EndTxTransfer
                0x0000000008004c68       0x50 ./Drivers/STM32F4xx_HAL_Driver/Src/stm32f4xx_hal_uart.o
 .text.UART_EndRxTransfer
                0x0000000008004cb8       0xc6 ./Drivers/STM32F4xx_HAL_Driver/Src/stm32f4xx_hal_uart.o
 .text.UART_DMAAbortOnError
                0x0000000008004d7e       0x28 ./Drivers/STM32F4xx_HAL_Driver/Src/stm32f4xx_hal_uart.o
 .text.UART_Transmit_IT
                0x0000000008004da6       0xa0 ./Drivers/STM32F4xx_HAL_Driver/Src/stm32f4xx_hal_uart.o
 .text.UART_EndTransmit_IT
                0x0000000008004e46       0x30 ./Drivers/STM32F4xx_HAL_Driver/Src/stm32f4xx_hal_uart.o
 .text.UART_Receive_IT
                0x0000000008004e76      0x176 ./Drivers/STM32F4xx_HAL_Driver/Src/stm32f4xx_hal_uart.o
 .text.UART_SetConfig
                0x0000000008004fec      0x390 ./Drivers/STM32F4xx_HAL_Driver/Src/stm32f4xx_hal_uart.o
 .text.USB_CoreInit
                0x000000000800537c       0xc2 ./Drivers/STM32F4xx_HAL_Driver/Src/stm32f4xx_ll_usb.o
                0x000000000800537c                USB_CoreInit
 *fill*         0x000000000800543e        0x2 
 .text.USB_SetTurnaroundTime
                0x0000000008005440      0x144 ./Drivers/STM32F4xx_HAL_Driver/Src/stm32f4xx_ll_usb.o
                0x0000000008005440                USB_SetTurnaroundTime
 .text.USB_EnableGlobalInt
                0x0000000008005584       0x22 ./Drivers/STM32F4xx_HAL_Driver/Src/stm32f4xx_ll_usb.o
                0x0000000008005584                USB_EnableGlobalInt
 .text.USB_DisableGlobalInt
                0x00000000080055a6       0x22 ./Drivers/STM32F4xx_HAL_Driver/Src/stm32f4xx_ll_usb.o
                0x00000000080055a6                USB_DisableGlobalInt
 .text.USB_SetCurrentMode
                0x00000000080055c8       0x98 ./Drivers/STM32F4xx_HAL_Driver/Src/stm32f4xx_ll_usb.o
                0x00000000080055c8                USB_SetCurrentMode
 .text.USB_DevInit
                0x0000000008005660      0x2c8 ./Drivers/STM32F4xx_HAL_Driver/Src/stm32f4xx_ll_usb.o
                0x0000000008005660                USB_DevInit
 .text.USB_FlushTxFifo
                0x0000000008005928       0x48 ./Drivers/STM32F4xx_HAL_Driver/Src/stm32f4xx_ll_usb.o
                0x0000000008005928                USB_FlushTxFifo
 .text.USB_FlushRxFifo
                0x0000000008005970       0x40 ./Drivers/STM32F4xx_HAL_Driver/Src/stm32f4xx_ll_usb.o
                0x0000000008005970                USB_FlushRxFifo
 .text.USB_SetDevSpeed
                0x00000000080059b0       0x32 ./Drivers/STM32F4xx_HAL_Driver/Src/stm32f4xx_ll_usb.o
                0x00000000080059b0                USB_SetDevSpeed
 .text.USB_GetDevSpeed
                0x00000000080059e2       0x4a ./Drivers/STM32F4xx_HAL_Driver/Src/stm32f4xx_ll_usb.o
                0x00000000080059e2                USB_GetDevSpeed
 .text.USB_ActivateEndpoint
                0x0000000008005a2c      0x10e ./Drivers/STM32F4xx_HAL_Driver/Src/stm32f4xx_ll_usb.o
                0x0000000008005a2c                USB_ActivateEndpoint
 *fill*         0x0000000008005b3a        0x2 
 .text.USB_DeactivateEndpoint
                0x0000000008005b3c      0x1b8 ./Drivers/STM32F4xx_HAL_Driver/Src/stm32f4xx_ll_usb.o
                0x0000000008005b3c                USB_DeactivateEndpoint
 .text.USB_EPStartXfer
                0x0000000008005cf4      0x488 ./Drivers/STM32F4xx_HAL_Driver/Src/stm32f4xx_ll_usb.o
                0x0000000008005cf4                USB_EPStartXfer
 .text.USB_EP0StartXfer
                0x000000000800617c      0x2a6 ./Drivers/STM32F4xx_HAL_Driver/Src/stm32f4xx_ll_usb.o
                0x000000000800617c                USB_EP0StartXfer
 .text.USB_WritePacket
                0x0000000008006422       0x7c ./Drivers/STM32F4xx_HAL_Driver/Src/stm32f4xx_ll_usb.o
                0x0000000008006422                USB_WritePacket
 .text.USB_ReadPacket
                0x000000000800649e       0xb0 ./Drivers/STM32F4xx_HAL_Driver/Src/stm32f4xx_ll_usb.o
                0x000000000800649e                USB_ReadPacket
 .text.USB_EPSetStall
                0x000000000800654e       0xdc ./Drivers/STM32F4xx_HAL_Driver/Src/stm32f4xx_ll_usb.o
                0x000000000800654e                USB_EPSetStall
 .text.USB_EPClearStall
                0x000000000800662a       0xcc ./Drivers/STM32F4xx_HAL_Driver/Src/stm32f4xx_ll_usb.o
                0x000000000800662a                USB_EPClearStall
 .text.USB_SetDevAddress
                0x00000000080066f6       0x4c ./Drivers/STM32F4xx_HAL_Driver/Src/stm32f4xx_ll_usb.o
                0x00000000080066f6                USB_SetDevAddress
 .text.USB_DevConnect
                0x0000000008006742       0x42 ./Drivers/STM32F4xx_HAL_Driver/Src/stm32f4xx_ll_usb.o
                0x0000000008006742                USB_DevConnect
 .text.USB_DevDisconnect
                0x0000000008006784       0x42 ./Drivers/STM32F4xx_HAL_Driver/Src/stm32f4xx_ll_usb.o
                0x0000000008006784                USB_DevDisconnect
 .text.USB_ReadInterrupts
                0x00000000080067c6       0x26 ./Drivers/STM32F4xx_HAL_Driver/Src/stm32f4xx_ll_usb.o
                0x00000000080067c6                USB_ReadInterrupts
 .text.USB_ReadDevAllOutEpInterrupt
                0x00000000080067ec       0x34 ./Drivers/STM32F4xx_HAL_Driver/Src/stm32f4xx_ll_usb.o
                0x00000000080067ec                USB_ReadDevAllOutEpInterrupt
 .text.USB_ReadDevAllInEpInterrupt
                0x0000000008006820       0x34 ./Drivers/STM32F4xx_HAL_Driver/Src/stm32f4xx_ll_usb.o
                0x0000000008006820                USB_ReadDevAllInEpInterrupt
 .text.USB_ReadDevOutEPInterrupt
                0x0000000008006854       0x3c ./Drivers/STM32F4xx_HAL_Driver/Src/stm32f4xx_ll_usb.o
                0x0000000008006854                USB_ReadDevOutEPInterrupt
 .text.USB_ReadDevInEPInterrupt
                0x0000000008006890       0x5c ./Drivers/STM32F4xx_HAL_Driver/Src/stm32f4xx_ll_usb.o
                0x0000000008006890                USB_ReadDevInEPInterrupt
 .text.USB_GetMode
                0x00000000080068ec       0x1c ./Drivers/STM32F4xx_HAL_Driver/Src/stm32f4xx_ll_usb.o
                0x00000000080068ec                USB_GetMode
 .text.USB_ActivateSetup
                0x0000000008006908       0x46 ./Drivers/STM32F4xx_HAL_Driver/Src/stm32f4xx_ll_usb.o
                0x0000000008006908                USB_ActivateSetup
 *fill*         0x000000000800694e        0x2 
 .text.USB_EP0_OutStart
                0x0000000008006950       0xbc ./Drivers/STM32F4xx_HAL_Driver/Src/stm32f4xx_ll_usb.o
                0x0000000008006950                USB_EP0_OutStart
 .text.USB_CoreReset
                0x0000000008006a0c       0x64 ./Drivers/STM32F4xx_HAL_Driver/Src/stm32f4xx_ll_usb.o
 .text.USBD_HID_Init
                0x0000000008006a70       0x66 ./Middlewares/ST/STM32_USB_Device_Library/Class/HID/Src/usbd_hid.o
 .text.USBD_HID_DeInit
                0x0000000008006ad6       0x48 ./Middlewares/ST/STM32_USB_Device_Library/Class/HID/Src/usbd_hid.o
 *fill*         0x0000000008006b1e        0x2 
 .text.USBD_HID_Setup
                0x0000000008006b20      0x208 ./Middlewares/ST/STM32_USB_Device_Library/Class/HID/Src/usbd_hid.o
 .text.USBD_HID_GetFSCfgDesc
                0x0000000008006d28       0x20 ./Middlewares/ST/STM32_USB_Device_Library/Class/HID/Src/usbd_hid.o
 .text.USBD_HID_GetHSCfgDesc
                0x0000000008006d48       0x20 ./Middlewares/ST/STM32_USB_Device_Library/Class/HID/Src/usbd_hid.o
 .text.USBD_HID_GetOtherSpeedCfgDesc
                0x0000000008006d68       0x20 ./Middlewares/ST/STM32_USB_Device_Library/Class/HID/Src/usbd_hid.o
 .text.USBD_HID_DataIn
                0x0000000008006d88       0x24 ./Middlewares/ST/STM32_USB_Device_Library/Class/HID/Src/usbd_hid.o
 .text.USBD_HID_GetDeviceQualifierDesc
                0x0000000008006dac       0x20 ./Middlewares/ST/STM32_USB_Device_Library/Class/HID/Src/usbd_hid.o
 .text.USBD_Init
                0x0000000008006dcc       0x60 ./Middlewares/ST/STM32_USB_Device_Library/Core/Src/usbd_core.o
                0x0000000008006dcc                USBD_Init
 .text.USBD_RegisterClass
                0x0000000008006e2c       0x4e ./Middlewares/ST/STM32_USB_Device_Library/Core/Src/usbd_core.o
                0x0000000008006e2c                USBD_RegisterClass
 .text.USBD_Start
                0x0000000008006e7a       0x18 ./Middlewares/ST/STM32_USB_Device_Library/Core/Src/usbd_core.o
                0x0000000008006e7a                USBD_Start
 .text.USBD_RunTestMode
                0x0000000008006e92       0x16 ./Middlewares/ST/STM32_USB_Device_Library/Core/Src/usbd_core.o
                0x0000000008006e92                USBD_RunTestMode
 .text.USBD_SetClassConfig
                0x0000000008006ea8       0x38 ./Middlewares/ST/STM32_USB_Device_Library/Core/Src/usbd_core.o
                0x0000000008006ea8                USBD_SetClassConfig
 .text.USBD_ClrClassConfig
                0x0000000008006ee0       0x30 ./Middlewares/ST/STM32_USB_Device_Library/Core/Src/usbd_core.o
                0x0000000008006ee0                USBD_ClrClassConfig
 .text.USBD_LL_SetupStage
                0x0000000008006f10       0xaa ./Middlewares/ST/STM32_USB_Device_Library/Core/Src/usbd_core.o
                0x0000000008006f10                USBD_LL_SetupStage
 .text.USBD_LL_DataOutStage
                0x0000000008006fba       0xc6 ./Middlewares/ST/STM32_USB_Device_Library/Core/Src/usbd_core.o
                0x0000000008006fba                USBD_LL_DataOutStage
 .text.USBD_LL_DataInStage
                0x0000000008007080      0x12c ./Middlewares/ST/STM32_USB_Device_Library/Core/Src/usbd_core.o
                0x0000000008007080                USBD_LL_DataInStage
 .text.USBD_LL_Reset
                0x00000000080071ac       0x9c ./Middlewares/ST/STM32_USB_Device_Library/Core/Src/usbd_core.o
                0x00000000080071ac                USBD_LL_Reset
 .text.USBD_LL_SetSpeed
                0x0000000008007248       0x20 ./Middlewares/ST/STM32_USB_Device_Library/Core/Src/usbd_core.o
                0x0000000008007248                USBD_LL_SetSpeed
 .text.USBD_LL_Suspend
                0x0000000008007268       0x2c ./Middlewares/ST/STM32_USB_Device_Library/Core/Src/usbd_core.o
                0x0000000008007268                USBD_LL_Suspend
 .text.USBD_LL_Resume
                0x0000000008007294       0x30 ./Middlewares/ST/STM32_USB_Device_Library/Core/Src/usbd_core.o
                0x0000000008007294                USBD_LL_Resume
 .text.USBD_LL_SOF
                0x00000000080072c4       0x44 ./Middlewares/ST/STM32_USB_Device_Library/Core/Src/usbd_core.o
                0x00000000080072c4                USBD_LL_SOF
 .text.USBD_LL_IsoINIncomplete
                0x0000000008007308       0x4c ./Middlewares/ST/STM32_USB_Device_Library/Core/Src/usbd_core.o
                0x0000000008007308                USBD_LL_IsoINIncomplete
 .text.USBD_LL_IsoOUTIncomplete
                0x0000000008007354       0x4c ./Middlewares/ST/STM32_USB_Device_Library/Core/Src/usbd_core.o
                0x0000000008007354                USBD_LL_IsoOUTIncomplete
 .text.USBD_LL_DevConnected
                0x00000000080073a0       0x16 ./Middlewares/ST/STM32_USB_Device_Library/Core/Src/usbd_core.o
                0x00000000080073a0                USBD_LL_DevConnected
 .text.USBD_LL_DevDisconnected
                0x00000000080073b6       0x38 ./Middlewares/ST/STM32_USB_Device_Library/Core/Src/usbd_core.o
                0x00000000080073b6                USBD_LL_DevDisconnected
 .text.SWAPBYTE
                0x00000000080073ee       0x3c ./Middlewares/ST/STM32_USB_Device_Library/Core/Src/usbd_ctlreq.o
 *fill*         0x000000000800742a        0x2 
 .text.USBD_StdDevReq
                0x000000000800742c       0xdc ./Middlewares/ST/STM32_USB_Device_Library/Core/Src/usbd_ctlreq.o
                0x000000000800742c                USBD_StdDevReq
 .text.USBD_StdItfReq
                0x0000000008007508       0x92 ./Middlewares/ST/STM32_USB_Device_Library/Core/Src/usbd_ctlreq.o
                0x0000000008007508                USBD_StdItfReq
 .text.USBD_StdEPReq
                0x000000000800759a      0x2c4 ./Middlewares/ST/STM32_USB_Device_Library/Core/Src/usbd_ctlreq.o
                0x000000000800759a                USBD_StdEPReq
 *fill*         0x000000000800785e        0x2 
 .text.USBD_GetDescriptor
                0x0000000008007860      0x2d4 ./Middlewares/ST/STM32_USB_Device_Library/Core/Src/usbd_ctlreq.o
 .text.USBD_SetAddress
                0x0000000008007b34       0x88 ./Middlewares/ST/STM32_USB_Device_Library/Core/Src/usbd_ctlreq.o
 .text.USBD_SetConfig
                0x0000000008007bbc      0x14c ./Middlewares/ST/STM32_USB_Device_Library/Core/Src/usbd_ctlreq.o
 .text.USBD_GetConfig
                0x0000000008007d08       0x6c ./Middlewares/ST/STM32_USB_Device_Library/Core/Src/usbd_ctlreq.o
 .text.USBD_GetStatus
                0x0000000008007d74       0x68 ./Middlewares/ST/STM32_USB_Device_Library/Core/Src/usbd_ctlreq.o
 .text.USBD_SetFeature
                0x0000000008007ddc       0x28 ./Middlewares/ST/STM32_USB_Device_Library/Core/Src/usbd_ctlreq.o
 .text.USBD_ClrFeature
                0x0000000008007e04       0x44 ./Middlewares/ST/STM32_USB_Device_Library/Core/Src/usbd_ctlreq.o
 .text.USBD_ParseSetupRequest
                0x0000000008007e48       0x74 ./Middlewares/ST/STM32_USB_Device_Library/Core/Src/usbd_ctlreq.o
                0x0000000008007e48                USBD_ParseSetupRequest
 .text.USBD_CtlError
                0x0000000008007ebc       0x22 ./Middlewares/ST/STM32_USB_Device_Library/Core/Src/usbd_ctlreq.o
                0x0000000008007ebc                USBD_CtlError
 .text.USBD_GetString
                0x0000000008007ede       0x8c ./Middlewares/ST/STM32_USB_Device_Library/Core/Src/usbd_ctlreq.o
                0x0000000008007ede                USBD_GetString
 .text.USBD_GetLen
                0x0000000008007f6a       0x34 ./Middlewares/ST/STM32_USB_Device_Library/Core/Src/usbd_ctlreq.o
 .text.USBD_CtlSendData
                0x0000000008007f9e       0x36 ./Middlewares/ST/STM32_USB_Device_Library/Core/Src/usbd_ioreq.o
                0x0000000008007f9e                USBD_CtlSendData
 .text.USBD_CtlContinueSendData
                0x0000000008007fd4       0x22 ./Middlewares/ST/STM32_USB_Device_Library/Core/Src/usbd_ioreq.o
                0x0000000008007fd4                USBD_CtlContinueSendData
 .text.USBD_CtlContinueRx
                0x0000000008007ff6       0x22 ./Middlewares/ST/STM32_USB_Device_Library/Core/Src/usbd_ioreq.o
                0x0000000008007ff6                USBD_CtlContinueRx
 .text.USBD_CtlSendStatus
                0x0000000008008018       0x26 ./Middlewares/ST/STM32_USB_Device_Library/Core/Src/usbd_ioreq.o
                0x0000000008008018                USBD_CtlSendStatus
 .text.USBD_CtlReceiveStatus
                0x000000000800803e       0x26 ./Middlewares/ST/STM32_USB_Device_Library/Core/Src/usbd_ioreq.o
                0x000000000800803e                USBD_CtlReceiveStatus
 .text.MX_USB_DEVICE_Init
                0x0000000008008064       0x4c ./USB_DEVICE/App/usb_device.o
                0x0000000008008064                MX_USB_DEVICE_Init
 .text.USBD_FS_DeviceDescriptor
                0x00000000080080b0       0x24 ./USB_DEVICE/App/usbd_desc.o
                0x00000000080080b0                USBD_FS_DeviceDescriptor
 .text.USBD_FS_LangIDStrDescriptor
                0x00000000080080d4       0x24 ./USB_DEVICE/App/usbd_desc.o
                0x00000000080080d4                USBD_FS_LangIDStrDescriptor
 .text.USBD_FS_ProductStrDescriptor
                0x00000000080080f8       0x3c ./USB_DEVICE/App/usbd_desc.o
                0x00000000080080f8                USBD_FS_ProductStrDescriptor
 .text.USBD_FS_ManufacturerStrDescriptor
                0x0000000008008134       0x28 ./USB_DEVICE/App/usbd_desc.o
                0x0000000008008134                USBD_FS_ManufacturerStrDescriptor
 .text.USBD_FS_SerialStrDescriptor
                0x000000000800815c       0x24 ./USB_DEVICE/App/usbd_desc.o
                0x000000000800815c                USBD_FS_SerialStrDescriptor
 .text.USBD_FS_ConfigStrDescriptor
                0x0000000008008180       0x3c ./USB_DEVICE/App/usbd_desc.o
                0x0000000008008180                USBD_FS_ConfigStrDescriptor
 .text.USBD_FS_InterfaceStrDescriptor
                0x00000000080081bc       0x3c ./USB_DEVICE/App/usbd_desc.o
                0x00000000080081bc                USBD_FS_InterfaceStrDescriptor
 .text.Get_SerialNum
                0x00000000080081f8       0x58 ./USB_DEVICE/App/usbd_desc.o
 .text.IntToUnicode
                0x0000000008008250       0x7e ./USB_DEVICE/App/usbd_desc.o
 *fill*         0x00000000080082ce        0x2 
 .text.HAL_PCD_MspInit
                0x00000000080082d0       0xcc ./USB_DEVICE/Target/usbd_conf.o
                0x00000000080082d0                HAL_PCD_MspInit
 .text.HAL_PCD_SetupStageCallback
                0x000000000800839c       0x24 ./USB_DEVICE/Target/usbd_conf.o
                0x000000000800839c                HAL_PCD_SetupStageCallback
 .text.HAL_PCD_DataOutStageCallback
                0x00000000080083c0       0x36 ./USB_DEVICE/Target/usbd_conf.o
                0x00000000080083c0                HAL_PCD_DataOutStageCallback
 .text.HAL_PCD_DataInStageCallback
                0x00000000080083f6       0x34 ./USB_DEVICE/Target/usbd_conf.o
                0x00000000080083f6                HAL_PCD_DataInStageCallback
 .text.HAL_PCD_SOFCallback
                0x000000000800842a       0x1c ./USB_DEVICE/Target/usbd_conf.o
                0x000000000800842a                HAL_PCD_SOFCallback
 .text.HAL_PCD_ResetCallback
                0x0000000008008446       0x50 ./USB_DEVICE/Target/usbd_conf.o
                0x0000000008008446                HAL_PCD_ResetCallback
 *fill*         0x0000000008008496        0x2 
 .text.HAL_PCD_SuspendCallback
                0x0000000008008498       0x4c ./USB_DEVICE/Target/usbd_conf.o
                0x0000000008008498                HAL_PCD_SuspendCallback
 .text.HAL_PCD_ResumeCallback
                0x00000000080084e4       0x1c ./USB_DEVICE/Target/usbd_conf.o
                0x00000000080084e4                HAL_PCD_ResumeCallback
 .text.HAL_PCD_ISOOUTIncompleteCallback
                0x0000000008008500       0x24 ./USB_DEVICE/Target/usbd_conf.o
                0x0000000008008500                HAL_PCD_ISOOUTIncompleteCallback
 .text.HAL_PCD_ISOINIncompleteCallback
                0x0000000008008524       0x24 ./USB_DEVICE/Target/usbd_conf.o
                0x0000000008008524                HAL_PCD_ISOINIncompleteCallback
 .text.HAL_PCD_ConnectCallback
                0x0000000008008548       0x1c ./USB_DEVICE/Target/usbd_conf.o
                0x0000000008008548                HAL_PCD_ConnectCallback
 .text.HAL_PCD_DisconnectCallback
                0x0000000008008564       0x1c ./USB_DEVICE/Target/usbd_conf.o
                0x0000000008008564                HAL_PCD_DisconnectCallback
 .text.USBD_LL_Init
                0x0000000008008580       0x98 ./USB_DEVICE/Target/usbd_conf.o
                0x0000000008008580                USBD_LL_Init
 .text.USBD_LL_Start
                0x0000000008008618       0x36 ./USB_DEVICE/Target/usbd_conf.o
                0x0000000008008618                USBD_LL_Start
 .text.USBD_LL_OpenEP
                0x000000000800864e       0x4c ./USB_DEVICE/Target/usbd_conf.o
                0x000000000800864e                USBD_LL_OpenEP
 .text.USBD_LL_CloseEP
                0x000000000800869a       0x3e ./USB_DEVICE/Target/usbd_conf.o
                0x000000000800869a                USBD_LL_CloseEP
 .text.USBD_LL_StallEP
                0x00000000080086d8       0x3e ./USB_DEVICE/Target/usbd_conf.o
                0x00000000080086d8                USBD_LL_StallEP
 .text.USBD_LL_ClearStallEP
                0x0000000008008716       0x3e ./USB_DEVICE/Target/usbd_conf.o
                0x0000000008008716                USBD_LL_ClearStallEP
 .text.USBD_LL_IsStallEP
                0x0000000008008754       0x58 ./USB_DEVICE/Target/usbd_conf.o
                0x0000000008008754                USBD_LL_IsStallEP
 .text.USBD_LL_SetUSBAddress
                0x00000000080087ac       0x3e ./USB_DEVICE/Target/usbd_conf.o
                0x00000000080087ac                USBD_LL_SetUSBAddress
 .text.USBD_LL_Transmit
                0x00000000080087ea       0x42 ./USB_DEVICE/Target/usbd_conf.o
                0x00000000080087ea                USBD_LL_Transmit
 .text.USBD_LL_PrepareReceive
                0x000000000800882c       0x42 ./USB_DEVICE/Target/usbd_conf.o
                0x000000000800882c                USBD_LL_PrepareReceive
 *fill*         0x000000000800886e        0x2 
 .text.USBD_static_malloc
                0x0000000008008870       0x1c ./USB_DEVICE/Target/usbd_conf.o
                0x0000000008008870                USBD_static_malloc
 .text.USBD_static_free
                0x000000000800888c       0x14 ./USB_DEVICE/Target/usbd_conf.o
                0x000000000800888c                USBD_static_free
 .text.USBD_Get_USB_Status
                0x00000000080088a0       0x58 ./USB_DEVICE/Target/usbd_conf.o
                0x00000000080088a0                USBD_Get_USB_Status
 .text.__libc_init_array
                0x00000000080088f8       0x48 /Applications/STM32CubeIDE.app/Contents/Eclipse/plugins/com.st.stm32cube.ide.mcu.externaltools.gnu-tools-for-stm32.9-2020-q2-update.macos64_2.0.0.202105311346/tools/bin/../lib/gcc/arm-none-eabi/9.3.1/../../../../arm-none-eabi/lib/thumb/v7e-m+fp/hard/libc_nano.a(lib_a-init.o)
                0x00000000080088f8                __libc_init_array
 .text.memset   0x0000000008008940       0x10 /Applications/STM32CubeIDE.app/Contents/Eclipse/plugins/com.st.stm32cube.ide.mcu.externaltools.gnu-tools-for-stm32.9-2020-q2-update.macos64_2.0.0.202105311346/tools/bin/../lib/gcc/arm-none-eabi/9.3.1/../../../../arm-none-eabi/lib/thumb/v7e-m+fp/hard/libc_nano.a(lib_a-memset.o)
                0x0000000008008940                memset
 *(.glue_7)
 .glue_7        0x0000000008008950        0x0 linker stubs
 *(.glue_7t)
 .glue_7t       0x0000000008008950        0x0 linker stubs
 *(.eh_frame)
 .eh_frame      0x0000000008008950        0x0 /Applications/STM32CubeIDE.app/Contents/Eclipse/plugins/com.st.stm32cube.ide.mcu.externaltools.gnu-tools-for-stm32.9-2020-q2-update.macos64_2.0.0.202105311346/tools/bin/../lib/gcc/arm-none-eabi/9.3.1/thumb/v7e-m+fp/hard/crtbegin.o
 *(.init)
 .init          0x0000000008008950        0x4 /Applications/STM32CubeIDE.app/Contents/Eclipse/plugins/com.st.stm32cube.ide.mcu.externaltools.gnu-tools-for-stm32.9-2020-q2-update.macos64_2.0.0.202105311346/tools/bin/../lib/gcc/arm-none-eabi/9.3.1/thumb/v7e-m+fp/hard/crti.o
                0x0000000008008950                _init
 .init          0x0000000008008954        0x8 /Applications/STM32CubeIDE.app/Contents/Eclipse/plugins/com.st.stm32cube.ide.mcu.externaltools.gnu-tools-for-stm32.9-2020-q2-update.macos64_2.0.0.202105311346/tools/bin/../lib/gcc/arm-none-eabi/9.3.1/thumb/v7e-m+fp/hard/crtn.o
 *(.fini)
 .fini          0x000000000800895c        0x4 /Applications/STM32CubeIDE.app/Contents/Eclipse/plugins/com.st.stm32cube.ide.mcu.externaltools.gnu-tools-for-stm32.9-2020-q2-update.macos64_2.0.0.202105311346/tools/bin/../lib/gcc/arm-none-eabi/9.3.1/thumb/v7e-m+fp/hard/crti.o
                0x000000000800895c                _fini
 .fini          0x0000000008008960        0x8 /Applications/STM32CubeIDE.app/Contents/Eclipse/plugins/com.st.stm32cube.ide.mcu.externaltools.gnu-tools-for-stm32.9-2020-q2-update.macos64_2.0.0.202105311346/tools/bin/../lib/gcc/arm-none-eabi/9.3.1/thumb/v7e-m+fp/hard/crtn.o
                0x0000000008008968                . = ALIGN (0x4)
                0x0000000008008968                _etext = .

.vfp11_veneer   0x0000000008008968        0x0
 .vfp11_veneer  0x0000000008008968        0x0 linker stubs

.v4_bx          0x0000000008008968        0x0
 .v4_bx         0x0000000008008968        0x0 linker stubs

.iplt           0x0000000008008968        0x0
 .iplt          0x0000000008008968        0x0 /Applications/STM32CubeIDE.app/Contents/Eclipse/plugins/com.st.stm32cube.ide.mcu.externaltools.gnu-tools-for-stm32.9-2020-q2-update.macos64_2.0.0.202105311346/tools/bin/../lib/gcc/arm-none-eabi/9.3.1/thumb/v7e-m+fp/hard/crtbegin.o

.rodata         0x0000000008008968       0x68
                0x0000000008008968                . = ALIGN (0x4)
 *(.rodata)
 .rodata        0x0000000008008968       0x46 ./USB_DEVICE/App/usbd_desc.o
 *(.rodata*)
 *fill*         0x00000000080089ae        0x2 
 .rodata.AHBPrescTable
                0x00000000080089b0       0x10 ./Core/Src/system_stm32f4xx.o
                0x00000000080089b0                AHBPrescTable
 .rodata.APBPrescTable
                0x00000000080089c0        0x8 ./Core/Src/system_stm32f4xx.o
                0x00000000080089c0                APBPrescTable
 .rodata.flagBitshiftOffset.7964
                0x00000000080089c8        0x8 ./Drivers/STM32F4xx_HAL_Driver/Src/stm32f4xx_hal_dma.o
                0x00000000080089d0                . = ALIGN (0x4)

.ARM.extab      0x00000000080089d0        0x0
                0x00000000080089d0                . = ALIGN (0x4)
 *(.ARM.extab* .gnu.linkonce.armextab.*)
                0x00000000080089d0                . = ALIGN (0x4)

.ARM            0x00000000080089d0        0x8
                0x00000000080089d0                . = ALIGN (0x4)
                0x00000000080089d0                __exidx_start = .
 *(.ARM.exidx*)
 .ARM.exidx     0x00000000080089d0        0x8 /Applications/STM32CubeIDE.app/Contents/Eclipse/plugins/com.st.stm32cube.ide.mcu.externaltools.gnu-tools-for-stm32.9-2020-q2-update.macos64_2.0.0.202105311346/tools/bin/../lib/gcc/arm-none-eabi/9.3.1/thumb/v7e-m+fp/hard/libgcc.a(_udivmoddi4.o)
                0x00000000080089d8                __exidx_end = .
                0x00000000080089d8                . = ALIGN (0x4)

.rel.dyn        0x00000000080089d8        0x0
 .rel.iplt      0x00000000080089d8        0x0 /Applications/STM32CubeIDE.app/Contents/Eclipse/plugins/com.st.stm32cube.ide.mcu.externaltools.gnu-tools-for-stm32.9-2020-q2-update.macos64_2.0.0.202105311346/tools/bin/../lib/gcc/arm-none-eabi/9.3.1/thumb/v7e-m+fp/hard/crtbegin.o

.preinit_array  0x00000000080089d8        0x0
                0x00000000080089d8                . = ALIGN (0x4)
                0x00000000080089d8                PROVIDE (__preinit_array_start = .)
 *(.preinit_array*)
                0x00000000080089d8                PROVIDE (__preinit_array_end = .)
                0x00000000080089d8                . = ALIGN (0x4)

.init_array     0x00000000080089d8        0x4
                0x00000000080089d8                . = ALIGN (0x4)
                0x00000000080089d8                PROVIDE (__init_array_start = .)
 *(SORT_BY_NAME(.init_array.*))
 *(.init_array*)
 .init_array    0x00000000080089d8        0x4 /Applications/STM32CubeIDE.app/Contents/Eclipse/plugins/com.st.stm32cube.ide.mcu.externaltools.gnu-tools-for-stm32.9-2020-q2-update.macos64_2.0.0.202105311346/tools/bin/../lib/gcc/arm-none-eabi/9.3.1/thumb/v7e-m+fp/hard/crtbegin.o
                0x00000000080089dc                PROVIDE (__init_array_end = .)
                0x00000000080089dc                . = ALIGN (0x4)

.fini_array     0x00000000080089dc        0x4
                0x00000000080089dc                . = ALIGN (0x4)
                [!provide]                        PROVIDE (__fini_array_start = .)
 *(SORT_BY_NAME(.fini_array.*))
 *(.fini_array*)
 .fini_array    0x00000000080089dc        0x4 /Applications/STM32CubeIDE.app/Contents/Eclipse/plugins/com.st.stm32cube.ide.mcu.externaltools.gnu-tools-for-stm32.9-2020-q2-update.macos64_2.0.0.202105311346/tools/bin/../lib/gcc/arm-none-eabi/9.3.1/thumb/v7e-m+fp/hard/crtbegin.o
                [!provide]                        PROVIDE (__fini_array_end = .)
                0x00000000080089e0                . = ALIGN (0x4)
                0x00000000080089e0                _sidata = LOADADDR (.data)

.data           0x0000000020000000      0x158 load address 0x00000000080089e0
                0x0000000020000000                . = ALIGN (0x4)
                0x0000000020000000                _sdata = .
 *(.data)
 *(.data*)
 .data.sendLength.9074
                0x0000000020000000        0x4 ./Core/Src/app.o
 .data.testCount2.9070
                0x0000000020000004        0x4 ./Core/Src/app.o
 .data.testCount.9068
                0x0000000020000008        0x4 ./Core/Src/app.o
 .data.SystemCoreClock
                0x000000002000000c        0x4 ./Core/Src/system_stm32f4xx.o
                0x000000002000000c                SystemCoreClock
 .data.had_completed_tx
                0x0000000020000010        0x1 ./Drivers/DeviceController/Src/DeviceController.o
 .data.had_completed_rx
                0x0000000020000011        0x1 ./Drivers/DeviceController/Src/DeviceController.o
 .data.had_completed_tx
                0x0000000020000012        0x1 ./Drivers/Message/Src/message.o
 .data.had_completed_rx
                0x0000000020000013        0x1 ./Drivers/Message/Src/message.o
 .data.uwTickPrio
                0x0000000020000014        0x4 ./Drivers/STM32F4xx_HAL_Driver/Src/stm32f4xx_hal.o
                0x0000000020000014                uwTickPrio
 .data.uwTickFreq
                0x0000000020000018        0x1 ./Drivers/STM32F4xx_HAL_Driver/Src/stm32f4xx_hal.o
                0x0000000020000018                uwTickFreq
 *fill*         0x0000000020000019        0x3 
 .data.USBD_HID
                0x000000002000001c       0x38 ./Middlewares/ST/STM32_USB_Device_Library/Class/HID/Src/usbd_hid.o
                0x000000002000001c                USBD_HID
 .data.USBD_HID_CfgFSDesc
                0x0000000020000054       0x22 ./Middlewares/ST/STM32_USB_Device_Library/Class/HID/Src/usbd_hid.o
 *fill*         0x0000000020000076        0x2 
 .data.USBD_HID_CfgHSDesc
                0x0000000020000078       0x22 ./Middlewares/ST/STM32_USB_Device_Library/Class/HID/Src/usbd_hid.o
 *fill*         0x000000002000009a        0x2 
 .data.USBD_HID_OtherSpeedCfgDesc
                0x000000002000009c       0x22 ./Middlewares/ST/STM32_USB_Device_Library/Class/HID/Src/usbd_hid.o
 *fill*         0x00000000200000be        0x2 
 .data.USBD_HID_Desc
                0x00000000200000c0        0x9 ./Middlewares/ST/STM32_USB_Device_Library/Class/HID/Src/usbd_hid.o
 *fill*         0x00000000200000c9        0x3 
 .data.USBD_HID_DeviceQualifierDesc
                0x00000000200000cc        0xa ./Middlewares/ST/STM32_USB_Device_Library/Class/HID/Src/usbd_hid.o
 *fill*         0x00000000200000d6        0x2 
 .data.HID_MOUSE_ReportDesc
                0x00000000200000d8       0x2d ./Middlewares/ST/STM32_USB_Device_Library/Class/HID/Src/usbd_hid.o
 *fill*         0x0000000020000105        0x3 
 .data.FS_Desc  0x0000000020000108       0x1c ./USB_DEVICE/App/usbd_desc.o
                0x0000000020000108                FS_Desc
 .data.USBD_FS_DeviceDesc
                0x0000000020000124       0x12 ./USB_DEVICE/App/usbd_desc.o
                0x0000000020000124                USBD_FS_DeviceDesc
 *fill*         0x0000000020000136        0x2 
 .data.USBD_LangIDDesc
                0x0000000020000138        0x4 ./USB_DEVICE/App/usbd_desc.o
                0x0000000020000138                USBD_LangIDDesc
 .data.USBD_StringSerial
                0x000000002000013c       0x1a ./USB_DEVICE/App/usbd_desc.o
                0x000000002000013c                USBD_StringSerial
 *(.RamFunc)
 *(.RamFunc*)
                0x0000000020000158                . = ALIGN (0x4)
 *fill*         0x0000000020000156        0x2 
                0x0000000020000158                _edata = .

.igot.plt       0x0000000020000158        0x0 load address 0x0000000008008b38
 .igot.plt      0x0000000020000158        0x0 /Applications/STM32CubeIDE.app/Contents/Eclipse/plugins/com.st.stm32cube.ide.mcu.externaltools.gnu-tools-for-stm32.9-2020-q2-update.macos64_2.0.0.202105311346/tools/bin/../lib/gcc/arm-none-eabi/9.3.1/thumb/v7e-m+fp/hard/crtbegin.o
                0x0000000020000158                . = ALIGN (0x4)

.bss            0x0000000020000158     0x10e0 load address 0x0000000008008b38
                0x0000000020000158                _sbss = .
                0x0000000020000158                __bss_start__ = _sbss
 *(.bss)
 .bss           0x0000000020000158       0x1c /Applications/STM32CubeIDE.app/Contents/Eclipse/plugins/com.st.stm32cube.ide.mcu.externaltools.gnu-tools-for-stm32.9-2020-q2-update.macos64_2.0.0.202105311346/tools/bin/../lib/gcc/arm-none-eabi/9.3.1/thumb/v7e-m+fp/hard/crtbegin.o
 *(.bss*)
 .bss.rcvData_UART
                0x0000000020000174       0x20 ./Core/Src/app.o
 .bss.sndData_UART
                0x0000000020000194       0x10 ./Core/Src/app.o
 .bss.TouchSegment
                0x00000000200001a4       0x20 ./Core/Src/app.o
 .bss.SliderLEDData
                0x00000000200001c4       0x30 ./Core/Src/app.o
 .bss.SliderLEDDataR
                0x00000000200001f4        0xf ./Core/Src/app.o
 *fill*         0x0000000020000203        0x1 
 .bss.SliderLEDDataL
                0x0000000020000204        0xf ./Core/Src/app.o
 *fill*         0x0000000020000213        0x1 
 .bss.recent_System_counter.9062
                0x0000000020000214        0x4 ./Core/Src/app.o
 .bss.sndTime.9063
                0x0000000020000218        0x4 ./Core/Src/app.o
 .bss.rcvTime.9064
                0x000000002000021c        0x4 ./Core/Src/app.o
 .bss.testCount1.9069
                0x0000000020000220        0x4 ./Core/Src/app.o
 .bss.testCount3.9071
                0x0000000020000224        0x4 ./Core/Src/app.o
 .bss.testCount4.9072
                0x0000000020000228        0x4 ./Core/Src/app.o
 .bss._userButton.9060
                0x000000002000022c        0x1 ./Core/Src/app.o
 *fill*         0x000000002000022d        0x3 
 .bss.rcvJudge.9067
                0x0000000020000230       0x40 ./Core/Src/app.o
 .bss.G_System_counter
                0x0000000020000270        0x4 ./Core/Src/main.o
                0x0000000020000270                G_System_counter
 .bss.SendData  0x0000000020000274       0x20 ./Drivers/DeviceController/Src/DeviceController.o
 .bss.SensorGetSendData
                0x0000000020000294       0x20 ./Drivers/DeviceController/Src/DeviceController.o
 .bss.RecvData  0x00000000200002b4       0x20 ./Drivers/DeviceController/Src/DeviceController.o
 .bss.TouchData
                0x00000000200002d4       0x20 ./Drivers/DeviceController/Src/DeviceController.o
 .bss.SensorCountR
                0x00000000200002f4       0x14 ./Drivers/DeviceController/Src/DeviceController.o
 .bss.SensorCountL
                0x0000000020000308       0x14 ./Drivers/DeviceController/Src/DeviceController.o
 .bss._firstSend
                0x000000002000031c        0x1 ./Drivers/DeviceController/Src/DeviceController.o
 *fill*         0x000000002000031d        0x3 
 .bss.recent_System_counter.8570
                0x0000000020000320        0x4 ./Drivers/DeviceController/Src/DeviceController.o
 .bss.sndTime.8571
                0x0000000020000324        0x4 ./Drivers/DeviceController/Src/DeviceController.o
 .bss.rcvTime.8572
                0x0000000020000328        0x4 ./Drivers/DeviceController/Src/DeviceController.o
 .bss.count.8573
                0x000000002000032c        0x1 ./Drivers/DeviceController/Src/DeviceController.o
 *fill*         0x000000002000032d        0x3 
 .bss.buff      0x0000000020000330      0x400 ./Drivers/Message/Src/message.o
 .bss.cfgidx.9983
                0x0000000020000730        0x1 ./Middlewares/ST/STM32_USB_Device_Library/Core/Src/usbd_ctlreq.o
 *fill*         0x0000000020000731        0x3 
 .bss.mem.10020
                0x0000000020000734       0x14 ./USB_DEVICE/Target/usbd_conf.o
 *(COMMON)
 COMMON         0x0000000020000748      0x208 ./Core/Src/main.o
                0x0000000020000748                hdma_usart2_rx
                0x00000000200007a8                hdma_usart1_tx
                0x0000000020000808                hdma_usart1_rx
                0x0000000020000868                hdma_usart2_tx
                0x00000000200008c8                huart1
                0x000000002000090c                huart2
 COMMON         0x0000000020000950        0xc ./Drivers/Message/Src/xprintf.o
                0x0000000020000950                xfunc_in
                0x0000000020000954                xfunc_out
                0x0000000020000958                outptr
 COMMON         0x000000002000095c        0x4 ./Drivers/STM32F4xx_HAL_Driver/Src/stm32f4xx_hal.o
                0x000000002000095c                uwTick
 COMMON         0x0000000020000960      0x2d0 ./USB_DEVICE/App/usb_device.o
                0x0000000020000960                hUsbDeviceFS
 COMMON         0x0000000020000c30      0x200 ./USB_DEVICE/App/usbd_desc.o
                0x0000000020000c30                USBD_StrDesc
 COMMON         0x0000000020000e30      0x408 ./USB_DEVICE/Target/usbd_conf.o
                0x0000000020000e30                hpcd_USB_OTG_FS
                0x0000000020001238                . = ALIGN (0x4)
                0x0000000020001238                _ebss = .
                0x0000000020001238                __bss_end__ = _ebss

._user_heap_stack
                0x0000000020001238      0x600 load address 0x0000000008008b38
                0x0000000020001238                . = ALIGN (0x8)
                [!provide]                        PROVIDE (end = .)
                0x0000000020001238                PROVIDE (_end = .)
                0x0000000020001438                . = (. + _Min_Heap_Size)
 *fill*         0x0000000020001238      0x200 
                0x0000000020001838                . = (. + _Min_Stack_Size)
 *fill*         0x0000000020001438      0x400 
                0x0000000020001838                . = ALIGN (0x8)

/DISCARD/
 libc.a(*)
 libm.a(*)
 libgcc.a(*)

.ARM.attributes
                0x0000000000000000       0x30
 *(.ARM.attributes)
 .ARM.attributes
                0x0000000000000000       0x1e /Applications/STM32CubeIDE.app/Contents/Eclipse/plugins/com.st.stm32cube.ide.mcu.externaltools.gnu-tools-for-stm32.9-2020-q2-update.macos64_2.0.0.202105311346/tools/bin/../lib/gcc/arm-none-eabi/9.3.1/thumb/v7e-m+fp/hard/crti.o
 .ARM.attributes
                0x000000000000001e       0x34 /Applications/STM32CubeIDE.app/Contents/Eclipse/plugins/com.st.stm32cube.ide.mcu.externaltools.gnu-tools-for-stm32.9-2020-q2-update.macos64_2.0.0.202105311346/tools/bin/../lib/gcc/arm-none-eabi/9.3.1/thumb/v7e-m+fp/hard/crtbegin.o
 .ARM.attributes
                0x0000000000000052       0x34 ./Core/Src/app.o
 .ARM.attributes
                0x0000000000000086       0x34 ./Core/Src/main.o
 .ARM.attributes
                0x00000000000000ba       0x34 ./Core/Src/stm32f4xx_hal_msp.o
 .ARM.attributes
                0x00000000000000ee       0x34 ./Core/Src/stm32f4xx_it.o
 .ARM.attributes
                0x0000000000000122       0x34 ./Core/Src/system_stm32f4xx.o
 .ARM.attributes
                0x0000000000000156       0x21 ./Core/Startup/startup_stm32f401retx.o
 .ARM.attributes
                0x0000000000000177       0x34 ./Drivers/DeviceController/Src/DeviceController.o
 .ARM.attributes
                0x00000000000001ab       0x34 ./Drivers/GPIO/Src/GPIO.o
 .ARM.attributes
                0x00000000000001df       0x34 ./Drivers/Message/Src/message.o
 .ARM.attributes
                0x0000000000000213       0x34 ./Drivers/Message/Src/xprintf.o
 .ARM.attributes
                0x0000000000000247       0x34 ./Drivers/STM32F4xx_HAL_Driver/Src/stm32f4xx_hal.o
 .ARM.attributes
                0x000000000000027b       0x34 ./Drivers/STM32F4xx_HAL_Driver/Src/stm32f4xx_hal_cortex.o
 .ARM.attributes
                0x00000000000002af       0x34 ./Drivers/STM32F4xx_HAL_Driver/Src/stm32f4xx_hal_dma.o
 .ARM.attributes
                0x00000000000002e3       0x34 ./Drivers/STM32F4xx_HAL_Driver/Src/stm32f4xx_hal_gpio.o
 .ARM.attributes
                0x0000000000000317       0x34 ./Drivers/STM32F4xx_HAL_Driver/Src/stm32f4xx_hal_pcd.o
 .ARM.attributes
                0x000000000000034b       0x34 ./Drivers/STM32F4xx_HAL_Driver/Src/stm32f4xx_hal_pcd_ex.o
 .ARM.attributes
                0x000000000000037f       0x34 ./Drivers/STM32F4xx_HAL_Driver/Src/stm32f4xx_hal_rcc.o
 .ARM.attributes
                0x00000000000003b3       0x34 ./Drivers/STM32F4xx_HAL_Driver/Src/stm32f4xx_hal_uart.o
 .ARM.attributes
                0x00000000000003e7       0x34 ./Drivers/STM32F4xx_HAL_Driver/Src/stm32f4xx_ll_usb.o
 .ARM.attributes
                0x000000000000041b       0x34 ./Middlewares/ST/STM32_USB_Device_Library/Class/HID/Src/usbd_hid.o
 .ARM.attributes
                0x000000000000044f       0x34 ./Middlewares/ST/STM32_USB_Device_Library/Core/Src/usbd_core.o
 .ARM.attributes
                0x0000000000000483       0x34 ./Middlewares/ST/STM32_USB_Device_Library/Core/Src/usbd_ctlreq.o
 .ARM.attributes
                0x00000000000004b7       0x34 ./Middlewares/ST/STM32_USB_Device_Library/Core/Src/usbd_ioreq.o
 .ARM.attributes
                0x00000000000004eb       0x34 ./USB_DEVICE/App/usb_device.o
 .ARM.attributes
                0x000000000000051f       0x34 ./USB_DEVICE/App/usbd_desc.o
 .ARM.attributes
                0x0000000000000553       0x34 ./USB_DEVICE/Target/usbd_conf.o
 .ARM.attributes
                0x0000000000000587       0x34 /Applications/STM32CubeIDE.app/Contents/Eclipse/plugins/com.st.stm32cube.ide.mcu.externaltools.gnu-tools-for-stm32.9-2020-q2-update.macos64_2.0.0.202105311346/tools/bin/../lib/gcc/arm-none-eabi/9.3.1/../../../../arm-none-eabi/lib/thumb/v7e-m+fp/hard/libc_nano.a(lib_a-init.o)
 .ARM.attributes
                0x00000000000005bb       0x34 /Applications/STM32CubeIDE.app/Contents/Eclipse/plugins/com.st.stm32cube.ide.mcu.externaltools.gnu-tools-for-stm32.9-2020-q2-update.macos64_2.0.0.202105311346/tools/bin/../lib/gcc/arm-none-eabi/9.3.1/../../../../arm-none-eabi/lib/thumb/v7e-m+fp/hard/libc_nano.a(lib_a-memset.o)
 .ARM.attributes
                0x00000000000005ef       0x1e /Applications/STM32CubeIDE.app/Contents/Eclipse/plugins/com.st.stm32cube.ide.mcu.externaltools.gnu-tools-for-stm32.9-2020-q2-update.macos64_2.0.0.202105311346/tools/bin/../lib/gcc/arm-none-eabi/9.3.1/thumb/v7e-m+fp/hard/libgcc.a(_aeabi_uldivmod.o)
 .ARM.attributes
                0x000000000000060d       0x34 /Applications/STM32CubeIDE.app/Contents/Eclipse/plugins/com.st.stm32cube.ide.mcu.externaltools.gnu-tools-for-stm32.9-2020-q2-update.macos64_2.0.0.202105311346/tools/bin/../lib/gcc/arm-none-eabi/9.3.1/thumb/v7e-m+fp/hard/libgcc.a(_udivmoddi4.o)
 .ARM.attributes
                0x0000000000000641       0x1e /Applications/STM32CubeIDE.app/Contents/Eclipse/plugins/com.st.stm32cube.ide.mcu.externaltools.gnu-tools-for-stm32.9-2020-q2-update.macos64_2.0.0.202105311346/tools/bin/../lib/gcc/arm-none-eabi/9.3.1/thumb/v7e-m+fp/hard/libgcc.a(_dvmd_tls.o)
 .ARM.attributes
                0x000000000000065f       0x1e /Applications/STM32CubeIDE.app/Contents/Eclipse/plugins/com.st.stm32cube.ide.mcu.externaltools.gnu-tools-for-stm32.9-2020-q2-update.macos64_2.0.0.202105311346/tools/bin/../lib/gcc/arm-none-eabi/9.3.1/thumb/v7e-m+fp/hard/crtn.o
OUTPUT(GINGAAAN_1STLOTSLIDE.elf elf32-littlearm)
LOAD linker stubs
LOAD /Applications/STM32CubeIDE.app/Contents/Eclipse/plugins/com.st.stm32cube.ide.mcu.externaltools.gnu-tools-for-stm32.9-2020-q2-update.macos64_2.0.0.202105311346/tools/bin/../lib/gcc/arm-none-eabi/9.3.1/../../../../arm-none-eabi/lib/thumb/v7e-m+fp/hard/libc.a
LOAD /Applications/STM32CubeIDE.app/Contents/Eclipse/plugins/com.st.stm32cube.ide.mcu.externaltools.gnu-tools-for-stm32.9-2020-q2-update.macos64_2.0.0.202105311346/tools/bin/../lib/gcc/arm-none-eabi/9.3.1/../../../../arm-none-eabi/lib/thumb/v7e-m+fp/hard/libm.a
LOAD /Applications/STM32CubeIDE.app/Contents/Eclipse/plugins/com.st.stm32cube.ide.mcu.externaltools.gnu-tools-for-stm32.9-2020-q2-update.macos64_2.0.0.202105311346/tools/bin/../lib/gcc/arm-none-eabi/9.3.1/thumb/v7e-m+fp/hard/libgcc.a

.debug_info     0x0000000000000000    0x1e566
 .debug_info    0x0000000000000000     0x145c ./Core/Src/app.o
 .debug_info    0x000000000000145c     0x1e33 ./Core/Src/main.o
 .debug_info    0x000000000000328f      0xdca ./Core/Src/stm32f4xx_hal_msp.o
 .debug_info    0x0000000000004059      0xd7f ./Core/Src/stm32f4xx_it.o
 .debug_info    0x0000000000004dd8      0x5d0 ./Core/Src/system_stm32f4xx.o
 .debug_info    0x00000000000053a8       0x22 ./Core/Startup/startup_stm32f401retx.o
 .debug_info    0x00000000000053ca     0x15a1 ./Drivers/DeviceController/Src/DeviceController.o
 .debug_info    0x000000000000696b     0x1218 ./Drivers/GPIO/Src/GPIO.o
 .debug_info    0x0000000000007b83     0x12d3 ./Drivers/Message/Src/message.o
 .debug_info    0x0000000000008e56      0x650 ./Drivers/Message/Src/xprintf.o
 .debug_info    0x00000000000094a6      0x93d ./Drivers/STM32F4xx_HAL_Driver/Src/stm32f4xx_hal.o
 .debug_info    0x0000000000009de3      0xe41 ./Drivers/STM32F4xx_HAL_Driver/Src/stm32f4xx_hal_cortex.o
 .debug_info    0x000000000000ac24      0x9e9 ./Drivers/STM32F4xx_HAL_Driver/Src/stm32f4xx_hal_dma.o
 .debug_info    0x000000000000b60d      0x862 ./Drivers/STM32F4xx_HAL_Driver/Src/stm32f4xx_hal_gpio.o
 .debug_info    0x000000000000be6f     0x12d5 ./Drivers/STM32F4xx_HAL_Driver/Src/stm32f4xx_hal_pcd.o
 .debug_info    0x000000000000d144      0x7c3 ./Drivers/STM32F4xx_HAL_Driver/Src/stm32f4xx_hal_pcd_ex.o
 .debug_info    0x000000000000d907      0x9bd ./Drivers/STM32F4xx_HAL_Driver/Src/stm32f4xx_hal_rcc.o
 .debug_info    0x000000000000e2c4     0x31d6 ./Drivers/STM32F4xx_HAL_Driver/Src/stm32f4xx_hal_uart.o
 .debug_info    0x000000000001149a     0x1ab4 ./Drivers/STM32F4xx_HAL_Driver/Src/stm32f4xx_ll_usb.o
 .debug_info    0x0000000000012f4e     0x1922 ./Middlewares/ST/STM32_USB_Device_Library/Class/HID/Src/usbd_hid.o
 .debug_info    0x0000000000014870     0x1a03 ./Middlewares/ST/STM32_USB_Device_Library/Core/Src/usbd_core.o
 .debug_info    0x0000000000016273     0x19cf ./Middlewares/ST/STM32_USB_Device_Library/Core/Src/usbd_ctlreq.o
 .debug_info    0x0000000000017c42     0x16f1 ./Middlewares/ST/STM32_USB_Device_Library/Core/Src/usbd_ioreq.o
 .debug_info    0x0000000000019333     0x157a ./USB_DEVICE/App/usb_device.o
 .debug_info    0x000000000001a8ad     0x145b ./USB_DEVICE/App/usbd_desc.o
 .debug_info    0x000000000001bd08     0x285e ./USB_DEVICE/Target/usbd_conf.o

.debug_abbrev   0x0000000000000000     0x3d66
 .debug_abbrev  0x0000000000000000      0x2ab ./Core/Src/app.o
 .debug_abbrev  0x00000000000002ab      0x31c ./Core/Src/main.o
 .debug_abbrev  0x00000000000005c7      0x1b5 ./Core/Src/stm32f4xx_hal_msp.o
 .debug_abbrev  0x000000000000077c      0x1df ./Core/Src/stm32f4xx_it.o
 .debug_abbrev  0x000000000000095b      0x145 ./Core/Src/system_stm32f4xx.o
 .debug_abbrev  0x0000000000000aa0       0x12 ./Core/Startup/startup_stm32f401retx.o
 .debug_abbrev  0x0000000000000ab2      0x2d8 ./Drivers/DeviceController/Src/DeviceController.o
 .debug_abbrev  0x0000000000000d8a      0x222 ./Drivers/GPIO/Src/GPIO.o
 .debug_abbrev  0x0000000000000fac      0x2ce ./Drivers/Message/Src/message.o
 .debug_abbrev  0x000000000000127a      0x1ff ./Drivers/Message/Src/xprintf.o
 .debug_abbrev  0x0000000000001479      0x21e ./Drivers/STM32F4xx_HAL_Driver/Src/stm32f4xx_hal.o
 .debug_abbrev  0x0000000000001697      0x33c ./Drivers/STM32F4xx_HAL_Driver/Src/stm32f4xx_hal_cortex.o
 .debug_abbrev  0x00000000000019d3      0x219 ./Drivers/STM32F4xx_HAL_Driver/Src/stm32f4xx_hal_dma.o
 .debug_abbrev  0x0000000000001bec      0x1f1 ./Drivers/STM32F4xx_HAL_Driver/Src/stm32f4xx_hal_gpio.o
 .debug_abbrev  0x0000000000001ddd      0x2a0 ./Drivers/STM32F4xx_HAL_Driver/Src/stm32f4xx_hal_pcd.o
 .debug_abbrev  0x000000000000207d      0x1fb ./Drivers/STM32F4xx_HAL_Driver/Src/stm32f4xx_hal_pcd_ex.o
 .debug_abbrev  0x0000000000002278      0x275 ./Drivers/STM32F4xx_HAL_Driver/Src/stm32f4xx_hal_rcc.o
 .debug_abbrev  0x00000000000024ed      0x2fc ./Drivers/STM32F4xx_HAL_Driver/Src/stm32f4xx_hal_uart.o
 .debug_abbrev  0x00000000000027e9      0x2a7 ./Drivers/STM32F4xx_HAL_Driver/Src/stm32f4xx_ll_usb.o
 .debug_abbrev  0x0000000000002a90      0x2e8 ./Middlewares/ST/STM32_USB_Device_Library/Class/HID/Src/usbd_hid.o
 .debug_abbrev  0x0000000000002d78      0x2c8 ./Middlewares/ST/STM32_USB_Device_Library/Core/Src/usbd_core.o
 .debug_abbrev  0x0000000000003040      0x2fc ./Middlewares/ST/STM32_USB_Device_Library/Core/Src/usbd_ctlreq.o
 .debug_abbrev  0x000000000000333c      0x23b ./Middlewares/ST/STM32_USB_Device_Library/Core/Src/usbd_ioreq.o
 .debug_abbrev  0x0000000000003577      0x208 ./USB_DEVICE/App/usb_device.o
 .debug_abbrev  0x000000000000377f      0x2bb ./USB_DEVICE/App/usbd_desc.o
 .debug_abbrev  0x0000000000003a3a      0x32c ./USB_DEVICE/Target/usbd_conf.o

.debug_aranges  0x0000000000000000      0xf28
 .debug_aranges
                0x0000000000000000       0x30 ./Core/Src/app.o
 .debug_aranges
                0x0000000000000030       0x60 ./Core/Src/main.o
 .debug_aranges
                0x0000000000000090       0x30 ./Core/Src/stm32f4xx_hal_msp.o
 .debug_aranges
                0x00000000000000c0       0x98 ./Core/Src/stm32f4xx_it.o
 .debug_aranges
                0x0000000000000158       0x28 ./Core/Src/system_stm32f4xx.o
 .debug_aranges
                0x0000000000000180       0x28 ./Core/Startup/startup_stm32f401retx.o
 .debug_aranges
                0x00000000000001a8       0x80 ./Drivers/DeviceController/Src/DeviceController.o
 .debug_aranges
                0x0000000000000228       0x30 ./Drivers/GPIO/Src/GPIO.o
 .debug_aranges
                0x0000000000000258       0x50 ./Drivers/Message/Src/message.o
 .debug_aranges
                0x00000000000002a8       0x70 ./Drivers/Message/Src/xprintf.o
 .debug_aranges
                0x0000000000000318       0xf0 ./Drivers/STM32F4xx_HAL_Driver/Src/stm32f4xx_hal.o
 .debug_aranges
                0x0000000000000408      0x118 ./Drivers/STM32F4xx_HAL_Driver/Src/stm32f4xx_hal_cortex.o
 .debug_aranges
                0x0000000000000520       0x90 ./Drivers/STM32F4xx_HAL_Driver/Src/stm32f4xx_hal_dma.o
 .debug_aranges
                0x00000000000005b0       0x58 ./Drivers/STM32F4xx_HAL_Driver/Src/stm32f4xx_hal_gpio.o
 .debug_aranges
                0x0000000000000608      0x138 ./Drivers/STM32F4xx_HAL_Driver/Src/stm32f4xx_hal_pcd.o
 .debug_aranges
                0x0000000000000740       0x38 ./Drivers/STM32F4xx_HAL_Driver/Src/stm32f4xx_hal_pcd_ex.o
 .debug_aranges
                0x0000000000000778       0x88 ./Drivers/STM32F4xx_HAL_Driver/Src/stm32f4xx_hal_rcc.o
 .debug_aranges
                0x0000000000000800      0x200 ./Drivers/STM32F4xx_HAL_Driver/Src/stm32f4xx_hal_uart.o
 .debug_aranges
                0x0000000000000a00      0x198 ./Drivers/STM32F4xx_HAL_Driver/Src/stm32f4xx_ll_usb.o
 .debug_aranges
                0x0000000000000b98       0x68 ./Middlewares/ST/STM32_USB_Device_Library/Class/HID/Src/usbd_hid.o
 .debug_aranges
                0x0000000000000c00       0xb8 ./Middlewares/ST/STM32_USB_Device_Library/Core/Src/usbd_core.o
 .debug_aranges
                0x0000000000000cb8       0x90 ./Middlewares/ST/STM32_USB_Device_Library/Core/Src/usbd_ctlreq.o
 .debug_aranges
                0x0000000000000d48       0x50 ./Middlewares/ST/STM32_USB_Device_Library/Core/Src/usbd_ioreq.o
 .debug_aranges
                0x0000000000000d98       0x20 ./USB_DEVICE/App/usb_device.o
 .debug_aranges
                0x0000000000000db8       0x60 ./USB_DEVICE/App/usbd_desc.o
 .debug_aranges
                0x0000000000000e18      0x110 ./USB_DEVICE/Target/usbd_conf.o

.debug_ranges   0x0000000000000000      0xdc0
 .debug_ranges  0x0000000000000000       0x20 ./Core/Src/app.o
 .debug_ranges  0x0000000000000020       0x50 ./Core/Src/main.o
 .debug_ranges  0x0000000000000070       0x20 ./Core/Src/stm32f4xx_hal_msp.o
 .debug_ranges  0x0000000000000090       0x88 ./Core/Src/stm32f4xx_it.o
 .debug_ranges  0x0000000000000118       0x18 ./Core/Src/system_stm32f4xx.o
 .debug_ranges  0x0000000000000130       0x20 ./Core/Startup/startup_stm32f401retx.o
 .debug_ranges  0x0000000000000150       0x70 ./Drivers/DeviceController/Src/DeviceController.o
 .debug_ranges  0x00000000000001c0       0x20 ./Drivers/GPIO/Src/GPIO.o
 .debug_ranges  0x00000000000001e0       0x40 ./Drivers/Message/Src/message.o
 .debug_ranges  0x0000000000000220       0x60 ./Drivers/Message/Src/xprintf.o
 .debug_ranges  0x0000000000000280       0xe0 ./Drivers/STM32F4xx_HAL_Driver/Src/stm32f4xx_hal.o
 .debug_ranges  0x0000000000000360      0x108 ./Drivers/STM32F4xx_HAL_Driver/Src/stm32f4xx_hal_cortex.o
 .debug_ranges  0x0000000000000468       0x80 ./Drivers/STM32F4xx_HAL_Driver/Src/stm32f4xx_hal_dma.o
 .debug_ranges  0x00000000000004e8       0x48 ./Drivers/STM32F4xx_HAL_Driver/Src/stm32f4xx_hal_gpio.o
 .debug_ranges  0x0000000000000530      0x128 ./Drivers/STM32F4xx_HAL_Driver/Src/stm32f4xx_hal_pcd.o
 .debug_ranges  0x0000000000000658       0x28 ./Drivers/STM32F4xx_HAL_Driver/Src/stm32f4xx_hal_pcd_ex.o
 .debug_ranges  0x0000000000000680       0x78 ./Drivers/STM32F4xx_HAL_Driver/Src/stm32f4xx_hal_rcc.o
 .debug_ranges  0x00000000000006f8      0x220 ./Drivers/STM32F4xx_HAL_Driver/Src/stm32f4xx_hal_uart.o
 .debug_ranges  0x0000000000000918      0x188 ./Drivers/STM32F4xx_HAL_Driver/Src/stm32f4xx_ll_usb.o
 .debug_ranges  0x0000000000000aa0       0x58 ./Middlewares/ST/STM32_USB_Device_Library/Class/HID/Src/usbd_hid.o
 .debug_ranges  0x0000000000000af8       0xa8 ./Middlewares/ST/STM32_USB_Device_Library/Core/Src/usbd_core.o
 .debug_ranges  0x0000000000000ba0       0x80 ./Middlewares/ST/STM32_USB_Device_Library/Core/Src/usbd_ctlreq.o
 .debug_ranges  0x0000000000000c20       0x40 ./Middlewares/ST/STM32_USB_Device_Library/Core/Src/usbd_ioreq.o
 .debug_ranges  0x0000000000000c60       0x10 ./USB_DEVICE/App/usb_device.o
 .debug_ranges  0x0000000000000c70       0x50 ./USB_DEVICE/App/usbd_desc.o
 .debug_ranges  0x0000000000000cc0      0x100 ./USB_DEVICE/Target/usbd_conf.o

.debug_macro    0x0000000000000000    0x1a0bc
 .debug_macro   0x0000000000000000      0x30b ./Core/Src/app.o
 .debug_macro   0x000000000000030b      0xaa8 ./Core/Src/app.o
 .debug_macro   0x0000000000000db3       0x18 ./Core/Src/app.o
 .debug_macro   0x0000000000000dcb       0x22 ./Core/Src/app.o
 .debug_macro   0x0000000000000ded       0x4c ./Core/Src/app.o
 .debug_macro   0x0000000000000e39       0x94 ./Core/Src/app.o
 .debug_macro   0x0000000000000ecd       0x3c ./Core/Src/app.o
 .debug_macro   0x0000000000000f09       0x34 ./Core/Src/app.o
 .debug_macro   0x0000000000000f3d       0x16 ./Core/Src/app.o
 .debug_macro   0x0000000000000f53      0x10e ./Core/Src/app.o
 .debug_macro   0x0000000000001061       0x8d ./Core/Src/app.o
 .debug_macro   0x00000000000010ee       0x16 ./Core/Src/app.o
 .debug_macro   0x0000000000001104       0x43 ./Core/Src/app.o
 .debug_macro   0x0000000000001147       0x57 ./Core/Src/app.o
 .debug_macro   0x000000000000119e       0x34 ./Core/Src/app.o
 .debug_macro   0x00000000000011d2       0x10 ./Core/Src/app.o
 .debug_macro   0x00000000000011e2       0x58 ./Core/Src/app.o
 .debug_macro   0x000000000000123a       0x71 ./Core/Src/app.o
 .debug_macro   0x00000000000012ab       0x1c ./Core/Src/app.o
 .debug_macro   0x00000000000012c7      0x12a ./Core/Src/app.o
 .debug_macro   0x00000000000013f1      0x339 ./Core/Src/app.o
 .debug_macro   0x000000000000172a       0x16 ./Core/Src/app.o
 .debug_macro   0x0000000000001740       0x29 ./Core/Src/app.o
 .debug_macro   0x0000000000001769       0x22 ./Core/Src/app.o
 .debug_macro   0x000000000000178b      0x1a9 ./Core/Src/app.o
 .debug_macro   0x0000000000001934      0x29b ./Core/Src/app.o
 .debug_macro   0x0000000000001bcf       0x2e ./Core/Src/app.o
 .debug_macro   0x0000000000001bfd       0x28 ./Core/Src/app.o
 .debug_macro   0x0000000000001c25      0x103 ./Core/Src/app.o
 .debug_macro   0x0000000000001d28       0x6a ./Core/Src/app.o
 .debug_macro   0x0000000000001d92      0x1df ./Core/Src/app.o
 .debug_macro   0x0000000000001f71       0x1c ./Core/Src/app.o
 .debug_macro   0x0000000000001f8d       0x22 ./Core/Src/app.o
 .debug_macro   0x0000000000001faf       0xd9 ./Core/Src/app.o
 .debug_macro   0x0000000000002088     0x102d ./Core/Src/app.o
 .debug_macro   0x00000000000030b5      0x11f ./Core/Src/app.o
 .debug_macro   0x00000000000031d4     0xb86c ./Core/Src/app.o
 .debug_macro   0x000000000000ea40       0x6d ./Core/Src/app.o
 .debug_macro   0x000000000000eaad     0x3666 ./Core/Src/app.o
 .debug_macro   0x0000000000012113       0x56 ./Core/Src/app.o
 .debug_macro   0x0000000000012169      0x416 ./Core/Src/app.o
 .debug_macro   0x000000000001257f      0x9fe ./Core/Src/app.o
 .debug_macro   0x0000000000012f7d      0x116 ./Core/Src/app.o
 .debug_macro   0x0000000000013093       0xf8 ./Core/Src/app.o
 .debug_macro   0x000000000001318b       0xa5 ./Core/Src/app.o
 .debug_macro   0x0000000000013230      0x15f ./Core/Src/app.o
 .debug_macro   0x000000000001338f      0x287 ./Core/Src/app.o
 .debug_macro   0x0000000000013616       0x5f ./Core/Src/app.o
 .debug_macro   0x0000000000013675      0x236 ./Core/Src/app.o
 .debug_macro   0x00000000000138ab      0x132 ./Core/Src/app.o
 .debug_macro   0x00000000000139dd      0x264 ./Core/Src/app.o
 .debug_macro   0x0000000000013c41       0x2e ./Core/Src/app.o
 .debug_macro   0x0000000000013c6f      0x11a ./Core/Src/app.o
 .debug_macro   0x0000000000013d89       0x85 ./Core/Src/app.o
 .debug_macro   0x0000000000013e0e       0x89 ./Core/Src/app.o
 .debug_macro   0x0000000000013e97      0x295 ./Core/Src/app.o
 .debug_macro   0x000000000001412c      0x21e ./Core/Src/app.o
 .debug_macro   0x000000000001434a       0xba ./Core/Src/app.o
 .debug_macro   0x0000000000014404      0x126 ./Core/Src/app.o
 .debug_macro   0x000000000001452a       0x16 ./Core/Src/app.o
 .debug_macro   0x0000000000014540      0x112 ./Core/Src/app.o
 .debug_macro   0x0000000000014652       0x58 ./Core/Src/app.o
 .debug_macro   0x00000000000146aa       0x58 ./Core/Src/app.o
 .debug_macro   0x0000000000014702      0x11e ./Core/Src/app.o
 .debug_macro   0x0000000000014820      0x41d ./Core/Src/main.o
 .debug_macro   0x0000000000014c3d       0x8e ./Core/Src/main.o
 .debug_macro   0x0000000000014ccb       0x51 ./Core/Src/main.o
 .debug_macro   0x0000000000014d1c       0xdf ./Core/Src/main.o
 .debug_macro   0x0000000000014dfb      0x174 ./Core/Src/main.o
 .debug_macro   0x0000000000014f6f       0x5c ./Core/Src/main.o
 .debug_macro   0x0000000000014fcb       0x52 ./Core/Src/main.o
 .debug_macro   0x000000000001501d       0x16 ./Core/Src/main.o
 .debug_macro   0x0000000000015033       0x35 ./Core/Src/main.o
 .debug_macro   0x0000000000015068      0x333 ./Core/Src/main.o
 .debug_macro   0x000000000001539b       0x10 ./Core/Src/main.o
 .debug_macro   0x00000000000153ab       0x10 ./Core/Src/main.o
 .debug_macro   0x00000000000153bb       0x1c ./Core/Src/main.o
 .debug_macro   0x00000000000153d7       0x52 ./Core/Src/main.o
 .debug_macro   0x0000000000015429       0x22 ./Core/Src/main.o
 .debug_macro   0x000000000001544b       0x10 ./Core/Src/main.o
 .debug_macro   0x000000000001545b       0x40 ./Core/Src/main.o
 .debug_macro   0x000000000001549b       0xd5 ./Core/Src/main.o
 .debug_macro   0x0000000000015570       0x1c ./Core/Src/main.o
 .debug_macro   0x000000000001558c       0x3d ./Core/Src/main.o
 .debug_macro   0x00000000000155c9       0x16 ./Core/Src/main.o
 .debug_macro   0x00000000000155df      0x145 ./Core/Src/main.o
 .debug_macro   0x0000000000015724       0x16 ./Core/Src/main.o
 .debug_macro   0x000000000001573a       0x20 ./Core/Src/main.o
 .debug_macro   0x000000000001575a       0x6b ./Core/Src/main.o
 .debug_macro   0x00000000000157c5      0x1ef ./Core/Src/main.o
 .debug_macro   0x00000000000159b4      0x232 ./Core/Src/stm32f4xx_hal_msp.o
 .debug_macro   0x0000000000015be6      0x23c ./Core/Src/stm32f4xx_it.o
 .debug_macro   0x0000000000015e22      0x1de ./Core/Src/system_stm32f4xx.o
 .debug_macro   0x0000000000016000      0x308 ./Drivers/DeviceController/Src/DeviceController.o
 .debug_macro   0x0000000000016308       0x52 ./Drivers/DeviceController/Src/DeviceController.o
 .debug_macro   0x000000000001635a      0x308 ./Drivers/GPIO/Src/GPIO.o
 .debug_macro   0x0000000000016662      0x10c ./Drivers/GPIO/Src/GPIO.o
 .debug_macro   0x000000000001676e      0x31f ./Drivers/Message/Src/message.o
 .debug_macro   0x0000000000016a8d       0x22 ./Drivers/Message/Src/message.o
 .debug_macro   0x0000000000016aaf       0x58 ./Drivers/Message/Src/message.o
 .debug_macro   0x0000000000016b07       0x22 ./Drivers/Message/Src/message.o
 .debug_macro   0x0000000000016b29      0x1f5 ./Drivers/Message/Src/xprintf.o
 .debug_macro   0x0000000000016d1e      0x23e ./Drivers/STM32F4xx_HAL_Driver/Src/stm32f4xx_hal.o
 .debug_macro   0x0000000000016f5c      0x1de ./Drivers/STM32F4xx_HAL_Driver/Src/stm32f4xx_hal_cortex.o
 .debug_macro   0x000000000001713a      0x1e4 ./Drivers/STM32F4xx_HAL_Driver/Src/stm32f4xx_hal_dma.o
 .debug_macro   0x000000000001731e      0x1e4 ./Drivers/STM32F4xx_HAL_Driver/Src/stm32f4xx_hal_gpio.o
 .debug_macro   0x0000000000017502      0x1ea ./Drivers/STM32F4xx_HAL_Driver/Src/stm32f4xx_hal_pcd.o
 .debug_macro   0x00000000000176ec      0x1de ./Drivers/STM32F4xx_HAL_Driver/Src/stm32f4xx_hal_pcd_ex.o
 .debug_macro   0x00000000000178ca      0x202 ./Drivers/STM32F4xx_HAL_Driver/Src/stm32f4xx_hal_rcc.o
 .debug_macro   0x0000000000017acc      0x1df ./Drivers/STM32F4xx_HAL_Driver/Src/stm32f4xx_hal_uart.o
 .debug_macro   0x0000000000017cab      0x1de ./Drivers/STM32F4xx_HAL_Driver/Src/stm32f4xx_ll_usb.o
 .debug_macro   0x0000000000017e89      0x448 ./Middlewares/ST/STM32_USB_Device_Library/Class/HID/Src/usbd_hid.o
 .debug_macro   0x00000000000182d1       0x97 ./Middlewares/ST/STM32_USB_Device_Library/Class/HID/Src/usbd_hid.o
 .debug_macro   0x0000000000018368       0xfd ./Middlewares/ST/STM32_USB_Device_Library/Class/HID/Src/usbd_hid.o
 .debug_macro   0x0000000000018465       0x5e ./Middlewares/ST/STM32_USB_Device_Library/Class/HID/Src/usbd_hid.o
 .debug_macro   0x00000000000184c3      0x42f ./Middlewares/ST/STM32_USB_Device_Library/Core/Src/usbd_core.o
 .debug_macro   0x00000000000188f2      0x1f5 ./Middlewares/ST/STM32_USB_Device_Library/Core/Src/usbd_core.o
 .debug_macro   0x0000000000018ae7      0x439 ./Middlewares/ST/STM32_USB_Device_Library/Core/Src/usbd_ctlreq.o
 .debug_macro   0x0000000000018f20      0x435 ./Middlewares/ST/STM32_USB_Device_Library/Core/Src/usbd_ioreq.o
 .debug_macro   0x0000000000019355      0x465 ./USB_DEVICE/App/usb_device.o
 .debug_macro   0x00000000000197ba       0x22 ./USB_DEVICE/App/usb_device.o
 .debug_macro   0x00000000000197dc      0x472 ./USB_DEVICE/App/usbd_desc.o
 .debug_macro   0x0000000000019c4e       0x1c ./USB_DEVICE/App/usbd_desc.o
 .debug_macro   0x0000000000019c6a      0x452 ./USB_DEVICE/Target/usbd_conf.o

.debug_line     0x0000000000000000    0x1601f
 .debug_line    0x0000000000000000      0xb96 ./Core/Src/app.o
 .debug_line    0x0000000000000b96      0xc7e ./Core/Src/main.o
 .debug_line    0x0000000000001814      0x91d ./Core/Src/stm32f4xx_hal_msp.o
 .debug_line    0x0000000000002131      0x966 ./Core/Src/stm32f4xx_it.o
 .debug_line    0x0000000000002a97      0x78e ./Core/Src/system_stm32f4xx.o
 .debug_line    0x0000000000003225       0x88 ./Core/Startup/startup_stm32f401retx.o
 .debug_line    0x00000000000032ad      0xe81 ./Drivers/DeviceController/Src/DeviceController.o
 .debug_line    0x000000000000412e      0x9a6 ./Drivers/GPIO/Src/GPIO.o
 .debug_line    0x0000000000004ad4      0xa7f ./Drivers/Message/Src/message.o
 .debug_line    0x0000000000005553      0xc0e ./Drivers/Message/Src/xprintf.o
 .debug_line    0x0000000000006161      0x9f4 ./Drivers/STM32F4xx_HAL_Driver/Src/stm32f4xx_hal.o
 .debug_line    0x0000000000006b55      0xca3 ./Drivers/STM32F4xx_HAL_Driver/Src/stm32f4xx_hal_cortex.o
 .debug_line    0x00000000000077f8      0xf59 ./Drivers/STM32F4xx_HAL_Driver/Src/stm32f4xx_hal_dma.o
 .debug_line    0x0000000000008751      0xb2e ./Drivers/STM32F4xx_HAL_Driver/Src/stm32f4xx_hal_gpio.o