DeviceController.c:37:6:D_Slider_SystickUpdate	16	static
DeviceController.c:95:6:D_Slider_Start	16	static
DeviceController.c:118:6:D_Slider_SetLightingR	16	static
DeviceController.c:144:6:D_Slider_SetLightingL	16	static
DeviceController.c:170:6:D_Slider_LightingUpdate	48	static
DeviceController.c:386:5:D_Slider_GetPocketR	24	static
DeviceController.c:402:5:D_Slider_GetPocketL	24	static
DeviceController.c:418:5:D_Slider_Send	16	static
DeviceController.c:428:5:D_Slider_Receive	16	static
DeviceController.c:437:5:D_Slider_GetSensorData	16	static
DeviceController.c:445:6:D_Slider_CheckData	32	static
DeviceController.c:458:6:D_Slider_SetColorData	56	static
DeviceController.c:535:6:D_Slider_TransitionCompletedCallBack	4	static
DeviceController.c:540:6:D_Slider_ReceptionCompletedCallBack	8	static
