main.c:80:5:main	8	static
main.c:168:6:SystemClock_Config	88	static
main.c:214:13:MX_CAN1_Init	8	static
main.c:251:13:MX_TIM2_Init	64	static
main.c:314:13:MX_TIM3_Init	64	static
main.c:385:13:MX_USART1_UART_Init	8	static
main.c:418:13:MX_USART2_UART_Init	8	static
main.c:449:13:MX_DMA_Init	16	static
main.c:477:13:MX_GPIO_Init	48	static
main.c:565:6:HAL_UART_TxCpltCallback	16	static
main.c:573:6:HAL_UART_RxCpltCallback	16	static
main.c:581:6:HAL_CAN_RxFifo0MsgPendingCallback	16	static
main.c:584:6:HAL_CAN_TxMailboxCompleteCallback	4	static
main.c:588:6:HAL_CAN_TxMailbox0CompleteCallback	16	static
main.c:592:6:HAL_CAN_TxMailbox1CompleteCallback	16	static
main.c:596:6:HAL_CAN_TxMailbox2CompleteCallback	16	static
main.c:620:6:Error_Handler	4	static,ignoring_inline_asm
