Archive member included to satisfy reference by file (symbol)

/Applications/STM32CubeIDE.app/Contents/Eclipse/plugins/com.st.stm32cube.ide.mcu.externaltools.gnu-tools-for-stm32.9-2020-q2-update.macos64_2.0.0.202105311346/tools/bin/../lib/gcc/arm-none-eabi/9.3.1/../../../../arm-none-eabi/lib/thumb/v7e-m+fp/hard/libc_nano.a(lib_a-errno.o)
                              ./Core/Src/syscalls.o (__errno)
/Applications/STM32CubeIDE.app/Contents/Eclipse/plugins/com.st.stm32cube.ide.mcu.externaltools.gnu-tools-for-stm32.9-2020-q2-update.macos64_2.0.0.202105311346/tools/bin/../lib/gcc/arm-none-eabi/9.3.1/../../../../arm-none-eabi/lib/thumb/v7e-m+fp/hard/libc_nano.a(lib_a-exit.o)
                              /Applications/STM32CubeIDE.app/Contents/Eclipse/plugins/com.st.stm32cube.ide.mcu.externaltools.gnu-tools-for-stm32.9-2020-q2-update.macos64_2.0.0.202105311346/tools/bin/../lib/gcc/arm-none-eabi/9.3.1/../../../../arm-none-eabi/lib/thumb/v7e-m+fp/hard/crt0.o (exit)
/Applications/STM32CubeIDE.app/Contents/Eclipse/plugins/com.st.stm32cube.ide.mcu.externaltools.gnu-tools-for-stm32.9-2020-q2-update.macos64_2.0.0.202105311346/tools/bin/../lib/gcc/arm-none-eabi/9.3.1/../../../../arm-none-eabi/lib/thumb/v7e-m+fp/hard/libc_nano.a(lib_a-impure.o)
                              /Applications/STM32CubeIDE.app/Contents/Eclipse/plugins/com.st.stm32cube.ide.mcu.externaltools.gnu-tools-for-stm32.9-2020-q2-update.macos64_2.0.0.202105311346/tools/bin/../lib/gcc/arm-none-eabi/9.3.1/../../../../arm-none-eabi/lib/thumb/v7e-m+fp/hard/libc_nano.a(lib_a-exit.o) (_global_impure_ptr)
/Applications/STM32CubeIDE.app/Contents/Eclipse/plugins/com.st.stm32cube.ide.mcu.externaltools.gnu-tools-for-stm32.9-2020-q2-update.macos64_2.0.0.202105311346/tools/bin/../lib/gcc/arm-none-eabi/9.3.1/../../../../arm-none-eabi/lib/thumb/v7e-m+fp/hard/libc_nano.a(lib_a-init.o)
                              /Applications/STM32CubeIDE.app/Contents/Eclipse/plugins/com.st.stm32cube.ide.mcu.externaltools.gnu-tools-for-stm32.9-2020-q2-update.macos64_2.0.0.202105311346/tools/bin/../lib/gcc/arm-none-eabi/9.3.1/../../../../arm-none-eabi/lib/thumb/v7e-m+fp/hard/crt0.o (__libc_init_array)
/Applications/STM32CubeIDE.app/Contents/Eclipse/plugins/com.st.stm32cube.ide.mcu.externaltools.gnu-tools-for-stm32.9-2020-q2-update.macos64_2.0.0.202105311346/tools/bin/../lib/gcc/arm-none-eabi/9.3.1/../../../../arm-none-eabi/lib/thumb/v7e-m+fp/hard/libc_nano.a(lib_a-memset.o)
                              /Applications/STM32CubeIDE.app/Contents/Eclipse/plugins/com.st.stm32cube.ide.mcu.externaltools.gnu-tools-for-stm32.9-2020-q2-update.macos64_2.0.0.202105311346/tools/bin/../lib/gcc/arm-none-eabi/9.3.1/../../../../arm-none-eabi/lib/thumb/v7e-m+fp/hard/crt0.o (memset)
/Applications/STM32CubeIDE.app/Contents/Eclipse/plugins/com.st.stm32cube.ide.mcu.externaltools.gnu-tools-for-stm32.9-2020-q2-update.macos64_2.0.0.202105311346/tools/bin/../lib/gcc/arm-none-eabi/9.3.1/thumb/v7e-m+fp/hard/libgcc.a(_aeabi_uldivmod.o)
                              ./Drivers/STM32F4xx_HAL_Driver/Src/stm32f4xx_hal_rcc.o (__aeabi_uldivmod)
/Applications/STM32CubeIDE.app/Contents/Eclipse/plugins/com.st.stm32cube.ide.mcu.externaltools.gnu-tools-for-stm32.9-2020-q2-update.macos64_2.0.0.202105311346/tools/bin/../lib/gcc/arm-none-eabi/9.3.1/thumb/v7e-m+fp/hard/libgcc.a(_udivmoddi4.o)
                              /Applications/STM32CubeIDE.app/Contents/Eclipse/plugins/com.st.stm32cube.ide.mcu.externaltools.gnu-tools-for-stm32.9-2020-q2-update.macos64_2.0.0.202105311346/tools/bin/../lib/gcc/arm-none-eabi/9.3.1/thumb/v7e-m+fp/hard/libgcc.a(_aeabi_uldivmod.o) (__udivmoddi4)
/Applications/STM32CubeIDE.app/Contents/Eclipse/plugins/com.st.stm32cube.ide.mcu.externaltools.gnu-tools-for-stm32.9-2020-q2-update.macos64_2.0.0.202105311346/tools/bin/../lib/gcc/arm-none-eabi/9.3.1/thumb/v7e-m+fp/hard/libgcc.a(_dvmd_tls.o)
                              /Applications/STM32CubeIDE.app/Contents/Eclipse/plugins/com.st.stm32cube.ide.mcu.externaltools.gnu-tools-for-stm32.9-2020-q2-update.macos64_2.0.0.202105311346/tools/bin/../lib/gcc/arm-none-eabi/9.3.1/thumb/v7e-m+fp/hard/libgcc.a(_aeabi_uldivmod.o) (__aeabi_ldiv0)

Allocating common symbols
Common symbol       size              file

hUsbDeviceFS        0x2d0             ./USB_DEVICE/App/usb_device.o
hdma_usart2_rx      0x60              ./Core/Src/main.o
xfunc_in            0x4               ./Drivers/Message/Src/xprintf.o
hpcd_USB_OTG_FS     0x408             ./USB_DEVICE/Target/usbd_conf.o
xfunc_out           0x4               ./Drivers/Message/Src/xprintf.o
uwTick              0x4               ./Drivers/STM32F4xx_HAL_Driver/Src/stm32f4xx_hal.o
pFlash              0x20              ./Drivers/STM32F4xx_HAL_Driver/Src/stm32f4xx_hal_flash.o
hdma_usart1_tx      0x60              ./Core/Src/main.o
hdma_usart1_rx      0x60              ./Core/Src/main.o
hdma_usart2_tx      0x60              ./Core/Src/main.o
huart1              0x44              ./Core/Src/main.o
[...]
Memory Configuration

Name             Origin             Length             Attributes
RAM              0x0000000020000000 0x0000000000018000 xrw
FLASH            0x0000000008000000 0x0000000000080000 xr
*default*        0x0000000000000000 0xffffffffffffffff

Linker script and memory map

LOAD /Applications/STM32CubeIDE.app/Contents/Eclipse/plugins/com.st.stm32cube.ide.mcu.externaltools.gnu-tools-for-stm32.9-2020-q2-update.macos64_2.0.0.202105311346/tools/bin/../lib/gcc/arm-none-eabi/9.3.1/thumb/v7e-m+fp/hard/crti.o
LOAD /Applications/STM32CubeIDE.app/Contents/Eclipse/plugins/com.st.stm32cube.ide.mcu.externaltools.gnu-tools-for-stm32.9-2020-q2-update.macos64_2.0.0.202105311346/tools/bin/../lib/gcc/arm-none-eabi/9.3.1/thumb/v7e-m+fp/hard/crtbegin.o
LOAD /Applications/STM32CubeIDE.app/Contents/Eclipse/plugins/com.st.stm32cube.ide.mcu.externaltools.gnu-tools-for-stm32.9-2020-q2-update.macos64_2.0.0.202105311346/tools/bin/../lib/gcc/arm-none-eabi/9.3.1/../../../../arm-none-eabi/lib/thumb/v7e-m+fp/hard/crt0.o
LOAD ./Core/Src/app.o
LOAD ./Core/Src/main.o
LOAD ./Core/Src/stm32f4xx_hal_msp.o
LOAD ./Core/Src/stm32f4xx_it.o
LOAD ./Core/Src/syscalls.o
LOAD ./Core/Src/sysmem.o
LOAD ./Core/Src/system_stm32f4xx.o
LOAD ./Core/Startup/startup_stm32f401retx.o
LOAD ./Drivers/DeviceController/Src/DeviceController.o
LOAD ./Drivers/GPIO/Src/GPIO.o
LOAD ./Drivers/Message/Src/message.o
LOAD ./Drivers/Message/Src/xprintf.o
LOAD ./Drivers/STM32F4xx_HAL_Driver/Src/stm32f4xx_hal.o
LOAD ./Drivers/STM32F4xx_HAL_Driver/Src/stm32f4xx_hal_cortex.o
LOAD ./Drivers/STM32F4xx_HAL_Driver/Src/stm32f4xx_hal_dma.o
LOAD ./Drivers/STM32F4xx_HAL_Driver/Src/stm32f4xx_hal_dma_ex.o
LOAD ./Drivers/STM32F4xx_HAL_Driver/Src/stm32f4xx_hal_exti.o
LOAD ./Drivers/STM32F4xx_HAL_Driver/Src/stm32f4xx_hal_flash.o
LOAD ./Drivers/STM32F4xx_HAL_Driver/Src/stm32f4xx_hal_flash_ex.o
LOAD ./Drivers/STM32F4xx_HAL_Driver/Src/stm32f4xx_hal_flash_ramfunc.o
LOAD ./Drivers/STM32F4xx_HAL_Driver/Src/stm32f4xx_hal_gpio.o
LOAD ./Drivers/STM32F4xx_HAL_Driver/Src/stm32f4xx_hal_pcd.o
LOAD ./Drivers/STM32F4xx_HAL_Driver/Src/stm32f4xx_hal_pcd_ex.o
LOAD ./Drivers/STM32F4xx_HAL_Driver/Src/stm32f4xx_hal_pwr.o
LOAD ./Drivers/STM32F4xx_HAL_Driver/Src/stm32f4xx_hal_pwr_ex.o
LOAD ./Drivers/STM32F4xx_HAL_Driver/Src/stm32f4xx_hal_rcc.o
LOAD ./Drivers/STM32F4xx_HAL_Driver/Src/stm32f4xx_hal_rcc_ex.o
LOAD ./Drivers/STM32F4xx_HAL_Driver/Src/stm32f4xx_hal_tim.o
LOAD ./Drivers/STM32F4xx_HAL_Driver/Src/stm32f4xx_hal_tim_ex.o
LOAD ./Drivers/STM32F4xx_HAL_Driver/Src/stm32f4xx_hal_uart.o
LOAD ./Drivers/STM32F4xx_HAL_Driver/Src/stm32f4xx_ll_usb.o
LOAD ./Drivers/USBHID/Src/usbhid.o
LOAD ./Middlewares/ST/STM32_USB_Device_Library/Class/HID/Src/usbd_hid.o
LOAD ./Middlewares/ST/STM32_USB_Device_Library/Core/Src/usbd_core.o
LOAD ./Middlewares/ST/STM32_USB_Device_Library/Core/Src/usbd_ctlreq.o
LOAD ./Middlewares/ST/STM32_USB_Device_Library/Core/Src/usbd_ioreq.o
LOAD ./USB_DEVICE/App/usb_device.o
LOAD ./USB_DEVICE/App/usbd_desc.o
LOAD ./USB_DEVICE/Target/usbd_conf.o
START GROUP
LOAD /Applications/STM32CubeIDE.app/Contents/Eclipse/plugins/com.st.stm32cube.ide.mcu.externaltools.gnu-tools-for-stm32.9-2020-q2-update.macos64_2.0.0.202105311346/tools/bin/../lib/gcc/arm-none-eabi/9.3.1/../../../../arm-none-eabi/lib/thumb/v7e-m+fp/hard/libc_nano.a
LOAD /Applications/STM32CubeIDE.app/Contents/Eclipse/plugins/com.st.stm32cube.ide.mcu.externaltools.gnu-tools-for-stm32.9-2020-q2-update.macos64_2.0.0.202105311346/tools/bin/../lib/gcc/arm-none-eabi/9.3.1/../../../../arm-none-eabi/lib/thumb/v7e-m+fp/hard/libm.a
END GROUP
START GROUP
LOAD /Applications/STM32CubeIDE.app/Contents/Eclipse/plugins/com.st.stm32cube.ide.mcu.externaltools.gnu-tools-for-stm32.9-2020-q2-update.macos64_2.0.0.202105311346/tools/bin/../lib/gcc/arm-none-eabi/9.3.1/thumb/v7e-m+fp/hard/libgcc.a
LOAD /Applications/STM32CubeIDE.app/Contents/Eclipse/plugins/com.st.stm32cube.ide.mcu.externaltools.gnu-tools-for-stm32.9-2020-q2-update.macos64_2.0.0.202105311346/tools/bin/../lib/gcc/arm-none-eabi/9.3.1/../../../../arm-none-eabi/lib/thumb/v7e-m+fp/hard/libc_nano.a
END GROUP
START GROUP
LOAD /Applications/STM32CubeIDE.app/Contents/Eclipse/plugins/com.st.stm32cube.ide.mcu.externaltools.gnu-tools-for-stm32.9-2020-q2-update.macos64_2.0.0.202105311346/tools/bin/../lib/gcc/arm-none-eabi/9.3.1/thumb/v7e-m+fp/hard/libgcc.a
LOAD /Applications/STM32CubeIDE.app/Contents/Eclipse/plugins/com.st.stm32cube.ide.mcu.externaltools.gnu-tools-for-stm32.9-2020-q2-update.macos64_2.0.0.202105311346/tools/bin/../lib/gcc/arm-none-eabi/9.3.1/../../../../arm-none-eabi/lib/thumb/v7e-m+fp/hard/libc_nano.a
LOAD /Applications/STM32CubeIDE.app/Contents/Eclipse/plugins/com.st.stm32cube.ide.mcu.externaltools.gnu-tools-for-stm32.9-2020-q2-update.macos64_2.0.0.202105311346/tools/bin/../lib/gcc/arm-none-eabi/9.3.1/../../../../arm-none-eabi/lib/thumb/v7e-m+fp/hard/libnosys.a
END GROUP
START GROUP
LOAD /Applications/STM32CubeIDE.app/Contents/Eclipse/plugins/com.st.stm32cube.ide.mcu.externaltools.gnu-tools-for-stm32.9-2020-q2-update.macos64_2.0.0.202105311346/tools/bin/../lib/gcc/arm-none-eabi/9.3.1/thumb/v7e-m+fp/hard/libgcc.a
LOAD /Applications/STM32CubeIDE.app/Contents/Eclipse/plugins/com.st.stm32cube.ide.mcu.externaltools.gnu-tools-for-stm32.9-2020-q2-update.macos64_2.0.0.202105311346/tools/bin/../lib/gcc/arm-none-eabi/9.3.1/../../../../arm-none-eabi/lib/thumb/v7e-m+fp/hard/libc_nano.a
LOAD /Applications/STM32CubeIDE.app/Contents/Eclipse/plugins/com.st.stm32cube.ide.mcu.externaltools.gnu-tools-for-stm32.9-2020-q2-update.macos64_2.0.0.202105311346/tools/bin/../lib/gcc/arm-none-eabi/9.3.1/../../../../arm-none-eabi/lib/thumb/v7e-m+fp/hard/libnosys.a
END GROUP
LOAD /Applications/STM32CubeIDE.app/Contents/Eclipse/plugins/com.st.stm32cube.ide.mcu.externaltools.gnu-tools-for-stm32.9-2020-q2-update.macos64_2.0.0.202105311346/tools/bin/../lib/gcc/arm-none-eabi/9.3.1/thumb/v7e-m+fp/hard/crtend.o
LOAD /Applications/STM32CubeIDE.app/Contents/Eclipse/plugins/com.st.stm32cube.ide.mcu.externaltools.gnu-tools-for-stm32.9-2020-q2-update.macos64_2.0.0.202105311346/tools/bin/../lib/gcc/arm-none-eabi/9.3.1/thumb/v7e-m+fp/hard/crtn.o
                0x0000000020018000                _estack = (ORIGIN (RAM) + LENGTH (RAM))
                0x0000000000000200                _Min_Heap_Size = 0x200
                0x0000000000000400                _Min_Stack_Size = 0x400

.isr_vector     0x0000000008000000      0x194
                0x0000000008000000                . = ALIGN (0x4)
 *(.isr_vector)
 .isr_vector    0x0000000008000000      0x194 ./Core/Startup/startup_stm32f401retx.o
                0x0000000008000000                g_pfnVectors
                0x0000000008000194                . = ALIGN (0x4)

.text           0x0000000008000194     0x8c00
                0x0000000008000194                . = ALIGN (0x4)
 *(.text)
 .text          0x0000000008000194       0x40 /Applications/STM32CubeIDE.app/Contents/Eclipse/plugins/com.st.stm32cube.ide.mcu.externaltools.gnu-tools-for-stm32.9-2020-q2-update.macos64_2.0.0.202105311346/tools/bin/../lib/gcc/arm-none-eabi/9.3.1/thumb/v7e-m+fp/hard/crtbegin.o
 .text          0x00000000080001d4       0x30 /Applications/STM32CubeIDE.app/Contents/Eclipse/plugins/com.st.stm32cube.ide.mcu.externaltools.gnu-tools-for-stm32.9-2020-q2-update.macos64_2.0.0.202105311346/tools/bin/../lib/gcc/arm-none-eabi/9.3.1/thumb/v7e-m+fp/hard/libgcc.a(_aeabi_uldivmod.o)
                0x00000000080001d4                __aeabi_uldivmod
 .text          0x0000000008000204      0x2c4 /Applications/STM32CubeIDE.app/Contents/Eclipse/plugins/com.st.stm32cube.ide.mcu.externaltools.gnu-tools-for-stm32.9-2020-q2-update.macos64_2.0.0.202105311346/tools/bin/../lib/gcc/arm-none-eabi/9.3.1/thumb/v7e-m+fp/hard/libgcc.a(_udivmoddi4.o)
                0x0000000008000204                __udivmoddi4
 .text          0x00000000080004c8        0x4 /Applications/STM32CubeIDE.app/Contents/Eclipse/plugins/com.st.stm32cube.ide.mcu.externaltools.gnu-tools-for-stm32.9-2020-q2-update.macos64_2.0.0.202105311346/tools/bin/../lib/gcc/arm-none-eabi/9.3.1/thumb/v7e-m+fp/hard/libgcc.a(_dvmd_tls.o)
                0x00000000080004c8                __aeabi_ldiv0
                0x00000000080004c8                __aeabi_idiv0
 *(.text*)
 .text.appInit  0x00000000080004cc       0x80 ./Core/Src/app.o
                0x00000000080004cc                appInit
 .text.appTask  0x000000000800054c      0x284 ./Core/Src/app.o
                0x000000000800054c                appTask
 .text.main     0x00000000080007d0       0x6c ./Core/Src/main.o
                0x00000000080007d0                main
 .text.SystemClock_Config
                0x000000000800083c       0xd4 ./Core/Src/main.o
                0x000000000800083c                SystemClock_Config
 .text.MX_USART1_UART_Init
                0x0000000008000910       0x54 ./Core/Src/main.o
 .text.MX_USART2_UART_Init
                0x0000000008000964       0x54 ./Core/Src/main.o
 .text.MX_DMA_Init
                0x00000000080009b8       0x8c ./Core/Src/main.o
 .text.MX_GPIO_Init
                0x0000000008000a44       0xdc ./Core/Src/main.o
 .text.HAL_UART_TxCpltCallback
                0x0000000008000b20       0x38 ./Core/Src/main.o
                0x0000000008000b20                HAL_UART_TxCpltCallback
 .text.HAL_UART_RxCpltCallback
                0x0000000008000b58       0x38 ./Core/Src/main.o
                0x0000000008000b58                HAL_UART_RxCpltCallback
 .text.Error_Handler
                0x0000000008000b90        0xa ./Core/Src/main.o
                0x0000000008000b90                Error_Handler
 *fill*         0x0000000008000b9a        0x2 
 .text.HAL_MspInit
                0x0000000008000b9c       0x50 ./Core/Src/stm32f4xx_hal_msp.o
                0x0000000008000b9c                HAL_MspInit
 .text.HAL_UART_MspInit
                0x0000000008000bec      0x2ac ./Core/Src/stm32f4xx_hal_msp.o
                0x0000000008000bec                HAL_UART_MspInit
 .text.NMI_Handler
                0x0000000008000e98        0x6 ./Core/Src/stm32f4xx_it.o
                0x0000000008000e98                NMI_Handler
 .text.HardFault_Handler
                0x0000000008000e9e        0x6 ./Core/Src/stm32f4xx_it.o
                0x0000000008000e9e                HardFault_Handler
 .text.MemManage_Handler
                0x0000000008000ea4        0x6 ./Core/Src/stm32f4xx_it.o
                0x0000000008000ea4                MemManage_Handler
 .text.BusFault_Handler
                0x0000000008000eaa        0x6 ./Core/Src/stm32f4xx_it.o
                0x0000000008000eaa                BusFault_Handler
 .text.UsageFault_Handler
                0x0000000008000eb0        0x6 ./Core/Src/stm32f4xx_it.o
                0x0000000008000eb0                UsageFault_Handler
 .text.SVC_Handler
                0x0000000008000eb6        0xe ./Core/Src/stm32f4xx_it.o
                0x0000000008000eb6                SVC_Handler
 .text.DebugMon_Handler
                0x0000000008000ec4        0xe ./Core/Src/stm32f4xx_it.o
                0x0000000008000ec4                DebugMon_Handler
 .text.PendSV_Handler
                0x0000000008000ed2        0xe ./Core/Src/stm32f4xx_it.o
                0x0000000008000ed2                PendSV_Handler
 .text.SysTick_Handler
                0x0000000008000ee0       0x1c ./Core/Src/stm32f4xx_it.o
                0x0000000008000ee0                SysTick_Handler
 .text.DMA1_Stream5_IRQHandler
                0x0000000008000efc       0x14 ./Core/Src/stm32f4xx_it.o
                0x0000000008000efc                DMA1_Stream5_IRQHandler
 .text.DMA1_Stream6_IRQHandler
                0x0000000008000f10       0x14 ./Core/Src/stm32f4xx_it.o
                0x0000000008000f10                DMA1_Stream6_IRQHandler
 .text.USART1_IRQHandler
                0x0000000008000f24       0x14 ./Core/Src/stm32f4xx_it.o
                0x0000000008000f24                USART1_IRQHandler
 .text.USART2_IRQHandler
                0x0000000008000f38       0x14 ./Core/Src/stm32f4xx_it.o
                0x0000000008000f38                USART2_IRQHandler
 .text.DMA2_Stream2_IRQHandler
                0x0000000008000f4c       0x14 ./Core/Src/stm32f4xx_it.o
                0x0000000008000f4c                DMA2_Stream2_IRQHandler
 .text.OTG_FS_IRQHandler
                0x0000000008000f60       0x14 ./Core/Src/stm32f4xx_it.o
                0x0000000008000f60                OTG_FS_IRQHandler
 .text.DMA2_Stream7_IRQHandler
                0x0000000008000f74       0x14 ./Core/Src/stm32f4xx_it.o
                0x0000000008000f74                DMA2_Stream7_IRQHandler
 .text.SystemInit
                0x0000000008000f88       0x24 ./Core/Src/system_stm32f4xx.o
                0x0000000008000f88                SystemInit
 .text.Reset_Handler
                0x0000000008000fac       0x50 ./Core/Startup/startup_stm32f401retx.o
                0x0000000008000fac                Reset_Handler
 .text.Default_Handler
                0x0000000008000ffc        0x2 ./Core/Startup/startup_stm32f401retx.o
                0x0000000008000ffc                DMA1_Stream3_IRQHandler
                0x0000000008000ffc                EXTI2_IRQHandler
                0x0000000008000ffc                SPI4_IRQHandler
                0x0000000008000ffc                TIM1_CC_IRQHandler
                0x0000000008000ffc                DMA2_Stream5_IRQHandler
                0x0000000008000ffc                PVD_IRQHandler
                0x0000000008000ffc                SDIO_IRQHandler
                0x0000000008000ffc                TAMP_STAMP_IRQHandler
                0x0000000008000ffc                EXTI3_IRQHandler
                0x0000000008000ffc                TIM1_UP_TIM10_IRQHandler
                0x0000000008000ffc                I2C3_ER_IRQHandler
                0x0000000008000ffc                EXTI0_IRQHandler
                0x0000000008000ffc                I2C2_EV_IRQHandler
                0x0000000008000ffc                DMA1_Stream2_IRQHandler
                0x0000000008000ffc                FPU_IRQHandler
                0x0000000008000ffc                SPI1_IRQHandler
                0x0000000008000ffc                TIM1_BRK_TIM9_IRQHandler
                0x0000000008000ffc                DMA2_Stream3_IRQHandler
                0x0000000008000ffc                USART6_IRQHandler
                0x0000000008000ffc                DMA2_Stream0_IRQHandler
                0x0000000008000ffc                TIM4_IRQHandler
                0x0000000008000ffc                I2C1_EV_IRQHandler
                0x0000000008000ffc                DMA1_Stream1_IRQHandler
                0x0000000008000ffc                TIM3_IRQHandler
                0x0000000008000ffc                RCC_IRQHandler
                0x0000000008000ffc                Default_Handler
                0x0000000008000ffc                EXTI15_10_IRQHandler
                0x0000000008000ffc                ADC_IRQHandler
                0x0000000008000ffc                DMA1_Stream7_IRQHandler
                0x0000000008000ffc                TIM5_IRQHandler
                0x0000000008000ffc                I2C3_EV_IRQHandler
                0x0000000008000ffc                EXTI9_5_IRQHandler
                0x0000000008000ffc                RTC_WKUP_IRQHandler
                0x0000000008000ffc                SPI2_IRQHandler
                0x0000000008000ffc                DMA1_Stream0_IRQHandler
                0x0000000008000ffc                EXTI4_IRQHandler
                0x0000000008000ffc                WWDG_IRQHandler
                0x0000000008000ffc                TIM2_IRQHandler
                0x0000000008000ffc                OTG_FS_WKUP_IRQHandler
                0x0000000008000ffc                TIM1_TRG_COM_TIM11_IRQHandler
                0x0000000008000ffc                EXTI1_IRQHandler
                0x0000000008000ffc                I2C2_ER_IRQHandler
                0x0000000008000ffc                DMA2_Stream1_IRQHandler
                0x0000000008000ffc                FLASH_IRQHandler
                0x0000000008000ffc                DMA2_Stream4_IRQHandler
                0x0000000008000ffc                SPI3_IRQHandler
                0x0000000008000ffc                DMA1_Stream4_IRQHandler
                0x0000000008000ffc                I2C1_ER_IRQHandler
                0x0000000008000ffc                DMA2_Stream6_IRQHandler
                0x0000000008000ffc                RTC_Alarm_IRQHandler
 *fill*         0x0000000008000ffe        0x2 
 .text.D_Slider_SystickUpdate
                0x0000000008001000       0x70 ./Drivers/DeviceController/Src/DeviceController.o
                0x0000000008001000                D_Slider_SystickUpdate
 .text.D_Slider_Start
                0x0000000008001070       0x40 ./Drivers/DeviceController/Src/DeviceController.o
                0x0000000008001070                D_Slider_Start
 .text.D_Slider_Send
                0x00000000080010b0       0x48 ./Drivers/DeviceController/Src/DeviceController.o
                0x00000000080010b0                D_Slider_Send
 .text.D_Slider_Receive
                0x00000000080010f8       0x48 ./Drivers/DeviceController/Src/DeviceController.o
                0x00000000080010f8                D_Slider_Receive
 .text.D_Slider_CheckSum
                0x0000000008001140       0x48 ./Drivers/DeviceController/Src/DeviceController.o
                0x0000000008001140                D_Slider_CheckSum
 .text.D_Slider_SetThreshold
                0x0000000008001188       0x40 ./Drivers/DeviceController/Src/DeviceController.o
                0x0000000008001188                D_Slider_SetThreshold
 .text.D_Slider_GetTouch
                0x00000000080011c8       0x5c ./Drivers/DeviceController/Src/DeviceController.o
                0x00000000080011c8                D_Slider_GetTouch
 .text.D_Slider_SetColorData
                0x0000000008001224      0x1d0 ./Drivers/DeviceController/Src/DeviceController.o
                0x0000000008001224                D_Slider_SetColorData
 .text.D_Slider_InitColorData
                0x00000000080013f4       0xfc ./Drivers/DeviceController/Src/DeviceController.o
                0x00000000080013f4                D_Slider_InitColorData
 .text.D_Slider_TransitionCompletedCallBack
                0x00000000080014f0       0x18 ./Drivers/DeviceController/Src/DeviceController.o
                0x00000000080014f0                D_Slider_TransitionCompletedCallBack
 .text.D_Slider_ReceptionCompletedCallBack
                0x0000000008001508       0x60 ./Drivers/DeviceController/Src/DeviceController.o
                0x0000000008001508                D_Slider_ReceptionCompletedCallBack
 .text.D_GPIO_Read
                0x0000000008001568       0x2a ./Drivers/GPIO/Src/GPIO.o
                0x0000000008001568                D_GPIO_Read
 *fill*         0x0000000008001592        0x2 
 .text.D_Mess_printf
                0x0000000008001594       0x40 ./Drivers/Message/Src/message.o
                0x0000000008001594                D_Mess_printf
 .text.D_Mess_flush
                0x00000000080015d4       0x64 ./Drivers/Message/Src/message.o
                0x00000000080015d4                D_Mess_flush
 .text.D_Mess_TransitionCompletedCallBack
                0x0000000008001638       0x18 ./Drivers/Message/Src/message.o
                0x0000000008001638                D_Mess_TransitionCompletedCallBack
 .text.D_Mess_ReceptionCompletedCallBack
                0x0000000008001650       0x18 ./Drivers/Message/Src/message.o
                0x0000000008001650                D_Mess_ReceptionCompletedCallBack
 .text.xputc    0x0000000008001668       0x50 ./Drivers/Message/Src/xprintf.o
                0x0000000008001668                xputc
 .text.xputs    0x00000000080016b8       0x2a ./Drivers/Message/Src/xprintf.o
                0x00000000080016b8                xputs
 *fill*         0x00000000080016e2        0x2 
 .text.xvprintf
                0x00000000080016e4      0x2f8 ./Drivers/Message/Src/xprintf.o
                0x00000000080016e4                xvprintf
 .text.HAL_Init
                0x00000000080019dc       0x44 ./Drivers/STM32F4xx_HAL_Driver/Src/stm32f4xx_hal.o
                0x00000000080019dc                HAL_Init
 .text.HAL_InitTick
                0x0000000008001a20       0x60 ./Drivers/STM32F4xx_HAL_Driver/Src/stm32f4xx_hal.o
                0x0000000008001a20                HAL_InitTick
 .text.HAL_IncTick
                0x0000000008001a80       0x28 ./Drivers/STM32F4xx_HAL_Driver/Src/stm32f4xx_hal.o
                0x0000000008001a80                HAL_IncTick
 .text.HAL_GetTick
                0x0000000008001aa8       0x18 ./Drivers/STM32F4xx_HAL_Driver/Src/stm32f4xx_hal.o
                0x0000000008001aa8                HAL_GetTick
 .text.HAL_Delay
                0x0000000008001ac0       0x48 ./Drivers/STM32F4xx_HAL_Driver/Src/stm32f4xx_hal.o
                0x0000000008001ac0                HAL_Delay
 .text.__NVIC_SetPriorityGrouping
                0x0000000008001b08       0x48 ./Drivers/STM32F4xx_HAL_Driver/Src/stm32f4xx_hal_cortex.o
 .text.__NVIC_GetPriorityGrouping
                0x0000000008001b50       0x1c ./Drivers/STM32F4xx_HAL_Driver/Src/stm32f4xx_hal_cortex.o
 .text.__NVIC_EnableIRQ
                0x0000000008001b6c       0x3c ./Drivers/STM32F4xx_HAL_Driver/Src/stm32f4xx_hal_cortex.o
 .text.__NVIC_SetPriority
                0x0000000008001ba8       0x54 ./Drivers/STM32F4xx_HAL_Driver/Src/stm32f4xx_hal_cortex.o
 .text.NVIC_EncodePriority
                0x0000000008001bfc       0x66 ./Drivers/STM32F4xx_HAL_Driver/Src/stm32f4xx_hal_cortex.o
 *fill*         0x0000000008001c62        0x2 
 .text.SysTick_Config
                0x0000000008001c64       0x44 ./Drivers/STM32F4xx_HAL_Driver/Src/stm32f4xx_hal_cortex.o
 .text.HAL_NVIC_SetPriorityGrouping
                0x0000000008001ca8       0x16 ./Drivers/STM32F4xx_HAL_Driver/Src/stm32f4xx_hal_cortex.o
                0x0000000008001ca8                HAL_NVIC_SetPriorityGrouping
 .text.HAL_NVIC_SetPriority
                0x0000000008001cbe       0x38 ./Drivers/STM32F4xx_HAL_Driver/Src/stm32f4xx_hal_cortex.o
                0x0000000008001cbe                HAL_NVIC_SetPriority
 .text.HAL_NVIC_EnableIRQ
                0x0000000008001cf6       0x1c ./Drivers/STM32F4xx_HAL_Driver/Src/stm32f4xx_hal_cortex.o
                0x0000000008001cf6                HAL_NVIC_EnableIRQ
 .text.HAL_SYSTICK_Config
                0x0000000008001d12       0x18 ./Drivers/STM32F4xx_HAL_Driver/Src/stm32f4xx_hal_cortex.o
                0x0000000008001d12                HAL_SYSTICK_Config
 *fill*         0x0000000008001d2a        0x2 
 .text.HAL_DMA_Init
                0x0000000008001d2c      0x15c ./Drivers/STM32F4xx_HAL_Driver/Src/stm32f4xx_hal_dma.o
                0x0000000008001d2c                HAL_DMA_Init
 .text.HAL_DMA_Start_IT
                0x0000000008001e88       0xb0 ./Drivers/STM32F4xx_HAL_Driver/Src/stm32f4xx_hal_dma.o
                0x0000000008001e88                HAL_DMA_Start_IT
 .text.HAL_DMA_Abort
                0x0000000008001f38       0xe0 ./Drivers/STM32F4xx_HAL_Driver/Src/stm32f4xx_hal_dma.o
                0x0000000008001f38                HAL_DMA_Abort
 .text.HAL_DMA_Abort_IT
                0x0000000008002018       0x44 ./Drivers/STM32F4xx_HAL_Driver/Src/stm32f4xx_hal_dma.o
                0x0000000008002018                HAL_DMA_Abort_IT
 .text.HAL_DMA_IRQHandler
                0x000000000800205c      0x314 ./Drivers/STM32F4xx_HAL_Driver/Src/stm32f4xx_hal_dma.o
                0x000000000800205c                HAL_DMA_IRQHandler
 .text.DMA_SetConfig
                0x0000000008002370       0x5c ./Drivers/STM32F4xx_HAL_Driver/Src/stm32f4xx_hal_dma.o
 .text.DMA_CalcBaseAndBitshift
                0x00000000080023cc       0x6c ./Drivers/STM32F4xx_HAL_Driver/Src/stm32f4xx_hal_dma.o
 .text.DMA_CheckFifoParam
                0x0000000008002438       0xf8 ./Drivers/STM32F4xx_HAL_Driver/Src/stm32f4xx_hal_dma.o
 .text.HAL_GPIO_Init
                0x0000000008002530      0x308 ./Drivers/STM32F4xx_HAL_Driver/Src/stm32f4xx_hal_gpio.o
                0x0000000008002530                HAL_GPIO_Init
 .text.HAL_GPIO_ReadPin
                0x0000000008002838       0x30 ./Drivers/STM32F4xx_HAL_Driver/Src/stm32f4xx_hal_gpio.o
                0x0000000008002838                HAL_GPIO_ReadPin
 .text.HAL_GPIO_WritePin
                0x0000000008002868       0x32 ./Drivers/STM32F4xx_HAL_Driver/Src/stm32f4xx_hal_gpio.o
                0x0000000008002868                HAL_GPIO_WritePin
 .text.HAL_PCD_Init
                0x000000000800289a      0x23a ./Drivers/STM32F4xx_HAL_Driver/Src/stm32f4xx_hal_pcd.o
                0x000000000800289a                HAL_PCD_Init
 .text.HAL_PCD_Start
                0x0000000008002ad4       0x66 ./Drivers/STM32F4xx_HAL_Driver/Src/stm32f4xx_hal_pcd.o
                0x0000000008002ad4                HAL_PCD_Start
 .text.HAL_PCD_IRQHandler
                0x0000000008002b3a      0x764 ./Drivers/STM32F4xx_HAL_Driver/Src/stm32f4xx_hal_pcd.o
                0x0000000008002b3a                HAL_PCD_IRQHandler
 .text.HAL_PCD_SetAddress
                0x000000000800329e       0x4a ./Drivers/STM32F4xx_HAL_Driver/Src/stm32f4xx_hal_pcd.o
                0x000000000800329e                HAL_PCD_SetAddress
 .text.HAL_PCD_EP_Open
                0x00000000080032e8       0xd0 ./Drivers/STM32F4xx_HAL_Driver/Src/stm32f4xx_hal_pcd.o
                0x00000000080032e8                HAL_PCD_EP_Open
 .text.HAL_PCD_EP_Close
                0x00000000080033b8       0x94 ./Drivers/STM32F4xx_HAL_Driver/Src/stm32f4xx_hal_pcd.o
                0x00000000080033b8                HAL_PCD_EP_Close
 .text.HAL_PCD_EP_Receive
                0x000000000800344c       0x96 ./Drivers/STM32F4xx_HAL_Driver/Src/stm32f4xx_hal_pcd.o
                0x000000000800344c                HAL_PCD_EP_Receive
 .text.HAL_PCD_EP_Transmit
                0x00000000080034e2       0x94 ./Drivers/STM32F4xx_HAL_Driver/Src/stm32f4xx_hal_pcd.o
                0x00000000080034e2                HAL_PCD_EP_Transmit
 .text.HAL_PCD_EP_SetStall
                0x0000000008003576       0xc8 ./Drivers/STM32F4xx_HAL_Driver/Src/stm32f4xx_hal_pcd.o
                0x0000000008003576                HAL_PCD_EP_SetStall
 .text.HAL_PCD_EP_ClrStall
                0x000000000800363e       0xac ./Drivers/STM32F4xx_HAL_Driver/Src/stm32f4xx_hal_pcd.o
                0x000000000800363e                HAL_PCD_EP_ClrStall
 .text.PCD_WriteEmptyTxFifo
                0x00000000080036ea      0x11a ./Drivers/STM32F4xx_HAL_Driver/Src/stm32f4xx_hal_pcd.o
 .text.PCD_EP_OutXfrComplete_int
                0x0000000008003804      0x218 ./Drivers/STM32F4xx_HAL_Driver/Src/stm32f4xx_hal_pcd.o
 .text.PCD_EP_OutSetupPacket_int
                0x0000000008003a1c       0x8c ./Drivers/STM32F4xx_HAL_Driver/Src/stm32f4xx_hal_pcd.o
 .text.HAL_PCDEx_SetTxFiFo
                0x0000000008003aa8       0x8e ./Drivers/STM32F4xx_HAL_Driver/Src/stm32f4xx_hal_pcd_ex.o
                0x0000000008003aa8                HAL_PCDEx_SetTxFiFo
 .text.HAL_PCDEx_SetRxFiFo
                0x0000000008003b36       0x22 ./Drivers/STM32F4xx_HAL_Driver/Src/stm32f4xx_hal_pcd_ex.o
                0x0000000008003b36                HAL_PCDEx_SetRxFiFo
 .text.HAL_PCDEx_LPM_Callback
                0x0000000008003b58       0x18 ./Drivers/STM32F4xx_HAL_Driver/Src/stm32f4xx_hal_pcd_ex.o
                0x0000000008003b58                HAL_PCDEx_LPM_Callback
 .text.HAL_RCC_OscConfig
                0x0000000008003b70      0x4f0 ./Drivers/STM32F4xx_HAL_Driver/Src/stm32f4xx_hal_rcc.o
                0x0000000008003b70                HAL_RCC_OscConfig
 .text.HAL_RCC_ClockConfig
                0x0000000008004060      0x1cc ./Drivers/STM32F4xx_HAL_Driver/Src/stm32f4xx_hal_rcc.o
                0x0000000008004060                HAL_RCC_ClockConfig
 .text.HAL_RCC_GetSysClockFreq
                0x000000000800422c      0x1c4 ./Drivers/STM32F4xx_HAL_Driver/Src/stm32f4xx_hal_rcc.o
                0x000000000800422c                HAL_RCC_GetSysClockFreq
 .text.HAL_RCC_GetHCLKFreq
                0x00000000080043f0       0x18 ./Drivers/STM32F4xx_HAL_Driver/Src/stm32f4xx_hal_rcc.o
                0x00000000080043f0                HAL_RCC_GetHCLKFreq
 .text.HAL_RCC_GetPCLK1Freq
                0x0000000008004408       0x28 ./Drivers/STM32F4xx_HAL_Driver/Src/stm32f4xx_hal_rcc.o
                0x0000000008004408                HAL_RCC_GetPCLK1Freq
 .text.HAL_RCC_GetPCLK2Freq
                0x0000000008004430       0x28 ./Drivers/STM32F4xx_HAL_Driver/Src/stm32f4xx_hal_rcc.o
                0x0000000008004430                HAL_RCC_GetPCLK2Freq
 .text.HAL_UART_Init
                0x0000000008004458       0x9a ./Drivers/STM32F4xx_HAL_Driver/Src/stm32f4xx_hal_uart.o
                0x0000000008004458                HAL_UART_Init
 *fill*         0x00000000080044f2        0x2 
 .text.HAL_UART_Transmit_DMA
                0x00000000080044f4       0xfc ./Drivers/STM32F4xx_HAL_Driver/Src/stm32f4xx_hal_uart.o
                0x00000000080044f4                HAL_UART_Transmit_DMA
 .text.HAL_UART_Receive_DMA
                0x00000000080045f0       0x60 ./Drivers/STM32F4xx_HAL_Driver/Src/stm32f4xx_hal_uart.o
                0x00000000080045f0                HAL_UART_Receive_DMA
 .text.HAL_UART_IRQHandler
                0x0000000008004650      0x51c ./Drivers/STM32F4xx_HAL_Driver/Src/stm32f4xx_hal_uart.o
                0x0000000008004650                HAL_UART_IRQHandler
 .text.HAL_UART_TxHalfCpltCallback
                0x0000000008004b6c       0x14 ./Drivers/STM32F4xx_HAL_Driver/Src/stm32f4xx_hal_uart.o
                0x0000000008004b6c                HAL_UART_TxHalfCpltCallback
 .text.HAL_UART_RxHalfCpltCallback
                0x0000000008004b80       0x14 ./Drivers/STM32F4xx_HAL_Driver/Src/stm32f4xx_hal_uart.o
                0x0000000008004b80                HAL_UART_RxHalfCpltCallback
 .text.HAL_UART_ErrorCallback
                0x0000000008004b94       0x14 ./Drivers/STM32F4xx_HAL_Driver/Src/stm32f4xx_hal_uart.o
                0x0000000008004b94                HAL_UART_ErrorCallback
 .text.HAL_UARTEx_RxEventCallback
                0x0000000008004ba8       0x18 ./Drivers/STM32F4xx_HAL_Driver/Src/stm32f4xx_hal_uart.o
                0x0000000008004ba8                HAL_UARTEx_RxEventCallback
 .text.UART_DMATransmitCplt
                0x0000000008004bc0       0x9a ./Drivers/STM32F4xx_HAL_Driver/Src/stm32f4xx_hal_uart.o
 .text.UART_DMATxHalfCplt
                0x0000000008004c5a       0x1c ./Drivers/STM32F4xx_HAL_Driver/Src/stm32f4xx_hal_uart.o
 .text.UART_DMAReceiveCplt
                0x0000000008004c76      0x126 ./Drivers/STM32F4xx_HAL_Driver/Src/stm32f4xx_hal_uart.o
 .text.UART_DMARxHalfCplt
                0x0000000008004d9c       0x36 ./Drivers/STM32F4xx_HAL_Driver/Src/stm32f4xx_hal_uart.o
 .text.UART_DMAError
                0x0000000008004dd2       0x94 ./Drivers/STM32F4xx_HAL_Driver/Src/stm32f4xx_hal_uart.o
 *fill*         0x0000000008004e66        0x2 
 .text.UART_Start_Receive_DMA
                0x0000000008004e68      0x134 ./Drivers/STM32F4xx_HAL_Driver/Src/stm32f4xx_hal_uart.o
                0x0000000008004e68                UART_Start_Receive_DMA
 .text.UART_EndTxTransfer
                0x0000000008004f9c       0x50 ./Drivers/STM32F4xx_HAL_Driver/Src/stm32f4xx_hal_uart.o
 .text.UART_EndRxTransfer
                0x0000000008004fec       0xc6 ./Drivers/STM32F4xx_HAL_Driver/Src/stm32f4xx_hal_uart.o
 .text.UART_DMAAbortOnError
                0x00000000080050b2       0x28 ./Drivers/STM32F4xx_HAL_Driver/Src/stm32f4xx_hal_uart.o
 .text.UART_Transmit_IT
                0x00000000080050da       0xa0 ./Drivers/STM32F4xx_HAL_Driver/Src/stm32f4xx_hal_uart.o
 .text.UART_EndTransmit_IT
                0x000000000800517a       0x30 ./Drivers/STM32F4xx_HAL_Driver/Src/stm32f4xx_hal_uart.o
 .text.UART_Receive_IT
                0x00000000080051aa      0x176 ./Drivers/STM32F4xx_HAL_Driver/Src/stm32f4xx_hal_uart.o
 .text.UART_SetConfig
                0x0000000008005320      0x390 ./Drivers/STM32F4xx_HAL_Driver/Src/stm32f4xx_hal_uart.o
 .text.USB_CoreInit
                0x00000000080056b0       0xc2 ./Drivers/STM32F4xx_HAL_Driver/Src/stm32f4xx_ll_usb.o
                0x00000000080056b0                USB_CoreInit
 *fill*         0x0000000008005772        0x2 
 .text.USB_SetTurnaroundTime
                0x0000000008005774      0x144 ./Drivers/STM32F4xx_HAL_Driver/Src/stm32f4xx_ll_usb.o
                0x0000000008005774                USB_SetTurnaroundTime
 .text.USB_EnableGlobalInt
                0x00000000080058b8       0x22 ./Drivers/STM32F4xx_HAL_Driver/Src/stm32f4xx_ll_usb.o
                0x00000000080058b8                USB_EnableGlobalInt
 .text.USB_DisableGlobalInt
                0x00000000080058da       0x22 ./Drivers/STM32F4xx_HAL_Driver/Src/stm32f4xx_ll_usb.o
                0x00000000080058da                USB_DisableGlobalInt
 .text.USB_SetCurrentMode
                0x00000000080058fc       0x98 ./Drivers/STM32F4xx_HAL_Driver/Src/stm32f4xx_ll_usb.o
                0x00000000080058fc                USB_SetCurrentMode
 .text.USB_DevInit
                0x0000000008005994      0x2c8 ./Drivers/STM32F4xx_HAL_Driver/Src/stm32f4xx_ll_usb.o
                0x0000000008005994                USB_DevInit
 .text.USB_FlushTxFifo
                0x0000000008005c5c       0x48 ./Drivers/STM32F4xx_HAL_Driver/Src/stm32f4xx_ll_usb.o
                0x0000000008005c5c                USB_FlushTxFifo
 .text.USB_FlushRxFifo
                0x0000000008005ca4       0x40 ./Drivers/STM32F4xx_HAL_Driver/Src/stm32f4xx_ll_usb.o
                0x0000000008005ca4                USB_FlushRxFifo
 .text.USB_SetDevSpeed
                0x0000000008005ce4       0x32 ./Drivers/STM32F4xx_HAL_Driver/Src/stm32f4xx_ll_usb.o
                0x0000000008005ce4                USB_SetDevSpeed
 .text.USB_GetDevSpeed
                0x0000000008005d16       0x4a ./Drivers/STM32F4xx_HAL_Driver/Src/stm32f4xx_ll_usb.o
                0x0000000008005d16                USB_GetDevSpeed
 .text.USB_ActivateEndpoint
                0x0000000008005d60      0x10e ./Drivers/STM32F4xx_HAL_Driver/Src/stm32f4xx_ll_usb.o
                0x0000000008005d60                USB_ActivateEndpoint
 *fill*         0x0000000008005e6e        0x2 
 .text.USB_DeactivateEndpoint
                0x0000000008005e70      0x1b8 ./Drivers/STM32F4xx_HAL_Driver/Src/stm32f4xx_ll_usb.o
                0x0000000008005e70                USB_DeactivateEndpoint
 .text.USB_EPStartXfer
                0x0000000008006028      0x488 ./Drivers/STM32F4xx_HAL_Driver/Src/stm32f4xx_ll_usb.o
                0x0000000008006028                USB_EPStartXfer
 .text.USB_EP0StartXfer
                0x00000000080064b0      0x2a6 ./Drivers/STM32F4xx_HAL_Driver/Src/stm32f4xx_ll_usb.o
                0x00000000080064b0                USB_EP0StartXfer
 .text.USB_WritePacket
                0x0000000008006756       0x7c ./Drivers/STM32F4xx_HAL_Driver/Src/stm32f4xx_ll_usb.o
                0x0000000008006756                USB_WritePacket
 .text.USB_ReadPacket
                0x00000000080067d2       0xb0 ./Drivers/STM32F4xx_HAL_Driver/Src/stm32f4xx_ll_usb.o
                0x00000000080067d2                USB_ReadPacket
 .text.USB_EPSetStall
                0x0000000008006882       0xdc ./Drivers/STM32F4xx_HAL_Driver/Src/stm32f4xx_ll_usb.o
                0x0000000008006882                USB_EPSetStall
 .text.USB_EPClearStall
                0x000000000800695e       0xcc ./Drivers/STM32F4xx_HAL_Driver/Src/stm32f4xx_ll_usb.o
                0x000000000800695e                USB_EPClearStall
 .text.USB_SetDevAddress
                0x0000000008006a2a       0x4c ./Drivers/STM32F4xx_HAL_Driver/Src/stm32f4xx_ll_usb.o
                0x0000000008006a2a                USB_SetDevAddress
 .text.USB_DevConnect
                0x0000000008006a76       0x42 ./Drivers/STM32F4xx_HAL_Driver/Src/stm32f4xx_ll_usb.o
                0x0000000008006a76                USB_DevConnect
 .text.USB_DevDisconnect
                0x0000000008006ab8       0x42 ./Drivers/STM32F4xx_HAL_Driver/Src/stm32f4xx_ll_usb.o
                0x0000000008006ab8                USB_DevDisconnect
 .text.USB_ReadInterrupts
                0x0000000008006afa       0x26 ./Drivers/STM32F4xx_HAL_Driver/Src/stm32f4xx_ll_usb.o
                0x0000000008006afa                USB_ReadInterrupts
 .text.USB_ReadDevAllOutEpInterrupt
                0x0000000008006b20       0x34 ./Drivers/STM32F4xx_HAL_Driver/Src/stm32f4xx_ll_usb.o
                0x0000000008006b20                USB_ReadDevAllOutEpInterrupt
 .text.USB_ReadDevAllInEpInterrupt
                0x0000000008006b54       0x34 ./Drivers/STM32F4xx_HAL_Driver/Src/stm32f4xx_ll_usb.o
                0x0000000008006b54                USB_ReadDevAllInEpInterrupt
 .text.USB_ReadDevOutEPInterrupt
                0x0000000008006b88       0x3c ./Drivers/STM32F4xx_HAL_Driver/Src/stm32f4xx_ll_usb.o
                0x0000000008006b88                USB_ReadDevOutEPInterrupt
 .text.USB_ReadDevInEPInterrupt
                0x0000000008006bc4       0x5c ./Drivers/STM32F4xx_HAL_Driver/Src/stm32f4xx_ll_usb.o
                0x0000000008006bc4                USB_ReadDevInEPInterrupt
 .text.USB_GetMode
                0x0000000008006c20       0x1c ./Drivers/STM32F4xx_HAL_Driver/Src/stm32f4xx_ll_usb.o
                0x0000000008006c20                USB_GetMode
 .text.USB_ActivateSetup
                0x0000000008006c3c       0x46 ./Drivers/STM32F4xx_HAL_Driver/Src/stm32f4xx_ll_usb.o
                0x0000000008006c3c                USB_ActivateSetup
 *fill*         0x0000000008006c82        0x2 
 .text.USB_EP0_OutStart
                0x0000000008006c84       0xbc ./Drivers/STM32F4xx_HAL_Driver/Src/stm32f4xx_ll_usb.o
                0x0000000008006c84                USB_EP0_OutStart
 .text.USB_CoreReset
                0x0000000008006d40       0x64 ./Drivers/STM32F4xx_HAL_Driver/Src/stm32f4xx_ll_usb.o
 .text.D_USBHID_SysticUpdate
                0x0000000008006da4        0xc ./Drivers/USBHID/Src/usbhid.o
                0x0000000008006da4                D_USBHID_SysticUpdate
 .text.D_USBHID_SetSendData_Touch
                0x0000000008006db0       0x80 ./Drivers/USBHID/Src/usbhid.o
                0x0000000008006db0                D_USBHID_SetSendData_Touch
 .text.D_USBHID_Send
                0x0000000008006e30       0x1c ./Drivers/USBHID/Src/usbhid.o
                0x0000000008006e30                D_USBHID_Send
 .text.USBD_HID_Init
                0x0000000008006e4c       0x66 ./Middlewares/ST/STM32_USB_Device_Library/Class/HID/Src/usbd_hid.o
 .text.USBD_HID_DeInit
                0x0000000008006eb2       0x48 ./Middlewares/ST/STM32_USB_Device_Library/Class/HID/Src/usbd_hid.o
 *fill*         0x0000000008006efa        0x2 
 .text.USBD_HID_Setup
                0x0000000008006efc      0x208 ./Middlewares/ST/STM32_USB_Device_Library/Class/HID/Src/usbd_hid.o
 .text.USBD_HID_SendReport
                0x0000000008007104       0x50 ./Middlewares/ST/STM32_USB_Device_Library/Class/HID/Src/usbd_hid.o
                0x0000000008007104                USBD_HID_SendReport
 .text.USBD_HID_GetFSCfgDesc
                0x0000000008007154       0x20 ./Middlewares/ST/STM32_USB_Device_Library/Class/HID/Src/usbd_hid.o
 .text.USBD_HID_GetHSCfgDesc
                0x0000000008007174       0x20 ./Middlewares/ST/STM32_USB_Device_Library/Class/HID/Src/usbd_hid.o
 .text.USBD_HID_GetOtherSpeedCfgDesc
                0x0000000008007194       0x20 ./Middlewares/ST/STM32_USB_Device_Library/Class/HID/Src/usbd_hid.o
 .text.USBD_HID_DataIn
                0x00000000080071b4       0x24 ./Middlewares/ST/STM32_USB_Device_Library/Class/HID/Src/usbd_hid.o
 .text.USBD_HID_GetDeviceQualifierDesc
                0x00000000080071d8       0x20 ./Middlewares/ST/STM32_USB_Device_Library/Class/HID/Src/usbd_hid.o
 .text.USBD_Init
                0x00000000080071f8       0x60 ./Middlewares/ST/STM32_USB_Device_Library/Core/Src/usbd_core.o
                0x00000000080071f8                USBD_Init
 .text.USBD_RegisterClass
                0x0000000008007258       0x4e ./Middlewares/ST/STM32_USB_Device_Library/Core/Src/usbd_core.o
                0x0000000008007258                USBD_RegisterClass
 .text.USBD_Start
                0x00000000080072a6       0x18 ./Middlewares/ST/STM32_USB_Device_Library/Core/Src/usbd_core.o
                0x00000000080072a6                USBD_Start
 .text.USBD_RunTestMode
                0x00000000080072be       0x16 ./Middlewares/ST/STM32_USB_Device_Library/Core/Src/usbd_core.o
                0x00000000080072be                USBD_RunTestMode
 .text.USBD_SetClassConfig
                0x00000000080072d4       0x38 ./Middlewares/ST/STM32_USB_Device_Library/Core/Src/usbd_core.o
                0x00000000080072d4                USBD_SetClassConfig
 .text.USBD_ClrClassConfig
                0x000000000800730c       0x30 ./Middlewares/ST/STM32_USB_Device_Library/Core/Src/usbd_core.o
                0x000000000800730c                USBD_ClrClassConfig
 .text.USBD_LL_SetupStage
                0x000000000800733c       0xaa ./Middlewares/ST/STM32_USB_Device_Library/Core/Src/usbd_core.o
                0x000000000800733c                USBD_LL_SetupStage
 .text.USBD_LL_DataOutStage
                0x00000000080073e6       0xc6 ./Middlewares/ST/STM32_USB_Device_Library/Core/Src/usbd_core.o
                0x00000000080073e6                USBD_LL_DataOutStage
 .text.USBD_LL_DataInStage
                0x00000000080074ac      0x12c ./Middlewares/ST/STM32_USB_Device_Library/Core/Src/usbd_core.o
                0x00000000080074ac                USBD_LL_DataInStage
 .text.USBD_LL_Reset
                0x00000000080075d8       0x9c ./Middlewares/ST/STM32_USB_Device_Library/Core/Src/usbd_core.o
                0x00000000080075d8                USBD_LL_Reset
 .text.USBD_LL_SetSpeed
                0x0000000008007674       0x20 ./Middlewares/ST/STM32_USB_Device_Library/Core/Src/usbd_core.o
                0x0000000008007674                USBD_LL_SetSpeed
 .text.USBD_LL_Suspend
                0x0000000008007694       0x2c ./Middlewares/ST/STM32_USB_Device_Library/Core/Src/usbd_core.o
                0x0000000008007694                USBD_LL_Suspend
 .text.USBD_LL_Resume
                0x00000000080076c0       0x30 ./Middlewares/ST/STM32_USB_Device_Library/Core/Src/usbd_core.o
                0x00000000080076c0                USBD_LL_Resume
 .text.USBD_LL_SOF
                0x00000000080076f0       0x44 ./Middlewares/ST/STM32_USB_Device_Library/Core/Src/usbd_core.o
                0x00000000080076f0                USBD_LL_SOF
 .text.USBD_LL_IsoINIncomplete
                0x0000000008007734       0x4c ./Middlewares/ST/STM32_USB_Device_Library/Core/Src/usbd_core.o
                0x0000000008007734                USBD_LL_IsoINIncomplete
 .text.USBD_LL_IsoOUTIncomplete
                0x0000000008007780       0x4c ./Middlewares/ST/STM32_USB_Device_Library/Core/Src/usbd_core.o
                0x0000000008007780                USBD_LL_IsoOUTIncomplete
 .text.USBD_LL_DevConnected
                0x00000000080077cc       0x16 ./Middlewares/ST/STM32_USB_Device_Library/Core/Src/usbd_core.o
                0x00000000080077cc                USBD_LL_DevConnected
 .text.USBD_LL_DevDisconnected
                0x00000000080077e2       0x38 ./Middlewares/ST/STM32_USB_Device_Library/Core/Src/usbd_core.o
                0x00000000080077e2                USBD_LL_DevDisconnected
 .text.SWAPBYTE
                0x000000000800781a       0x3c ./Middlewares/ST/STM32_USB_Device_Library/Core/Src/usbd_ctlreq.o
 *fill*         0x0000000008007856        0x2 
 .text.USBD_StdDevReq
                0x0000000008007858       0xdc ./Middlewares/ST/STM32_USB_Device_Library/Core/Src/usbd_ctlreq.o
                0x0000000008007858                USBD_StdDevReq
 .text.USBD_StdItfReq
                0x0000000008007934       0x92 ./Middlewares/ST/STM32_USB_Device_Library/Core/Src/usbd_ctlreq.o
                0x0000000008007934                USBD_StdItfReq
 .text.USBD_StdEPReq
                0x00000000080079c6      0x2c4 ./Middlewares/ST/STM32_USB_Device_Library/Core/Src/usbd_ctlreq.o
                0x00000000080079c6                USBD_StdEPReq
 *fill*         0x0000000008007c8a        0x2 
 .text.USBD_GetDescriptor
                0x0000000008007c8c      0x2d4 ./Middlewares/ST/STM32_USB_Device_Library/Core/Src/usbd_ctlreq.o
 .text.USBD_SetAddress
                0x0000000008007f60       0x88 ./Middlewares/ST/STM32_USB_Device_Library/Core/Src/usbd_ctlreq.o
 .text.USBD_SetConfig
                0x0000000008007fe8      0x14c ./Middlewares/ST/STM32_USB_Device_Library/Core/Src/usbd_ctlreq.o
 .text.USBD_GetConfig
                0x0000000008008134       0x6c ./Middlewares/ST/STM32_USB_Device_Library/Core/Src/usbd_ctlreq.o
 .text.USBD_GetStatus
                0x00000000080081a0       0x68 ./Middlewares/ST/STM32_USB_Device_Library/Core/Src/usbd_ctlreq.o
 .text.USBD_SetFeature
                0x0000000008008208       0x28 ./Middlewares/ST/STM32_USB_Device_Library/Core/Src/usbd_ctlreq.o
 .text.USBD_ClrFeature
                0x0000000008008230       0x44 ./Middlewares/ST/STM32_USB_Device_Library/Core/Src/usbd_ctlreq.o
 .text.USBD_ParseSetupRequest
                0x0000000008008274       0x74 ./Middlewares/ST/STM32_USB_Device_Library/Core/Src/usbd_ctlreq.o
                0x0000000008008274                USBD_ParseSetupRequest
 .text.USBD_CtlError
                0x00000000080082e8       0x22 ./Middlewares/ST/STM32_USB_Device_Library/Core/Src/usbd_ctlreq.o
                0x00000000080082e8                USBD_CtlError
 .text.USBD_GetString
                0x000000000800830a       0x8c ./Middlewares/ST/STM32_USB_Device_Library/Core/Src/usbd_ctlreq.o
                0x000000000800830a                USBD_GetString
 .text.USBD_GetLen
                0x0000000008008396       0x34 ./Middlewares/ST/STM32_USB_Device_Library/Core/Src/usbd_ctlreq.o
 .text.USBD_CtlSendData
                0x00000000080083ca       0x36 ./Middlewares/ST/STM32_USB_Device_Library/Core/Src/usbd_ioreq.o
                0x00000000080083ca                USBD_CtlSendData
 .text.USBD_CtlContinueSendData
                0x0000000008008400       0x22 ./Middlewares/ST/STM32_USB_Device_Library/Core/Src/usbd_ioreq.o
                0x0000000008008400                USBD_CtlContinueSendData
 .text.USBD_CtlContinueRx
                0x0000000008008422       0x22 ./Middlewares/ST/STM32_USB_Device_Library/Core/Src/usbd_ioreq.o
                0x0000000008008422                USBD_CtlContinueRx
 .text.USBD_CtlSendStatus
                0x0000000008008444       0x26 ./Middlewares/ST/STM32_USB_Device_Library/Core/Src/usbd_ioreq.o
                0x0000000008008444                USBD_CtlSendStatus
 .text.USBD_CtlReceiveStatus
                0x000000000800846a       0x26 ./Middlewares/ST/STM32_USB_Device_Library/Core/Src/usbd_ioreq.o
                0x000000000800846a                USBD_CtlReceiveStatus
 .text.MX_USB_DEVICE_Init
                0x0000000008008490       0x4c ./USB_DEVICE/App/usb_device.o
                0x0000000008008490                MX_USB_DEVICE_Init
 .text.USBD_FS_DeviceDescriptor
                0x00000000080084dc       0x24 ./USB_DEVICE/App/usbd_desc.o
                0x00000000080084dc                USBD_FS_DeviceDescriptor
 .text.USBD_FS_LangIDStrDescriptor
                0x0000000008008500       0x24 ./USB_DEVICE/App/usbd_desc.o
                0x0000000008008500                USBD_FS_LangIDStrDescriptor
 .text.USBD_FS_ProductStrDescriptor
                0x0000000008008524       0x3c ./USB_DEVICE/App/usbd_desc.o
                0x0000000008008524                USBD_FS_ProductStrDescriptor
 .text.USBD_FS_ManufacturerStrDescriptor
                0x0000000008008560       0x28 ./USB_DEVICE/App/usbd_desc.o
                0x0000000008008560                USBD_FS_ManufacturerStrDescriptor
 .text.USBD_FS_SerialStrDescriptor
                0x0000000008008588       0x24 ./USB_DEVICE/App/usbd_desc.o
                0x0000000008008588                USBD_FS_SerialStrDescriptor
 .text.USBD_FS_ConfigStrDescriptor
                0x00000000080085ac       0x3c ./USB_DEVICE/App/usbd_desc.o
                0x00000000080085ac                USBD_FS_ConfigStrDescriptor
 .text.USBD_FS_InterfaceStrDescriptor
                0x00000000080085e8       0x3c ./USB_DEVICE/App/usbd_desc.o
                0x00000000080085e8                USBD_FS_InterfaceStrDescriptor
 .text.Get_SerialNum
                0x0000000008008624       0x58 ./USB_DEVICE/App/usbd_desc.o
 .text.IntToUnicode
                0x000000000800867c       0x7e ./USB_DEVICE/App/usbd_desc.o
 *fill*         0x00000000080086fa        0x2 
 .text.HAL_PCD_MspInit
                0x00000000080086fc       0xcc ./USB_DEVICE/Target/usbd_conf.o
                0x00000000080086fc                HAL_PCD_MspInit
 .text.HAL_PCD_SetupStageCallback
                0x00000000080087c8       0x24 ./USB_DEVICE/Target/usbd_conf.o
                0x00000000080087c8                HAL_PCD_SetupStageCallback
 .text.HAL_PCD_DataOutStageCallback
                0x00000000080087ec       0x36 ./USB_DEVICE/Target/usbd_conf.o
                0x00000000080087ec                HAL_PCD_DataOutStageCallback
 .text.HAL_PCD_DataInStageCallback
                0x0000000008008822       0x34 ./USB_DEVICE/Target/usbd_conf.o
                0x0000000008008822                HAL_PCD_DataInStageCallback
 .text.HAL_PCD_SOFCallback
                0x0000000008008856       0x1c ./USB_DEVICE/Target/usbd_conf.o
                0x0000000008008856                HAL_PCD_SOFCallback
 .text.HAL_PCD_ResetCallback
                0x0000000008008872       0x50 ./USB_DEVICE/Target/usbd_conf.o
                0x0000000008008872                HAL_PCD_ResetCallback
 *fill*         0x00000000080088c2        0x2 
 .text.HAL_PCD_SuspendCallback
                0x00000000080088c4       0x4c ./USB_DEVICE/Target/usbd_conf.o
                0x00000000080088c4                HAL_PCD_SuspendCallback
 .text.HAL_PCD_ResumeCallback
                0x0000000008008910       0x1c ./USB_DEVICE/Target/usbd_conf.o
                0x0000000008008910                HAL_PCD_ResumeCallback
 .text.HAL_PCD_ISOOUTIncompleteCallback
                0x000000000800892c       0x24 ./USB_DEVICE/Target/usbd_conf.o
                0x000000000800892c                HAL_PCD_ISOOUTIncompleteCallback
 .text.HAL_PCD_ISOINIncompleteCallback
                0x0000000008008950       0x24 ./USB_DEVICE/Target/usbd_conf.o
                0x0000000008008950                HAL_PCD_ISOINIncompleteCallback
 .text.HAL_PCD_ConnectCallback
                0x0000000008008974       0x1c ./USB_DEVICE/Target/usbd_conf.o
                0x0000000008008974                HAL_PCD_ConnectCallback
 .text.HAL_PCD_DisconnectCallback
                0x0000000008008990       0x1c ./USB_DEVICE/Target/usbd_conf.o
                0x0000000008008990                HAL_PCD_DisconnectCallback
 .text.USBD_LL_Init
                0x00000000080089ac       0x98 ./USB_DEVICE/Target/usbd_conf.o
                0x00000000080089ac                USBD_LL_Init
 .text.USBD_LL_Start
                0x0000000008008a44       0x36 ./USB_DEVICE/Target/usbd_conf.o
                0x0000000008008a44                USBD_LL_Start
 .text.USBD_LL_OpenEP
                0x0000000008008a7a       0x4c ./USB_DEVICE/Target/usbd_conf.o
                0x0000000008008a7a                USBD_LL_OpenEP
 .text.USBD_LL_CloseEP
                0x0000000008008ac6       0x3e ./USB_DEVICE/Target/usbd_conf.o
                0x0000000008008ac6                USBD_LL_CloseEP
 .text.USBD_LL_StallEP
                0x0000000008008b04       0x3e ./USB_DEVICE/Target/usbd_conf.o
                0x0000000008008b04                USBD_LL_StallEP
 .text.USBD_LL_ClearStallEP
                0x0000000008008b42       0x3e ./USB_DEVICE/Target/usbd_conf.o
                0x0000000008008b42                USBD_LL_ClearStallEP
 .text.USBD_LL_IsStallEP
                0x0000000008008b80       0x58 ./USB_DEVICE/Target/usbd_conf.o
                0x0000000008008b80                USBD_LL_IsStallEP
 .text.USBD_LL_SetUSBAddress
                0x0000000008008bd8       0x3e ./USB_DEVICE/Target/usbd_conf.o
                0x0000000008008bd8                USBD_LL_SetUSBAddress
 .text.USBD_LL_Transmit
                0x0000000008008c16       0x42 ./USB_DEVICE/Target/usbd_conf.o
                0x0000000008008c16                USBD_LL_Transmit
 .text.USBD_LL_PrepareReceive
                0x0000000008008c58       0x42 ./USB_DEVICE/Target/usbd_conf.o
                0x0000000008008c58                USBD_LL_PrepareReceive
 *fill*         0x0000000008008c9a        0x2 
 .text.USBD_static_malloc
                0x0000000008008c9c       0x1c ./USB_DEVICE/Target/usbd_conf.o
                0x0000000008008c9c                USBD_static_malloc
 .text.USBD_static_free
                0x0000000008008cb8       0x14 ./USB_DEVICE/Target/usbd_conf.o
                0x0000000008008cb8                USBD_static_free
 .text.USBD_Get_USB_Status
                0x0000000008008ccc       0x58 ./USB_DEVICE/Target/usbd_conf.o
                0x0000000008008ccc                USBD_Get_USB_Status
 .text.__libc_init_array
                0x0000000008008d24       0x48 /Applications/STM32CubeIDE.app/Contents/Eclipse/plugins/com.st.stm32cube.ide.mcu.externaltools.gnu-tools-for-stm32.9-2020-q2-update.macos64_2.0.0.202105311346/tools/bin/../lib/gcc/arm-none-eabi/9.3.1/../../../../arm-none-eabi/lib/thumb/v7e-m+fp/hard/libc_nano.a(lib_a-init.o)
                0x0000000008008d24                __libc_init_array
 .text.memset   0x0000000008008d6c       0x10 /Applications/STM32CubeIDE.app/Contents/Eclipse/plugins/com.st.stm32cube.ide.mcu.externaltools.gnu-tools-for-stm32.9-2020-q2-update.macos64_2.0.0.202105311346/tools/bin/../lib/gcc/arm-none-eabi/9.3.1/../../../../arm-none-eabi/lib/thumb/v7e-m+fp/hard/libc_nano.a(lib_a-memset.o)
                0x0000000008008d6c                memset
 *(.glue_7)
 .glue_7        0x0000000008008d7c        0x0 linker stubs
 *(.glue_7t)
 .glue_7t       0x0000000008008d7c        0x0 linker stubs
 *(.eh_frame)
 .eh_frame      0x0000000008008d7c        0x0 /Applications/STM32CubeIDE.app/Contents/Eclipse/plugins/com.st.stm32cube.ide.mcu.externaltools.gnu-tools-for-stm32.9-2020-q2-update.macos64_2.0.0.202105311346/tools/bin/../lib/gcc/arm-none-eabi/9.3.1/thumb/v7e-m+fp/hard/crtbegin.o
 *(.init)
 .init          0x0000000008008d7c        0x4 /Applications/STM32CubeIDE.app/Contents/Eclipse/plugins/com.st.stm32cube.ide.mcu.externaltools.gnu-tools-for-stm32.9-2020-q2-update.macos64_2.0.0.202105311346/tools/bin/../lib/gcc/arm-none-eabi/9.3.1/thumb/v7e-m+fp/hard/crti.o
                0x0000000008008d7c                _init
 .init          0x0000000008008d80        0x8 /Applications/STM32CubeIDE.app/Contents/Eclipse/plugins/com.st.stm32cube.ide.mcu.externaltools.gnu-tools-for-stm32.9-2020-q2-update.macos64_2.0.0.202105311346/tools/bin/../lib/gcc/arm-none-eabi/9.3.1/thumb/v7e-m+fp/hard/crtn.o
 *(.fini)
 .fini          0x0000000008008d88        0x4 /Applications/STM32CubeIDE.app/Contents/Eclipse/plugins/com.st.stm32cube.ide.mcu.externaltools.gnu-tools-for-stm32.9-2020-q2-update.macos64_2.0.0.202105311346/tools/bin/../lib/gcc/arm-none-eabi/9.3.1/thumb/v7e-m+fp/hard/crti.o
                0x0000000008008d88                _fini
 .fini          0x0000000008008d8c        0x8 /Applications/STM32CubeIDE.app/Contents/Eclipse/plugins/com.st.stm32cube.ide.mcu.externaltools.gnu-tools-for-stm32.9-2020-q2-update.macos64_2.0.0.202105311346/tools/bin/../lib/gcc/arm-none-eabi/9.3.1/thumb/v7e-m+fp/hard/crtn.o
                0x0000000008008d94                . = ALIGN (0x4)
                0x0000000008008d94                _etext = .

.vfp11_veneer   0x0000000008008d94        0x0
 .vfp11_veneer  0x0000000008008d94        0x0 linker stubs

.v4_bx          0x0000000008008d94        0x0
 .v4_bx         0x0000000008008d94        0x0 linker stubs

.iplt           0x0000000008008d94        0x0
 .iplt          0x0000000008008d94        0x0 /Applications/STM32CubeIDE.app/Contents/Eclipse/plugins/com.st.stm32cube.ide.mcu.externaltools.gnu-tools-for-stm32.9-2020-q2-update.macos64_2.0.0.202105311346/tools/bin/../lib/gcc/arm-none-eabi/9.3.1/thumb/v7e-m+fp/hard/crtbegin.o

.rodata         0x0000000008008d94       0xbc
                0x0000000008008d94                . = ALIGN (0x4)
 *(.rodata)
 .rodata        0x0000000008008d94       0x2a ./Core/Src/app.o
 *fill*         0x0000000008008dbe        0x2 
 .rodata        0x0000000008008dc0       0x46 ./USB_DEVICE/App/usbd_desc.o
 *(.rodata*)
 *fill*         0x0000000008008e06        0x2 
 .rodata.AHBPrescTable
                0x0000000008008e08       0x10 ./Core/Src/system_stm32f4xx.o
                0x0000000008008e08                AHBPrescTable
 .rodata.APBPrescTable
                0x0000000008008e18        0x8 ./Core/Src/system_stm32f4xx.o
                0x0000000008008e18                APBPrescTable
 .rodata.flagBitshiftOffset.7964
                0x0000000008008e20        0x8 ./Drivers/STM32F4xx_HAL_Driver/Src/stm32f4xx_hal_dma.o
 .rodata.KeyboardOrder
                0x0000000008008e28       0x26 ./Drivers/USBHID/Src/usbhid.o
                0x0000000008008e28                KeyboardOrder
                0x0000000008008e50                . = ALIGN (0x4)
 *fill*         0x0000000008008e4e        0x2 

.ARM.extab      0x0000000008008e50        0x0
                0x0000000008008e50                . = ALIGN (0x4)
 *(.ARM.extab* .gnu.linkonce.armextab.*)
                0x0000000008008e50                . = ALIGN (0x4)

.ARM            0x0000000008008e50        0x8
                0x0000000008008e50                . = ALIGN (0x4)
                0x0000000008008e50                __exidx_start = .
 *(.ARM.exidx*)
 .ARM.exidx     0x0000000008008e50        0x8 /Applications/STM32CubeIDE.app/Contents/Eclipse/plugins/com.st.stm32cube.ide.mcu.externaltools.gnu-tools-for-stm32.9-2020-q2-update.macos64_2.0.0.202105311346/tools/bin/../lib/gcc/arm-none-eabi/9.3.1/thumb/v7e-m+fp/hard/libgcc.a(_udivmoddi4.o)
                0x0000000008008e58                __exidx_end = .
                0x0000000008008e58                . = ALIGN (0x4)

.rel.dyn        0x0000000008008e58        0x0
 .rel.iplt      0x0000000008008e58        0x0 /Applications/STM32CubeIDE.app/Contents/Eclipse/plugins/com.st.stm32cube.ide.mcu.externaltools.gnu-tools-for-stm32.9-2020-q2-update.macos64_2.0.0.202105311346/tools/bin/../lib/gcc/arm-none-eabi/9.3.1/thumb/v7e-m+fp/hard/crtbegin.o

.preinit_array  0x0000000008008e58        0x0
                0x0000000008008e58                . = ALIGN (0x4)
                0x0000000008008e58                PROVIDE (__preinit_array_start = .)
 *(.preinit_array*)
                0x0000000008008e58                PROVIDE (__preinit_array_end = .)
                0x0000000008008e58                . = ALIGN (0x4)

.init_array     0x0000000008008e58        0x4
                0x0000000008008e58                . = ALIGN (0x4)
                0x0000000008008e58                PROVIDE (__init_array_start = .)
 *(SORT_BY_NAME(.init_array.*))
 *(.init_array*)
 .init_array    0x0000000008008e58        0x4 /Applications/STM32CubeIDE.app/Contents/Eclipse/plugins/com.st.stm32cube.ide.mcu.externaltools.gnu-tools-for-stm32.9-2020-q2-update.macos64_2.0.0.202105311346/tools/bin/../lib/gcc/arm-none-eabi/9.3.1/thumb/v7e-m+fp/hard/crtbegin.o
                0x0000000008008e5c                PROVIDE (__init_array_end = .)
                0x0000000008008e5c                . = ALIGN (0x4)

.fini_array     0x0000000008008e5c        0x4
                0x0000000008008e5c                . = ALIGN (0x4)
                [!provide]                        PROVIDE (__fini_array_start = .)
 *(SORT_BY_NAME(.fini_array.*))
 *(.fini_array*)
 .fini_array    0x0000000008008e5c        0x4 /Applications/STM32CubeIDE.app/Contents/Eclipse/plugins/com.st.stm32cube.ide.mcu.externaltools.gnu-tools-for-stm32.9-2020-q2-update.macos64_2.0.0.202105311346/tools/bin/../lib/gcc/arm-none-eabi/9.3.1/thumb/v7e-m+fp/hard/crtbegin.o
                [!provide]                        PROVIDE (__fini_array_end = .)
                0x0000000008008e60                . = ALIGN (0x4)
                0x0000000008008e60                _sidata = LOADADDR (.data)

.data           0x0000000020000000      0x16c load address 0x0000000008008e60
                0x0000000020000000                . = ALIGN (0x4)
                0x0000000020000000                _sdata = .
 *(.data)
 *(.data*)
 .data.SystemCoreClock
                0x0000000020000000        0x4 ./Core/Src/system_stm32f4xx.o
                0x0000000020000000                SystemCoreClock
 .data.TouchSensorThreshold
                0x0000000020000004       0x20 ./Drivers/DeviceController/Src/DeviceController.o
 .data.had_completed_tx
                0x0000000020000024        0x1 ./Drivers/DeviceController/Src/DeviceController.o
 .data.had_completed_rx
                0x0000000020000025        0x1 ./Drivers/DeviceController/Src/DeviceController.o
 .data.had_completed_tx
                0x0000000020000026        0x1 ./Drivers/Message/Src/message.o
 .data.had_completed_rx
                0x0000000020000027        0x1 ./Drivers/Message/Src/message.o
 .data.uwTickPrio
                0x0000000020000028        0x4 ./Drivers/STM32F4xx_HAL_Driver/Src/stm32f4xx_hal.o
                0x0000000020000028                uwTickPrio
 .data.uwTickFreq
                0x000000002000002c        0x1 ./Drivers/STM32F4xx_HAL_Driver/Src/stm32f4xx_hal.o
                0x000000002000002c                uwTickFreq
 *fill*         0x000000002000002d        0x3 
 .data.USBD_HID
                0x0000000020000030       0x38 ./Middlewares/ST/STM32_USB_Device_Library/Class/HID/Src/usbd_hid.o
                0x0000000020000030                USBD_HID
 .data.USBD_HID_CfgFSDesc
                0x0000000020000068       0x22 ./Middlewares/ST/STM32_USB_Device_Library/Class/HID/Src/usbd_hid.o
 *fill*         0x000000002000008a        0x2 
 .data.USBD_HID_CfgHSDesc
                0x000000002000008c       0x22 ./Middlewares/ST/STM32_USB_Device_Library/Class/HID/Src/usbd_hid.o
 *fill*         0x00000000200000ae        0x2 
 .data.USBD_HID_OtherSpeedCfgDesc
                0x00000000200000b0       0x22 ./Middlewares/ST/STM32_USB_Device_Library/Class/HID/Src/usbd_hid.o
 *fill*         0x00000000200000d2        0x2 
 .data.USBD_HID_Desc
                0x00000000200000d4        0x9 ./Middlewares/ST/STM32_USB_Device_Library/Class/HID/Src/usbd_hid.o
 *fill*         0x00000000200000dd        0x3 
 .data.USBD_HID_DeviceQualifierDesc
                0x00000000200000e0        0xa ./Middlewares/ST/STM32_USB_Device_Library/Class/HID/Src/usbd_hid.o
 *fill*         0x00000000200000ea        0x2 
 .data.HID_MOUSE_ReportDesc
                0x00000000200000ec       0x2d ./Middlewares/ST/STM32_USB_Device_Library/Class/HID/Src/usbd_hid.o
 *fill*         0x0000000020000119        0x3 
 .data.FS_Desc  0x000000002000011c       0x1c ./USB_DEVICE/App/usbd_desc.o
                0x000000002000011c                FS_Desc
 .data.USBD_FS_DeviceDesc
                0x0000000020000138       0x12 ./USB_DEVICE/App/usbd_desc.o
                0x0000000020000138                USBD_FS_DeviceDesc
 *fill*         0x000000002000014a        0x2 
 .data.USBD_LangIDDesc
                0x000000002000014c        0x4 ./USB_DEVICE/App/usbd_desc.o
                0x000000002000014c                USBD_LangIDDesc
 .data.USBD_StringSerial
                0x0000000020000150       0x1a ./USB_DEVICE/App/usbd_desc.o
                0x0000000020000150                USBD_StringSerial
 *(.RamFunc)
 *(.RamFunc*)
                0x000000002000016c                . = ALIGN (0x4)
 *fill*         0x000000002000016a        0x2 
                0x000000002000016c                _edata = .

.igot.plt       0x000000002000016c        0x0 load address 0x0000000008008fcc
 .igot.plt      0x000000002000016c        0x0 /Applications/STM32CubeIDE.app/Contents/Eclipse/plugins/com.st.stm32cube.ide.mcu.externaltools.gnu-tools-for-stm32.9-2020-q2-update.macos64_2.0.0.202105311346/tools/bin/../lib/gcc/arm-none-eabi/9.3.1/thumb/v7e-m+fp/hard/crtbegin.o
                0x000000002000016c                . = ALIGN (0x4)

.bss            0x000000002000016c     0x10f4 load address 0x0000000008008fcc
                0x000000002000016c                _sbss = .
                0x000000002000016c                __bss_start__ = _sbss
 *(.bss)
 .bss           0x000000002000016c       0x1c /Applications/STM32CubeIDE.app/Contents/Eclipse/plugins/com.st.stm32cube.ide.mcu.externaltools.gnu-tools-for-stm32.9-2020-q2-update.macos64_2.0.0.202105311346/tools/bin/../lib/gcc/arm-none-eabi/9.3.1/thumb/v7e-m+fp/hard/crtbegin.o
 *(.bss*)
 .bss.TouchSegment
                0x0000000020000188       0x20 ./Core/Src/app.o
 .bss.TouchThreshold
                0x00000000200001a8       0x20 ./Core/Src/app.o
 .bss.SliderLEDData
                0x00000000200001c8       0x30 ./Core/Src/app.o
 .bss.SliderBarLEDData
                0x00000000200001f8       0x30 ./Core/Src/app.o
 .bss.recent_System_counter.9057
                0x0000000020000228        0x4 ./Core/Src/app.o
 .bss.sndTime.9058
                0x000000002000022c        0x4 ./Core/Src/app.o
 .bss.rcvTime.9059
                0x0000000020000230        0x4 ./Core/Src/app.o
 .bss._userButton.9055
                0x0000000020000234        0x1 ./Core/Src/app.o
 *fill*         0x0000000020000235        0x3 
 .bss.successCount.9056
                0x0000000020000238        0x4 ./Core/Src/app.o
 .bss.G_System_counter
                0x000000002000023c        0x4 ./Core/Src/main.o
                0x000000002000023c                G_System_counter
 .bss.SendData  0x0000000020000240       0x65 ./Drivers/DeviceController/Src/DeviceController.o
 *fill*         0x00000000200002a5        0x3 
 .bss.RecvData  0x00000000200002a8       0x64 ./Drivers/DeviceController/Src/DeviceController.o
 .bss.TouchData
                0x000000002000030c       0x20 ./Drivers/DeviceController/Src/DeviceController.o
 .bss._firstSend
                0x000000002000032c        0x1 ./Drivers/DeviceController/Src/DeviceController.o
 *fill*         0x000000002000032d        0x3 
 .bss.receiveFaultCount
                0x0000000020000330        0x4 ./Drivers/DeviceController/Src/DeviceController.o
 .bss.data.8563
                0x0000000020000334        0x4 ./Drivers/DeviceController/Src/DeviceController.o
 .bss.buff      0x0000000020000338      0x400 ./Drivers/Message/Src/message.o
 .bss.keyboardHID
                0x0000000020000738       0x22 ./Drivers/USBHID/Src/usbhid.o
 .bss.cfgidx.9968
                0x000000002000075a        0x1 ./Middlewares/ST/STM32_USB_Device_Library/Core/Src/usbd_ctlreq.o
 *fill*         0x000000002000075b        0x1 
 .bss.mem.10005
                0x000000002000075c       0x14 ./USB_DEVICE/Target/usbd_conf.o
 *(COMMON)
 COMMON         0x0000000020000770      0x208 ./Core/Src/main.o
                0x0000000020000770                hdma_usart2_rx
                0x00000000200007d0                hdma_usart1_tx
                0x0000000020000830                hdma_usart1_rx
                0x0000000020000890                hdma_usart2_tx
                0x00000000200008f0                huart1
                0x0000000020000934                huart2
 COMMON         0x0000000020000978        0xc ./Drivers/Message/Src/xprintf.o
                0x0000000020000978                xfunc_in
                0x000000002000097c                xfunc_out
                0x0000000020000980                outptr
 COMMON         0x0000000020000984        0x4 ./Drivers/STM32F4xx_HAL_Driver/Src/stm32f4xx_hal.o
                0x0000000020000984                uwTick
 COMMON         0x0000000020000988      0x2d0 ./USB_DEVICE/App/usb_device.o
                0x0000000020000988                hUsbDeviceFS
 COMMON         0x0000000020000c58      0x200 ./USB_DEVICE/App/usbd_desc.o
                0x0000000020000c58                USBD_StrDesc
 COMMON         0x0000000020000e58      0x408 ./USB_DEVICE/Target/usbd_conf.o
                0x0000000020000e58                hpcd_USB_OTG_FS
                0x0000000020001260                . = ALIGN (0x4)
                0x0000000020001260                _ebss = .
                0x0000000020001260                __bss_end__ = _ebss

._user_heap_stack
                0x0000000020001260      0x600 load address 0x0000000008008fcc
                0x0000000020001260                . = ALIGN (0x8)
                [!provide]                        PROVIDE (end = .)
                0x0000000020001260                PROVIDE (_end = .)
                0x0000000020001460                . = (. + _Min_Heap_Size)
 *fill*         0x0000000020001260      0x200 
                0x0000000020001860                . = (. + _Min_Stack_Size)
 *fill*         0x0000000020001460      0x400 
                0x0000000020001860                . = ALIGN (0x8)

/DISCARD/
 libc.a(*)
 libm.a(*)
 libgcc.a(*)

.ARM.attributes
                0x0000000000000000       0x30
 *(.ARM.attributes)
 .ARM.attributes
                0x0000000000000000       0x1e /Applications/STM32CubeIDE.app/Contents/Eclipse/plugins/com.st.stm32cube.ide.mcu.externaltools.gnu-tools-for-stm32.9-2020-q2-update.macos64_2.0.0.202105311346/tools/bin/../lib/gcc/arm-none-eabi/9.3.1/thumb/v7e-m+fp/hard/crti.o
 .ARM.attributes
                0x000000000000001e       0x34 /Applications/STM32CubeIDE.app/Contents/Eclipse/plugins/com.st.stm32cube.ide.mcu.externaltools.gnu-tools-for-stm32.9-2020-q2-update.macos64_2.0.0.202105311346/tools/bin/../lib/gcc/arm-none-eabi/9.3.1/thumb/v7e-m+fp/hard/crtbegin.o
 .ARM.attributes
                0x0000000000000052       0x34 ./Core/Src/app.o
 .ARM.attributes
                0x0000000000000086       0x34 ./Core/Src/main.o
 .ARM.attributes
                0x00000000000000ba       0x34 ./Core/Src/stm32f4xx_hal_msp.o
 .ARM.attributes
                0x00000000000000ee       0x34 ./Core/Src/stm32f4xx_it.o
 .ARM.attributes
                0x0000000000000122       0x34 ./Core/Src/system_stm32f4xx.o
 .ARM.attributes
                0x0000000000000156       0x21 ./Core/Startup/startup_stm32f401retx.o
 .ARM.attributes
                0x0000000000000177       0x34 ./Drivers/DeviceController/Src/DeviceController.o
 .ARM.attributes
                0x00000000000001ab       0x34 ./Drivers/GPIO/Src/GPIO.o
 .ARM.attributes
                0x00000000000001df       0x34 ./Drivers/Message/Src/message.o
 .ARM.attributes
                0x0000000000000213       0x34 ./Drivers/Message/Src/xprintf.o
 .ARM.attributes
                0x0000000000000247       0x34 ./Drivers/STM32F4xx_HAL_Driver/Src/stm32f4xx_hal.o
 .ARM.attributes
                0x000000000000027b       0x34 ./Drivers/STM32F4xx_HAL_Driver/Src/stm32f4xx_hal_cortex.o
 .ARM.attributes
                0x00000000000002af       0x34 ./Drivers/STM32F4xx_HAL_Driver/Src/stm32f4xx_hal_dma.o
 .ARM.attributes
                0x00000000000002e3       0x34 ./Drivers/STM32F4xx_HAL_Driver/Src/stm32f4xx_hal_gpio.o
 .ARM.attributes
                0x0000000000000317       0x34 ./Drivers/STM32F4xx_HAL_Driver/Src/stm32f4xx_hal_pcd.o
 .ARM.attributes
                0x000000000000034b       0x34 ./Drivers/STM32F4xx_HAL_Driver/Src/stm32f4xx_hal_pcd_ex.o
 .ARM.attributes
                0x000000000000037f       0x34 ./Drivers/STM32F4xx_HAL_Driver/Src/stm32f4xx_hal_rcc.o
 .ARM.attributes
                0x00000000000003b3       0x34 ./Drivers/STM32F4xx_HAL_Driver/Src/stm32f4xx_hal_uart.o
 .ARM.attributes
                0x00000000000003e7       0x34 ./Drivers/STM32F4xx_HAL_Driver/Src/stm32f4xx_ll_usb.o
 .ARM.attributes
                0x000000000000041b       0x34 ./Drivers/USBHID/Src/usbhid.o
 .ARM.attributes
                0x000000000000044f       0x34 ./Middlewares/ST/STM32_USB_Device_Library/Class/HID/Src/usbd_hid.o
 .ARM.attributes
                0x0000000000000483       0x34 ./Middlewares/ST/STM32_USB_Device_Library/Core/Src/usbd_core.o
 .ARM.attributes
                0x00000000000004b7       0x34 ./Middlewares/ST/STM32_USB_Device_Library/Core/Src/usbd_ctlreq.o
 .ARM.attributes
                0x00000000000004eb       0x34 ./Middlewares/ST/STM32_USB_Device_Library/Core/Src/usbd_ioreq.o
 .ARM.attributes
                0x000000000000051f       0x34 ./USB_DEVICE/App/usb_device.o
 .ARM.attributes
                0x0000000000000553       0x34 ./USB_DEVICE/App/usbd_desc.o
 .ARM.attributes
                0x0000000000000587       0x34 ./USB_DEVICE/Target/usbd_conf.o
 .ARM.attributes
                0x00000000000005bb       0x34 /Applications/STM32CubeIDE.app/Contents/Eclipse/plugins/com.st.stm32cube.ide.mcu.externaltools.gnu-tools-for-stm32.9-2020-q2-update.macos64_2.0.0.202105311346/tools/bin/../lib/gcc/arm-none-eabi/9.3.1/../../../../arm-none-eabi/lib/thumb/v7e-m+fp/hard/libc_nano.a(lib_a-init.o)
 .ARM.attributes
                0x00000000000005ef       0x34 /Applications/STM32CubeIDE.app/Contents/Eclipse/plugins/com.st.stm32cube.ide.mcu.externaltools.gnu-tools-for-stm32.9-2020-q2-update.macos64_2.0.0.202105311346/tools/bin/../lib/gcc/arm-none-eabi/9.3.1/../../../../arm-none-eabi/lib/thumb/v7e-m+fp/hard/libc_nano.a(lib_a-memset.o)
 .ARM.attributes
                0x0000000000000623       0x1e /Applications/STM32CubeIDE.app/Contents/Eclipse/plugins/com.st.stm32cube.ide.mcu.externaltools.gnu-tools-for-stm32.9-2020-q2-update.macos64_2.0.0.202105311346/tools/bin/../lib/gcc/arm-none-eabi/9.3.1/thumb/v7e-m+fp/hard/libgcc.a(_aeabi_uldivmod.o)
 .ARM.attributes
                0x0000000000000641       0x34 /Applications/STM32CubeIDE.app/Contents/Eclipse/plugins/com.st.stm32cube.ide.mcu.externaltools.gnu-tools-for-stm32.9-2020-q2-update.macos64_2.0.0.202105311346/tools/bin/../lib/gcc/arm-none-eabi/9.3.1/thumb/v7e-m+fp/hard/libgcc.a(_udivmoddi4.o)
 .ARM.attributes
                0x0000000000000675       0x1e /Applications/STM32CubeIDE.app/Contents/Eclipse/plugins/com.st.stm32cube.ide.mcu.externaltools.gnu-tools-for-stm32.9-2020-q2-update.macos64_2.0.0.202105311346/tools/bin/../lib/gcc/arm-none-eabi/9.3.1/thumb/v7e-m+fp/hard/libgcc.a(_dvmd_tls.o)
 .ARM.attributes
                0x0000000000000693       0x1e /Applications/STM32CubeIDE.app/Contents/Eclipse/plugins/com.st.stm32cube.ide.mcu.externaltools.gnu-tools-for-stm32.9-2020-q2-update.macos64_2.0.0.202105311346/tools/bin/../lib/gcc/arm-none-eabi/9.3.1/thumb/v7e-m+fp/hard/crtn.o
OUTPUT(Chunithm.elf elf32-littlearm)
LOAD linker stubs
LOAD /Applications/STM32CubeIDE.app/Contents/Eclipse/plugins/com.st.stm32cube.ide.mcu.externaltools.gnu-tools-for-stm32.9-2020-q2-update.macos64_2.0.0.202105311346/tools/bin/../lib/gcc/arm-none-eabi/9.3.1/../../../../arm-none-eabi/lib/thumb/v7e-m+fp/hard/libc.a
LOAD /Applications/STM32CubeIDE.app/Contents/Eclipse/plugins/com.st.stm32cube.ide.mcu.externaltools.gnu-tools-for-stm32.9-2020-q2-update.macos64_2.0.0.202105311346/tools/bin/../lib/gcc/arm-none-eabi/9.3.1/../../../../arm-none-eabi/lib/thumb/v7e-m+fp/hard/libm.a
LOAD /Applications/STM32CubeIDE.app/Contents/Eclipse/plugins/com.st.stm32cube.ide.mcu.externaltools.gnu-tools-for-stm32.9-2020-q2-update.macos64_2.0.0.202105311346/tools/bin/../lib/gcc/arm-none-eabi/9.3.1/thumb/v7e-m+fp/hard/libgcc.a

.debug_info     0x0000000000000000    0x1f4f5
 .debug_info    0x0000000000000000     0x1333 ./Core/Src/app.o
 .debug_info    0x0000000000001333     0x1dd2 ./Core/Src/main.o
 .debug_info    0x0000000000003105      0xd69 ./Core/Src/stm32f4xx_hal_msp.o
 .debug_info    0x0000000000003e6e      0xd1e ./Core/Src/stm32f4xx_it.o
 .debug_info    0x0000000000004b8c      0x5d0 ./Core/Src/system_stm32f4xx.o
 .debug_info    0x000000000000515c       0x22 ./Core/Startup/startup_stm32f401retx.o
 .debug_info    0x000000000000517e     0x1462 ./Drivers/DeviceController/Src/DeviceController.o
 .debug_info    0x00000000000065e0     0x11b7 ./Drivers/GPIO/Src/GPIO.o
 .debug_info    0x0000000000007797     0x1272 ./Drivers/Message/Src/message.o
 .debug_info    0x0000000000008a09      0x650 ./Drivers/Message/Src/xprintf.o
 .debug_info    0x0000000000009059      0x93d ./Drivers/STM32F4xx_HAL_Driver/Src/stm32f4xx_hal.o
 .debug_info    0x0000000000009996      0xe41 ./Drivers/STM32F4xx_HAL_Driver/Src/stm32f4xx_hal_cortex.o
 .debug_info    0x000000000000a7d7      0x9e9 ./Drivers/STM32F4xx_HAL_Driver/Src/stm32f4xx_hal_dma.o
 .debug_info    0x000000000000b1c0      0x862 ./Drivers/STM32F4xx_HAL_Driver/Src/stm32f4xx_hal_gpio.o
 .debug_info    0x000000000000ba22     0x12d5 ./Drivers/STM32F4xx_HAL_Driver/Src/stm32f4xx_hal_pcd.o
 .debug_info    0x000000000000ccf7      0x7c3 ./Drivers/STM32F4xx_HAL_Driver/Src/stm32f4xx_hal_pcd_ex.o
 .debug_info    0x000000000000d4ba      0x9bd ./Drivers/STM32F4xx_HAL_Driver/Src/stm32f4xx_hal_rcc.o
 .debug_info    0x000000000000de77     0x31d6 ./Drivers/STM32F4xx_HAL_Driver/Src/stm32f4xx_hal_uart.o
 .debug_info    0x000000000001104d     0x1ab4 ./Drivers/STM32F4xx_HAL_Driver/Src/stm32f4xx_ll_usb.o
 .debug_info    0x0000000000012b01     0x1683 ./Drivers/USBHID/Src/usbhid.o
 .debug_info    0x0000000000014184     0x18c1 ./Middlewares/ST/STM32_USB_Device_Library/Class/HID/Src/usbd_hid.o
 .debug_info    0x0000000000015a45     0x19a2 ./Middlewares/ST/STM32_USB_Device_Library/Core/Src/usbd_core.o
 .debug_info    0x00000000000173e7     0x196e ./Middlewares/ST/STM32_USB_Device_Library/Core/Src/usbd_ctlreq.o
 .debug_info    0x0000000000018d55     0x1690 ./Middlewares/ST/STM32_USB_Device_Library/Core/Src/usbd_ioreq.o
 .debug_info    0x000000000001a3e5     0x1519 ./USB_DEVICE/App/usb_device.o
 .debug_info    0x000000000001b8fe     0x13fa ./USB_DEVICE/App/usbd_desc.o
 .debug_info    0x000000000001ccf8     0x27fd ./USB_DEVICE/Target/usbd_conf.o

.debug_abbrev   0x0000000000000000     0x4020
 .debug_abbrev  0x0000000000000000      0x2b4 ./Core/Src/app.o
 .debug_abbrev  0x00000000000002b4      0x31c ./Core/Src/main.o
 .debug_abbrev  0x00000000000005d0      0x1b5 ./Core/Src/stm32f4xx_hal_msp.o
 .debug_abbrev  0x0000000000000785      0x1df ./Core/Src/stm32f4xx_it.o
 .debug_abbrev  0x0000000000000964      0x145 ./Core/Src/system_stm32f4xx.o
 .debug_abbrev  0x0000000000000aa9       0x12 ./Core/Startup/startup_stm32f401retx.o
 .debug_abbrev  0x0000000000000abb      0x2dc ./Drivers/DeviceController/Src/DeviceController.o
 .debug_abbrev  0x0000000000000d97      0x222 ./Drivers/GPIO/Src/GPIO.o
 .debug_abbrev  0x0000000000000fb9      0x2ce ./Drivers/Message/Src/message.o
 .debug_abbrev  0x0000000000001287      0x1ff ./Drivers/Message/Src/xprintf.o
 .debug_abbrev  0x0000000000001486      0x21e ./Drivers/STM32F4xx_HAL_Driver/Src/stm32f4xx_hal.o
 .debug_abbrev  0x00000000000016a4      0x33c ./Drivers/STM32F4xx_HAL_Driver/Src/stm32f4xx_hal_cortex.o
 .debug_abbrev  0x00000000000019e0      0x219 ./Drivers/STM32F4xx_HAL_Driver/Src/stm32f4xx_hal_dma.o
 .debug_abbrev  0x0000000000001bf9      0x1f1 ./Drivers/STM32F4xx_HAL_Driver/Src/stm32f4xx_hal_gpio.o
 .debug_abbrev  0x0000000000001dea      0x2a0 ./Drivers/STM32F4xx_HAL_Driver/Src/stm32f4xx_hal_pcd.o
 .debug_abbrev  0x000000000000208a      0x1fb ./Drivers/STM32F4xx_HAL_Driver/Src/stm32f4xx_hal_pcd_ex.o
 .debug_abbrev  0x0000000000002285      0x275 ./Drivers/STM32F4xx_HAL_Driver/Src/stm32f4xx_hal_rcc.o
 .debug_abbrev  0x00000000000024fa      0x2fc ./Drivers/STM32F4xx_HAL_Driver/Src/stm32f4xx_hal_uart.o
 .debug_abbrev  0x00000000000027f6      0x2a7 ./Drivers/STM32F4xx_HAL_Driver/Src/stm32f4xx_ll_usb.o
 .debug_abbrev  0x0000000000002a9d      0x2ad ./Drivers/USBHID/Src/usbhid.o
 .debug_abbrev  0x0000000000002d4a      0x2e8 ./Middlewares/ST/STM32_USB_Device_Library/Class/HID/Src/usbd_hid.o
 .debug_abbrev  0x0000000000003032      0x2c8 ./Middlewares/ST/STM32_USB_Device_Library/Core/Src/usbd_core.o
 .debug_abbrev  0x00000000000032fa      0x2fc ./Middlewares/ST/STM32_USB_Device_Library/Core/Src/usbd_ctlreq.o
 .debug_abbrev  0x00000000000035f6      0x23b ./Middlewares/ST/STM32_USB_Device_Library/Core/Src/usbd_ioreq.o
 .debug_abbrev  0x0000000000003831      0x208 ./USB_DEVICE/App/usb_device.o
 .debug_abbrev  0x0000000000003a39      0x2bb ./USB_DEVICE/App/usbd_desc.o
 .debug_abbrev  0x0000000000003cf4      0x32c ./USB_DEVICE/Target/usbd_conf.o

.debug_aranges  0x0000000000000000      0xf58
 .debug_aranges
                0x0000000000000000       0x30 ./Core/Src/app.o
 .debug_aranges
                0x0000000000000030       0x60 ./Core/Src/main.o
 .debug_aranges
                0x0000000000000090       0x30 ./Core/Src/stm32f4xx_hal_msp.o
 .debug_aranges
                0x00000000000000c0       0x98 ./Core/Src/stm32f4xx_it.o
 .debug_aranges
                0x0000000000000158       0x28 ./Core/Src/system_stm32f4xx.o
 .debug_aranges
                0x0000000000000180       0x28 ./Core/Startup/startup_stm32f401retx.o
 .debug_aranges
                0x00000000000001a8       0x70 ./Drivers/DeviceController/Src/DeviceController.o
 .debug_aranges
                0x0000000000000218       0x30 ./Drivers/GPIO/Src/GPIO.o
 .debug_aranges
                0x0000000000000248       0x50 ./Drivers/Message/Src/message.o
 .debug_aranges
                0x0000000000000298       0x70 ./Drivers/Message/Src/xprintf.o
 .debug_aranges
                0x0000000000000308       0xf0 ./Drivers/STM32F4xx_HAL_Driver/Src/stm32f4xx_hal.o
 .debug_aranges
                0x00000000000003f8      0x118 ./Drivers/STM32F4xx_HAL_Driver/Src/stm32f4xx_hal_cortex.o
 .debug_aranges
                0x0000000000000510       0x90 ./Drivers/STM32F4xx_HAL_Driver/Src/stm32f4xx_hal_dma.o
 .debug_aranges
                0x00000000000005a0       0x58 ./Drivers/STM32F4xx_HAL_Driver/Src/stm32f4xx_hal_gpio.o
 .debug_aranges
                0x00000000000005f8      0x138 ./Drivers/STM32F4xx_HAL_Driver/Src/stm32f4xx_hal_pcd.o
 .debug_aranges
                0x0000000000000730       0x38 ./Drivers/STM32F4xx_HAL_Driver/Src/stm32f4xx_hal_pcd_ex.o
 .debug_aranges
                0x0000000000000768       0x88 ./Drivers/STM32F4xx_HAL_Driver/Src/stm32f4xx_hal_rcc.o
 .debug_aranges
                0x00000000000007f0      0x200 ./Drivers/STM32F4xx_HAL_Driver/Src/stm32f4xx_hal_uart.o
 .debug_aranges
                0x00000000000009f0      0x198 ./Drivers/STM32F4xx_HAL_Driver/Src/stm32f4xx_ll_usb.o
 .debug_aranges
                0x0000000000000b88       0x40 ./Drivers/USBHID/Src/usbhid.o
 .debug_aranges
                0x0000000000000bc8       0x68 ./Middlewares/ST/STM32_USB_Device_Library/Class/HID/Src/usbd_hid.o
 .debug_aranges
                0x0000000000000c30       0xb8 ./Middlewares/ST/STM32_USB_Device_Library/Core/Src/usbd_core.o
 .debug_aranges
                0x0000000000000ce8       0x90 ./Middlewares/ST/STM32_USB_Device_Library/Core/Src/usbd_ctlreq.o
 .debug_aranges
                0x0000000000000d78       0x50 ./Middlewares/ST/STM32_USB_Device_Library/Core/Src/usbd_ioreq.o
 .debug_aranges
                0x0000000000000dc8       0x20 ./USB_DEVICE/App/usb_device.o
 .debug_aranges
                0x0000000000000de8       0x60 ./USB_DEVICE/App/usbd_desc.o
 .debug_aranges
                0x0000000000000e48      0x110 ./USB_DEVICE/Target/usbd_conf.o

.debug_ranges   0x0000000000000000      0xdf8
 .debug_ranges  0x0000000000000000       0x20 ./Core/Src/app.o
 .debug_ranges  0x0000000000000020       0x50 ./Core/Src/main.o
 .debug_ranges  0x0000000000000070       0x20 ./Core/Src/stm32f4xx_hal_msp.o
 .debug_ranges  0x0000000000000090       0x88 ./Core/Src/stm32f4xx_it.o
 .debug_ranges  0x0000000000000118       0x18 ./Core/Src/system_stm32f4xx.o
 .debug_ranges  0x0000000000000130       0x20 ./Core/Startup/startup_stm32f401retx.o
 .debug_ranges  0x0000000000000150       0x60 ./Drivers/DeviceController/Src/DeviceController.o
 .debug_ranges  0x00000000000001b0       0x20 ./Drivers/GPIO/Src/GPIO.o
 .debug_ranges  0x00000000000001d0       0x40 ./Drivers/Message/Src/message.o
 .debug_ranges  0x0000000000000210       0x60 ./Drivers/Message/Src/xprintf.o
 .debug_ranges  0x0000000000000270       0xe0 ./Drivers/STM32F4xx_HAL_Driver/Src/stm32f4xx_hal.o
 .debug_ranges  0x0000000000000350      0x108 ./Drivers/STM32F4xx_HAL_Driver/Src/stm32f4xx_hal_cortex.o
 .debug_ranges  0x0000000000000458       0x80 ./Drivers/STM32F4xx_HAL_Driver/Src/stm32f4xx_hal_dma.o
 .debug_ranges  0x00000000000004d8       0x48 ./Drivers/STM32F4xx_HAL_Driver/Src/stm32f4xx_hal_gpio.o
 .debug_ranges  0x0000000000000520      0x128 ./Drivers/STM32F4xx_HAL_Driver/Src/stm32f4xx_hal_pcd.o
 .debug_ranges  0x0000000000000648       0x28 ./Drivers/STM32F4xx_HAL_Driver/Src/stm32f4xx_hal_pcd_ex.o
 .debug_ranges  0x0000000000000670       0x78 ./Drivers/STM32F4xx_HAL_Driver/Src/stm32f4xx_hal_rcc.o
 .debug_ranges  0x00000000000006e8      0x220 ./Drivers/STM32F4xx_HAL_Driver/Src/stm32f4xx_hal_uart.o
 .debug_ranges  0x0000000000000908      0x188 ./Drivers/STM32F4xx_HAL_Driver/Src/stm32f4xx_ll_usb.o
 .debug_ranges  0x0000000000000a90       0x48 ./Drivers/USBHID/Src/usbhid.o
 .debug_ranges  0x0000000000000ad8       0x58 ./Middlewares/ST/STM32_USB_Device_Library/Class/HID/Src/usbd_hid.o
 .debug_ranges  0x0000000000000b30       0xa8 ./Middlewares/ST/STM32_USB_Device_Library/Core/Src/usbd_core.o
 .debug_ranges  0x0000000000000bd8       0x80 ./Middlewares/ST/STM32_USB_Device_Library/Core/Src/usbd_ctlreq.o
 .debug_ranges  0x0000000000000c58       0x40 ./Middlewares/ST/STM32_USB_Device_Library/Core/Src/usbd_ioreq.o
 .debug_ranges  0x0000000000000c98       0x10 ./USB_DEVICE/App/usb_device.o
 .debug_ranges  0x0000000000000ca8       0x50 ./USB_DEVICE/App/usbd_desc.o
 .debug_ranges  0x0000000000000cf8      0x100 ./USB_DEVICE/Target/usbd_conf.o

.debug_macro    0x0000000000000000    0x1a43c
 .debug_macro   0x0000000000000000      0x30c ./Core/Src/app.o
 .debug_macro   0x000000000000030c      0xaa8 ./Core/Src/app.o
 .debug_macro   0x0000000000000db4       0x18 ./Core/Src/app.o
 .debug_macro   0x0000000000000dcc       0x22 ./Core/Src/app.o
 .debug_macro   0x0000000000000dee       0x4c ./Core/Src/app.o
 .debug_macro   0x0000000000000e3a       0x94 ./Core/Src/app.o
 .debug_macro   0x0000000000000ece       0x3c ./Core/Src/app.o
 .debug_macro   0x0000000000000f0a       0x34 ./Core/Src/app.o
 .debug_macro   0x0000000000000f3e       0x16 ./Core/Src/app.o
 .debug_macro   0x0000000000000f54      0x10e ./Core/Src/app.o
 .debug_macro   0x0000000000001062       0x8d ./Core/Src/app.o
 .debug_macro   0x00000000000010ef       0x16 ./Core/Src/app.o
 .debug_macro   0x0000000000001105       0x43 ./Core/Src/app.o
 .debug_macro   0x0000000000001148       0x57 ./Core/Src/app.o
 .debug_macro   0x000000000000119f       0x34 ./Core/Src/app.o
 .debug_macro   0x00000000000011d3       0x10 ./Core/Src/app.o
 .debug_macro   0x00000000000011e3       0x58 ./Core/Src/app.o
 .debug_macro   0x000000000000123b       0x71 ./Core/Src/app.o
 .debug_macro   0x00000000000012ac       0x1c ./Core/Src/app.o
 .debug_macro   0x00000000000012c8      0x12a ./Core/Src/app.o
 .debug_macro   0x00000000000013f2      0x339 ./Core/Src/app.o
 .debug_macro   0x000000000000172b       0x16 ./Core/Src/app.o
 .debug_macro   0x0000000000001741       0x29 ./Core/Src/app.o
 .debug_macro   0x000000000000176a       0x22 ./Core/Src/app.o
 .debug_macro   0x000000000000178c      0x1a9 ./Core/Src/app.o
 .debug_macro   0x0000000000001935      0x29b ./Core/Src/app.o
 .debug_macro   0x0000000000001bd0       0x2e ./Core/Src/app.o
 .debug_macro   0x0000000000001bfe       0x28 ./Core/Src/app.o
 .debug_macro   0x0000000000001c26      0x103 ./Core/Src/app.o
 .debug_macro   0x0000000000001d29       0x6a ./Core/Src/app.o
 .debug_macro   0x0000000000001d93      0x1df ./Core/Src/app.o
 .debug_macro   0x0000000000001f72       0x1c ./Core/Src/app.o
 .debug_macro   0x0000000000001f8e       0x22 ./Core/Src/app.o
 .debug_macro   0x0000000000001fb0       0xd9 ./Core/Src/app.o
 .debug_macro   0x0000000000002089     0x102d ./Core/Src/app.o
 .debug_macro   0x00000000000030b6      0x11f ./Core/Src/app.o
 .debug_macro   0x00000000000031d5     0xb86c ./Core/Src/app.o
 .debug_macro   0x000000000000ea41       0x6d ./Core/Src/app.o
 .debug_macro   0x000000000000eaae     0x3666 ./Core/Src/app.o
 .debug_macro   0x0000000000012114       0x56 ./Core/Src/app.o
 .debug_macro   0x000000000001216a      0x416 ./Core/Src/app.o
 .debug_macro   0x0000000000012580      0x9fe ./Core/Src/app.o
 .debug_macro   0x0000000000012f7e      0x116 ./Core/Src/app.o
 .debug_macro   0x0000000000013094       0xf8 ./Core/Src/app.o
 .debug_macro   0x000000000001318c       0xa5 ./Core/Src/app.o
 .debug_macro   0x0000000000013231      0x15f ./Core/Src/app.o
 .debug_macro   0x0000000000013390      0x287 ./Core/Src/app.o
 .debug_macro   0x0000000000013617       0x5f ./Core/Src/app.o
 .debug_macro   0x0000000000013676      0x236 ./Core/Src/app.o
 .debug_macro   0x00000000000138ac      0x132 ./Core/Src/app.o
 .debug_macro   0x00000000000139de      0x264 ./Core/Src/app.o
 .debug_macro   0x0000000000013c42       0x2e ./Core/Src/app.o
 .debug_macro   0x0000000000013c70      0x11a ./Core/Src/app.o
 .debug_macro   0x0000000000013d8a       0x85 ./Core/Src/app.o
 .debug_macro   0x0000000000013e0f       0x89 ./Core/Src/app.o
 .debug_macro   0x0000000000013e98      0x295 ./Core/Src/app.o
 .debug_macro   0x000000000001412d      0x21e ./Core/Src/app.o
 .debug_macro   0x000000000001434b       0xba ./Core/Src/app.o
 .debug_macro   0x0000000000014405      0x126 ./Core/Src/app.o
 .debug_macro   0x000000000001452b       0x16 ./Core/Src/app.o
 .debug_macro   0x0000000000014541      0x112 ./Core/Src/app.o
 .debug_macro   0x0000000000014653       0x58 ./Core/Src/app.o
 .debug_macro   0x00000000000146ab      0x11e ./Core/Src/app.o
 .debug_macro   0x00000000000147c9      0x41e ./Core/Src/main.o
 .debug_macro   0x0000000000014be7       0x8e ./Core/Src/main.o
 .debug_macro   0x0000000000014c75       0x51 ./Core/Src/main.o
 .debug_macro   0x0000000000014cc6       0xdf ./Core/Src/main.o
 .debug_macro   0x0000000000014da5      0x174 ./Core/Src/main.o
 .debug_macro   0x0000000000014f19       0x5c ./Core/Src/main.o
 .debug_macro   0x0000000000014f75       0x52 ./Core/Src/main.o
 .debug_macro   0x0000000000014fc7       0x16 ./Core/Src/main.o
 .debug_macro   0x0000000000014fdd       0x35 ./Core/Src/main.o
 .debug_macro   0x0000000000015012      0x333 ./Core/Src/main.o
 .debug_macro   0x0000000000015345       0x10 ./Core/Src/main.o
 .debug_macro   0x0000000000015355       0x10 ./Core/Src/main.o
 .debug_macro   0x0000000000015365       0x1c ./Core/Src/main.o
 .debug_macro   0x0000000000015381       0x52 ./Core/Src/main.o
 .debug_macro   0x00000000000153d3       0x22 ./Core/Src/main.o
 .debug_macro   0x00000000000153f5       0x10 ./Core/Src/main.o
 .debug_macro   0x0000000000015405       0x40 ./Core/Src/main.o
 .debug_macro   0x0000000000015445       0xd5 ./Core/Src/main.o
 .debug_macro   0x000000000001551a       0x1c ./Core/Src/main.o
 .debug_macro   0x0000000000015536       0x3d ./Core/Src/main.o
 .debug_macro   0x0000000000015573       0x16 ./Core/Src/main.o
 .debug_macro   0x0000000000015589      0x145 ./Core/Src/main.o
 .debug_macro   0x00000000000156ce       0x16 ./Core/Src/main.o
 .debug_macro   0x00000000000156e4       0x20 ./Core/Src/main.o
 .debug_macro   0x0000000000015704       0x6b ./Core/Src/main.o
 .debug_macro   0x000000000001576f      0x1ef ./Core/Src/main.o
 .debug_macro   0x000000000001595e      0x233 ./Core/Src/stm32f4xx_hal_msp.o
 .debug_macro   0x0000000000015b91      0x23d ./Core/Src/stm32f4xx_it.o
 .debug_macro   0x0000000000015dce      0x1de ./Core/Src/system_stm32f4xx.o
 .debug_macro   0x0000000000015fac      0x303 ./Drivers/DeviceController/Src/DeviceController.o
 .debug_macro   0x00000000000162af      0x309 ./Drivers/GPIO/Src/GPIO.o
 .debug_macro   0x00000000000165b8      0x10c ./Drivers/GPIO/Src/GPIO.o
 .debug_macro   0x00000000000166c4      0x320 ./Drivers/Message/Src/message.o
 .debug_macro   0x00000000000169e4       0x22 ./Drivers/Message/Src/message.o
 .debug_macro   0x0000000000016a06       0x58 ./Drivers/Message/Src/message.o
 .debug_macro   0x0000000000016a5e       0x22 ./Drivers/Message/Src/message.o
 .debug_macro   0x0000000000016a80      0x1f5 ./Drivers/Message/Src/xprintf.o
 .debug_macro   0x0000000000016c75      0x23e ./Drivers/STM32F4xx_HAL_Driver/Src/stm32f4xx_hal.o
 .debug_macro   0x0000000000016eb3      0x1de ./Drivers/STM32F4xx_HAL_Driver/Src/stm32f4xx_hal_cortex.o
 .debug_macro   0x0000000000017091      0x1e4 ./Drivers/STM32F4xx_HAL_Driver/Src/stm32f4xx_hal_dma.o
 .debug_macro   0x0000000000017275      0x1e4 ./Drivers/STM32F4xx_HAL_Driver/Src/stm32f4xx_hal_gpio.o
 .debug_macro   0x0000000000017459      0x1ea ./Drivers/STM32F4xx_HAL_Driver/Src/stm32f4xx_hal_pcd.o
 .debug_macro   0x0000000000017643      0x1de ./Drivers/STM32F4xx_HAL_Driver/Src/stm32f4xx_hal_pcd_ex.o
 .debug_macro   0x0000000000017821      0x202 ./Drivers/STM32F4xx_HAL_Driver/Src/stm32f4xx_hal_rcc.o
 .debug_macro   0x0000000000017a23      0x1df ./Drivers/STM32F4xx_HAL_Driver/Src/stm32f4xx_hal_uart.o
 .debug_macro   0x0000000000017c02      0x1de ./Drivers/STM32F4xx_HAL_Driver/Src/stm32f4xx_ll_usb.o
 .debug_macro   0x0000000000017de0      0x422 ./Drivers/USBHID/Src/usbhid.o
 .debug_macro   0x0000000000018202      0x449 ./Middlewares/ST/STM32_USB_Device_Library/Class/HID/Src/usbd_hid.o
 .debug_macro   0x000000000001864b       0x97 ./Middlewares/ST/STM32_USB_Device_Library/Class/HID/Src/usbd_hid.o
 .debug_macro   0x00000000000186e2       0xfd ./Middlewares/ST/STM32_USB_Device_Library/Class/HID/Src/usbd_hid.o
 .debug_macro   0x00000000000187df       0x5e ./Middlewares/ST/STM32_USB_Device_Library/Class/HID/Src/usbd_hid.o
 .debug_macro   0x000000000001883d      0x430 ./Middlewares/ST/STM32_USB_Device_Library/Core/Src/usbd_core.o
 .debug_macro   0x0000000000018c6d      0x1f5 ./Middlewares/ST/STM32_USB_Device_Library/Core/Src/usbd_core.o
 .debug_macro   0x0000000000018e62      0x43a ./Middlewares/ST/STM32_USB_Device_Library/Core/Src/usbd_ctlreq.o
 .debug_macro   0x000000000001929c      0x436 ./Middlewares/ST/STM32_USB_Device_Library/Core/Src/usbd_ioreq.o
 .debug_macro   0x00000000000196d2      0x466 ./USB_DEVICE/App/usb_device.o
 .debug_macro   0x0000000000019b38       0x22 ./USB_DEVICE/App/usb_device.o
 .debug_macro   0x0000000000019b5a      0x473 ./USB_DEVICE/App/usbd_desc.o
 .debug_macro   0x0000000000019fcd       0x1c ./USB_DEVICE/App/usbd_desc.o
 .debug_macro   0x0000000000019fe9      0x453 ./USB_DEVICE/Target/usbd_conf.o

.debug_line     0x0000000000000000    0x16b90
 .debug_line    0x0000000000000000      0xb6d ./Core/Src/app.o
 .debug_line    0x0000000000000b6d      0xc7f ./Core/Src/main.o