main.c:79:5:main	8	static
main.c:165:6:SystemClock_Config	88	static
main.c:211:13:MX_CAN1_Init	8	static
main.c:248:13:MX_TIM2_Init	32	static
main.c:293:13:MX_USART1_UART_Init	8	static
main.c:326:13:MX_USART2_UART_Init	8	static
main.c:357:13:MX_DMA_Init	16	static
main.c:385:13:MX_GPIO_Init	48	static
main.c:478:6:HAL_UART_TxCpltCallback	16	static
main.c:484:6:HAL_CAN_RxFifo0MsgPendingCallback	16	static
main.c:487:6:HAL_CAN_TxMailboxCompleteCallback	4	static
main.c:491:6:HAL_CAN_TxMailbox0CompleteCallback	16	static
main.c:495:6:HAL_CAN_TxMailbox1CompleteCallback	16	static
main.c:499:6:HAL_CAN_TxMailbox2CompleteCallback	16	static
main.c:503:6:HAL_TIM_PeriodElapsedCallback	16	static
main.c:532:6:Error_Handler	4	static,ignoring_inline_asm
