stm32f4xx_it.c:76:6:NMI_Handler	4	static
stm32f4xx_it.c:91:6:HardFault_Handler	4	static
stm32f4xx_it.c:106:6:MemManage_Handler	4	static
stm32f4xx_it.c:121:6:BusFault_Handler	4	static
stm32f4xx_it.c:136:6:UsageFault_Handler	4	static
stm32f4xx_it.c:151:6:SVC_Handler	4	static
stm32f4xx_it.c:164:6:DebugMon_Handler	4	static
stm32f4xx_it.c:177:6:PendSV_Handler	4	static
stm32f4xx_it.c:190:6:SysTick_Handler	8	static
stm32f4xx_it.c:214:6:DMA1_Stream5_IRQHandler	8	static
stm32f4xx_it.c:228:6:DMA1_Stream6_IRQHandler	8	static
stm32f4xx_it.c:242:6:CAN1_TX_IRQHandler	8	static
stm32f4xx_it.c:256:6:CAN1_RX0_IRQHandler	8	static
stm32f4xx_it.c:270:6:CAN1_RX1_IRQHandler	8	static
stm32f4xx_it.c:284:6:CAN1_SCE_IRQHandler	8	static
stm32f4xx_it.c:298:6:TIM2_IRQHandler	8	static
stm32f4xx_it.c:312:6:USART1_IRQHandler	8	static
stm32f4xx_it.c:326:6:USART2_IRQHandler	8	static
stm32f4xx_it.c:340:6:DMA2_Stream2_IRQHandler	8	static
stm32f4xx_it.c:354:6:DMA2_Stream7_IRQHandler	8	static
