DeviceController.c:32:6:D_Slider_SystickUpdate	8	static
DeviceController.c:80:6:D_Slider_Start	16	static
DeviceController.c:103:5:D_Slider_Send	16	static
DeviceController.c:113:5:D_Slider_Receive	16	static
DeviceController.c:122:5:D_Slider_GetSensorData	16	static
DeviceController.c:130:6:D_Slider_CheckData	32	static
DeviceController.c:145:6:D_Slider_CheckSum	24	static
DeviceController.c:157:6:D_Slider_SetThreshold	24	static
DeviceController.c:163:6:D_Slider_GetTouch	24	static
DeviceController.c:173:6:D_Slider_SetColorData	56	static
DeviceController.c:249:6:D_Slider_InitColorData	24	static
DeviceController.c:273:6:D_Slider_TransitionCompletedCallBack	4	static
DeviceController.c:277:6:D_Slider_ReceptionCompletedCallBack	16	static
