DeviceController.c:35:6:D_Slider_SystickUpdate	8	static
DeviceController.c:82:6:D_Slider_Start	16	static
DeviceController.c:105:6:D_Slider_SetLighting	24	static
DeviceController.c:156:6:D_Slider_LightingUpdate	4	static
DeviceController.c:166:5:D_Slider_Send	16	static
DeviceController.c:176:5:D_Slider_Receive	16	static
DeviceController.c:185:5:D_Slider_GetSensorData	16	static
DeviceController.c:193:6:D_Slider_CheckData	32	static
DeviceController.c:208:6:D_Slider_SetColorData	56	static
DeviceController.c:285:6:D_Slider_TransitionCompletedCallBack	4	static
DeviceController.c:289:6:D_Slider_ReceptionCompletedCallBack	8	static
