main.c:81:5:main	8	static
main.c:168:6:SystemClock_Config	88	static
main.c:214:13:MX_CAN1_Init	8	static
main.c:251:13:MX_TIM2_Init	32	static
main.c:296:13:MX_TIM3_Init	64	static
main.c:367:13:MX_USART1_UART_Init	8	static
main.c:400:13:MX_USART2_UART_Init	8	static
main.c:431:13:MX_DMA_Init	16	static
main.c:459:13:MX_GPIO_Init	48	static
main.c:542:6:HAL_UART_TxCpltCallback	16	static
main.c:548:6:HAL_CAN_RxFifo0MsgPendingCallback	16	static
main.c:551:6:HAL_CAN_TxMailboxCompleteCallback	8	static
main.c:555:6:HAL_CAN_TxMailbox0CompleteCallback	16	static
main.c:559:6:HAL_CAN_TxMailbox1CompleteCallback	16	static
main.c:563:6:HAL_CAN_TxMailbox2CompleteCallback	16	static
main.c:567:6:HAL_TIM_PeriodElapsedCallback	16	static
main.c:593:6:Error_Handler	4	static,ignoring_inline_asm
