22:59:44 **** Incremental Build of configuration Debug for project GINGAAAN_1STLOTSLIDE ****
make -j3 all 
arm-none-eabi-gcc "../Drivers/DeviceController/Src/DeviceController.c" -mcpu=cortex-m4 -std=gnu11 -g3 -DDEBUG -DUSE_HAL_DRIVER -DSTM32F401xE -c -I../Core/Inc -I../Drivers/STM32F4xx_HAL_Driver/Inc -I../Drivers/STM32F4xx_HAL_Driver/Inc/Legacy -I../Drivers/CMSIS/Device/ST/STM32F4xx/Include -I../Drivers/CMSIS/Include -I../USB_DEVICE/App -I../USB_DEVICE/Target -I../Middlewares/ST/STM32_USB_Device_Library/Core/Inc -I../Middlewares/ST/STM32_USB_Device_Library/Class/HID/Inc -O0 -ffunction-sections -fdata-sections -Wall -fstack-usage -MMD -MP -MF"Drivers/DeviceController/Src/DeviceController.d" -MT"Drivers/DeviceController/Src/DeviceController.o" --specs=nano.specs -mfpu=fpv4-sp-d16 -mfloat-abi=hard -mthumb -o "Drivers/DeviceController/Src/DeviceController.o"
../Drivers/DeviceController/Src/DeviceController.c: In function 'D_Slider_SystickUpdate':
../Drivers/DeviceController/Src/DeviceController.c:68:2: warning: implicit declaration of function 'D_Slider_LightingUpdate'; did you mean 'D_Slider_SystickUpdate'? [-Wimplicit-function-declaration]
   68 |  D_Slider_LightingUpdate();
      |  ^~~~~~~~~~~~~~~~~~~~~~~
      |  D_Slider_SystickUpdate
../Drivers/DeviceController/Src/DeviceController.c: At top level:
../Drivers/DeviceController/Src/DeviceController.c:156:6: warning: conflicting types for 'D_Slider_LightingUpdate'
  156 | void D_Slider_LightingUpdate(void){
      |      ^~~~~~~~~~~~~~~~~~~~~~~
../Drivers/DeviceController/Src/DeviceController.c:68:2: note: previous implicit declaration of 'D_Slider_LightingUpdate' was here
   68 |  D_Slider_LightingUpdate();
      |  ^~~~~~~~~~~~~~~~~~~~~~~
../Drivers/DeviceController/Src/DeviceController.c: In function 'D_Slider_LightingUpdate':
../Drivers/DeviceController/Src/DeviceController.c:159:2: warning: enumeration value 'SL_NORMAL_FLASH' not handled in switch [-Wswitch]
  159 |  switch(rightLightingMode){
      |  ^~~~~~
../Drivers/DeviceController/Src/DeviceController.c:159:2: warning: enumeration value 'SL_POCKET_IN' not handled in switch [-Wswitch]
../Drivers/DeviceController/Src/DeviceController.c:159:2: warning: enumeration value 'SL_POCKET_IN_1' not handled in switch [-Wswitch]
../Drivers/DeviceController/Src/DeviceController.c:159:2: warning: enumeration value 'SL_POCKET_IN_2' not handled in switch [-Wswitch]
../Drivers/DeviceController/Src/DeviceController.c:159:2: warning: enumeration value 'SL_POCKET_IN_3' not handled in switch [-Wswitch]
../Drivers/DeviceController/Src/DeviceController.c:159:2: warning: enumeration value 'SL_POCKET_IN_4' not handled in switch [-Wswitch]
../Drivers/DeviceController/Src/DeviceController.c:159:2: warning: enumeration value 'SL_POCKET_IN_5' not handled in switch [-Wswitch]
../Drivers/DeviceController/Src/DeviceController.c:159:2: warning: enumeration value 'SL_UP_2ND' not handled in switch [-Wswitch]
../Drivers/DeviceController/Src/DeviceController.c:159:2: warning: enumeration value 'SL_UP_3RD' not handled in switch [-Wswitch]
../Drivers/DeviceController/Src/DeviceController.c:158:14: warning: unused variable 'slideColorL' [-Wunused-variable]
  158 |  static bool slideColorL[5][3] = {{false}};
      |              ^~~~~~~~~~~
../Drivers/DeviceController/Src/DeviceController.c:157:14: warning: unused variable 'slideColorR' [-Wunused-variable]
  157 |  static bool slideColorR[5][3] = {{false}};
      |              ^~~~~~~~~~~
At top level:
../Drivers/DeviceController/Src/DeviceController.c:157:14: warning: 'slideColorR' defined but not used [-Wunused-variable]
../Drivers/DeviceController/Src/DeviceController.c:158:14: warning: 'slideColorL' defined but not used [-Wunused-variable]
  158 |  static bool slideColorL[5][3] = {{false}};
      |              ^~~~~~~~~~~
../Drivers/DeviceController/Src/DeviceController.c:28:12: warning: 'receiveFaultCount' defined but not used [-Wunused-variable]
   28 | static int receiveFaultCount = 0;
      |            ^~~~~~~~~~~~~~~~~
In file included from ../Core/Inc/main.h:36,
                 from ../Drivers/DeviceController/Src/../Inc/DeviceController.h:11,
                 from ../Drivers/DeviceController/Src/DeviceController.c:7:
../Core/Inc/app.h:31:13: warning: 'SliderLEDDataL' defined but not used [-Wunused-variable]
   31 | static bool SliderLEDDataL[5][3] = {{false}};
      |             ^~~~~~~~~~~~~~
../Core/Inc/app.h:30:13: warning: 'SliderLEDDataR' defined but not used [-Wunused-variable]
   30 | static bool SliderLEDDataR[5][3] = {{false}};
      |             ^~~~~~~~~~~~~~
../Core/Inc/app.h:28:16: warning: 'SliderBarLEDData' defined but not used [-Wunused-variable]
   28 | static uint8_t SliderBarLEDData[16][3] = {{0}}; //16はない
      |                ^~~~~~~~~~~~~~~~
../Core/Inc/app.h:27:16: warning: 'SliderLEDData' defined but not used [-Wunused-variable]
   27 | static uint8_t SliderLEDData[16][3] = {{0}};
      |                ^~~~~~~~~~~~~
../Core/Inc/app.h:26:16: warning: 'TouchThreshold' defined but not used [-Wunused-variable]
   26 | static uint8_t TouchThreshold[32] = {0};
      |                ^~~~~~~~~~~~~~
../Core/Inc/app.h:25:13: warning: 'SideSegment' defined but not used [-Wunused-variable]
   25 | static bool SideSegment[6] = {false};
      |             ^~~~~~~~~~~
../Core/Inc/app.h:24:13: warning: 'TouchSegment' defined but not used [-Wunused-variable]
   24 | static bool TouchSegment[32] = {false};
      |             ^~~~~~~~~~~~
../Core/Inc/app.h:17:16: warning: 'sndData' defined but not used [-Wunused-variable]
   17 | static uint8_t sndData[8] = {0}; //CAN送信データ
      |                ^~~~~~~
../Core/Inc/app.h:16:16: warning: 'rcvData' defined but not used [-Wunused-variable]
   16 | static uint8_t rcvData[8] = {0}; //CAN受信データ
      |                ^~~~~~~
arm-none-eabi-gcc -o "GINGAAAN_1STLOTSLIDE.elf" @"objects.list"   -mcpu=cortex-m4 -T"/Users/UnknownSP/STM32CubeIDE/GINGAAAN/GINGAAAN_1STLOTSLIDE/STM32F401RETX_FLASH.ld" --specs=nosys.specs -Wl,-Map="GINGAAAN_1STLOTSLIDE.map" -Wl,--gc-sections -static --specs=nano.specs -mfpu=fpv4-sp-d16 -mfloat-abi=hard -mthumb -Wl,--start-group -lc -lm -Wl,--end-group
Finished building target: GINGAAAN_1STLOTSLIDE.elf
 
arm-none-eabi-size   GINGAAAN_1STLOTSLIDE.elf 
arm-none-eabi-objdump -h -S  GINGAAAN_1STLOTSLIDE.elf  > "GINGAAAN_1STLOTSLIDE.list"
arm-none-eabi-objcopy  -O binary  GINGAAAN_1STLOTSLIDE.elf  "GINGAAAN_1STLOTSLIDE.bin"
   text	   data	    bss	    dec	    hex	filename
  35144	    344	   5760	  41248	   a120	GINGAAAN_1STLOTSLIDE.elf
Finished building: default.size.stdout
 
Finished building: GINGAAAN_1STLOTSLIDE.bin
 
Finished building: GINGAAAN_1STLOTSLIDE.list
 

22:59:47 Build Finished. 0 errors, 25 warnings. (took 2s.924ms)

