21:24:16 **** Incremental Build of configuration Debug for project GINGAAAN_TEST ****
make -j3 all 
arm-none-eabi-gcc "../Core/Src/app.c" -mcpu=cortex-m4 -std=gnu11 -g3 -DDEBUG -DUSE_HAL_DRIVER -DSTM32F446xx -c -I../Core/Inc -I../Drivers/STM32F4xx_HAL_Driver/Inc -I../Drivers/STM32F4xx_HAL_Driver/Inc/Legacy -I../Drivers/CMSIS/Device/ST/STM32F4xx/Include -I../Drivers/CMSIS/Include -O0 -ffunction-sections -fdata-sections -Wall -fstack-usage -MMD -MP -MF"Core/Src/app.d" -MT"Core/Src/app.o" --specs=nano.specs -mfpu=fpv4-sp-d16 -mfloat-abi=hard -mthumb -o "Core/Src/app.o"
../Core/Src/app.c: In function 'appTask':
../Core/Src/app.c:45:17: warning: unused variable 'StepSpeed' [-Wunused-variable]
   45 |  static uint8_t StepSpeed[19] = {
      |                 ^~~~~~~~~
../Core/Src/app.c:41:13: warning: unused variable 'idCount' [-Wunused-variable]
   41 |  static int idCount = 8;
      |             ^~~~~~~
At top level:
../Core/Src/app.c:41:13: warning: 'idCount' defined but not used [-Wunused-variable]
../Core/Src/app.c:45:17: warning: 'StepSpeed' defined but not used [-Wunused-variable]
   45 |  static uint8_t StepSpeed[19] = {
      |                 ^~~~~~~~~
../Core/Src/app.c:201:12: warning: 'SM_CalSpeed' defined but not used [-Wunused-function]
  201 | static int SM_CalSpeed(int targetSpeed){
      |            ^~~~~~~~~~~
arm-none-eabi-gcc -o "GINGAAAN_TEST.elf" @"objects.list"   -mcpu=cortex-m4 -T"/Users/UnknownSP/STM32CubeIDE/GINGAAAN/GINGAAAN_TEST/STM32F446RETX_FLASH.ld" --specs=nosys.specs -Wl,-Map="GINGAAAN_TEST.map" -Wl,--gc-sections -static --specs=nano.specs -mfpu=fpv4-sp-d16 -mfloat-abi=hard -mthumb -Wl,--start-group -lc -lm -Wl,--end-group
Finished building target: GINGAAAN_TEST.elf
 
arm-none-eabi-size   GINGAAAN_TEST.elf 
arm-none-eabi-objdump -h -S  GINGAAAN_TEST.elf  > "GINGAAAN_TEST.list"
arm-none-eabi-objcopy  -O binary  GINGAAAN_TEST.elf  "GINGAAAN_TEST.bin"
   text	   data	    bss	    dec	    hex	filename
  28620	     44	   3604	  32268	   7e0c	GINGAAAN_TEST.elf
Finished building: default.size.stdout
 
Finished building: GINGAAAN_TEST.bin
 
Finished building: GINGAAAN_TEST.list
 

21:24:17 Build Finished. 0 errors, 5 warnings. (took 761ms)

