18:09:51 **** Incremental Build of configuration Debug for project GINGAAAN_1STLOTSLIDE ****
make -j3 all 
arm-none-eabi-gcc "../Core/Src/app.c" -mcpu=cortex-m4 -std=gnu11 -g3 -DDEBUG -DUSE_HAL_DRIVER -DSTM32F401xE -c -I../Core/Inc -I../Drivers/STM32F4xx_HAL_Driver/Inc -I../Drivers/STM32F4xx_HAL_Driver/Inc/Legacy -I../Drivers/CMSIS/Device/ST/STM32F4xx/Include -I../Drivers/CMSIS/Include -I../USB_DEVICE/App -I../USB_DEVICE/Target -I../Middlewares/ST/STM32_USB_Device_Library/Core/Inc -I../Middlewares/ST/STM32_USB_Device_Library/Class/HID/Inc -O0 -ffunction-sections -fdata-sections -Wall -fstack-usage -MMD -MP -MF"Core/Src/app.d" -MT"Core/Src/app.o" --specs=nano.specs -mfpu=fpv4-sp-d16 -mfloat-abi=hard -mthumb -o "Core/Src/app.o"
../Core/Src/app.c: In function 'appTask':
../Core/Src/app.c:173:7: warning: unused variable 'B' [-Wunused-variable]
  173 |  bool B = ((testCount>>2) & 1) == 1;
      |       ^
../Core/Src/app.c:172:7: warning: unused variable 'G' [-Wunused-variable]
  172 |  bool G = ((testCount>>1) & 1) == 1;
      |       ^
../Core/Src/app.c:171:7: warning: unused variable 'R' [-Wunused-variable]
  171 |  bool R = (testCount & 1) == 1;
      |       ^
../Core/Src/app.c:65:17: warning: unused variable 'sum' [-Wunused-variable]
   65 |  static uint8_t sum = 0;
      |                 ^~~
../Core/Src/app.c:47:13: warning: variable 'rcvJudge' set but not used [-Wunused-but-set-variable]
   47 |  static int rcvJudge[16] = {};
      |             ^~~~~~~~
../Core/Src/app.c:46:13: warning: unused variable 'retRcv' [-Wunused-variable]
   46 |  static int retRcv = 0;
      |             ^~~~~~
../Core/Src/app.c:45:13: warning: unused variable 'retSnd' [-Wunused-variable]
   45 |  static int retSnd = 0;
      |             ^~~~~~
../Core/Src/app.c:39:18: warning: unused variable 'successCount' [-Wunused-variable]
   39 |  static uint32_t successCount = 0;
      |                  ^~~~~~~~~~~~
../Core/Src/app.c:36:14: warning: unused variable '_firstSend' [-Wunused-variable]
   36 |  static bool _firstSend = false;
      |              ^~~~~~~~~~
At top level:
../Core/Src/app.c:36:14: warning: '_firstSend' defined but not used [-Wunused-variable]
../Core/Src/app.c:39:18: warning: 'successCount' defined but not used [-Wunused-variable]
   39 |  static uint32_t successCount = 0;
      |                  ^~~~~~~~~~~~
../Core/Src/app.c:45:13: warning: 'retSnd' defined but not used [-Wunused-variable]
   45 |  static int retSnd = 0;
      |             ^~~~~~
../Core/Src/app.c:46:13: warning: 'retRcv' defined but not used [-Wunused-variable]
   46 |  static int retRcv = 0;
      |             ^~~~~~
../Core/Src/app.c:65:17: warning: 'sum' defined but not used [-Wunused-variable]
   65 |  static uint8_t sum = 0;
      |                 ^~~
../Core/Src/app.c:469:13: warning: 'IO_Read' defined but not used [-Wunused-function]
  469 | static bool IO_Read(uint8_t sensor){
      |             ^~~~~~~
In file included from ../Core/Src/app.c:11:
../Core/Inc/app.h:28:16: warning: 'SliderBarLEDData' defined but not used [-Wunused-variable]
   28 | static uint8_t SliderBarLEDData[16][3] = {{0}}; //16はない
      |                ^~~~~~~~~~~~~~~~
../Core/Inc/app.h:27:16: warning: 'SliderLEDData' defined but not used [-Wunused-variable]
   27 | static uint8_t SliderLEDData[16][3] = {{0}};
      |                ^~~~~~~~~~~~~
../Core/Inc/app.h:26:16: warning: 'TouchThreshold' defined but not used [-Wunused-variable]
   26 | static uint8_t TouchThreshold[32] = {0};
      |                ^~~~~~~~~~~~~~
../Core/Inc/app.h:25:13: warning: 'SideSegment' defined but not used [-Wunused-variable]
   25 | static bool SideSegment[6] = {false};
      |             ^~~~~~~~~~~
../Core/Inc/app.h:24:13: warning: 'TouchSegment' defined but not used [-Wunused-variable]
   24 | static bool TouchSegment[32] = {false};
      |             ^~~~~~~~~~~~
../Core/Inc/app.h:17:16: warning: 'sndData' defined but not used [-Wunused-variable]
   17 | static uint8_t sndData[8] = {0}; //CAN送信データ
      |                ^~~~~~~
../Core/Inc/app.h:16:16: warning: 'rcvData' defined but not used [-Wunused-variable]
   16 | static uint8_t rcvData[8] = {0}; //CAN受信データ
      |                ^~~~~~~
arm-none-eabi-gcc -o "GINGAAAN_1STLOTSLIDE.elf" @"objects.list"   -mcpu=cortex-m4 -T"/Users/UnknownSP/STM32CubeIDE/GINGAAAN/GINGAAAN_1STLOTSLIDE/STM32F401RETX_FLASH.ld" --specs=nosys.specs -Wl,-Map="GINGAAAN_1STLOTSLIDE.map" -Wl,--gc-sections -static --specs=nano.specs -mfpu=fpv4-sp-d16 -mfloat-abi=hard -mthumb -Wl,--start-group -lc -lm -Wl,--end-group
Finished building target: GINGAAAN_1STLOTSLIDE.elf
 
arm-none-eabi-size   GINGAAAN_1STLOTSLIDE.elf 
arm-none-eabi-objdump -h -S  GINGAAAN_1STLOTSLIDE.elf  > "GINGAAAN_1STLOTSLIDE.list"
arm-none-eabi-objcopy  -O binary  GINGAAAN_1STLOTSLIDE.elf  "GINGAAAN_1STLOTSLIDE.bin"
   text	   data	    bss	    dec	    hex	filename
  37500	    372	   5828	  43700	   aab4	GINGAAAN_1STLOTSLIDE.elf
Finished building: default.size.stdout
 
Finished building: GINGAAAN_1STLOTSLIDE.bin
 
Finished building: GINGAAAN_1STLOTSLIDE.list
 
18:14:03 **** Incremental Build of configuration Debug for project GINGAAAN_1STLOTSLIDE ****
make -j3 all 
arm-none-eabi-gcc "../Drivers/DeviceController/Src/DeviceController.c" -mcpu=cortex-m4 -std=gnu11 -g3 -DDEBUG -DUSE_HAL_DRIVER -DSTM32F401xE -c -I../Core/Inc -I../Drivers/STM32F4xx_HAL_Driver/Inc -I../Drivers/STM32F4xx_HAL_Driver/Inc/Legacy -I../Drivers/CMSIS/Device/ST/STM32F4xx/Include -I../Drivers/CMSIS/Include -I../USB_DEVICE/App -I../USB_DEVICE/Target -I../Middlewares/ST/STM32_USB_Device_Library/Core/Inc -I../Middlewares/ST/STM32_USB_Device_Library/Class/HID/Inc -O0 -ffunction-sections -fdata-sections -Wall -fstack-usage -MMD -MP -MF"Drivers/DeviceController/Src/DeviceController.d" -MT"Drivers/DeviceController/Src/DeviceController.o" --specs=nano.specs -mfpu=fpv4-sp-d16 -mfloat-abi=hard -mthumb -o "Drivers/DeviceController/Src/DeviceController.o"
arm-none-eabi-gcc "../Core/Src/app.c" -mcpu=cortex-m4 -std=gnu11 -g3 -DDEBUG -DUSE_HAL_DRIVER -DSTM32F401xE -c -I../Core/Inc -I../Drivers/STM32F4xx_HAL_Driver/Inc -I../Drivers/STM32F4xx_HAL_Driver/Inc/Legacy -I../Drivers/CMSIS/Device/ST/STM32F4xx/Include -I../Drivers/CMSIS/Include -I../USB_DEVICE/App -I../USB_DEVICE/Target -I../Middlewares/ST/STM32_USB_Device_Library/Core/Inc -I../Middlewares/ST/STM32_USB_Device_Library/Class/HID/Inc -O0 -ffunction-sections -fdata-sections -Wall -fstack-usage -MMD -MP -MF"Core/Src/app.d" -MT"Core/Src/app.o" --specs=nano.specs -mfpu=fpv4-sp-d16 -mfloat-abi=hard -mthumb -o "Core/Src/app.o"
../Core/Src/app.c: In function 'appTask':
../Core/Src/app.c:210:14: warning: unused variable '_firstL' [-Wunused-variable]
  210 |  static bool _firstL = false;
      |              ^~~~~~~
../Core/Src/app.c:209:14: warning: unused variable '_firstR' [-Wunused-variable]
  209 |  static bool _firstR = false;
      |              ^~~~~~~
../Core/Src/app.c:173:7: warning: unused variable 'B' [-Wunused-variable]
  173 |  bool B = ((testCount>>2) & 1) == 1;
      |       ^
../Core/Src/app.c:172:7: warning: unused variable 'G' [-Wunused-variable]
  172 |  bool G = ((testCount>>1) & 1) == 1;
      |       ^
../Core/Src/app.c:171:7: warning: unused variable 'R' [-Wunused-variable]
  171 |  bool R = (testCount & 1) == 1;
      |       ^
../Core/Src/app.c:65:17: warning: unused variable 'sum' [-Wunused-variable]
   65 |  static uint8_t sum = 0;
      |                 ^~~
../Core/Src/app.c:47:13: warning: variable 'rcvJudge' set but not used [-Wunused-but-set-variable]
   47 |  static int rcvJudge[16] = {};
      |             ^~~~~~~~
../Core/Src/app.c:46:13: warning: unused variable 'retRcv' [-Wunused-variable]
   46 |  static int retRcv = 0;
      |             ^~~~~~
../Core/Src/app.c:45:13: warning: unused variable 'retSnd' [-Wunused-variable]
   45 |  static int retSnd = 0;
      |             ^~~~~~
../Core/Src/app.c:39:18: warning: unused variable 'successCount' [-Wunused-variable]
   39 |  static uint32_t successCount = 0;
      |                  ^~~~~~~~~~~~
../Core/Src/app.c:36:14: warning: unused variable '_firstSend' [-Wunused-variable]
   36 |  static bool _firstSend = false;
      |              ^~~~~~~~~~
../Drivers/DeviceController/Src/DeviceController.c: In function 'D_Slider_LightingUpdate':
../Drivers/DeviceController/Src/DeviceController.c:176:3: warning: enumeration value 'SL_POCKET_IN' not handled in switch [-Wswitch]
  176 |   switch(LightingMode[side]){
      |   ^~~~~~
../Drivers/DeviceController/Src/DeviceController.c:176:3: warning: enumeration value 'SL_POCKET_IN_UP' not handled in switch [-Wswitch]
../Drivers/DeviceController/Src/DeviceController.c:176:3: warning: enumeration value 'SL_POCKET_IN_DIA' not handled in switch [-Wswitch]
../Drivers/DeviceController/Src/DeviceController.c:176:3: warning: enumeration value 'SL_UP_3RD' not handled in switch [-Wswitch]
../Drivers/DeviceController/Src/DeviceController.c: In function 'D_Slider_GetPocketR':
../Drivers/DeviceController/Src/DeviceController.c:277:2: warning: braces around scalar initializer
  277 |  static int recentSensorCount[5] = {{0}};
      |  ^~~~~~
../Drivers/DeviceController/Src/DeviceController.c:277:2: note: (near initialization for 'recentSensorCount[0]')
../Drivers/DeviceController/Src/DeviceController.c: In function 'D_Slider_GetPocketL':
../Drivers/DeviceController/Src/DeviceController.c:293:2: warning: braces around scalar initializer
  293 |  static int recentSensorCount[5] = {{0}};
      |  ^~~~~~
../Drivers/DeviceController/Src/DeviceController.c:293:2: note: (near initialization for 'recentSensorCount[0]')
At top level:
../Core/Src/app.c:36:14: warning: '_firstSend' defined but not used [-Wunused-variable]
../Core/Src/app.c:39:18: warning: 'successCount' defined but not used [-Wunused-variable]
   39 |  static uint32_t successCount = 0;
      |                  ^~~~~~~~~~~~
../Core/Src/app.c:45:13: warning: 'retSnd' defined but not used [-Wunused-variable]
   45 |  static int retSnd = 0;
      |             ^~~~~~
../Core/Src/app.c:46:13: warning: 'retRcv' defined but not used [-Wunused-variable]
   46 |  static int retRcv = 0;
      |             ^~~~~~
../Core/Src/app.c:65:17: warning: 'sum' defined but not used [-Wunused-variable]
   65 |  static uint8_t sum = 0;
      |                 ^~~
../Core/Src/app.c:209:14: warning: '_firstR' defined but not used [-Wunused-variable]
  209 |  static bool _firstR = false;
      |              ^~~~~~~
../Core/Src/app.c:210:14: warning: '_firstL' defined but not used [-Wunused-variable]
  210 |  static bool _firstL = false;
      |              ^~~~~~~
../Core/Src/app.c:478:13: warning: 'IO_Read' defined but not used [-Wunused-function]
  478 | static bool IO_Read(uint8_t sensor){
      |             ^~~~~~~
In file included from ../Core/Src/app.c:11:
../Core/Inc/app.h:28:16: warning: 'SliderBarLEDData' defined but not used [-Wunused-variable]
   28 | static uint8_t SliderBarLEDData[16][3] = {{0}}; //16はない
      |                ^~~~~~~~~~~~~~~~
../Core/Inc/app.h:27:16: warning: 'SliderLEDData' defined but not used [-Wunused-variable]
   27 | static uint8_t SliderLEDData[16][3] = {{0}};
      |                ^~~~~~~~~~~~~
../Core/Inc/app.h:26:16: warning: 'TouchThreshold' defined but not used [-Wunused-variable]
   26 | static uint8_t TouchThreshold[32] = {0};
      |                ^~~~~~~~~~~~~~
../Core/Inc/app.h:25:13: warning: 'SideSegment' defined but not used [-Wunused-variable]
   25 | static bool SideSegment[6] = {false};
      |             ^~~~~~~~~~~
../Core/Inc/app.h:24:13: warning: 'TouchSegment' defined but not used [-Wunused-variable]
   24 | static bool TouchSegment[32] = {false};
      |             ^~~~~~~~~~~~
../Core/Inc/app.h:17:16: warning: 'sndData' defined but not used [-Wunused-variable]
   17 | static uint8_t sndData[8] = {0}; //CAN送信データ
      |                ^~~~~~~
../Core/Inc/app.h:16:16: warning: 'rcvData' defined but not used [-Wunused-variable]
   16 | static uint8_t rcvData[8] = {0}; //CAN受信データ
      |                ^~~~~~~
At top level:
../Drivers/DeviceController/Src/DeviceController.c:27:12: warning: 'receiveFaultCount' defined but not used [-Wunused-variable]
   27 | static int receiveFaultCount = 0;
      |            ^~~~~~~~~~~~~~~~~
In file included from ../Core/Inc/main.h:36,
                 from ../Drivers/DeviceController/Src/../Inc/DeviceController.h:11,
                 from ../Drivers/DeviceController/Src/DeviceController.c:7:
../Core/Inc/app.h:31:13: warning: 'SliderLEDDataL' defined but not used [-Wunused-variable]
   31 | static bool SliderLEDDataL[5][3] = {{false}};
      |             ^~~~~~~~~~~~~~
../Core/Inc/app.h:30:13: warning: 'SliderLEDDataR' defined but not used [-Wunused-variable]
   30 | static bool SliderLEDDataR[5][3] = {{false}};
      |             ^~~~~~~~~~~~~~
../Core/Inc/app.h:28:16: warning: 'SliderBarLEDData' defined but not used [-Wunused-variable]
   28 | static uint8_t SliderBarLEDData[16][3] = {{0}}; //16はない
      |                ^~~~~~~~~~~~~~~~
../Core/Inc/app.h:27:16: warning: 'SliderLEDData' defined but not used [-Wunused-variable]
   27 | static uint8_t SliderLEDData[16][3] = {{0}};
      |                ^~~~~~~~~~~~~
../Core/Inc/app.h:26:16: warning: 'TouchThreshold' defined but not used [-Wunused-variable]
   26 | static uint8_t TouchThreshold[32] = {0};
      |                ^~~~~~~~~~~~~~
../Core/Inc/app.h:25:13: warning: 'SideSegment' defined but not used [-Wunused-variable]
   25 | static bool SideSegment[6] = {false};
      |             ^~~~~~~~~~~
../Core/Inc/app.h:24:13: warning: 'TouchSegment' defined but not used [-Wunused-variable]
   24 | static bool TouchSegment[32] = {false};
      |             ^~~~~~~~~~~~
../Core/Inc/app.h:17:16: warning: 'sndData' defined but not used [-Wunused-variable]
   17 | static uint8_t sndData[8] = {0}; //CAN送信データ
      |                ^~~~~~~
../Core/Inc/app.h:16:16: warning: 'rcvData' defined but not used [-Wunused-variable]
   16 | static uint8_t rcvData[8] = {0}; //CAN受信データ
      |                ^~~~~~~
arm-none-eabi-gcc -o "GINGAAAN_1STLOTSLIDE.elf" @"objects.list"   -mcpu=cortex-m4 -T"/Users/UnknownSP/STM32CubeIDE/GINGAAAN/GINGAAAN_1STLOTSLIDE/STM32F401RETX_FLASH.ld" --specs=nosys.specs -Wl,-Map="GINGAAAN_1STLOTSLIDE.map" -Wl,--gc-sections -static --specs=nano.specs -mfpu=fpv4-sp-d16 -mfloat-abi=hard -mthumb -Wl,--start-group -lc -lm -Wl,--end-group
Finished building target: GINGAAAN_1STLOTSLIDE.elf
 
arm-none-eabi-size   GINGAAAN_1STLOTSLIDE.elf 
arm-none-eabi-objdump -h -S  GINGAAAN_1STLOTSLIDE.elf  > "GINGAAAN_1STLOTSLIDE.list"
arm-none-eabi-objcopy  -O binary  GINGAAAN_1STLOTSLIDE.elf  "GINGAAAN_1STLOTSLIDE.bin"
   text	   data	    bss	    dec	    hex	filename
  37628	    384	   5872	  43884	   ab6c	GINGAAAN_1STLOTSLIDE.elf
Finished building: default.size.stdout
 
Finished building: GINGAAAN_1STLOTSLIDE.bin
 
Finished building: GINGAAAN_1STLOTSLIDE.list
 
18:24:15 **** Incremental Build of configuration Debug for project GINGAAAN_1STLOTSLIDE ****
make -j3 all 
arm-none-eabi-gcc "../Drivers/DeviceController/Src/DeviceController.c" -mcpu=cortex-m4 -std=gnu11 -g3 -DDEBUG -DUSE_HAL_DRIVER -DSTM32F401xE -c -I../Core/Inc -I../Drivers/STM32F4xx_HAL_Driver/Inc -I../Drivers/STM32F4xx_HAL_Driver/Inc/Legacy -I../Drivers/CMSIS/Device/ST/STM32F4xx/Include -I../Drivers/CMSIS/Include -I../USB_DEVICE/App -I../USB_DEVICE/Target -I../Middlewares/ST/STM32_USB_Device_Library/Core/Inc -I../Middlewares/ST/STM32_USB_Device_Library/Class/HID/Inc -O0 -ffunction-sections -fdata-sections -Wall -fstack-usage -MMD -MP -MF"Drivers/DeviceController/Src/DeviceController.d" -MT"Drivers/DeviceController/Src/DeviceController.o" --specs=nano.specs -mfpu=fpv4-sp-d16 -mfloat-abi=hard -mthumb -o "Drivers/DeviceController/Src/DeviceController.o"
../Drivers/DeviceController/Src/DeviceController.c: In function 'D_Slider_LightingUpdate':
../Drivers/DeviceController/Src/DeviceController.c:176:3: warning: enumeration value 'SL_POCKET_IN' not handled in switch [-Wswitch]
  176 |   switch(LightingMode[side]){
      |   ^~~~~~
../Drivers/DeviceController/Src/DeviceController.c:176:3: warning: enumeration value 'SL_POCKET_IN_UP' not handled in switch [-Wswitch]
../Drivers/DeviceController/Src/DeviceController.c:176:3: warning: enumeration value 'SL_UP_3RD' not handled in switch [-Wswitch]
../Drivers/DeviceController/Src/DeviceController.c: In function 'D_Slider_GetPocketR':
../Drivers/DeviceController/Src/DeviceController.c:340:2: warning: braces around scalar initializer
  340 |  static int recentSensorCount[5] = {{0}};
      |  ^~~~~~
../Drivers/DeviceController/Src/DeviceController.c:340:2: note: (near initialization for 'recentSensorCount[0]')
../Drivers/DeviceController/Src/DeviceController.c: In function 'D_Slider_GetPocketL':
../Drivers/DeviceController/Src/DeviceController.c:356:2: warning: braces around scalar initializer
  356 |  static int recentSensorCount[5] = {{0}};
      |  ^~~~~~
../Drivers/DeviceController/Src/DeviceController.c:356:2: note: (near initialization for 'recentSensorCount[0]')
At top level:
../Drivers/DeviceController/Src/DeviceController.c:27:12: warning: 'receiveFaultCount' defined but not used [-Wunused-variable]
   27 | static int receiveFaultCount = 0;
      |            ^~~~~~~~~~~~~~~~~
In file included from ../Core/Inc/main.h:36,
                 from ../Drivers/DeviceController/Src/../Inc/DeviceController.h:11,
                 from ../Drivers/DeviceController/Src/DeviceController.c:7:
../Core/Inc/app.h:31:13: warning: 'SliderLEDDataL' defined but not used [-Wunused-variable]
   31 | static bool SliderLEDDataL[5][3] = {{false}};
      |             ^~~~~~~~~~~~~~
../Core/Inc/app.h:30:13: warning: 'SliderLEDDataR' defined but not used [-Wunused-variable]
   30 | static bool SliderLEDDataR[5][3] = {{false}};
      |             ^~~~~~~~~~~~~~
../Core/Inc/app.h:28:16: warning: 'SliderBarLEDData' defined but not used [-Wunused-variable]
   28 | static uint8_t SliderBarLEDData[16][3] = {{0}}; //16はない
      |                ^~~~~~~~~~~~~~~~
../Core/Inc/app.h:27:16: warning: 'SliderLEDData' defined but not used [-Wunused-variable]
   27 | static uint8_t SliderLEDData[16][3] = {{0}};
      |                ^~~~~~~~~~~~~
../Core/Inc/app.h:26:16: warning: 'TouchThreshold' defined but not used [-Wunused-variable]
   26 | static uint8_t TouchThreshold[32] = {0};
      |                ^~~~~~~~~~~~~~
../Core/Inc/app.h:25:13: warning: 'SideSegment' defined but not used [-Wunused-variable]
   25 | static bool SideSegment[6] = {false};
      |             ^~~~~~~~~~~
../Core/Inc/app.h:24:13: warning: 'TouchSegment' defined but not used [-Wunused-variable]
   24 | static bool TouchSegment[32] = {false};
      |             ^~~~~~~~~~~~
../Core/Inc/app.h:17:16: warning: 'sndData' defined but not used [-Wunused-variable]
   17 | static uint8_t sndData[8] = {0}; //CAN送信データ
      |                ^~~~~~~
../Core/Inc/app.h:16:16: warning: 'rcvData' defined but not used [-Wunused-variable]
   16 | static uint8_t rcvData[8] = {0}; //CAN受信データ
      |                ^~~~~~~
arm-none-eabi-gcc -o "GINGAAAN_1STLOTSLIDE.elf" @"objects.list"   -mcpu=cortex-m4 -T"/Users/UnknownSP/STM32CubeIDE/GINGAAAN/GINGAAAN_1STLOTSLIDE/STM32F401RETX_FLASH.ld" --specs=nosys.specs -Wl,-Map="GINGAAAN_1STLOTSLIDE.map" -Wl,--gc-sections -static --specs=nano.specs -mfpu=fpv4-sp-d16 -mfloat-abi=hard -mthumb -Wl,--start-group -lc -lm -Wl,--end-group
Finished building target: GINGAAAN_1STLOTSLIDE.elf
 
arm-none-eabi-size   GINGAAAN_1STLOTSLIDE.elf 
arm-none-eabi-objdump -h -S  GINGAAAN_1STLOTSLIDE.elf  > "GINGAAAN_1STLOTSLIDE.list"
arm-none-eabi-objcopy  -O binary  GINGAAAN_1STLOTSLIDE.elf  "GINGAAAN_1STLOTSLIDE.bin"
   text	   data	    bss	    dec	    hex	filename
  39000	    384	   5872	  45256	   b0c8	GINGAAAN_1STLOTSLIDE.elf
Finished building: default.size.stdout
 
Finished building: GINGAAAN_1STLOTSLIDE.bin
 
Finished building: GINGAAAN_1STLOTSLIDE.list
 
18:25:47 **** Incremental Build of configuration Debug for project GINGAAAN_1STLOTSLIDE ****
make -j3 all 
arm-none-eabi-gcc "../Drivers/DeviceController/Src/DeviceController.c" -mcpu=cortex-m4 -std=gnu11 -g3 -DDEBUG -DUSE_HAL_DRIVER -DSTM32F401xE -c -I../Core/Inc -I../Drivers/STM32F4xx_HAL_Driver/Inc -I../Drivers/STM32F4xx_HAL_Driver/Inc/Legacy -I../Drivers/CMSIS/Device/ST/STM32F4xx/Include -I../Drivers/CMSIS/Include -I../USB_DEVICE/App -I../USB_DEVICE/Target -I../Middlewares/ST/STM32_USB_Device_Library/Core/Inc -I../Middlewares/ST/STM32_USB_Device_Library/Class/HID/Inc -O0 -ffunction-sections -fdata-sections -Wall -fstack-usage -MMD -MP -MF"Drivers/DeviceController/Src/DeviceController.d" -MT"Drivers/DeviceController/Src/DeviceController.o" --specs=nano.specs -mfpu=fpv4-sp-d16 -mfloat-abi=hard -mthumb -o "Drivers/DeviceController/Src/DeviceController.o"
../Drivers/DeviceController/Src/DeviceController.c: In function 'D_Slider_LightingUpdate':
../Drivers/DeviceController/Src/DeviceController.c:176:3: warning: enumeration value 'SL_POCKET_IN' not handled in switch [-Wswitch]
  176 |   switch(LightingMode[side]){
      |   ^~~~~~
../Drivers/DeviceController/Src/DeviceController.c:176:3: warning: enumeration value 'SL_POCKET_IN_UP' not handled in switch [-Wswitch]
../Drivers/DeviceController/Src/DeviceController.c:176:3: warning: enumeration value 'SL_UP_3RD' not handled in switch [-Wswitch]
../Drivers/DeviceController/Src/DeviceController.c: In function 'D_Slider_GetPocketR':
../Drivers/DeviceController/Src/DeviceController.c:340:2: warning: braces around scalar initializer
  340 |  static int recentSensorCount[5] = {{0}};
      |  ^~~~~~
../Drivers/DeviceController/Src/DeviceController.c:340:2: note: (near initialization for 'recentSensorCount[0]')
../Drivers/DeviceController/Src/DeviceController.c: In function 'D_Slider_GetPocketL':
../Drivers/DeviceController/Src/DeviceController.c:356:2: warning: braces around scalar initializer
  356 |  static int recentSensorCount[5] = {{0}};
      |  ^~~~~~
../Drivers/DeviceController/Src/DeviceController.c:356:2: note: (near initialization for 'recentSensorCount[0]')
At top level:
../Drivers/DeviceController/Src/DeviceController.c:27:12: warning: 'receiveFaultCount' defined but not used [-Wunused-variable]
   27 | static int receiveFaultCount = 0;
      |            ^~~~~~~~~~~~~~~~~
In file included from ../Core/Inc/main.h:36,
                 from ../Drivers/DeviceController/Src/../Inc/DeviceController.h:11,
                 from ../Drivers/DeviceController/Src/DeviceController.c:7:
../Core/Inc/app.h:31:13: warning: 'SliderLEDDataL' defined but not used [-Wunused-variable]
   31 | static bool SliderLEDDataL[5][3] = {{false}};
      |             ^~~~~~~~~~~~~~
../Core/Inc/app.h:30:13: warning: 'SliderLEDDataR' defined but not used [-Wunused-variable]
   30 | static bool SliderLEDDataR[5][3] = {{false}};
      |             ^~~~~~~~~~~~~~
../Core/Inc/app.h:28:16: warning: 'SliderBarLEDData' defined but not used [-Wunused-variable]
   28 | static uint8_t SliderBarLEDData[16][3] = {{0}}; //16はない
      |                ^~~~~~~~~~~~~~~~
../Core/Inc/app.h:27:16: warning: 'SliderLEDData' defined but not used [-Wunused-variable]
   27 | static uint8_t SliderLEDData[16][3] = {{0}};
      |                ^~~~~~~~~~~~~
../Core/Inc/app.h:26:16: warning: 'TouchThreshold' defined but not used [-Wunused-variable]
   26 | static uint8_t TouchThreshold[32] = {0};
      |                ^~~~~~~~~~~~~~
../Core/Inc/app.h:25:13: warning: 'SideSegment' defined but not used [-Wunused-variable]
   25 | static bool SideSegment[6] = {false};
      |             ^~~~~~~~~~~
../Core/Inc/app.h:24:13: warning: 'TouchSegment' defined but not used [-Wunused-variable]
   24 | static bool TouchSegment[32] = {false};
      |             ^~~~~~~~~~~~
../Core/Inc/app.h:17:16: warning: 'sndData' defined but not used [-Wunused-variable]
   17 | static uint8_t sndData[8] = {0}; //CAN送信データ
      |                ^~~~~~~
../Core/Inc/app.h:16:16: warning: 'rcvData' defined but not used [-Wunused-variable]
   16 | static uint8_t rcvData[8] = {0}; //CAN受信データ
      |                ^~~~~~~
arm-none-eabi-gcc -o "GINGAAAN_1STLOTSLIDE.elf" @"objects.list"   -mcpu=cortex-m4 -T"/Users/UnknownSP/STM32CubeIDE/GINGAAAN/GINGAAAN_1STLOTSLIDE/STM32F401RETX_FLASH.ld" --specs=nosys.specs -Wl,-Map="GINGAAAN_1STLOTSLIDE.map" -Wl,--gc-sections -static --specs=nano.specs -mfpu=fpv4-sp-d16 -mfloat-abi=hard -mthumb -Wl,--start-group -lc -lm -Wl,--end-group
Finished building target: GINGAAAN_1STLOTSLIDE.elf
 
arm-none-eabi-size   GINGAAAN_1STLOTSLIDE.elf 
arm-none-eabi-objdump -h -S  GINGAAAN_1STLOTSLIDE.elf  > "GINGAAAN_1STLOTSLIDE.list"
arm-none-eabi-objcopy  -O binary  GINGAAAN_1STLOTSLIDE.elf  "GINGAAAN_1STLOTSLIDE.bin"
   text	   data	    bss	    dec	    hex	filename
  38996	    384	   5872	  45252	   b0c4	GINGAAAN_1STLOTSLIDE.elf
Finished building: default.size.stdout
 
Finished building: GINGAAAN_1STLOTSLIDE.bin
 
Finished building: GINGAAAN_1STLOTSLIDE.list
 
18:27:56 **** Incremental Build of configuration Debug for project GINGAAAN_1STLOTSLIDE ****
make -j3 all 
arm-none-eabi-gcc "../Drivers/DeviceController/Src/DeviceController.c" -mcpu=cortex-m4 -std=gnu11 -g3 -DDEBUG -DUSE_HAL_DRIVER -DSTM32F401xE -c -I../Core/Inc -I../Drivers/STM32F4xx_HAL_Driver/Inc -I../Drivers/STM32F4xx_HAL_Driver/Inc/Legacy -I../Drivers/CMSIS/Device/ST/STM32F4xx/Include -I../Drivers/CMSIS/Include -I../USB_DEVICE/App -I../USB_DEVICE/Target -I../Middlewares/ST/STM32_USB_Device_Library/Core/Inc -I../Middlewares/ST/STM32_USB_Device_Library/Class/HID/Inc -O0 -ffunction-sections -fdata-sections -Wall -fstack-usage -MMD -MP -MF"Drivers/DeviceController/Src/DeviceController.d" -MT"Drivers/DeviceController/Src/DeviceController.o" --specs=nano.specs -mfpu=fpv4-sp-d16 -mfloat-abi=hard -mthumb -o "Drivers/DeviceController/Src/DeviceController.o"
../Drivers/DeviceController/Src/DeviceController.c: In function 'D_Slider_LightingUpdate':
../Drivers/DeviceController/Src/DeviceController.c:176:3: warning: enumeration value 'SL_POCKET_IN' not handled in switch [-Wswitch]
  176 |   switch(LightingMode[side]){
      |   ^~~~~~
../Drivers/DeviceController/Src/DeviceController.c:176:3: warning: enumeration value 'SL_POCKET_IN_UP' not handled in switch [-Wswitch]
../Drivers/DeviceController/Src/DeviceController.c:176:3: warning: enumeration value 'SL_UP_3RD' not handled in switch [-Wswitch]
../Drivers/DeviceController/Src/DeviceController.c: In function 'D_Slider_GetPocketR':
../Drivers/DeviceController/Src/DeviceController.c:340:2: warning: braces around scalar initializer
  340 |  static int recentSensorCount[5] = {{0}};
      |  ^~~~~~
../Drivers/DeviceController/Src/DeviceController.c:340:2: note: (near initialization for 'recentSensorCount[0]')
../Drivers/DeviceController/Src/DeviceController.c: In function 'D_Slider_GetPocketL':
../Drivers/DeviceController/Src/DeviceController.c:356:2: warning: braces around scalar initializer
  356 |  static int recentSensorCount[5] = {{0}};
      |  ^~~~~~
../Drivers/DeviceController/Src/DeviceController.c:356:2: note: (near initialization for 'recentSensorCount[0]')
At top level:
../Drivers/DeviceController/Src/DeviceController.c:27:12: warning: 'receiveFaultCount' defined but not used [-Wunused-variable]
   27 | static int receiveFaultCount = 0;
      |            ^~~~~~~~~~~~~~~~~
In file included from ../Core/Inc/main.h:36,
                 from ../Drivers/DeviceController/Src/../Inc/DeviceController.h:11,
                 from ../Drivers/DeviceController/Src/DeviceController.c:7:
../Core/Inc/app.h:31:13: warning: 'SliderLEDDataL' defined but not used [-Wunused-variable]
   31 | static bool SliderLEDDataL[5][3] = {{false}};
      |             ^~~~~~~~~~~~~~
../Core/Inc/app.h:30:13: warning: 'SliderLEDDataR' defined but not used [-Wunused-variable]
   30 | static bool SliderLEDDataR[5][3] = {{false}};
      |             ^~~~~~~~~~~~~~
../Core/Inc/app.h:28:16: warning: 'SliderBarLEDData' defined but not used [-Wunused-variable]
   28 | static uint8_t SliderBarLEDData[16][3] = {{0}}; //16はない
      |                ^~~~~~~~~~~~~~~~
../Core/Inc/app.h:27:16: warning: 'SliderLEDData' defined but not used [-Wunused-variable]
   27 | static uint8_t SliderLEDData[16][3] = {{0}};
      |                ^~~~~~~~~~~~~
../Core/Inc/app.h:26:16: warning: 'TouchThreshold' defined but not used [-Wunused-variable]
   26 | static uint8_t TouchThreshold[32] = {0};
      |                ^~~~~~~~~~~~~~
../Core/Inc/app.h:25:13: warning: 'SideSegment' defined but not used [-Wunused-variable]
   25 | static bool SideSegment[6] = {false};
      |             ^~~~~~~~~~~
../Core/Inc/app.h:24:13: warning: 'TouchSegment' defined but not used [-Wunused-variable]
   24 | static bool TouchSegment[32] = {false};
      |             ^~~~~~~~~~~~
../Core/Inc/app.h:17:16: warning: 'sndData' defined but not used [-Wunused-variable]
   17 | static uint8_t sndData[8] = {0}; //CAN送信データ
      |                ^~~~~~~
../Core/Inc/app.h:16:16: warning: 'rcvData' defined but not used [-Wunused-variable]
   16 | static uint8_t rcvData[8] = {0}; //CAN受信データ
      |                ^~~~~~~
arm-none-eabi-gcc -o "GINGAAAN_1STLOTSLIDE.elf" @"objects.list"   -mcpu=cortex-m4 -T"/Users/UnknownSP/STM32CubeIDE/GINGAAAN/GINGAAAN_1STLOTSLIDE/STM32F401RETX_FLASH.ld" --specs=nosys.specs -Wl,-Map="GINGAAAN_1STLOTSLIDE.map" -Wl,--gc-sections -static --specs=nano.specs -mfpu=fpv4-sp-d16 -mfloat-abi=hard -mthumb -Wl,--start-group -lc -lm -Wl,--end-group
Finished building target: GINGAAAN_1STLOTSLIDE.elf
 
arm-none-eabi-size   GINGAAAN_1STLOTSLIDE.elf 
arm-none-eabi-objdump -h -S  GINGAAAN_1STLOTSLIDE.elf  > "GINGAAAN_1STLOTSLIDE.list"
arm-none-eabi-objcopy  -O binary  GINGAAAN_1STLOTSLIDE.elf  "GINGAAAN_1STLOTSLIDE.bin"
   text	   data	    bss	    dec	    hex	filename
  38992	    384	   5872	  45248	   b0c0	GINGAAAN_1STLOTSLIDE.elf
Finished building: default.size.stdout
 
Finished building: GINGAAAN_1STLOTSLIDE.bin
 
Finished building: GINGAAAN_1STLOTSLIDE.list
 
18:41:38 **** Incremental Build of configuration Debug for project GINGAAAN_1STLOTSLIDE ****
make -j3 all 
arm-none-eabi-gcc "../Drivers/DeviceController/Src/DeviceController.c" -mcpu=cortex-m4 -std=gnu11 -g3 -DDEBUG -DUSE_HAL_DRIVER -DSTM32F401xE -c -I../Core/Inc -I../Drivers/STM32F4xx_HAL_Driver/Inc -I../Drivers/STM32F4xx_HAL_Driver/Inc/Legacy -I../Drivers/CMSIS/Device/ST/STM32F4xx/Include -I../Drivers/CMSIS/Include -I../USB_DEVICE/App -I../USB_DEVICE/Target -I../Middlewares/ST/STM32_USB_Device_Library/Core/Inc -I../Middlewares/ST/STM32_USB_Device_Library/Class/HID/Inc -O0 -ffunction-sections -fdata-sections -Wall -fstack-usage -MMD -MP -MF"Drivers/DeviceController/Src/DeviceController.d" -MT"Drivers/DeviceController/Src/DeviceController.o" --specs=nano.specs -mfpu=fpv4-sp-d16 -mfloat-abi=hard -mthumb -o "Drivers/DeviceController/Src/DeviceController.o"
../Drivers/DeviceController/Src/DeviceController.c: In function 'D_Slider_LightingUpdate':
../Drivers/DeviceController/Src/DeviceController.c:177:3: warning: enumeration value 'SL_POCKET_IN' not handled in switch [-Wswitch]
  177 |   switch(LightingMode[side]){
      |   ^~~~~~
../Drivers/DeviceController/Src/DeviceController.c:177:3: warning: enumeration value 'SL_UP_3RD' not handled in switch [-Wswitch]
../Drivers/DeviceController/Src/DeviceController.c:155:14: warning: variable 'slideColor' set but not used [-Wunused-but-set-variable]
  155 |  static bool slideColor[2][5][3] = {{{false}}};
      |              ^~~~~~~~~~
../Drivers/DeviceController/Src/DeviceController.c: At top level:
../Drivers/DeviceController/Src/DeviceController.c:367:2: warning: data definition has no type or storage class
  367 |  recentUpdateCount = G_System_counter;
      |  ^~~~~~~~~~~~~~~~~
../Drivers/DeviceController/Src/DeviceController.c:367:2: warning: type defaults to 'int' in declaration of 'recentUpdateCount' [-Wimplicit-int]
../Drivers/DeviceController/Src/DeviceController.c:367:22: error: initializer element is not constant
  367 |  recentUpdateCount = G_System_counter;
      |                      ^~~~~~~~~~~~~~~~
../Drivers/DeviceController/Src/DeviceController.c:368:24: error: unknown type name 'slideColor'
  368 |  D_Slider_SetColorData(slideColor[0], slideColor[1]);
      |                        ^~~~~~~~~~
../Drivers/DeviceController/Src/DeviceController.c:368:39: error: unknown type name 'slideColor'
  368 |  D_Slider_SetColorData(slideColor[0], slideColor[1]);
      |                                       ^~~~~~~~~~
../Drivers/DeviceController/Src/DeviceController.c:369:1: error: expected identifier or '(' before '}' token
  369 | }
      | ^
../Drivers/DeviceController/Src/DeviceController.c: In function 'D_Slider_GetPocketR':
../Drivers/DeviceController/Src/DeviceController.c:372:2: warning: braces around scalar initializer
  372 |  static int recentSensorCount[5] = {{0}};
      |  ^~~~~~
../Drivers/DeviceController/Src/DeviceController.c:372:2: note: (near initialization for 'recentSensorCount[0]')
../Drivers/DeviceController/Src/DeviceController.c: In function 'D_Slider_GetPocketL':
../Drivers/DeviceController/Src/DeviceController.c:388:2: warning: braces around scalar initializer
  388 |  static int recentSensorCount[5] = {{0}};
      |  ^~~~~~
../Drivers/DeviceController/Src/DeviceController.c:388:2: note: (near initialization for 'recentSensorCount[0]')
At top level:
../Drivers/DeviceController/Src/DeviceController.c:27:12: warning: 'receiveFaultCount' defined but not used [-Wunused-variable]
   27 | static int receiveFaultCount = 0;
      |            ^~~~~~~~~~~~~~~~~
In file included from ../Core/Inc/main.h:36,
                 from ../Drivers/DeviceController/Src/../Inc/DeviceController.h:11,
                 from ../Drivers/DeviceController/Src/DeviceController.c:7:
../Core/Inc/app.h:31:13: warning: 'SliderLEDDataL' defined but not used [-Wunused-variable]
   31 | static bool SliderLEDDataL[5][3] = {{false}};
      |             ^~~~~~~~~~~~~~
../Core/Inc/app.h:30:13: warning: 'SliderLEDDataR' defined but not used [-Wunused-variable]
   30 | static bool SliderLEDDataR[5][3] = {{false}};
      |             ^~~~~~~~~~~~~~
../Core/Inc/app.h:28:16: warning: 'SliderBarLEDData' defined but not used [-Wunused-variable]
   28 | static uint8_t SliderBarLEDData[16][3] = {{0}}; //16はない
      |                ^~~~~~~~~~~~~~~~
../Core/Inc/app.h:27:16: warning: 'SliderLEDData' defined but not used [-Wunused-variable]
   27 | static uint8_t SliderLEDData[16][3] = {{0}};
      |                ^~~~~~~~~~~~~
../Core/Inc/app.h:26:16: warning: 'TouchThreshold' defined but not used [-Wunused-variable]
   26 | static uint8_t TouchThreshold[32] = {0};
      |                ^~~~~~~~~~~~~~
../Core/Inc/app.h:25:13: warning: 'SideSegment' defined but not used [-Wunused-variable]
   25 | static bool SideSegment[6] = {false};
      |             ^~~~~~~~~~~
../Core/Inc/app.h:24:13: warning: 'TouchSegment' defined but not used [-Wunused-variable]
   24 | static bool TouchSegment[32] = {false};
      |             ^~~~~~~~~~~~
../Core/Inc/app.h:17:16: warning: 'sndData' defined but not used [-Wunused-variable]
   17 | static uint8_t sndData[8] = {0}; //CAN送信データ
      |                ^~~~~~~
../Core/Inc/app.h:16:16: warning: 'rcvData' defined but not used [-Wunused-variable]
   16 | static uint8_t rcvData[8] = {0}; //CAN受信データ
      |                ^~~~~~~
make: *** [Drivers/DeviceController/Src/subdir.mk:19: Drivers/DeviceController/Src/DeviceController.o] Error 1
"make -j3 all" terminated with exit code 2. Build might be incomplete.
18:41:48 **** Incremental Build of configuration Debug for project GINGAAAN_1STLOTSLIDE ****
make -j3 all 
arm-none-eabi-gcc "../Drivers/DeviceController/Src/DeviceController.c" -mcpu=cortex-m4 -std=gnu11 -g3 -DDEBUG -DUSE_HAL_DRIVER -DSTM32F401xE -c -I../Core/Inc -I../Drivers/STM32F4xx_HAL_Driver/Inc -I../Drivers/STM32F4xx_HAL_Driver/Inc/Legacy -I../Drivers/CMSIS/Device/ST/STM32F4xx/Include -I../Drivers/CMSIS/Include -I../USB_DEVICE/App -I../USB_DEVICE/Target -I../Middlewares/ST/STM32_USB_Device_Library/Core/Inc -I../Middlewares/ST/STM32_USB_Device_Library/Class/HID/Inc -O0 -ffunction-sections -fdata-sections -Wall -fstack-usage -MMD -MP -MF"Drivers/DeviceController/Src/DeviceController.d" -MT"Drivers/DeviceController/Src/DeviceController.o" --specs=nano.specs -mfpu=fpv4-sp-d16 -mfloat-abi=hard -mthumb -o "Drivers/DeviceController/Src/DeviceController.o"
../Drivers/DeviceController/Src/DeviceController.c: In function 'D_Slider_LightingUpdate':
../Drivers/DeviceController/Src/DeviceController.c:177:3: warning: enumeration value 'SL_POCKET_IN' not handled in switch [-Wswitch]
  177 |   switch(LightingMode[side]){
      |   ^~~~~~
../Drivers/DeviceController/Src/DeviceController.c:177:3: warning: enumeration value 'SL_UP_3RD' not handled in switch [-Wswitch]
../Drivers/DeviceController/Src/DeviceController.c: In function 'D_Slider_GetPocketR':
../Drivers/DeviceController/Src/DeviceController.c:371:2: warning: braces around scalar initializer
  371 |  static int recentSensorCount[5] = {{0}};
      |  ^~~~~~
../Drivers/DeviceController/Src/DeviceController.c:371:2: note: (near initialization for 'recentSensorCount[0]')
../Drivers/DeviceController/Src/DeviceController.c: In function 'D_Slider_GetPocketL':
../Drivers/DeviceController/Src/DeviceController.c:387:2: warning: braces around scalar initializer
  387 |  static int recentSensorCount[5] = {{0}};
      |  ^~~~~~
../Drivers/DeviceController/Src/DeviceController.c:387:2: note: (near initialization for 'recentSensorCount[0]')
At top level:
../Drivers/DeviceController/Src/DeviceController.c:27:12: warning: 'receiveFaultCount' defined but not used [-Wunused-variable]
   27 | static int receiveFaultCount = 0;
      |            ^~~~~~~~~~~~~~~~~
In file included from ../Core/Inc/main.h:36,
                 from ../Drivers/DeviceController/Src/../Inc/DeviceController.h:11,
                 from ../Drivers/DeviceController/Src/DeviceController.c:7:
../Core/Inc/app.h:31:13: warning: 'SliderLEDDataL' defined but not used [-Wunused-variable]
   31 | static bool SliderLEDDataL[5][3] = {{false}};
      |             ^~~~~~~~~~~~~~
../Core/Inc/app.h:30:13: warning: 'SliderLEDDataR' defined but not used [-Wunused-variable]
   30 | static bool SliderLEDDataR[5][3] = {{false}};
      |             ^~~~~~~~~~~~~~
../Core/Inc/app.h:28:16: warning: 'SliderBarLEDData' defined but not used [-Wunused-variable]
   28 | static uint8_t SliderBarLEDData[16][3] = {{0}}; //16はない
      |                ^~~~~~~~~~~~~~~~
../Core/Inc/app.h:27:16: warning: 'SliderLEDData' defined but not used [-Wunused-variable]
   27 | static uint8_t SliderLEDData[16][3] = {{0}};
      |                ^~~~~~~~~~~~~
../Core/Inc/app.h:26:16: warning: 'TouchThreshold' defined but not used [-Wunused-variable]
   26 | static uint8_t TouchThreshold[32] = {0};
      |                ^~~~~~~~~~~~~~
../Core/Inc/app.h:25:13: warning: 'SideSegment' defined but not used [-Wunused-variable]
   25 | static bool SideSegment[6] = {false};
      |             ^~~~~~~~~~~
../Core/Inc/app.h:24:13: warning: 'TouchSegment' defined but not used [-Wunused-variable]
   24 | static bool TouchSegment[32] = {false};
      |             ^~~~~~~~~~~~
../Core/Inc/app.h:17:16: warning: 'sndData' defined but not used [-Wunused-variable]
   17 | static uint8_t sndData[8] = {0}; //CAN送信データ
      |                ^~~~~~~
../Core/Inc/app.h:16:16: warning: 'rcvData' defined but not used [-Wunused-variable]
   16 | static uint8_t rcvData[8] = {0}; //CAN受信データ
      |                ^~~~~~~
arm-none-eabi-gcc -o "GINGAAAN_1STLOTSLIDE.elf" @"objects.list"   -mcpu=cortex-m4 -T"/Users/UnknownSP/STM32CubeIDE/GINGAAAN/GINGAAAN_1STLOTSLIDE/STM32F401RETX_FLASH.ld" --specs=nosys.specs -Wl,-Map="GINGAAAN_1STLOTSLIDE.map" -Wl,--gc-sections -static --specs=nano.specs -mfpu=fpv4-sp-d16 -mfloat-abi=hard -mthumb -Wl,--start-group -lc -lm -Wl,--end-group
Finished building target: GINGAAAN_1STLOTSLIDE.elf
 
arm-none-eabi-size   GINGAAAN_1STLOTSLIDE.elf 
arm-none-eabi-objdump -h -S  GINGAAAN_1STLOTSLIDE.elf  > "GINGAAAN_1STLOTSLIDE.list"
arm-none-eabi-objcopy  -O binary  GINGAAAN_1STLOTSLIDE.elf  "GINGAAAN_1STLOTSLIDE.bin"
Finished building: GINGAAAN_1STLOTSLIDE.bin
 
   text	   data	    bss	    dec	    hex	filename
  39604	    384	   5880	  45868	   b32c	GINGAAAN_1STLOTSLIDE.elf
Finished building: default.size.stdout
 
Finished building: GINGAAAN_1STLOTSLIDE.list
 
18:46:00 **** Incremental Build of configuration Debug for project GINGAAAN_TEST ****
make -j3 all 
arm-none-eabi-size   GINGAAAN_TEST.elf 
   text	   data	    bss	    dec	    hex	filename
  35112	    152	   3592	  38856	   97c8	GINGAAAN_TEST.elf
Finished building: default.size.stdout
 
18:46:21 **** Incremental Build of configuration Debug for project GINGAAAN_TEST ****
make -j3 all 
arm-none-eabi-gcc "../Core/Src/app.c" -mcpu=cortex-m4 -std=gnu11 -g3 -DDEBUG -DUSE_HAL_DRIVER -DSTM32F446xx -c -I../Core/Inc -I../Drivers/STM32F4xx_HAL_Driver/Inc -I../Drivers/STM32F4xx_HAL_Driver/Inc/Legacy -I../Drivers/CMSIS/Device/ST/STM32F4xx/Include -I../Drivers/CMSIS/Include -O0 -ffunction-sections -fdata-sections -Wall -fstack-usage -MMD -MP -MF"Core/Src/app.d" -MT"Core/Src/app.o" --specs=nano.specs -mfpu=fpv4-sp-d16 -mfloat-abi=hard -mthumb -o "Core/Src/app.o"
../Core/Src/app.c: In function 'appTask':
../Core/Src/app.c:165:13: warning: unused variable 'step' [-Wunused-variable]
  165 |  static int step = 0;
      |             ^~~~
../Core/Src/app.c:54:17: warning: unused variable 'StepSpeed' [-Wunused-variable]
   54 |  static uint8_t StepSpeed[19] = {
      |                 ^~~~~~~~~
../Core/Src/app.c:50:13: warning: unused variable 'idCount' [-Wunused-variable]
   50 |  static int idCount = 8;
      |             ^~~~~~~
../Core/Src/app.c:48:13: warning: unused variable 'testSendData4' [-Wunused-variable]
   48 |  static int testSendData4 = 0;
      |             ^~~~~~~~~~~~~
../Core/Src/app.c:42:13: warning: unused variable 'sendLength' [-Wunused-variable]
   42 |  static int sendLength = 8;
      |             ^~~~~~~~~~
At top level:
../Core/Src/app.c:42:13: warning: 'sendLength' defined but not used [-Wunused-variable]
../Core/Src/app.c:48:13: warning: 'testSendData4' defined but not used [-Wunused-variable]
   48 |  static int testSendData4 = 0;
      |             ^~~~~~~~~~~~~
../Core/Src/app.c:50:13: warning: 'idCount' defined but not used [-Wunused-variable]
   50 |  static int idCount = 8;
      |             ^~~~~~~
../Core/Src/app.c:54:17: warning: 'StepSpeed' defined but not used [-Wunused-variable]
   54 |  static uint8_t StepSpeed[19] = {
      |                 ^~~~~~~~~
../Core/Src/app.c:165:13: warning: 'step' defined but not used [-Wunused-variable]
  165 |  static int step = 0;
      |             ^~~~
../Core/Src/app.c:287:12: warning: 'SM_CalSpeedFunc2' defined but not used [-Wunused-function]
  287 | static int SM_CalSpeedFunc2(int nowPos, int minSpeed, int maxSpeed){
      |            ^~~~~~~~~~~~~~~~
../Core/Src/app.c:255:12: warning: 'SM_CalSpeedFunc1' defined but not used [-Wunused-function]
  255 | static int SM_CalSpeedFunc1(int nowPos, int minSpeed, int maxSpeed){
      |            ^~~~~~~~~~~~~~~~
../Core/Src/app.c:241:12: warning: 'SM_CalSpeed' defined but not used [-Wunused-function]
  241 | static int SM_CalSpeed(int targetSpeed){
      |            ^~~~~~~~~~~
arm-none-eabi-gcc -o "GINGAAAN_TEST.elf" @"objects.list"   -mcpu=cortex-m4 -T"/Users/UnknownSP/STM32CubeIDE/GINGAAAN/GINGAAAN_TEST/STM32F446RETX_FLASH.ld" --specs=nosys.specs -Wl,-Map="GINGAAAN_TEST.map" -Wl,--gc-sections -static --specs=nano.specs -mfpu=fpv4-sp-d16 -mfloat-abi=hard -mthumb -Wl,--start-group -lc -lm -Wl,--end-group
Finished building target: GINGAAAN_TEST.elf
 
arm-none-eabi-size   GINGAAAN_TEST.elf 
arm-none-eabi-objdump -h -S  GINGAAAN_TEST.elf  > "GINGAAAN_TEST.list"
arm-none-eabi-objcopy  -O binary  GINGAAAN_TEST.elf  "GINGAAAN_TEST.bin"
   text	   data	    bss	    dec	    hex	filename
  34072	    152	   3592	  37816	   93b8	GINGAAAN_TEST.elf
Finished building: default.size.stdout
 
Finished building: GINGAAAN_TEST.bin
 
Finished building: GINGAAAN_TEST.list
 
18:49:39 **** Incremental Build of configuration Debug for project GINGAAAN_TEST ****
make -j3 all 
arm-none-eabi-gcc "../Core/Src/app.c" -mcpu=cortex-m4 -std=gnu11 -g3 -DDEBUG -DUSE_HAL_DRIVER -DSTM32F446xx -c -I../Core/Inc -I../Drivers/STM32F4xx_HAL_Driver/Inc -I../Drivers/STM32F4xx_HAL_Driver/Inc/Legacy -I../Drivers/CMSIS/Device/ST/STM32F4xx/Include -I../Drivers/CMSIS/Include -O0 -ffunction-sections -fdata-sections -Wall -fstack-usage -MMD -MP -MF"Core/Src/app.d" -MT"Core/Src/app.o" --specs=nano.specs -mfpu=fpv4-sp-d16 -mfloat-abi=hard -mthumb -o "Core/Src/app.o"
../Core/Src/app.c: In function 'appTask':
../Core/Src/app.c:165:13: warning: unused variable 'step' [-Wunused-variable]
  165 |  static int step = 0;
      |             ^~~~
../Core/Src/app.c:54:17: warning: unused variable 'StepSpeed' [-Wunused-variable]
   54 |  static uint8_t StepSpeed[19] = {
      |                 ^~~~~~~~~
../Core/Src/app.c:50:13: warning: unused variable 'idCount' [-Wunused-variable]
   50 |  static int idCount = 8;
      |             ^~~~~~~
../Core/Src/app.c:48:13: warning: unused variable 'testSendData4' [-Wunused-variable]
   48 |  static int testSendData4 = 0;
      |             ^~~~~~~~~~~~~
../Core/Src/app.c:42:13: warning: unused variable 'sendLength' [-Wunused-variable]
   42 |  static int sendLength = 8;
      |             ^~~~~~~~~~
At top level:
../Core/Src/app.c:42:13: warning: 'sendLength' defined but not used [-Wunused-variable]
../Core/Src/app.c:48:13: warning: 'testSendData4' defined but not used [-Wunused-variable]
   48 |  static int testSendData4 = 0;
      |             ^~~~~~~~~~~~~
../Core/Src/app.c:50:13: warning: 'idCount' defined but not used [-Wunused-variable]
   50 |  static int idCount = 8;
      |             ^~~~~~~
../Core/Src/app.c:54:17: warning: 'StepSpeed' defined but not used [-Wunused-variable]
   54 |  static uint8_t StepSpeed[19] = {
      |                 ^~~~~~~~~
../Core/Src/app.c:165:13: warning: 'step' defined but not used [-Wunused-variable]
  165 |  static int step = 0;
      |             ^~~~
../Core/Src/app.c:287:12: warning: 'SM_CalSpeedFunc2' defined but not used [-Wunused-function]
  287 | static int SM_CalSpeedFunc2(int nowPos, int minSpeed, int maxSpeed){
      |            ^~~~~~~~~~~~~~~~
../Core/Src/app.c:255:12: warning: 'SM_CalSpeedFunc1' defined but not used [-Wunused-function]
  255 | static int SM_CalSpeedFunc1(int nowPos, int minSpeed, int maxSpeed){
      |            ^~~~~~~~~~~~~~~~
../Core/Src/app.c:241:12: warning: 'SM_CalSpeed' defined but not used [-Wunused-function]
  241 | static int SM_CalSpeed(int targetSpeed){
      |            ^~~~~~~~~~~
arm-none-eabi-gcc -o "GINGAAAN_TEST.elf" @"objects.list"   -mcpu=cortex-m4 -T"/Users/UnknownSP/STM32CubeIDE/GINGAAAN/GINGAAAN_TEST/STM32F446RETX_FLASH.ld" --specs=nosys.specs -Wl,-Map="GINGAAAN_TEST.map" -Wl,--gc-sections -static --specs=nano.specs -mfpu=fpv4-sp-d16 -mfloat-abi=hard -mthumb -Wl,--start-group -lc -lm -Wl,--end-group
Finished building target: GINGAAAN_TEST.elf
 
arm-none-eabi-size   GINGAAAN_TEST.elf 
arm-none-eabi-objdump -h -S  GINGAAAN_TEST.elf  > "GINGAAAN_TEST.list"
arm-none-eabi-objcopy  -O binary  GINGAAAN_TEST.elf  "GINGAAAN_TEST.bin"
   text	   data	    bss	    dec	    hex	filename
  33968	    152	   3592	  37712	   9350	GINGAAAN_TEST.elf
Finished building: default.size.stdout
 
Finished building: GINGAAAN_TEST.bin
 
Finished building: GINGAAAN_TEST.list
 
19:00:06 **** Incremental Build of configuration Debug for project GINGAAAN_1STLOTSLIDE ****
make -j3 all 
arm-none-eabi-gcc "../USB_DEVICE/Target/usbd_conf.c" -mcpu=cortex-m4 -std=gnu11 -g3 -DDEBUG -DUSE_HAL_DRIVER -DSTM32F401xE -c -I../Core/Inc -I../Drivers/STM32F4xx_HAL_Driver/Inc -I../Drivers/STM32F4xx_HAL_Driver/Inc/Legacy -I../Drivers/CMSIS/Device/ST/STM32F4xx/Include -I../Drivers/CMSIS/Include -I../USB_DEVICE/App -I../USB_DEVICE/Target -I../Middlewares/ST/STM32_USB_Device_Library/Core/Inc -I../Middlewares/ST/STM32_USB_Device_Library/Class/HID/Inc -O0 -ffunction-sections -fdata-sections -Wall -fstack-usage -MMD -MP -MF"USB_DEVICE/Target/usbd_conf.d" -MT"USB_DEVICE/Target/usbd_conf.o" --specs=nano.specs -mfpu=fpv4-sp-d16 -mfloat-abi=hard -mthumb -o "USB_DEVICE/Target/usbd_conf.o"
arm-none-eabi-gcc "../USB_DEVICE/App/usb_device.c" -mcpu=cortex-m4 -std=gnu11 -g3 -DDEBUG -DUSE_HAL_DRIVER -DSTM32F401xE -c -I../Core/Inc -I../Drivers/STM32F4xx_HAL_Driver/Inc -I../Drivers/STM32F4xx_HAL_Driver/Inc/Legacy -I../Drivers/CMSIS/Device/ST/STM32F4xx/Include -I../Drivers/CMSIS/Include -I../USB_DEVICE/App -I../USB_DEVICE/Target -I../Middlewares/ST/STM32_USB_Device_Library/Core/Inc -I../Middlewares/ST/STM32_USB_Device_Library/Class/HID/Inc -O0 -ffunction-sections -fdata-sections -Wall -fstack-usage -MMD -MP -MF"USB_DEVICE/App/usb_device.d" -MT"USB_DEVICE/App/usb_device.o" --specs=nano.specs -mfpu=fpv4-sp-d16 -mfloat-abi=hard -mthumb -o "USB_DEVICE/App/usb_device.o"
arm-none-eabi-gcc "../USB_DEVICE/App/usbd_desc.c" -mcpu=cortex-m4 -std=gnu11 -g3 -DDEBUG -DUSE_HAL_DRIVER -DSTM32F401xE -c -I../Core/Inc -I../Drivers/STM32F4xx_HAL_Driver/Inc -I../Drivers/STM32F4xx_HAL_Driver/Inc/Legacy -I../Drivers/CMSIS/Device/ST/STM32F4xx/Include -I../Drivers/CMSIS/Include -I../USB_DEVICE/App -I../USB_DEVICE/Target -I../Middlewares/ST/STM32_USB_Device_Library/Core/Inc -I../Middlewares/ST/STM32_USB_Device_Library/Class/HID/Inc -O0 -ffunction-sections -fdata-sections -Wall -fstack-usage -MMD -MP -MF"USB_DEVICE/App/usbd_desc.d" -MT"USB_DEVICE/App/usbd_desc.o" --specs=nano.specs -mfpu=fpv4-sp-d16 -mfloat-abi=hard -mthumb -o "USB_DEVICE/App/usbd_desc.o"
In file included from ../Core/Inc/main.h:36,
                 from ../USB_DEVICE/Target/usbd_conf.h:34,
                 from ../Middlewares/ST/STM32_USB_Device_Library/Core/Inc/usbd_def.h:29,
                 from ../USB_DEVICE/App/usb_device.h:33,
                 from ../USB_DEVICE/App/usb_device.c:24:
../Core/Inc/app.h:31:13: warning: 'SliderLEDDataL' defined but not used [-Wunused-variable]
   31 | static bool SliderLEDDataL[5][3] = {{false}};
      |             ^~~~~~~~~~~~~~
../Core/Inc/app.h:30:13: warning: 'SliderLEDDataR' defined but not used [-Wunused-variable]
   30 | static bool SliderLEDDataR[5][3] = {{false}};
      |             ^~~~~~~~~~~~~~
../Core/Inc/app.h:28:16: warning: 'SliderBarLEDData' defined but not used [-Wunused-variable]
   28 | static uint8_t SliderBarLEDData[16][3] = {{0}}; //16はない
      |                ^~~~~~~~~~~~~~~~
../Core/Inc/app.h:27:16: warning: 'SliderLEDData' defined but not used [-Wunused-variable]
   27 | static uint8_t SliderLEDData[16][3] = {{0}};
      |                ^~~~~~~~~~~~~
../Core/Inc/app.h:26:16: warning: 'TouchThreshold' defined but not used [-Wunused-variable]
   26 | static uint8_t TouchThreshold[32] = {0};
      |                ^~~~~~~~~~~~~~
../Core/Inc/app.h:25:13: warning: 'SideSegment' defined but not used [-Wunused-variable]
   25 | static bool SideSegment[6] = {false};
      |             ^~~~~~~~~~~
../Core/Inc/app.h:24:13: warning: 'TouchSegment' defined but not used [-Wunused-variable]
   24 | static bool TouchSegment[32] = {false};
      |             ^~~~~~~~~~~~
../Core/Inc/app.h:17:16: warning: 'sndData' defined but not used [-Wunused-variable]
   17 | static uint8_t sndData[8] = {0}; //CAN送信データ
      |                ^~~~~~~
../Core/Inc/app.h:16:16: warning: 'rcvData' defined but not used [-Wunused-variable]
   16 | static uint8_t rcvData[8] = {0}; //CAN受信データ
      |                ^~~~~~~
In file included from ../Core/Inc/main.h:36,
                 from ../USB_DEVICE/Target/usbd_conf.h:34,
                 from ../Middlewares/ST/STM32_USB_Device_Library/Core/Inc/usbd_core.h:29,
                 from ../USB_DEVICE/App/usbd_desc.c:23:
../Core/Inc/app.h:31:13: warning: 'SliderLEDDataL' defined but not used [-Wunused-variable]
   31 | static bool SliderLEDDataL[5][3] = {{false}};
      |             ^~~~~~~~~~~~~~
../Core/Inc/app.h:30:13: warning: 'SliderLEDDataR' defined but not used [-Wunused-variable]
   30 | static bool SliderLEDDataR[5][3] = {{false}};
      |             ^~~~~~~~~~~~~~
../Core/Inc/app.h:28:16: warning: 'SliderBarLEDData' defined but not used [-Wunused-variable]
   28 | static uint8_t SliderBarLEDData[16][3] = {{0}}; //16はない
      |                ^~~~~~~~~~~~~~~~
../Core/Inc/app.h:27:16: warning: 'SliderLEDData' defined but not used [-Wunused-variable]
   27 | static uint8_t SliderLEDData[16][3] = {{0}};
      |                ^~~~~~~~~~~~~
../Core/Inc/app.h:26:16: warning: 'TouchThreshold' defined but not used [-Wunused-variable]
   26 | static uint8_t TouchThreshold[32] = {0};
      |                ^~~~~~~~~~~~~~
../Core/Inc/app.h:25:13: warning: 'SideSegment' defined but not used [-Wunused-variable]
   25 | static bool SideSegment[6] = {false};
      |             ^~~~~~~~~~~
../Core/Inc/app.h:24:13: warning: 'TouchSegment' defined but not used [-Wunused-variable]
   24 | static bool TouchSegment[32] = {false};
      |             ^~~~~~~~~~~~
../Core/Inc/app.h:17:16: warning: 'sndData' defined but not used [-Wunused-variable]
   17 | static uint8_t sndData[8] = {0}; //CAN送信データ
      |                ^~~~~~~
../Core/Inc/app.h:16:16: warning: 'rcvData' defined but not used [-Wunused-variable]
   16 | static uint8_t rcvData[8] = {0}; //CAN受信データ
      |                ^~~~~~~
In file included from ../Core/Inc/main.h:36,
                 from ../USB_DEVICE/Target/usbd_conf.h:34,
                 from ../Middlewares/ST/STM32_USB_Device_Library/Core/Inc/usbd_def.h:29,
                 from ../USB_DEVICE/Target/usbd_conf.c:25:
../Core/Inc/app.h:31:13: warning: 'SliderLEDDataL' defined but not used [-Wunused-variable]
   31 | static bool SliderLEDDataL[5][3] = {{false}};
      |             ^~~~~~~~~~~~~~
../Core/Inc/app.h:30:13: warning: 'SliderLEDDataR' defined but not used [-Wunused-variable]
   30 | static bool SliderLEDDataR[5][3] = {{false}};
      |             ^~~~~~~~~~~~~~
../Core/Inc/app.h:28:16: warning: 'SliderBarLEDData' defined but not used [-Wunused-variable]
   28 | static uint8_t SliderBarLEDData[16][3] = {{0}}; //16はない
      |                ^~~~~~~~~~~~~~~~
../Core/Inc/app.h:27:16: warning: 'SliderLEDData' defined but not used [-Wunused-variable]
   27 | static uint8_t SliderLEDData[16][3] = {{0}};
      |                ^~~~~~~~~~~~~
../Core/Inc/app.h:26:16: warning: 'TouchThreshold' defined but not used [-Wunused-variable]
   26 | static uint8_t TouchThreshold[32] = {0};
      |                ^~~~~~~~~~~~~~
../Core/Inc/app.h:25:13: warning: 'SideSegment' defined but not used [-Wunused-variable]
   25 | static bool SideSegment[6] = {false};
      |             ^~~~~~~~~~~
../Core/Inc/app.h:24:13: warning: 'TouchSegment' defined but not used [-Wunused-variable]
   24 | static bool TouchSegment[32] = {false};
      |             ^~~~~~~~~~~~
../Core/Inc/app.h:17:16: warning: 'sndData' defined but not used [-Wunused-variable]
   17 | static uint8_t sndData[8] = {0}; //CAN送信データ
      |                ^~~~~~~
../Core/Inc/app.h:16:16: warning: 'rcvData' defined but not used [-Wunused-variable]
   16 | static uint8_t rcvData[8] = {0}; //CAN受信データ
      |                ^~~~~~~
arm-none-eabi-gcc "../Middlewares/ST/STM32_USB_Device_Library/Core/Src/usbd_core.c" -mcpu=cortex-m4 -std=gnu11 -g3 -DDEBUG -DUSE_HAL_DRIVER -DSTM32F401xE -c -I../Core/Inc -I../Drivers/STM32F4xx_HAL_Driver/Inc -I../Drivers/STM32F4xx_HAL_Driver/Inc/Legacy -I../Drivers/CMSIS/Device/ST/STM32F4xx/Include -I../Drivers/CMSIS/Include -I../USB_DEVICE/App -I../USB_DEVICE/Target -I../Middlewares/ST/STM32_USB_Device_Library/Core/Inc -I../Middlewares/ST/STM32_USB_Device_Library/Class/HID/Inc -O0 -ffunction-sections -fdata-sections -Wall -fstack-usage -MMD -MP -MF"Middlewares/ST/STM32_USB_Device_Library/Core/Src/usbd_core.d" -MT"Middlewares/ST/STM32_USB_Device_Library/Core/Src/usbd_core.o" --specs=nano.specs -mfpu=fpv4-sp-d16 -mfloat-abi=hard -mthumb -o "Middlewares/ST/STM32_USB_Device_Library/Core/Src/usbd_core.o"
arm-none-eabi-gcc "../Middlewares/ST/STM32_USB_Device_Library/Core/Src/usbd_ctlreq.c" -mcpu=cortex-m4 -std=gnu11 -g3 -DDEBUG -DUSE_HAL_DRIVER -DSTM32F401xE -c -I../Core/Inc -I../Drivers/STM32F4xx_HAL_Driver/Inc -I../Drivers/STM32F4xx_HAL_Driver/Inc/Legacy -I../Drivers/CMSIS/Device/ST/STM32F4xx/Include -I../Drivers/CMSIS/Include -I../USB_DEVICE/App -I../USB_DEVICE/Target -I../Middlewares/ST/STM32_USB_Device_Library/Core/Inc -I../Middlewares/ST/STM32_USB_Device_Library/Class/HID/Inc -O0 -ffunction-sections -fdata-sections -Wall -fstack-usage -MMD -MP -MF"Middlewares/ST/STM32_USB_Device_Library/Core/Src/usbd_ctlreq.d" -MT"Middlewares/ST/STM32_USB_Device_Library/Core/Src/usbd_ctlreq.o" --specs=nano.specs -mfpu=fpv4-sp-d16 -mfloat-abi=hard -mthumb -o "Middlewares/ST/STM32_USB_Device_Library/Core/Src/usbd_ctlreq.o"
arm-none-eabi-gcc "../Middlewares/ST/STM32_USB_Device_Library/Core/Src/usbd_ioreq.c" -mcpu=cortex-m4 -std=gnu11 -g3 -DDEBUG -DUSE_HAL_DRIVER -DSTM32F401xE -c -I../Core/Inc -I../Drivers/STM32F4xx_HAL_Driver/Inc -I../Drivers/STM32F4xx_HAL_Driver/Inc/Legacy -I../Drivers/CMSIS/Device/ST/STM32F4xx/Include -I../Drivers/CMSIS/Include -I../USB_DEVICE/App -I../USB_DEVICE/Target -I../Middlewares/ST/STM32_USB_Device_Library/Core/Inc -I../Middlewares/ST/STM32_USB_Device_Library/Class/HID/Inc -O0 -ffunction-sections -fdata-sections -Wall -fstack-usage -MMD -MP -MF"Middlewares/ST/STM32_USB_Device_Library/Core/Src/usbd_ioreq.d" -MT"Middlewares/ST/STM32_USB_Device_Library/Core/Src/usbd_ioreq.o" --specs=nano.specs -mfpu=fpv4-sp-d16 -mfloat-abi=hard -mthumb -o "Middlewares/ST/STM32_USB_Device_Library/Core/Src/usbd_ioreq.o"
In file included from ../Core/Inc/main.h:36,
                 from ../USB_DEVICE/Target/usbd_conf.h:34,
                 from ../Middlewares/ST/STM32_USB_Device_Library/Core/Inc/usbd_core.h:29,
                 from ../Middlewares/ST/STM32_USB_Device_Library/Core/Src/usbd_core.c:21:
../Core/Inc/app.h:31:13: warning: 'SliderLEDDataL' defined but not used [-Wunused-variable]
   31 | static bool SliderLEDDataL[5][3] = {{false}};
      |             ^~~~~~~~~~~~~~
../Core/Inc/app.h:30:13: warning: 'SliderLEDDataR' defined but not used [-Wunused-variable]
   30 | static bool SliderLEDDataR[5][3] = {{false}};
      |             ^~~~~~~~~~~~~~
../Core/Inc/app.h:28:16: warning: 'SliderBarLEDData' defined but not used [-Wunused-variable]
   28 | static uint8_t SliderBarLEDData[16][3] = {{0}}; //16はない
      |                ^~~~~~~~~~~~~~~~
../Core/Inc/app.h:27:16: warning: 'SliderLEDData' defined but not used [-Wunused-variable]
   27 | static uint8_t SliderLEDData[16][3] = {{0}};
      |                ^~~~~~~~~~~~~
../Core/Inc/app.h:26:16: warning: 'TouchThreshold' defined but not used [-Wunused-variable]
   26 | static uint8_t TouchThreshold[32] = {0};
      |                ^~~~~~~~~~~~~~
../Core/Inc/app.h:25:13: warning: 'SideSegment' defined but not used [-Wunused-variable]
   25 | static bool SideSegment[6] = {false};
      |             ^~~~~~~~~~~
../Core/Inc/app.h:24:13: warning: 'TouchSegment' defined but not used [-Wunused-variable]
   24 | static bool TouchSegment[32] = {false};
      |             ^~~~~~~~~~~~
../Core/Inc/app.h:17:16: warning: 'sndData' defined but not used [-Wunused-variable]
   17 | static uint8_t sndData[8] = {0}; //CAN送信データ
      |                ^~~~~~~
../Core/Inc/app.h:16:16: warning: 'rcvData' defined but not used [-Wunused-variable]
   16 | static uint8_t rcvData[8] = {0}; //CAN受信データ
      |                ^~~~~~~
In file included from ../Core/Inc/main.h:36,
                 from ../USB_DEVICE/Target/usbd_conf.h:34,
                 from ../Middlewares/ST/STM32_USB_Device_Library/Core/Inc/usbd_def.h:29,
                 from ../Middlewares/ST/STM32_USB_Device_Library/Core/Inc/usbd_ioreq.h:29,
                 from ../Middlewares/ST/STM32_USB_Device_Library/Core/Src/usbd_ioreq.c:21:
../Core/Inc/app.h:31:13: warning: 'SliderLEDDataL' defined but not used [-Wunused-variable]
   31 | static bool SliderLEDDataL[5][3] = {{false}};
      |             ^~~~~~~~~~~~~~
../Core/Inc/app.h:30:13: warning: 'SliderLEDDataR' defined but not used [-Wunused-variable]
   30 | static bool SliderLEDDataR[5][3] = {{false}};
      |             ^~~~~~~~~~~~~~
../Core/Inc/app.h:28:16: warning: 'SliderBarLEDData' defined but not used [-Wunused-variable]
   28 | static uint8_t SliderBarLEDData[16][3] = {{0}}; //16はない
      |                ^~~~~~~~~~~~~~~~
../Core/Inc/app.h:27:16: warning: 'SliderLEDData' defined but not used [-Wunused-variable]
   27 | static uint8_t SliderLEDData[16][3] = {{0}};
      |                ^~~~~~~~~~~~~
../Core/Inc/app.h:26:16: warning: 'TouchThreshold' defined but not used [-Wunused-variable]
   26 | static uint8_t TouchThreshold[32] = {0};
      |                ^~~~~~~~~~~~~~
../Core/Inc/app.h:25:13: warning: 'SideSegment' defined but not used [-Wunused-variable]
   25 | static bool SideSegment[6] = {false};
      |             ^~~~~~~~~~~
../Core/Inc/app.h:24:13: warning: 'TouchSegment' defined but not used [-Wunused-variable]
   24 | static bool TouchSegment[32] = {false};
      |             ^~~~~~~~~~~~
../Core/Inc/app.h:17:16: warning: 'sndData' defined but not used [-Wunused-variable]
   17 | static uint8_t sndData[8] = {0}; //CAN送信データ
      |                ^~~~~~~
../Core/Inc/app.h:16:16: warning: 'rcvData' defined but not used [-Wunused-variable]
   16 | static uint8_t rcvData[8] = {0}; //CAN受信データ
      |                ^~~~~~~
In file included from ../Core/Inc/main.h:36,
                 from ../USB_DEVICE/Target/usbd_conf.h:34,
                 from ../Middlewares/ST/STM32_USB_Device_Library/Core/Inc/usbd_def.h:29,
                 from ../Middlewares/ST/STM32_USB_Device_Library/Core/Inc/usbd_ctlreq.h:29,
                 from ../Middlewares/ST/STM32_USB_Device_Library/Core/Src/usbd_ctlreq.c:21:
../Core/Inc/app.h:31:13: warning: 'SliderLEDDataL' defined but not used [-Wunused-variable]
   31 | static bool SliderLEDDataL[5][3] = {{false}};
      |             ^~~~~~~~~~~~~~
../Core/Inc/app.h:30:13: warning: 'SliderLEDDataR' defined but not used [-Wunused-variable]
   30 | static bool SliderLEDDataR[5][3] = {{false}};
      |             ^~~~~~~~~~~~~~
../Core/Inc/app.h:28:16: warning: 'SliderBarLEDData' defined but not used [-Wunused-variable]
   28 | static uint8_t SliderBarLEDData[16][3] = {{0}}; //16はない
      |                ^~~~~~~~~~~~~~~~
../Core/Inc/app.h:27:16: warning: 'SliderLEDData' defined but not used [-Wunused-variable]
   27 | static uint8_t SliderLEDData[16][3] = {{0}};
      |                ^~~~~~~~~~~~~
../Core/Inc/app.h:26:16: warning: 'TouchThreshold' defined but not used [-Wunused-variable]
   26 | static uint8_t TouchThreshold[32] = {0};
      |                ^~~~~~~~~~~~~~
../Core/Inc/app.h:25:13: warning: 'SideSegment' defined but not used [-Wunused-variable]
   25 | static bool SideSegment[6] = {false};
      |             ^~~~~~~~~~~
../Core/Inc/app.h:24:13: warning: 'TouchSegment' defined but not used [-Wunused-variable]
   24 | static bool TouchSegment[32] = {false};
      |             ^~~~~~~~~~~~
../Core/Inc/app.h:17:16: warning: 'sndData' defined but not used [-Wunused-variable]
   17 | static uint8_t sndData[8] = {0}; //CAN送信データ
      |                ^~~~~~~
../Core/Inc/app.h:16:16: warning: 'rcvData' defined but not used [-Wunused-variable]
   16 | static uint8_t rcvData[8] = {0}; //CAN受信データ
      |                ^~~~~~~
arm-none-eabi-gcc "../Middlewares/ST/STM32_USB_Device_Library/Class/HID/Src/usbd_hid.c" -mcpu=cortex-m4 -std=gnu11 -g3 -DDEBUG -DUSE_HAL_DRIVER -DSTM32F401xE -c -I../Core/Inc -I../Drivers/STM32F4xx_HAL_Driver/Inc -I../Drivers/STM32F4xx_HAL_Driver/Inc/Legacy -I../Drivers/CMSIS/Device/ST/STM32F4xx/Include -I../Drivers/CMSIS/Include -I../USB_DEVICE/App -I../USB_DEVICE/Target -I../Middlewares/ST/STM32_USB_Device_Library/Core/Inc -I../Middlewares/ST/STM32_USB_Device_Library/Class/HID/Inc -O0 -ffunction-sections -fdata-sections -Wall -fstack-usage -MMD -MP -MF"Middlewares/ST/STM32_USB_Device_Library/Class/HID/Src/usbd_hid.d" -MT"Middlewares/ST/STM32_USB_Device_Library/Class/HID/Src/usbd_hid.o" --specs=nano.specs -mfpu=fpv4-sp-d16 -mfloat-abi=hard -mthumb -o "Middlewares/ST/STM32_USB_Device_Library/Class/HID/Src/usbd_hid.o"
arm-none-eabi-gcc "../Drivers/USBHID/Src/usbhid.c" -mcpu=cortex-m4 -std=gnu11 -g3 -DDEBUG -DUSE_HAL_DRIVER -DSTM32F401xE -c -I../Core/Inc -I../Drivers/STM32F4xx_HAL_Driver/Inc -I../Drivers/STM32F4xx_HAL_Driver/Inc/Legacy -I../Drivers/CMSIS/Device/ST/STM32F4xx/Include -I../Drivers/CMSIS/Include -I../USB_DEVICE/App -I../USB_DEVICE/Target -I../Middlewares/ST/STM32_USB_Device_Library/Core/Inc -I../Middlewares/ST/STM32_USB_Device_Library/Class/HID/Inc -O0 -ffunction-sections -fdata-sections -Wall -fstack-usage -MMD -MP -MF"Drivers/USBHID/Src/usbhid.d" -MT"Drivers/USBHID/Src/usbhid.o" --specs=nano.specs -mfpu=fpv4-sp-d16 -mfloat-abi=hard -mthumb -o "Drivers/USBHID/Src/usbhid.o"
arm-none-eabi-gcc "../Drivers/Message/Src/message.c" -mcpu=cortex-m4 -std=gnu11 -g3 -DDEBUG -DUSE_HAL_DRIVER -DSTM32F401xE -c -I../Core/Inc -I../Drivers/STM32F4xx_HAL_Driver/Inc -I../Drivers/STM32F4xx_HAL_Driver/Inc/Legacy -I../Drivers/CMSIS/Device/ST/STM32F4xx/Include -I../Drivers/CMSIS/Include -I../USB_DEVICE/App -I../USB_DEVICE/Target -I../Middlewares/ST/STM32_USB_Device_Library/Core/Inc -I../Middlewares/ST/STM32_USB_Device_Library/Class/HID/Inc -O0 -ffunction-sections -fdata-sections -Wall -fstack-usage -MMD -MP -MF"Drivers/Message/Src/message.d" -MT"Drivers/Message/Src/message.o" --specs=nano.specs -mfpu=fpv4-sp-d16 -mfloat-abi=hard -mthumb -o "Drivers/Message/Src/message.o"
In file included from ../Core/Inc/main.h:36,
                 from ../USB_DEVICE/Target/usbd_conf.h:34,
                 from ../Middlewares/ST/STM32_USB_Device_Library/Core/Inc/usbd_def.h:29,
                 from ../Middlewares/ST/STM32_USB_Device_Library/Core/Inc/usbd_ioreq.h:29,
                 from ../Middlewares/ST/STM32_USB_Device_Library/Class/HID/Inc/usbd_hid.h:29,
                 from ../Middlewares/ST/STM32_USB_Device_Library/Class/HID/Src/usbd_hid.c:47:
../Core/Inc/app.h:31:13: warning: 'SliderLEDDataL' defined but not used [-Wunused-variable]
   31 | static bool SliderLEDDataL[5][3] = {{false}};
      |             ^~~~~~~~~~~~~~
../Core/Inc/app.h:30:13: warning: 'SliderLEDDataR' defined but not used [-Wunused-variable]
   30 | static bool SliderLEDDataR[5][3] = {{false}};
      |             ^~~~~~~~~~~~~~
../Core/Inc/app.h:28:16: warning: 'SliderBarLEDData' defined but not used [-Wunused-variable]
   28 | static uint8_t SliderBarLEDData[16][3] = {{0}}; //16はない
      |                ^~~~~~~~~~~~~~~~
../Core/Inc/app.h:27:16: warning: 'SliderLEDData' defined but not used [-Wunused-variable]
   27 | static uint8_t SliderLEDData[16][3] = {{0}};
      |                ^~~~~~~~~~~~~
../Core/Inc/app.h:26:16: warning: 'TouchThreshold' defined but not used [-Wunused-variable]
   26 | static uint8_t TouchThreshold[32] = {0};
      |                ^~~~~~~~~~~~~~
../Core/Inc/app.h:25:13: warning: 'SideSegment' defined but not used [-Wunused-variable]
   25 | static bool SideSegment[6] = {false};
      |             ^~~~~~~~~~~
../Core/Inc/app.h:24:13: warning: 'TouchSegment' defined but not used [-Wunused-variable]
   24 | static bool TouchSegment[32] = {false};
      |             ^~~~~~~~~~~~
../Core/Inc/app.h:17:16: warning: 'sndData' defined but not used [-Wunused-variable]
   17 | static uint8_t sndData[8] = {0}; //CAN送信データ
      |                ^~~~~~~
../Core/Inc/app.h:16:16: warning: 'rcvData' defined but not used [-Wunused-variable]
   16 | static uint8_t rcvData[8] = {0}; //CAN受信データ
      |                ^~~~~~~
In file included from ../Core/Inc/main.h:36,
                 from ../Drivers/Message/Src/message.c:7:
../Core/Inc/app.h:31:13: warning: 'SliderLEDDataL' defined but not used [-Wunused-variable]
   31 | static bool SliderLEDDataL[5][3] = {{false}};
      |             ^~~~~~~~~~~~~~
../Core/Inc/app.h:30:13: warning: 'SliderLEDDataR' defined but not used [-Wunused-variable]
   30 | static bool SliderLEDDataR[5][3] = {{false}};
      |             ^~~~~~~~~~~~~~
../Core/Inc/app.h:28:16: warning: 'SliderBarLEDData' defined but not used [-Wunused-variable]
   28 | static uint8_t SliderBarLEDData[16][3] = {{0}}; //16はない
      |                ^~~~~~~~~~~~~~~~
../Core/Inc/app.h:27:16: warning: 'SliderLEDData' defined but not used [-Wunused-variable]
   27 | static uint8_t SliderLEDData[16][3] = {{0}};
      |                ^~~~~~~~~~~~~
../Core/Inc/app.h:26:16: warning: 'TouchThreshold' defined but not used [-Wunused-variable]
   26 | static uint8_t TouchThreshold[32] = {0};
      |                ^~~~~~~~~~~~~~
../Core/Inc/app.h:25:13: warning: 'SideSegment' defined but not used [-Wunused-variable]
   25 | static bool SideSegment[6] = {false};
      |             ^~~~~~~~~~~
../Core/Inc/app.h:24:13: warning: 'TouchSegment' defined but not used [-Wunused-variable]
   24 | static bool TouchSegment[32] = {false};
      |             ^~~~~~~~~~~~
../Core/Inc/app.h:17:16: warning: 'sndData' defined but not used [-Wunused-variable]
   17 | static uint8_t sndData[8] = {0}; //CAN送信データ
      |                ^~~~~~~
../Core/Inc/app.h:16:16: warning: 'rcvData' defined but not used [-Wunused-variable]
   16 | static uint8_t rcvData[8] = {0}; //CAN受信データ
      |                ^~~~~~~
../Drivers/USBHID/Src/usbhid.c: In function 'D_USBHID_Send':
../Drivers/USBHID/Src/usbhid.c:106:2: warning: implicit declaration of function 'USBD_HID_SendReport' [-Wimplicit-function-declaration]
  106 |  USBD_HID_SendReport(&hUsbDeviceFS, &keyboardHID, sizeof(struct keyboardHID_t));
      |  ^~~~~~~~~~~~~~~~~~~
In file included from ../Core/Inc/main.h:36,
                 from ../Drivers/USBHID/Src/../Inc/usbhid.h:11,
                 from ../Drivers/USBHID/Src/usbhid.c:9:
At top level:
../Core/Inc/app.h:31:13: warning: 'SliderLEDDataL' defined but not used [-Wunused-variable]
   31 | static bool SliderLEDDataL[5][3] = {{false}};
      |             ^~~~~~~~~~~~~~
../Core/Inc/app.h:30:13: warning: 'SliderLEDDataR' defined but not used [-Wunused-variable]
   30 | static bool SliderLEDDataR[5][3] = {{false}};
      |             ^~~~~~~~~~~~~~
../Core/Inc/app.h:28:16: warning: 'SliderBarLEDData' defined but not used [-Wunused-variable]
   28 | static uint8_t SliderBarLEDData[16][3] = {{0}}; //16はない
      |                ^~~~~~~~~~~~~~~~
../Core/Inc/app.h:27:16: warning: 'SliderLEDData' defined but not used [-Wunused-variable]
   27 | static uint8_t SliderLEDData[16][3] = {{0}};
      |                ^~~~~~~~~~~~~
../Core/Inc/app.h:26:16: warning: 'TouchThreshold' defined but not used [-Wunused-variable]
   26 | static uint8_t TouchThreshold[32] = {0};
      |                ^~~~~~~~~~~~~~
../Core/Inc/app.h:25:13: warning: 'SideSegment' defined but not used [-Wunused-variable]
   25 | static bool SideSegment[6] = {false};
      |             ^~~~~~~~~~~
../Core/Inc/app.h:24:13: warning: 'TouchSegment' defined but not used [-Wunused-variable]
   24 | static bool TouchSegment[32] = {false};
      |             ^~~~~~~~~~~~
../Core/Inc/app.h:17:16: warning: 'sndData' defined but not used [-Wunused-variable]
   17 | static uint8_t sndData[8] = {0}; //CAN送信データ
      |                ^~~~~~~
../Core/Inc/app.h:16:16: warning: 'rcvData' defined but not used [-Wunused-variable]
   16 | static uint8_t rcvData[8] = {0}; //CAN受信データ
      |                ^~~~~~~
arm-none-eabi-gcc "../Drivers/GPIO/Src/GPIO.c" -mcpu=cortex-m4 -std=gnu11 -g3 -DDEBUG -DUSE_HAL_DRIVER -DSTM32F401xE -c -I../Core/Inc -I../Drivers/STM32F4xx_HAL_Driver/Inc -I../Drivers/STM32F4xx_HAL_Driver/Inc/Legacy -I../Drivers/CMSIS/Device/ST/STM32F4xx/Include -I../Drivers/CMSIS/Include -I../USB_DEVICE/App -I../USB_DEVICE/Target -I../Middlewares/ST/STM32_USB_Device_Library/Core/Inc -I../Middlewares/ST/STM32_USB_Device_Library/Class/HID/Inc -O0 -ffunction-sections -fdata-sections -Wall -fstack-usage -MMD -MP -MF"Drivers/GPIO/Src/GPIO.d" -MT"Drivers/GPIO/Src/GPIO.o" --specs=nano.specs -mfpu=fpv4-sp-d16 -mfloat-abi=hard -mthumb -o "Drivers/GPIO/Src/GPIO.o"
arm-none-eabi-gcc "../Drivers/DeviceController/Src/DeviceController.c" -mcpu=cortex-m4 -std=gnu11 -g3 -DDEBUG -DUSE_HAL_DRIVER -DSTM32F401xE -c -I../Core/Inc -I../Drivers/STM32F4xx_HAL_Driver/Inc -I../Drivers/STM32F4xx_HAL_Driver/Inc/Legacy -I../Drivers/CMSIS/Device/ST/STM32F4xx/Include -I../Drivers/CMSIS/Include -I../USB_DEVICE/App -I../USB_DEVICE/Target -I../Middlewares/ST/STM32_USB_Device_Library/Core/Inc -I../Middlewares/ST/STM32_USB_Device_Library/Class/HID/Inc -O0 -ffunction-sections -fdata-sections -Wall -fstack-usage -MMD -MP -MF"Drivers/DeviceController/Src/DeviceController.d" -MT"Drivers/DeviceController/Src/DeviceController.o" --specs=nano.specs -mfpu=fpv4-sp-d16 -mfloat-abi=hard -mthumb -o "Drivers/DeviceController/Src/DeviceController.o"
arm-none-eabi-gcc "../Core/Src/app.c" -mcpu=cortex-m4 -std=gnu11 -g3 -DDEBUG -DUSE_HAL_DRIVER -DSTM32F401xE -c -I../Core/Inc -I../Drivers/STM32F4xx_HAL_Driver/Inc -I../Drivers/STM32F4xx_HAL_Driver/Inc/Legacy -I../Drivers/CMSIS/Device/ST/STM32F4xx/Include -I../Drivers/CMSIS/Include -I../USB_DEVICE/App -I../USB_DEVICE/Target -I../Middlewares/ST/STM32_USB_Device_Library/Core/Inc -I../Middlewares/ST/STM32_USB_Device_Library/Class/HID/Inc -O0 -ffunction-sections -fdata-sections -Wall -fstack-usage -MMD -MP -MF"Core/Src/app.d" -MT"Core/Src/app.o" --specs=nano.specs -mfpu=fpv4-sp-d16 -mfloat-abi=hard -mthumb -o "Core/Src/app.o"
In file included from ../Core/Inc/main.h:36,
                 from ../Drivers/GPIO/Src/../Inc/GPIO.h:11,
                 from ../Drivers/GPIO/Src/GPIO.c:8:
../Core/Inc/app.h:31:13: warning: 'SliderLEDDataL' defined but not used [-Wunused-variable]
   31 | static bool SliderLEDDataL[5][3] = {{false}};
      |             ^~~~~~~~~~~~~~
../Core/Inc/app.h:30:13: warning: 'SliderLEDDataR' defined but not used [-Wunused-variable]
   30 | static bool SliderLEDDataR[5][3] = {{false}};
      |             ^~~~~~~~~~~~~~
../Core/Inc/app.h:28:16: warning: 'SliderBarLEDData' defined but not used [-Wunused-variable]
   28 | static uint8_t SliderBarLEDData[16][3] = {{0}}; //16はない
      |                ^~~~~~~~~~~~~~~~
../Core/Inc/app.h:27:16: warning: 'SliderLEDData' defined but not used [-Wunused-variable]
   27 | static uint8_t SliderLEDData[16][3] = {{0}};
      |                ^~~~~~~~~~~~~
../Core/Inc/app.h:26:16: warning: 'TouchThreshold' defined but not used [-Wunused-variable]
   26 | static uint8_t TouchThreshold[32] = {0};
      |                ^~~~~~~~~~~~~~
../Core/Inc/app.h:25:13: warning: 'SideSegment' defined but not used [-Wunused-variable]
   25 | static bool SideSegment[6] = {false};
      |             ^~~~~~~~~~~
../Core/Inc/app.h:24:13: warning: 'TouchSegment' defined but not used [-Wunused-variable]
   24 | static bool TouchSegment[32] = {false};
      |             ^~~~~~~~~~~~
../Core/Inc/app.h:17:16: warning: 'sndData' defined but not used [-Wunused-variable]
   17 | static uint8_t sndData[8] = {0}; //CAN送信データ
      |                ^~~~~~~
../Core/Inc/app.h:16:16: warning: 'rcvData' defined but not used [-Wunused-variable]
   16 | static uint8_t rcvData[8] = {0}; //CAN受信データ
      |                ^~~~~~~
../Drivers/DeviceController/Src/DeviceController.c: In function 'D_Slider_LightingUpdate':
../Drivers/DeviceController/Src/DeviceController.c:177:3: warning: enumeration value 'SL_POCKET_IN' not handled in switch [-Wswitch]
  177 |   switch(LightingMode[side]){
      |   ^~~~~~
../Drivers/DeviceController/Src/DeviceController.c:177:3: warning: enumeration value 'SL_UP_3RD' not handled in switch [-Wswitch]
../Drivers/DeviceController/Src/DeviceController.c: In function 'D_Slider_GetPocketR':
../Drivers/DeviceController/Src/DeviceController.c:371:2: warning: braces around scalar initializer
  371 |  static int recentSensorCount[5] = {{0}};
      |  ^~~~~~
../Drivers/DeviceController/Src/DeviceController.c:371:2: note: (near initialization for 'recentSensorCount[0]')
../Drivers/DeviceController/Src/DeviceController.c: In function 'D_Slider_GetPocketL':
../Drivers/DeviceController/Src/DeviceController.c:387:2: warning: braces around scalar initializer
  387 |  static int recentSensorCount[5] = {{0}};
      |  ^~~~~~
../Drivers/DeviceController/Src/DeviceController.c:387:2: note: (near initialization for 'recentSensorCount[0]')
At top level:
../Drivers/DeviceController/Src/DeviceController.c:27:12: warning: 'receiveFaultCount' defined but not used [-Wunused-variable]
   27 | static int receiveFaultCount = 0;
      |            ^~~~~~~~~~~~~~~~~
In file included from ../Core/Inc/main.h:36,
                 from ../Drivers/DeviceController/Src/../Inc/DeviceController.h:11,
                 from ../Drivers/DeviceController/Src/DeviceController.c:7:
../Core/Inc/app.h:31:13: warning: 'SliderLEDDataL' defined but not used [-Wunused-variable]
   31 | static bool SliderLEDDataL[5][3] = {{false}};
      |             ^~~~~~~~~~~~~~
../Core/Inc/app.h:30:13: warning: 'SliderLEDDataR' defined but not used [-Wunused-variable]
   30 | static bool SliderLEDDataR[5][3] = {{false}};
      |             ^~~~~~~~~~~~~~
../Core/Inc/app.h:28:16: warning: 'SliderBarLEDData' defined but not used [-Wunused-variable]
   28 | static uint8_t SliderBarLEDData[16][3] = {{0}}; //16はない
      |                ^~~~~~~~~~~~~~~~
../Core/Inc/app.h:27:16: warning: 'SliderLEDData' defined but not used [-Wunused-variable]
   27 | static uint8_t SliderLEDData[16][3] = {{0}};
      |                ^~~~~~~~~~~~~
../Core/Inc/app.h:26:16: warning: 'TouchThreshold' defined but not used [-Wunused-variable]
   26 | static uint8_t TouchThreshold[32] = {0};
      |                ^~~~~~~~~~~~~~
../Core/Inc/app.h:25:13: warning: 'SideSegment' defined but not used [-Wunused-variable]
   25 | static bool SideSegment[6] = {false};
      |             ^~~~~~~~~~~
../Core/Inc/app.h:24:13: warning: 'TouchSegment' defined but not used [-Wunused-variable]
   24 | static bool TouchSegment[32] = {false};
      |             ^~~~~~~~~~~~
../Core/Inc/app.h:17:16: warning: 'sndData' defined but not used [-Wunused-variable]
   17 | static uint8_t sndData[8] = {0}; //CAN送信データ
      |                ^~~~~~~
../Core/Inc/app.h:16:16: warning: 'rcvData' defined but not used [-Wunused-variable]
   16 | static uint8_t rcvData[8] = {0}; //CAN受信データ
      |                ^~~~~~~
../Core/Src/app.c: In function 'appTask':
../Core/Src/app.c:210:14: warning: unused variable '_firstL' [-Wunused-variable]
  210 |  static bool _firstL = false;
      |              ^~~~~~~
../Core/Src/app.c:209:14: warning: unused variable '_firstR' [-Wunused-variable]
  209 |  static bool _firstR = false;
      |              ^~~~~~~
../Core/Src/app.c:173:7: warning: unused variable 'B' [-Wunused-variable]
  173 |  bool B = ((testCount>>2) & 1) == 1;
      |       ^
../Core/Src/app.c:172:7: warning: unused variable 'G' [-Wunused-variable]
  172 |  bool G = ((testCount>>1) & 1) == 1;
      |       ^
../Core/Src/app.c:171:7: warning: unused variable 'R' [-Wunused-variable]
  171 |  bool R = (testCount & 1) == 1;
      |       ^
../Core/Src/app.c:65:17: warning: unused variable 'sum' [-Wunused-variable]
   65 |  static uint8_t sum = 0;
      |                 ^~~
../Core/Src/app.c:47:13: warning: variable 'rcvJudge' set but not used [-Wunused-but-set-variable]
   47 |  static int rcvJudge[16] = {};
      |             ^~~~~~~~
../Core/Src/app.c:46:13: warning: unused variable 'retRcv' [-Wunused-variable]
   46 |  static int retRcv = 0;
      |             ^~~~~~
[...]
arm-none-eabi-objcopy  -O binary  GINGAAAN_1STLOTSLIDE.elf  "GINGAAAN_1STLOTSLIDE.bin"
   text	   data	    bss	    dec	    hex	filename
  40804	    388	   5884	  47076	   b7e4	GINGAAAN_1STLOTSLIDE.elf
Finished building: default.size.stdout
 
Finished building: GINGAAAN_1STLOTSLIDE.bin
 
Finished building: GINGAAAN_1STLOTSLIDE.list
 
21:30:09 **** Incremental Build of configuration Debug for project GINGAAAN_1STLOTSLIDE ****
make -j3 all 
arm-none-eabi-gcc "../Drivers/DeviceController/Src/DeviceController.c" -mcpu=cortex-m4 -std=gnu11 -g3 -DDEBUG -DUSE_HAL_DRIVER -DSTM32F401xE -c -I../Core/Inc -I../Drivers/STM32F4xx_HAL_Driver/Inc -I../Drivers/STM32F4xx_HAL_Driver/Inc/Legacy -I../Drivers/CMSIS/Device/ST/STM32F4xx/Include -I../Drivers/CMSIS/Include -I../USB_DEVICE/App -I../USB_DEVICE/Target -I../Middlewares/ST/STM32_USB_Device_Library/Core/Inc -I../Middlewares/ST/STM32_USB_Device_Library/Class/HID/Inc -O0 -ffunction-sections -fdata-sections -Wall -fstack-usage -MMD -MP -MF"Drivers/DeviceController/Src/DeviceController.d" -MT"Drivers/DeviceController/Src/DeviceController.o" --specs=nano.specs -mfpu=fpv4-sp-d16 -mfloat-abi=hard -mthumb -o "Drivers/DeviceController/Src/DeviceController.o"
../Drivers/DeviceController/Src/DeviceController.c: In function 'D_Slider_LightingUpdate':
../Drivers/DeviceController/Src/DeviceController.c:191:3: warning: enumeration value 'SL_POCKET_IN' not handled in switch [-Wswitch]
  191 |   switch(LightingMode[side]){
      |   ^~~~~~
../Drivers/DeviceController/Src/DeviceController.c:191:3: warning: enumeration value 'SL_UP_3RD' not handled in switch [-Wswitch]
../Drivers/DeviceController/Src/DeviceController.c: In function 'D_Slider_GetPocketR':
../Drivers/DeviceController/Src/DeviceController.c:385:2: warning: braces around scalar initializer
  385 |  static int recentSensorCount[5] = {{0}};
      |  ^~~~~~
../Drivers/DeviceController/Src/DeviceController.c:385:2: note: (near initialization for 'recentSensorCount[0]')
../Drivers/DeviceController/Src/DeviceController.c: In function 'D_Slider_GetPocketL':
../Drivers/DeviceController/Src/DeviceController.c:401:2: warning: braces around scalar initializer
  401 |  static int recentSensorCount[5] = {{0}};
      |  ^~~~~~
../Drivers/DeviceController/Src/DeviceController.c:401:2: note: (near initialization for 'recentSensorCount[0]')
At top level:
../Drivers/DeviceController/Src/DeviceController.c:27:12: warning: 'receiveFaultCount' defined but not used [-Wunused-variable]
   27 | static int receiveFaultCount = 0;
      |            ^~~~~~~~~~~~~~~~~
In file included from ../Core/Inc/main.h:36,
                 from ../Drivers/DeviceController/Src/../Inc/DeviceController.h:11,
                 from ../Drivers/DeviceController/Src/DeviceController.c:7:
../Core/Inc/app.h:31:13: warning: 'SliderLEDDataL' defined but not used [-Wunused-variable]
   31 | static bool SliderLEDDataL[5][3] = {{false}};
      |             ^~~~~~~~~~~~~~
../Core/Inc/app.h:30:13: warning: 'SliderLEDDataR' defined but not used [-Wunused-variable]
   30 | static bool SliderLEDDataR[5][3] = {{false}};
      |             ^~~~~~~~~~~~~~
../Core/Inc/app.h:28:16: warning: 'SliderBarLEDData' defined but not used [-Wunused-variable]
   28 | static uint8_t SliderBarLEDData[16][3] = {{0}}; //16はない
      |                ^~~~~~~~~~~~~~~~
../Core/Inc/app.h:27:16: warning: 'SliderLEDData' defined but not used [-Wunused-variable]
   27 | static uint8_t SliderLEDData[16][3] = {{0}};
      |                ^~~~~~~~~~~~~
../Core/Inc/app.h:26:16: warning: 'TouchThreshold' defined but not used [-Wunused-variable]
   26 | static uint8_t TouchThreshold[32] = {0};
      |                ^~~~~~~~~~~~~~
../Core/Inc/app.h:25:13: warning: 'SideSegment' defined but not used [-Wunused-variable]
   25 | static bool SideSegment[6] = {false};
      |             ^~~~~~~~~~~
../Core/Inc/app.h:24:13: warning: 'TouchSegment' defined but not used [-Wunused-variable]
   24 | static bool TouchSegment[32] = {false};
      |             ^~~~~~~~~~~~
../Core/Inc/app.h:17:16: warning: 'sndData' defined but not used [-Wunused-variable]
   17 | static uint8_t sndData[8] = {0}; //CAN送信データ
      |                ^~~~~~~
../Core/Inc/app.h:16:16: warning: 'rcvData' defined but not used [-Wunused-variable]
   16 | static uint8_t rcvData[8] = {0}; //CAN受信データ
      |                ^~~~~~~
arm-none-eabi-gcc -o "GINGAAAN_1STLOTSLIDE.elf" @"objects.list"   -mcpu=cortex-m4 -T"/Users/UnknownSP/STM32CubeIDE/GINGAAAN/GINGAAAN_1STLOTSLIDE/STM32F401RETX_FLASH.ld" --specs=nosys.specs -Wl,-Map="GINGAAAN_1STLOTSLIDE.map" -Wl,--gc-sections -static --specs=nano.specs -mfpu=fpv4-sp-d16 -mfloat-abi=hard -mthumb -Wl,--start-group -lc -lm -Wl,--end-group
Finished building target: GINGAAAN_1STLOTSLIDE.elf
 
arm-none-eabi-size   GINGAAAN_1STLOTSLIDE.elf 
arm-none-eabi-objdump -h -S  GINGAAAN_1STLOTSLIDE.elf  > "GINGAAAN_1STLOTSLIDE.list"
arm-none-eabi-objcopy  -O binary  GINGAAAN_1STLOTSLIDE.elf  "GINGAAAN_1STLOTSLIDE.bin"
   text	   data	    bss	    dec	    hex	filename
  40804	    388	   5884	  47076	   b7e4	GINGAAAN_1STLOTSLIDE.elf
Finished building: default.size.stdout
 
Finished building: GINGAAAN_1STLOTSLIDE.bin
 
Finished building: GINGAAAN_1STLOTSLIDE.list
 
21:33:11 **** Incremental Build of configuration Debug for project GINGAAAN_1STLOTSLIDE ****
make -j3 all 
arm-none-eabi-gcc "../Drivers/DeviceController/Src/DeviceController.c" -mcpu=cortex-m4 -std=gnu11 -g3 -DDEBUG -DUSE_HAL_DRIVER -DSTM32F401xE -c -I../Core/Inc -I../Drivers/STM32F4xx_HAL_Driver/Inc -I../Drivers/STM32F4xx_HAL_Driver/Inc/Legacy -I../Drivers/CMSIS/Device/ST/STM32F4xx/Include -I../Drivers/CMSIS/Include -I../USB_DEVICE/App -I../USB_DEVICE/Target -I../Middlewares/ST/STM32_USB_Device_Library/Core/Inc -I../Middlewares/ST/STM32_USB_Device_Library/Class/HID/Inc -O0 -ffunction-sections -fdata-sections -Wall -fstack-usage -MMD -MP -MF"Drivers/DeviceController/Src/DeviceController.d" -MT"Drivers/DeviceController/Src/DeviceController.o" --specs=nano.specs -mfpu=fpv4-sp-d16 -mfloat-abi=hard -mthumb -o "Drivers/DeviceController/Src/DeviceController.o"
../Drivers/DeviceController/Src/DeviceController.c: In function 'D_Slider_LightingUpdate':
../Drivers/DeviceController/Src/DeviceController.c:191:3: warning: enumeration value 'SL_POCKET_IN' not handled in switch [-Wswitch]
  191 |   switch(LightingMode[side]){
      |   ^~~~~~
../Drivers/DeviceController/Src/DeviceController.c:191:3: warning: enumeration value 'SL_UP_3RD' not handled in switch [-Wswitch]
../Drivers/DeviceController/Src/DeviceController.c: In function 'D_Slider_GetPocketR':
../Drivers/DeviceController/Src/DeviceController.c:385:2: warning: braces around scalar initializer
  385 |  static int recentSensorCount[5] = {{0}};
      |  ^~~~~~
../Drivers/DeviceController/Src/DeviceController.c:385:2: note: (near initialization for 'recentSensorCount[0]')
../Drivers/DeviceController/Src/DeviceController.c: In function 'D_Slider_GetPocketL':
../Drivers/DeviceController/Src/DeviceController.c:401:2: warning: braces around scalar initializer
  401 |  static int recentSensorCount[5] = {{0}};
      |  ^~~~~~
../Drivers/DeviceController/Src/DeviceController.c:401:2: note: (near initialization for 'recentSensorCount[0]')
At top level:
../Drivers/DeviceController/Src/DeviceController.c:27:12: warning: 'receiveFaultCount' defined but not used [-Wunused-variable]
   27 | static int receiveFaultCount = 0;
      |            ^~~~~~~~~~~~~~~~~
In file included from ../Core/Inc/main.h:36,
                 from ../Drivers/DeviceController/Src/../Inc/DeviceController.h:11,
                 from ../Drivers/DeviceController/Src/DeviceController.c:7:
../Core/Inc/app.h:31:13: warning: 'SliderLEDDataL' defined but not used [-Wunused-variable]
   31 | static bool SliderLEDDataL[5][3] = {{false}};
      |             ^~~~~~~~~~~~~~
../Core/Inc/app.h:30:13: warning: 'SliderLEDDataR' defined but not used [-Wunused-variable]
   30 | static bool SliderLEDDataR[5][3] = {{false}};
      |             ^~~~~~~~~~~~~~
../Core/Inc/app.h:28:16: warning: 'SliderBarLEDData' defined but not used [-Wunused-variable]
   28 | static uint8_t SliderBarLEDData[16][3] = {{0}}; //16はない
      |                ^~~~~~~~~~~~~~~~
../Core/Inc/app.h:27:16: warning: 'SliderLEDData' defined but not used [-Wunused-variable]
   27 | static uint8_t SliderLEDData[16][3] = {{0}};
      |                ^~~~~~~~~~~~~
../Core/Inc/app.h:26:16: warning: 'TouchThreshold' defined but not used [-Wunused-variable]
   26 | static uint8_t TouchThreshold[32] = {0};
      |                ^~~~~~~~~~~~~~
../Core/Inc/app.h:25:13: warning: 'SideSegment' defined but not used [-Wunused-variable]
   25 | static bool SideSegment[6] = {false};
      |             ^~~~~~~~~~~
../Core/Inc/app.h:24:13: warning: 'TouchSegment' defined but not used [-Wunused-variable]
   24 | static bool TouchSegment[32] = {false};
      |             ^~~~~~~~~~~~
../Core/Inc/app.h:17:16: warning: 'sndData' defined but not used [-Wunused-variable]
   17 | static uint8_t sndData[8] = {0}; //CAN送信データ
      |                ^~~~~~~
../Core/Inc/app.h:16:16: warning: 'rcvData' defined but not used [-Wunused-variable]
   16 | static uint8_t rcvData[8] = {0}; //CAN受信データ
      |                ^~~~~~~
arm-none-eabi-gcc -o "GINGAAAN_1STLOTSLIDE.elf" @"objects.list"   -mcpu=cortex-m4 -T"/Users/UnknownSP/STM32CubeIDE/GINGAAAN/GINGAAAN_1STLOTSLIDE/STM32F401RETX_FLASH.ld" --specs=nosys.specs -Wl,-Map="GINGAAAN_1STLOTSLIDE.map" -Wl,--gc-sections -static --specs=nano.specs -mfpu=fpv4-sp-d16 -mfloat-abi=hard -mthumb -Wl,--start-group -lc -lm -Wl,--end-group
Finished building target: GINGAAAN_1STLOTSLIDE.elf
 
arm-none-eabi-size   GINGAAAN_1STLOTSLIDE.elf 
arm-none-eabi-objdump -h -S  GINGAAAN_1STLOTSLIDE.elf  > "GINGAAAN_1STLOTSLIDE.list"
arm-none-eabi-objcopy  -O binary  GINGAAAN_1STLOTSLIDE.elf  "GINGAAAN_1STLOTSLIDE.bin"
   text	   data	    bss	    dec	    hex	filename
  40744	    388	   5884	  47016	   b7a8	GINGAAAN_1STLOTSLIDE.elf
Finished building: default.size.stdout
 
Finished building: GINGAAAN_1STLOTSLIDE.bin
 
Finished building: GINGAAAN_1STLOTSLIDE.list
 
21:38:34 **** Incremental Build of configuration Debug for project GINGAAAN_1STLOTSLIDE ****
make -j3 all 
arm-none-eabi-gcc "../Drivers/DeviceController/Src/DeviceController.c" -mcpu=cortex-m4 -std=gnu11 -g3 -DDEBUG -DUSE_HAL_DRIVER -DSTM32F401xE -c -I../Core/Inc -I../Drivers/STM32F4xx_HAL_Driver/Inc -I../Drivers/STM32F4xx_HAL_Driver/Inc/Legacy -I../Drivers/CMSIS/Device/ST/STM32F4xx/Include -I../Drivers/CMSIS/Include -I../USB_DEVICE/App -I../USB_DEVICE/Target -I../Middlewares/ST/STM32_USB_Device_Library/Core/Inc -I../Middlewares/ST/STM32_USB_Device_Library/Class/HID/Inc -O0 -ffunction-sections -fdata-sections -Wall -fstack-usage -MMD -MP -MF"Drivers/DeviceController/Src/DeviceController.d" -MT"Drivers/DeviceController/Src/DeviceController.o" --specs=nano.specs -mfpu=fpv4-sp-d16 -mfloat-abi=hard -mthumb -o "Drivers/DeviceController/Src/DeviceController.o"
../Drivers/DeviceController/Src/DeviceController.c: In function 'D_Slider_LightingUpdate':
../Drivers/DeviceController/Src/DeviceController.c:193:3: warning: enumeration value 'SL_POCKET_IN' not handled in switch [-Wswitch]
  193 |   switch(LightingMode[side]){
      |   ^~~~~~
../Drivers/DeviceController/Src/DeviceController.c:193:3: warning: enumeration value 'SL_UP_3RD' not handled in switch [-Wswitch]
../Drivers/DeviceController/Src/DeviceController.c: In function 'D_Slider_GetPocketR':
../Drivers/DeviceController/Src/DeviceController.c:387:2: warning: braces around scalar initializer
  387 |  static int recentSensorCount[5] = {{0}};
      |  ^~~~~~
../Drivers/DeviceController/Src/DeviceController.c:387:2: note: (near initialization for 'recentSensorCount[0]')
../Drivers/DeviceController/Src/DeviceController.c: In function 'D_Slider_GetPocketL':
../Drivers/DeviceController/Src/DeviceController.c:403:2: warning: braces around scalar initializer
  403 |  static int recentSensorCount[5] = {{0}};
      |  ^~~~~~
../Drivers/DeviceController/Src/DeviceController.c:403:2: note: (near initialization for 'recentSensorCount[0]')
At top level:
../Drivers/DeviceController/Src/DeviceController.c:27:12: warning: 'receiveFaultCount' defined but not used [-Wunused-variable]
   27 | static int receiveFaultCount = 0;
      |            ^~~~~~~~~~~~~~~~~
In file included from ../Core/Inc/main.h:36,
                 from ../Drivers/DeviceController/Src/../Inc/DeviceController.h:11,
                 from ../Drivers/DeviceController/Src/DeviceController.c:7:
../Core/Inc/app.h:31:13: warning: 'SliderLEDDataL' defined but not used [-Wunused-variable]
   31 | static bool SliderLEDDataL[5][3] = {{false}};
      |             ^~~~~~~~~~~~~~
../Core/Inc/app.h:30:13: warning: 'SliderLEDDataR' defined but not used [-Wunused-variable]
   30 | static bool SliderLEDDataR[5][3] = {{false}};
      |             ^~~~~~~~~~~~~~
../Core/Inc/app.h:28:16: warning: 'SliderBarLEDData' defined but not used [-Wunused-variable]
   28 | static uint8_t SliderBarLEDData[16][3] = {{0}}; //16はない
      |                ^~~~~~~~~~~~~~~~
../Core/Inc/app.h:27:16: warning: 'SliderLEDData' defined but not used [-Wunused-variable]
   27 | static uint8_t SliderLEDData[16][3] = {{0}};
      |                ^~~~~~~~~~~~~
../Core/Inc/app.h:26:16: warning: 'TouchThreshold' defined but not used [-Wunused-variable]
   26 | static uint8_t TouchThreshold[32] = {0};
      |                ^~~~~~~~~~~~~~
../Core/Inc/app.h:25:13: warning: 'SideSegment' defined but not used [-Wunused-variable]
   25 | static bool SideSegment[6] = {false};
      |             ^~~~~~~~~~~
../Core/Inc/app.h:24:13: warning: 'TouchSegment' defined but not used [-Wunused-variable]
   24 | static bool TouchSegment[32] = {false};
      |             ^~~~~~~~~~~~
../Core/Inc/app.h:17:16: warning: 'sndData' defined but not used [-Wunused-variable]
   17 | static uint8_t sndData[8] = {0}; //CAN送信データ
      |                ^~~~~~~
../Core/Inc/app.h:16:16: warning: 'rcvData' defined but not used [-Wunused-variable]
   16 | static uint8_t rcvData[8] = {0}; //CAN受信データ
      |                ^~~~~~~
arm-none-eabi-gcc -o "GINGAAAN_1STLOTSLIDE.elf" @"objects.list"   -mcpu=cortex-m4 -T"/Users/UnknownSP/STM32CubeIDE/GINGAAAN/GINGAAAN_1STLOTSLIDE/STM32F401RETX_FLASH.ld" --specs=nosys.specs -Wl,-Map="GINGAAAN_1STLOTSLIDE.map" -Wl,--gc-sections -static --specs=nano.specs -mfpu=fpv4-sp-d16 -mfloat-abi=hard -mthumb -Wl,--start-group -lc -lm -Wl,--end-group
Finished building target: GINGAAAN_1STLOTSLIDE.elf
 
arm-none-eabi-size   GINGAAAN_1STLOTSLIDE.elf 
arm-none-eabi-objdump -h -S  GINGAAAN_1STLOTSLIDE.elf  > "GINGAAAN_1STLOTSLIDE.list"
arm-none-eabi-objcopy  -O binary  GINGAAAN_1STLOTSLIDE.elf  "GINGAAAN_1STLOTSLIDE.bin"
   text	   data	    bss	    dec	    hex	filename
  40696	    388	   5876	  46960	   b770	GINGAAAN_1STLOTSLIDE.elf
Finished building: default.size.stdout
 
Finished building: GINGAAAN_1STLOTSLIDE.bin
 
Finished building: GINGAAAN_1STLOTSLIDE.list
 
21:39:54 **** Incremental Build of configuration Debug for project GINGAAAN_1STLOTSLIDE ****
make -j3 all 
arm-none-eabi-gcc "../Drivers/DeviceController/Src/DeviceController.c" -mcpu=cortex-m4 -std=gnu11 -g3 -DDEBUG -DUSE_HAL_DRIVER -DSTM32F401xE -c -I../Core/Inc -I../Drivers/STM32F4xx_HAL_Driver/Inc -I../Drivers/STM32F4xx_HAL_Driver/Inc/Legacy -I../Drivers/CMSIS/Device/ST/STM32F4xx/Include -I../Drivers/CMSIS/Include -I../USB_DEVICE/App -I../USB_DEVICE/Target -I../Middlewares/ST/STM32_USB_Device_Library/Core/Inc -I../Middlewares/ST/STM32_USB_Device_Library/Class/HID/Inc -O0 -ffunction-sections -fdata-sections -Wall -fstack-usage -MMD -MP -MF"Drivers/DeviceController/Src/DeviceController.d" -MT"Drivers/DeviceController/Src/DeviceController.o" --specs=nano.specs -mfpu=fpv4-sp-d16 -mfloat-abi=hard -mthumb -o "Drivers/DeviceController/Src/DeviceController.o"
../Drivers/DeviceController/Src/DeviceController.c: In function 'D_Slider_LightingUpdate':
../Drivers/DeviceController/Src/DeviceController.c:193:3: warning: enumeration value 'SL_POCKET_IN' not handled in switch [-Wswitch]
  193 |   switch(LightingMode[side]){
      |   ^~~~~~
../Drivers/DeviceController/Src/DeviceController.c:193:3: warning: enumeration value 'SL_UP_3RD' not handled in switch [-Wswitch]
../Drivers/DeviceController/Src/DeviceController.c: In function 'D_Slider_GetPocketR':
../Drivers/DeviceController/Src/DeviceController.c:387:2: warning: braces around scalar initializer
  387 |  static int recentSensorCount[5] = {{0}};
      |  ^~~~~~
../Drivers/DeviceController/Src/DeviceController.c:387:2: note: (near initialization for 'recentSensorCount[0]')
../Drivers/DeviceController/Src/DeviceController.c: In function 'D_Slider_GetPocketL':
../Drivers/DeviceController/Src/DeviceController.c:403:2: warning: braces around scalar initializer
  403 |  static int recentSensorCount[5] = {{0}};
      |  ^~~~~~
../Drivers/DeviceController/Src/DeviceController.c:403:2: note: (near initialization for 'recentSensorCount[0]')
At top level:
../Drivers/DeviceController/Src/DeviceController.c:27:12: warning: 'receiveFaultCount' defined but not used [-Wunused-variable]
   27 | static int receiveFaultCount = 0;
      |            ^~~~~~~~~~~~~~~~~
In file included from ../Core/Inc/main.h:36,
                 from ../Drivers/DeviceController/Src/../Inc/DeviceController.h:11,
                 from ../Drivers/DeviceController/Src/DeviceController.c:7:
../Core/Inc/app.h:31:13: warning: 'SliderLEDDataL' defined but not used [-Wunused-variable]
   31 | static bool SliderLEDDataL[5][3] = {{false}};
      |             ^~~~~~~~~~~~~~
../Core/Inc/app.h:30:13: warning: 'SliderLEDDataR' defined but not used [-Wunused-variable]
   30 | static bool SliderLEDDataR[5][3] = {{false}};
      |             ^~~~~~~~~~~~~~
../Core/Inc/app.h:28:16: warning: 'SliderBarLEDData' defined but not used [-Wunused-variable]
   28 | static uint8_t SliderBarLEDData[16][3] = {{0}}; //16はない
      |                ^~~~~~~~~~~~~~~~
../Core/Inc/app.h:27:16: warning: 'SliderLEDData' defined but not used [-Wunused-variable]
   27 | static uint8_t SliderLEDData[16][3] = {{0}};
      |                ^~~~~~~~~~~~~
../Core/Inc/app.h:26:16: warning: 'TouchThreshold' defined but not used [-Wunused-variable]
   26 | static uint8_t TouchThreshold[32] = {0};
      |                ^~~~~~~~~~~~~~
../Core/Inc/app.h:25:13: warning: 'SideSegment' defined but not used [-Wunused-variable]
   25 | static bool SideSegment[6] = {false};
      |             ^~~~~~~~~~~
../Core/Inc/app.h:24:13: warning: 'TouchSegment' defined but not used [-Wunused-variable]
   24 | static bool TouchSegment[32] = {false};
      |             ^~~~~~~~~~~~
../Core/Inc/app.h:17:16: warning: 'sndData' defined but not used [-Wunused-variable]
   17 | static uint8_t sndData[8] = {0}; //CAN送信データ
      |                ^~~~~~~
../Core/Inc/app.h:16:16: warning: 'rcvData' defined but not used [-Wunused-variable]
   16 | static uint8_t rcvData[8] = {0}; //CAN受信データ
      |                ^~~~~~~
arm-none-eabi-gcc -o "GINGAAAN_1STLOTSLIDE.elf" @"objects.list"   -mcpu=cortex-m4 -T"/Users/UnknownSP/STM32CubeIDE/GINGAAAN/GINGAAAN_1STLOTSLIDE/STM32F401RETX_FLASH.ld" --specs=nosys.specs -Wl,-Map="GINGAAAN_1STLOTSLIDE.map" -Wl,--gc-sections -static --specs=nano.specs -mfpu=fpv4-sp-d16 -mfloat-abi=hard -mthumb -Wl,--start-group -lc -lm -Wl,--end-group
Finished building target: GINGAAAN_1STLOTSLIDE.elf
 
arm-none-eabi-size   GINGAAAN_1STLOTSLIDE.elf 
arm-none-eabi-objdump -h -S  GINGAAAN_1STLOTSLIDE.elf  > "GINGAAAN_1STLOTSLIDE.list"
arm-none-eabi-objcopy  -O binary  GINGAAAN_1STLOTSLIDE.elf  "GINGAAAN_1STLOTSLIDE.bin"
   text	   data	    bss	    dec	    hex	filename
  40680	    388	   5876	  46944	   b760	GINGAAAN_1STLOTSLIDE.elf
Finished building: default.size.stdout
 
Finished building: GINGAAAN_1STLOTSLIDE.bin
 
Finished building: GINGAAAN_1STLOTSLIDE.list
 
