12:54:07 **** Incremental Build of configuration Debug for project GINGAAAN_STEPPING ****
make -j3 all 
arm-none-eabi-gcc "../Core/Src/app.c" -mcpu=cortex-m4 -std=gnu11 -g3 -DDEBUG -DUSE_HAL_DRIVER -DSTM32F446xx -c -I../Core/Inc -I../Drivers/STM32F4xx_HAL_Driver/Inc -I../Drivers/STM32F4xx_HAL_Driver/Inc/Legacy -I../Drivers/CMSIS/Device/ST/STM32F4xx/Include -I../Drivers/CMSIS/Include -O0 -ffunction-sections -fdata-sections -Wall -fstack-usage -MMD -MP -MF"Core/Src/app.d" -MT"Core/Src/app.o" --specs=nano.specs -mfpu=fpv4-sp-d16 -mfloat-abi=hard -mthumb -o "Core/Src/app.o"
arm-none-eabi-gcc "../Core/Src/main.c" -mcpu=cortex-m4 -std=gnu11 -g3 -DDEBUG -DUSE_HAL_DRIVER -DSTM32F446xx -c -I../Core/Inc -I../Drivers/STM32F4xx_HAL_Driver/Inc -I../Drivers/STM32F4xx_HAL_Driver/Inc/Legacy -I../Drivers/CMSIS/Device/ST/STM32F4xx/Include -I../Drivers/CMSIS/Include -O0 -ffunction-sections -fdata-sections -Wall -fstack-usage -MMD -MP -MF"Core/Src/main.d" -MT"Core/Src/main.o" --specs=nano.specs -mfpu=fpv4-sp-d16 -mfloat-abi=hard -mthumb -o "Core/Src/main.o"
arm-none-eabi-gcc "../Core/Src/stm32f4xx_hal_msp.c" -mcpu=cortex-m4 -std=gnu11 -g3 -DDEBUG -DUSE_HAL_DRIVER -DSTM32F446xx -c -I../Core/Inc -I../Drivers/STM32F4xx_HAL_Driver/Inc -I../Drivers/STM32F4xx_HAL_Driver/Inc/Legacy -I../Drivers/CMSIS/Device/ST/STM32F4xx/Include -I../Drivers/CMSIS/Include -O0 -ffunction-sections -fdata-sections -Wall -fstack-usage -MMD -MP -MF"Core/Src/stm32f4xx_hal_msp.d" -MT"Core/Src/stm32f4xx_hal_msp.o" --specs=nano.specs -mfpu=fpv4-sp-d16 -mfloat-abi=hard -mthumb -o "Core/Src/stm32f4xx_hal_msp.o"
In file included from ../Core/Inc/main.h:38,
                 from ../Core/Src/stm32f4xx_hal_msp.c:23:
../Core/Inc/app.h:25:16: warning: 'rcvDataJudge' defined but not used [-Wunused-variable]
   25 | static uint8_t rcvDataJudge[8]; //各ステーションからのCAN受信データ
      |                ^~~~~~~~~~~~
../Core/Inc/app.h:24:16: warning: 'rcvData' defined but not used [-Wunused-variable]
   24 | static uint8_t rcvData[4][8]; //各ステーションからのCAN受信データ
      |                ^~~~~~~
../Core/Inc/app.h:23:16: warning: 'sndData' defined but not used [-Wunused-variable]
   23 | static uint8_t sndData[4][8]; //各ステーションへのCAN送信データ
      |                ^~~~~~~
In file included from ../Core/Inc/main.h:38,
                 from ../Core/Src/main.c:21:
../Core/Inc/app.h:25:16: warning: 'rcvDataJudge' defined but not used [-Wunused-variable]
   25 | static uint8_t rcvDataJudge[8]; //各ステーションからのCAN受信データ
      |                ^~~~~~~~~~~~
../Core/Inc/app.h:24:16: warning: 'rcvData' defined but not used [-Wunused-variable]
   24 | static uint8_t rcvData[4][8]; //各ステーションからのCAN受信データ
      |                ^~~~~~~
../Core/Inc/app.h:23:16: warning: 'sndData' defined but not used [-Wunused-variable]
   23 | static uint8_t sndData[4][8]; //各ステーションへのCAN送信データ
      |                ^~~~~~~
../Core/Src/app.c: In function 'appTask':
../Core/Src/app.c:161:13: warning: unused variable 'step' [-Wunused-variable]
  161 |  static int step = 0;
      |             ^~~~
../Core/Src/app.c:70:14: warning: unused variable '_1stLot_Init' [-Wunused-variable]
   70 |  static bool _1stLot_Init = false;
      |              ^~~~~~~~~~~~
../Core/Src/app.c:65:17: warning: unused variable 'StepSpeed' [-Wunused-variable]
   65 |  static uint8_t StepSpeed[19] = {
      |                 ^~~~~~~~~
../Core/Src/app.c:61:13: warning: unused variable 'idCount' [-Wunused-variable]
   61 |  static int idCount = 8;
      |             ^~~~~~~
../Core/Src/app.c:59:13: warning: unused variable 'testSendData4' [-Wunused-variable]
   59 |  static int testSendData4 = 0;
      |             ^~~~~~~~~~~~~
../Core/Src/app.c:53:13: warning: unused variable 'sendLength' [-Wunused-variable]
   53 |  static int sendLength = 8;
      |             ^~~~~~~~~~
../Core/Src/app.c: In function 'SM_CalSpeedFunc1':
../Core/Src/app.c:283:19: warning: implicit declaration of function 'IO_READ_SM_R'; did you mean 'IO_READ_1STLOT_R'? [-Wimplicit-function-declaration]
  283 |  if (_stopEna && (IO_READ_SM_R() || IO_READ_SM_L())){
      |                   ^~~~~~~~~~~~
      |                   IO_READ_1STLOT_R
../Core/Src/app.c:283:37: warning: implicit declaration of function 'IO_READ_SM_L'; did you mean 'IO_READ_1STLOT_L'? [-Wimplicit-function-declaration]
  283 |  if (_stopEna && (IO_READ_SM_R() || IO_READ_SM_L())){
      |                                     ^~~~~~~~~~~~
      |                                     IO_READ_1STLOT_L
At top level:
../Core/Src/app.c:53:13: warning: 'sendLength' defined but not used [-Wunused-variable]
   53 |  static int sendLength = 8;
      |             ^~~~~~~~~~
../Core/Src/app.c:59:13: warning: 'testSendData4' defined but not used [-Wunused-variable]
   59 |  static int testSendData4 = 0;
      |             ^~~~~~~~~~~~~
../Core/Src/app.c:61:13: warning: 'idCount' defined but not used [-Wunused-variable]
   61 |  static int idCount = 8;
      |             ^~~~~~~
../Core/Src/app.c:65:17: warning: 'StepSpeed' defined but not used [-Wunused-variable]
   65 |  static uint8_t StepSpeed[19] = {
      |                 ^~~~~~~~~
../Core/Src/app.c:70:14: warning: '_1stLot_Init' defined but not used [-Wunused-variable]
   70 |  static bool _1stLot_Init = false;
      |              ^~~~~~~~~~~~
../Core/Src/app.c:161:13: warning: 'step' defined but not used [-Wunused-variable]
  161 |  static int step = 0;
      |             ^~~~
../Core/Src/app.c:303:12: warning: 'SM_CalSpeedFunc2' defined but not used [-Wunused-function]
  303 | static int SM_CalSpeedFunc2(int nowPos, int minSpeed, int maxSpeed){
      |            ^~~~~~~~~~~~~~~~
../Core/Src/app.c:271:12: warning: 'SM_CalSpeedFunc1' defined but not used [-Wunused-function]
  271 | static int SM_CalSpeedFunc1(int nowPos, int minSpeed, int maxSpeed){
      |            ^~~~~~~~~~~~~~~~
../Core/Src/app.c:257:12: warning: 'SM_CalSpeed' defined but not used [-Wunused-function]
  257 | static int SM_CalSpeed(int targetSpeed){
      |            ^~~~~~~~~~~
../Core/Src/app.c:30:13: warning: '_1stLot_Ena' defined but not used [-Wunused-variable]
   30 | static bool _1stLot_Ena = false;
      |             ^~~~~~~~~~~
In file included from ../Core/Src/app.c:11:
../Core/Inc/app.h:25:16: warning: 'rcvDataJudge' defined but not used [-Wunused-variable]
   25 | static uint8_t rcvDataJudge[8]; //各ステーションからのCAN受信データ
      |                ^~~~~~~~~~~~
arm-none-eabi-gcc "../Core/Src/stm32f4xx_it.c" -mcpu=cortex-m4 -std=gnu11 -g3 -DDEBUG -DUSE_HAL_DRIVER -DSTM32F446xx -c -I../Core/Inc -I../Drivers/STM32F4xx_HAL_Driver/Inc -I../Drivers/STM32F4xx_HAL_Driver/Inc/Legacy -I../Drivers/CMSIS/Device/ST/STM32F4xx/Include -I../Drivers/CMSIS/Include -O0 -ffunction-sections -fdata-sections -Wall -fstack-usage -MMD -MP -MF"Core/Src/stm32f4xx_it.d" -MT"Core/Src/stm32f4xx_it.o" --specs=nano.specs -mfpu=fpv4-sp-d16 -mfloat-abi=hard -mthumb -o "Core/Src/stm32f4xx_it.o"
../Core/Src/stm32f4xx_it.c: In function 'CAN1_TX_IRQHandler':
../Core/Src/stm32f4xx_it.c:245:3: warning: implicit declaration of function 'HAL_CAN_TxMailboxCompleteCallback'; did you mean 'HAL_CAN_TxMailbox2CompleteCallback'? [-Wimplicit-function-declaration]
  245 |   HAL_CAN_TxMailboxCompleteCallback();
      |   ^~~~~~~~~~~~~~~~~~~~~~~~~~~~~~~~~
      |   HAL_CAN_TxMailbox2CompleteCallback
In file included from ../Core/Inc/main.h:38,
                 from ../Core/Src/stm32f4xx_it.c:22:
At top level:
../Core/Inc/app.h:25:16: warning: 'rcvDataJudge' defined but not used [-Wunused-variable]
   25 | static uint8_t rcvDataJudge[8]; //各ステーションからのCAN受信データ
      |                ^~~~~~~~~~~~
../Core/Inc/app.h:24:16: warning: 'rcvData' defined but not used [-Wunused-variable]
   24 | static uint8_t rcvData[4][8]; //各ステーションからのCAN受信データ
      |                ^~~~~~~
../Core/Inc/app.h:23:16: warning: 'sndData' defined but not used [-Wunused-variable]
   23 | static uint8_t sndData[4][8]; //各ステーションへのCAN送信データ
      |                ^~~~~~~
arm-none-eabi-gcc -o "GINGAAAN_STEPPING.elf" @"objects.list"   -mcpu=cortex-m4 -T"/Users/UnknownSP/STM32CubeIDE/GINGAAAN/GINGAAAN_STEPPING/STM32F446RETX_FLASH.ld" --specs=nosys.specs -Wl,-Map="GINGAAAN_STEPPING.map" -Wl,--gc-sections -static --specs=nano.specs -mfpu=fpv4-sp-d16 -mfloat-abi=hard -mthumb -Wl,--start-group -lc -lm -Wl,--end-group
Finished building target: GINGAAAN_STEPPING.elf
 
arm-none-eabi-size   GINGAAAN_STEPPING.elf 
arm-none-eabi-objdump -h -S  GINGAAAN_STEPPING.elf  > "GINGAAAN_STEPPING.list"
arm-none-eabi-objcopy  -O binary  GINGAAAN_STEPPING.elf  "GINGAAAN_STEPPING.bin"
   text	   data	    bss	    dec	    hex	filename
  32288	    156	   3540	  35984	   8c90	GINGAAAN_STEPPING.elf
Finished building: default.size.stdout
 
Finished building: GINGAAAN_STEPPING.bin
 
Finished building: GINGAAAN_STEPPING.list
 
12:54:12 **** Incremental Build of configuration Debug for project GINGAAAN_STEPPING ****
make -j3 all 
arm-none-eabi-size   GINGAAAN_STEPPING.elf 
   text	   data	    bss	    dec	    hex	filename
  32288	    156	   3540	  35984	   8c90	GINGAAAN_STEPPING.elf
Finished building: default.size.stdout
 
12:54:43 **** Incremental Build of configuration Debug for project GINGAAAN_STEPPING ****
make -j3 all 
arm-none-eabi-gcc "../Drivers/PWM/Src/pwm.c" -mcpu=cortex-m4 -std=gnu11 -g3 -DDEBUG -DUSE_HAL_DRIVER -DSTM32F446xx -c -I../Core/Inc -I../Drivers/STM32F4xx_HAL_Driver/Inc -I../Drivers/STM32F4xx_HAL_Driver/Inc/Legacy -I../Drivers/CMSIS/Device/ST/STM32F4xx/Include -I../Drivers/CMSIS/Include -O0 -ffunction-sections -fdata-sections -Wall -fstack-usage -MMD -MP -MF"Drivers/PWM/Src/pwm.d" -MT"Drivers/PWM/Src/pwm.o" --specs=nano.specs -mfpu=fpv4-sp-d16 -mfloat-abi=hard -mthumb -o "Drivers/PWM/Src/pwm.o"
arm-none-eabi-gcc "../Drivers/Message/Src/message.c" -mcpu=cortex-m4 -std=gnu11 -g3 -DDEBUG -DUSE_HAL_DRIVER -DSTM32F446xx -c -I../Core/Inc -I../Drivers/STM32F4xx_HAL_Driver/Inc -I../Drivers/STM32F4xx_HAL_Driver/Inc/Legacy -I../Drivers/CMSIS/Device/ST/STM32F4xx/Include -I../Drivers/CMSIS/Include -O0 -ffunction-sections -fdata-sections -Wall -fstack-usage -MMD -MP -MF"Drivers/Message/Src/message.d" -MT"Drivers/Message/Src/message.o" --specs=nano.specs -mfpu=fpv4-sp-d16 -mfloat-abi=hard -mthumb -o "Drivers/Message/Src/message.o"
arm-none-eabi-gcc "../Drivers/I2C/Src/I2C.c" -mcpu=cortex-m4 -std=gnu11 -g3 -DDEBUG -DUSE_HAL_DRIVER -DSTM32F446xx -c -I../Core/Inc -I../Drivers/STM32F4xx_HAL_Driver/Inc -I../Drivers/STM32F4xx_HAL_Driver/Inc/Legacy -I../Drivers/CMSIS/Device/ST/STM32F4xx/Include -I../Drivers/CMSIS/Include -O0 -ffunction-sections -fdata-sections -Wall -fstack-usage -MMD -MP -MF"Drivers/I2C/Src/I2C.d" -MT"Drivers/I2C/Src/I2C.o" --specs=nano.specs -mfpu=fpv4-sp-d16 -mfloat-abi=hard -mthumb -o "Drivers/I2C/Src/I2C.o"
In file included from ../Core/Inc/main.h:38,
                 from ../Drivers/I2C/Src/../Inc/I2C.h:11,
                 from ../Drivers/I2C/Src/I2C.c:9:
../Core/Inc/app.h:25:16: warning: 'rcvDataJudge' defined but not used [-Wunused-variable]
   25 | static uint8_t rcvDataJudge[8]; //各ステーションからのCAN受信データ
      |                ^~~~~~~~~~~~
../Core/Inc/app.h:24:16: warning: 'rcvData' defined but not used [-Wunused-variable]
   24 | static uint8_t rcvData[4][8]; //各ステーションからのCAN受信データ
      |                ^~~~~~~
../Core/Inc/app.h:23:16: warning: 'sndData' defined but not used [-Wunused-variable]
   23 | static uint8_t sndData[4][8]; //各ステーションへのCAN送信データ
      |                ^~~~~~~
In file included from ../Core/Inc/main.h:38,
                 from ../Drivers/PWM/Src/../Inc/pwm.h:11,
                 from ../Drivers/PWM/Src/pwm.c:8:
../Core/Inc/app.h:25:16: warning: 'rcvDataJudge' defined but not used [-Wunused-variable]
   25 | static uint8_t rcvDataJudge[8]; //各ステーションからのCAN受信データ
      |                ^~~~~~~~~~~~
../Core/Inc/app.h:24:16: warning: 'rcvData' defined but not used [-Wunused-variable]
   24 | static uint8_t rcvData[4][8]; //各ステーションからのCAN受信データ
      |                ^~~~~~~
../Core/Inc/app.h:23:16: warning: 'sndData' defined but not used [-Wunused-variable]
   23 | static uint8_t sndData[4][8]; //各ステーションへのCAN送信データ
      |                ^~~~~~~
In file included from ../Core/Inc/main.h:38,
                 from ../Drivers/Message/Src/message.c:7:
../Core/Inc/app.h:25:16: warning: 'rcvDataJudge' defined but not used [-Wunused-variable]
   25 | static uint8_t rcvDataJudge[8]; //各ステーションからのCAN受信データ
      |                ^~~~~~~~~~~~
../Core/Inc/app.h:24:16: warning: 'rcvData' defined but not used [-Wunused-variable]
   24 | static uint8_t rcvData[4][8]; //各ステーションからのCAN受信データ
      |                ^~~~~~~
../Core/Inc/app.h:23:16: warning: 'sndData' defined but not used [-Wunused-variable]
   23 | static uint8_t sndData[4][8]; //各ステーションへのCAN送信データ
      |                ^~~~~~~
arm-none-eabi-gcc "../Drivers/GPIO/Src/GPIO.c" -mcpu=cortex-m4 -std=gnu11 -g3 -DDEBUG -DUSE_HAL_DRIVER -DSTM32F446xx -c -I../Core/Inc -I../Drivers/STM32F4xx_HAL_Driver/Inc -I../Drivers/STM32F4xx_HAL_Driver/Inc/Legacy -I../Drivers/CMSIS/Device/ST/STM32F4xx/Include -I../Drivers/CMSIS/Include -O0 -ffunction-sections -fdata-sections -Wall -fstack-usage -MMD -MP -MF"Drivers/GPIO/Src/GPIO.d" -MT"Drivers/GPIO/Src/GPIO.o" --specs=nano.specs -mfpu=fpv4-sp-d16 -mfloat-abi=hard -mthumb -o "Drivers/GPIO/Src/GPIO.o"
arm-none-eabi-gcc "../Drivers/CAN/Src/CAN.c" -mcpu=cortex-m4 -std=gnu11 -g3 -DDEBUG -DUSE_HAL_DRIVER -DSTM32F446xx -c -I../Core/Inc -I../Drivers/STM32F4xx_HAL_Driver/Inc -I../Drivers/STM32F4xx_HAL_Driver/Inc/Legacy -I../Drivers/CMSIS/Device/ST/STM32F4xx/Include -I../Drivers/CMSIS/Include -O0 -ffunction-sections -fdata-sections -Wall -fstack-usage -MMD -MP -MF"Drivers/CAN/Src/CAN.d" -MT"Drivers/CAN/Src/CAN.o" --specs=nano.specs -mfpu=fpv4-sp-d16 -mfloat-abi=hard -mthumb -o "Drivers/CAN/Src/CAN.o"
arm-none-eabi-gcc "../Core/Src/app.c" -mcpu=cortex-m4 -std=gnu11 -g3 -DDEBUG -DUSE_HAL_DRIVER -DSTM32F446xx -c -I../Core/Inc -I../Drivers/STM32F4xx_HAL_Driver/Inc -I../Drivers/STM32F4xx_HAL_Driver/Inc/Legacy -I../Drivers/CMSIS/Device/ST/STM32F4xx/Include -I../Drivers/CMSIS/Include -O0 -ffunction-sections -fdata-sections -Wall -fstack-usage -MMD -MP -MF"Core/Src/app.d" -MT"Core/Src/app.o" --specs=nano.specs -mfpu=fpv4-sp-d16 -mfloat-abi=hard -mthumb -o "Core/Src/app.o"
In file included from ../Core/Inc/main.h:38,
                 from ../Drivers/GPIO/Src/../Inc/GPIO.h:11,
                 from ../Drivers/GPIO/Src/GPIO.c:8:
../Core/Inc/app.h:25:16: warning: 'rcvDataJudge' defined but not used [-Wunused-variable]
   25 | static uint8_t rcvDataJudge[8]; //各ステーションからのCAN受信データ
      |                ^~~~~~~~~~~~
../Core/Inc/app.h:24:16: warning: 'rcvData' defined but not used [-Wunused-variable]
   24 | static uint8_t rcvData[4][8]; //各ステーションからのCAN受信データ
      |                ^~~~~~~
../Core/Inc/app.h:23:16: warning: 'sndData' defined but not used [-Wunused-variable]
   23 | static uint8_t sndData[4][8]; //各ステーションへのCAN送信データ
      |                ^~~~~~~
../Drivers/CAN/Src/CAN.c: In function 'D_CAN_Receive':
../Drivers/CAN/Src/CAN.c:85:6: warning: variable 'setIdx' set but not used [-Wunused-but-set-variable]
   85 |  int setIdx = 0;
      |      ^~~~~~
../Drivers/CAN/Src/CAN.c: In function 'D_CAN_ReceiveCallBack':
../Drivers/CAN/Src/CAN.c:125:7: warning: variable 'setIdx' set but not used [-Wunused-but-set-variable]
  125 |   int setIdx = 0;
      |       ^~~~~~
In file included from ../Core/Inc/main.h:38,
                 from ../Drivers/CAN/Src/../Inc/CAN.h:11,
                 from ../Drivers/CAN/Src/CAN.c:8:
At top level:
../Core/Inc/app.h:25:16: warning: 'rcvDataJudge' defined but not used [-Wunused-variable]
   25 | static uint8_t rcvDataJudge[8]; //各ステーションからのCAN受信データ
      |                ^~~~~~~~~~~~
../Core/Inc/app.h:24:16: warning: 'rcvData' defined but not used [-Wunused-variable]
   24 | static uint8_t rcvData[4][8]; //各ステーションからのCAN受信データ
      |                ^~~~~~~
../Core/Inc/app.h:23:16: warning: 'sndData' defined but not used [-Wunused-variable]
   23 | static uint8_t sndData[4][8]; //各ステーションへのCAN送信データ
      |                ^~~~~~~
../Core/Src/app.c: In function 'appTask':
../Core/Src/app.c:161:13: warning: unused variable 'step' [-Wunused-variable]
  161 |  static int step = 0;
      |             ^~~~
../Core/Src/app.c:70:14: warning: unused variable '_1stLot_Init' [-Wunused-variable]
   70 |  static bool _1stLot_Init = false;
      |              ^~~~~~~~~~~~
../Core/Src/app.c:65:17: warning: unused variable 'StepSpeed' [-Wunused-variable]
   65 |  static uint8_t StepSpeed[19] = {
      |                 ^~~~~~~~~
../Core/Src/app.c:61:13: warning: unused variable 'idCount' [-Wunused-variable]
   61 |  static int idCount = 8;
      |             ^~~~~~~
../Core/Src/app.c:59:13: warning: unused variable 'testSendData4' [-Wunused-variable]
   59 |  static int testSendData4 = 0;
      |             ^~~~~~~~~~~~~
../Core/Src/app.c:53:13: warning: unused variable 'sendLength' [-Wunused-variable]
   53 |  static int sendLength = 8;
      |             ^~~~~~~~~~
../Core/Src/app.c: In function 'SM_CalSpeedFunc1':
../Core/Src/app.c:283:19: warning: implicit declaration of function 'IO_READ_SM_R'; did you mean 'IO_READ_1STLOT_R'? [-Wimplicit-function-declaration]
  283 |  if (_stopEna && (IO_READ_SM_R() || IO_READ_SM_L())){
      |                   ^~~~~~~~~~~~
      |                   IO_READ_1STLOT_R
../Core/Src/app.c:283:37: warning: implicit declaration of function 'IO_READ_SM_L'; did you mean 'IO_READ_1STLOT_L'? [-Wimplicit-function-declaration]
  283 |  if (_stopEna && (IO_READ_SM_R() || IO_READ_SM_L())){
      |                                     ^~~~~~~~~~~~
      |                                     IO_READ_1STLOT_L
At top level:
../Core/Src/app.c:53:13: warning: 'sendLength' defined but not used [-Wunused-variable]
   53 |  static int sendLength = 8;
      |             ^~~~~~~~~~
../Core/Src/app.c:59:13: warning: 'testSendData4' defined but not used [-Wunused-variable]
   59 |  static int testSendData4 = 0;
      |             ^~~~~~~~~~~~~
../Core/Src/app.c:61:13: warning: 'idCount' defined but not used [-Wunused-variable]
   61 |  static int idCount = 8;
      |             ^~~~~~~
../Core/Src/app.c:65:17: warning: 'StepSpeed' defined but not used [-Wunused-variable]
   65 |  static uint8_t StepSpeed[19] = {
      |                 ^~~~~~~~~
../Core/Src/app.c:70:14: warning: '_1stLot_Init' defined but not used [-Wunused-variable]
   70 |  static bool _1stLot_Init = false;
      |              ^~~~~~~~~~~~
../Core/Src/app.c:161:13: warning: 'step' defined but not used [-Wunused-variable]
  161 |  static int step = 0;
      |             ^~~~
../Core/Src/app.c:303:12: warning: 'SM_CalSpeedFunc2' defined but not used [-Wunused-function]
  303 | static int SM_CalSpeedFunc2(int nowPos, int minSpeed, int maxSpeed){
      |            ^~~~~~~~~~~~~~~~
../Core/Src/app.c:271:12: warning: 'SM_CalSpeedFunc1' defined but not used [-Wunused-function]
  271 | static int SM_CalSpeedFunc1(int nowPos, int minSpeed, int maxSpeed){
      |            ^~~~~~~~~~~~~~~~
../Core/Src/app.c:257:12: warning: 'SM_CalSpeed' defined but not used [-Wunused-function]
  257 | static int SM_CalSpeed(int targetSpeed){
      |            ^~~~~~~~~~~
../Core/Src/app.c:30:13: warning: '_1stLot_Ena' defined but not used [-Wunused-variable]
   30 | static bool _1stLot_Ena = false;
      |             ^~~~~~~~~~~
In file included from ../Core/Src/app.c:11:
../Core/Inc/app.h:25:16: warning: 'rcvDataJudge' defined but not used [-Wunused-variable]
   25 | static uint8_t rcvDataJudge[8]; //各ステーションからのCAN受信データ
      |                ^~~~~~~~~~~~
arm-none-eabi-gcc "../Core/Src/main.c" -mcpu=cortex-m4 -std=gnu11 -g3 -DDEBUG -DUSE_HAL_DRIVER -DSTM32F446xx -c -I../Core/Inc -I../Drivers/STM32F4xx_HAL_Driver/Inc -I../Drivers/STM32F4xx_HAL_Driver/Inc/Legacy -I../Drivers/CMSIS/Device/ST/STM32F4xx/Include -I../Drivers/CMSIS/Include -O0 -ffunction-sections -fdata-sections -Wall -fstack-usage -MMD -MP -MF"Core/Src/main.d" -MT"Core/Src/main.o" --specs=nano.specs -mfpu=fpv4-sp-d16 -mfloat-abi=hard -mthumb -o "Core/Src/main.o"
arm-none-eabi-gcc "../Core/Src/stm32f4xx_hal_msp.c" -mcpu=cortex-m4 -std=gnu11 -g3 -DDEBUG -DUSE_HAL_DRIVER -DSTM32F446xx -c -I../Core/Inc -I../Drivers/STM32F4xx_HAL_Driver/Inc -I../Drivers/STM32F4xx_HAL_Driver/Inc/Legacy -I../Drivers/CMSIS/Device/ST/STM32F4xx/Include -I../Drivers/CMSIS/Include -O0 -ffunction-sections -fdata-sections -Wall -fstack-usage -MMD -MP -MF"Core/Src/stm32f4xx_hal_msp.d" -MT"Core/Src/stm32f4xx_hal_msp.o" --specs=nano.specs -mfpu=fpv4-sp-d16 -mfloat-abi=hard -mthumb -o "Core/Src/stm32f4xx_hal_msp.o"
arm-none-eabi-gcc "../Core/Src/stm32f4xx_it.c" -mcpu=cortex-m4 -std=gnu11 -g3 -DDEBUG -DUSE_HAL_DRIVER -DSTM32F446xx -c -I../Core/Inc -I../Drivers/STM32F4xx_HAL_Driver/Inc -I../Drivers/STM32F4xx_HAL_Driver/Inc/Legacy -I../Drivers/CMSIS/Device/ST/STM32F4xx/Include -I../Drivers/CMSIS/Include -O0 -ffunction-sections -fdata-sections -Wall -fstack-usage -MMD -MP -MF"Core/Src/stm32f4xx_it.d" -MT"Core/Src/stm32f4xx_it.o" --specs=nano.specs -mfpu=fpv4-sp-d16 -mfloat-abi=hard -mthumb -o "Core/Src/stm32f4xx_it.o"
In file included from ../Core/Inc/main.h:38,
                 from ../Core/Src/main.c:21:
../Core/Inc/app.h:25:16: warning: 'rcvDataJudge' defined but not used [-Wunused-variable]
   25 | static uint8_t rcvDataJudge[8]; //各ステーションからのCAN受信データ
      |                ^~~~~~~~~~~~
../Core/Inc/app.h:24:16: warning: 'rcvData' defined but not used [-Wunused-variable]
   24 | static uint8_t rcvData[4][8]; //各ステーションからのCAN受信データ
      |                ^~~~~~~
../Core/Inc/app.h:23:16: warning: 'sndData' defined but not used [-Wunused-variable]
   23 | static uint8_t sndData[4][8]; //各ステーションへのCAN送信データ
      |                ^~~~~~~
In file included from ../Core/Inc/main.h:38,
                 from ../Core/Src/stm32f4xx_hal_msp.c:23:
../Core/Inc/app.h:25:16: warning: 'rcvDataJudge' defined but not used [-Wunused-variable]
   25 | static uint8_t rcvDataJudge[8]; //各ステーションからのCAN受信データ
      |                ^~~~~~~~~~~~
../Core/Inc/app.h:24:16: warning: 'rcvData' defined but not used [-Wunused-variable]
   24 | static uint8_t rcvData[4][8]; //各ステーションからのCAN受信データ
      |                ^~~~~~~
../Core/Inc/app.h:23:16: warning: 'sndData' defined but not used [-Wunused-variable]
   23 | static uint8_t sndData[4][8]; //各ステーションへのCAN送信データ
      |                ^~~~~~~
../Core/Src/stm32f4xx_it.c: In function 'CAN1_TX_IRQHandler':
../Core/Src/stm32f4xx_it.c:245:3: warning: implicit declaration of function 'HAL_CAN_TxMailboxCompleteCallback'; did you mean 'HAL_CAN_TxMailbox2CompleteCallback'? [-Wimplicit-function-declaration]
  245 |   HAL_CAN_TxMailboxCompleteCallback();
      |   ^~~~~~~~~~~~~~~~~~~~~~~~~~~~~~~~~
      |   HAL_CAN_TxMailbox2CompleteCallback
In file included from ../Core/Inc/main.h:38,
                 from ../Core/Src/stm32f4xx_it.c:22:
At top level:
../Core/Inc/app.h:25:16: warning: 'rcvDataJudge' defined but not used [-Wunused-variable]
   25 | static uint8_t rcvDataJudge[8]; //各ステーションからのCAN受信データ
      |                ^~~~~~~~~~~~
../Core/Inc/app.h:24:16: warning: 'rcvData' defined but not used [-Wunused-variable]
   24 | static uint8_t rcvData[4][8]; //各ステーションからのCAN受信データ
      |                ^~~~~~~
../Core/Inc/app.h:23:16: warning: 'sndData' defined but not used [-Wunused-variable]
   23 | static uint8_t sndData[4][8]; //各ステーションへのCAN送信データ
      |                ^~~~~~~
arm-none-eabi-gcc -o "GINGAAAN_STEPPING.elf" @"objects.list"   -mcpu=cortex-m4 -T"/Users/UnknownSP/STM32CubeIDE/GINGAAAN/GINGAAAN_STEPPING/STM32F446RETX_FLASH.ld" --specs=nosys.specs -Wl,-Map="GINGAAAN_STEPPING.map" -Wl,--gc-sections -static --specs=nano.specs -mfpu=fpv4-sp-d16 -mfloat-abi=hard -mthumb -Wl,--start-group -lc -lm -Wl,--end-group
Finished building target: GINGAAAN_STEPPING.elf
 
arm-none-eabi-size   GINGAAAN_STEPPING.elf 
arm-none-eabi-objdump -h -S  GINGAAAN_STEPPING.elf  > "GINGAAAN_STEPPING.list"
arm-none-eabi-objcopy  -O binary  GINGAAAN_STEPPING.elf  "GINGAAAN_STEPPING.bin"
   text	   data	    bss	    dec	    hex	filename
  32288	    156	   3540	  35984	   8c90	GINGAAAN_STEPPING.elf
Finished building: default.size.stdout
 
Finished building: GINGAAAN_STEPPING.bin
 
Finished building: GINGAAAN_STEPPING.list
 
12:58:11 **** Incremental Build of configuration Debug for project GINGAAAN_STEPPING ****
make -j3 all 
arm-none-eabi-gcc "../Core/Src/app.c" -mcpu=cortex-m4 -std=gnu11 -g3 -DDEBUG -DUSE_HAL_DRIVER -DSTM32F446xx -c -I../Core/Inc -I../Drivers/STM32F4xx_HAL_Driver/Inc -I../Drivers/STM32F4xx_HAL_Driver/Inc/Legacy -I../Drivers/CMSIS/Device/ST/STM32F4xx/Include -I../Drivers/CMSIS/Include -O0 -ffunction-sections -fdata-sections -Wall -fstack-usage -MMD -MP -MF"Core/Src/app.d" -MT"Core/Src/app.o" --specs=nano.specs -mfpu=fpv4-sp-d16 -mfloat-abi=hard -mthumb -o "Core/Src/app.o"
../Core/Src/app.c: In function 'appTask':
../Core/Src/app.c:161:13: warning: unused variable 'step' [-Wunused-variable]
  161 |  static int step = 0;
      |             ^~~~
../Core/Src/app.c:70:14: warning: unused variable '_1stLot_Init' [-Wunused-variable]
   70 |  static bool _1stLot_Init = false;
      |              ^~~~~~~~~~~~
../Core/Src/app.c:65:17: warning: unused variable 'StepSpeed' [-Wunused-variable]
   65 |  static uint8_t StepSpeed[19] = {
      |                 ^~~~~~~~~
../Core/Src/app.c:61:13: warning: unused variable 'idCount' [-Wunused-variable]
   61 |  static int idCount = 8;
      |             ^~~~~~~
../Core/Src/app.c:59:13: warning: unused variable 'testSendData4' [-Wunused-variable]
   59 |  static int testSendData4 = 0;
      |             ^~~~~~~~~~~~~
../Core/Src/app.c:53:13: warning: unused variable 'sendLength' [-Wunused-variable]
   53 |  static int sendLength = 8;
      |             ^~~~~~~~~~
../Core/Src/app.c: In function 'SM_CalSpeedFunc1':
../Core/Src/app.c:283:19: warning: implicit declaration of function 'IO_READ_SM_R'; did you mean 'IO_READ_1STLOT_R'? [-Wimplicit-function-declaration]
  283 |  if (_stopEna && (IO_READ_SM_R() || IO_READ_SM_L())){
      |                   ^~~~~~~~~~~~
      |                   IO_READ_1STLOT_R
../Core/Src/app.c:283:37: warning: implicit declaration of function 'IO_READ_SM_L'; did you mean 'IO_READ_1STLOT_L'? [-Wimplicit-function-declaration]
  283 |  if (_stopEna && (IO_READ_SM_R() || IO_READ_SM_L())){
      |                                     ^~~~~~~~~~~~
      |                                     IO_READ_1STLOT_L
At top level:
../Core/Src/app.c:53:13: warning: 'sendLength' defined but not used [-Wunused-variable]
   53 |  static int sendLength = 8;
      |             ^~~~~~~~~~
../Core/Src/app.c:59:13: warning: 'testSendData4' defined but not used [-Wunused-variable]
   59 |  static int testSendData4 = 0;
      |             ^~~~~~~~~~~~~
../Core/Src/app.c:61:13: warning: 'idCount' defined but not used [-Wunused-variable]
   61 |  static int idCount = 8;
      |             ^~~~~~~
../Core/Src/app.c:65:17: warning: 'StepSpeed' defined but not used [-Wunused-variable]
   65 |  static uint8_t StepSpeed[19] = {
      |                 ^~~~~~~~~
../Core/Src/app.c:70:14: warning: '_1stLot_Init' defined but not used [-Wunused-variable]
   70 |  static bool _1stLot_Init = false;
      |              ^~~~~~~~~~~~
../Core/Src/app.c:161:13: warning: 'step' defined but not used [-Wunused-variable]
  161 |  static int step = 0;
      |             ^~~~
../Core/Src/app.c:303:12: warning: 'SM_CalSpeedFunc2' defined but not used [-Wunused-function]
  303 | static int SM_CalSpeedFunc2(int nowPos, int minSpeed, int maxSpeed){
      |            ^~~~~~~~~~~~~~~~
../Core/Src/app.c:271:12: warning: 'SM_CalSpeedFunc1' defined but not used [-Wunused-function]
  271 | static int SM_CalSpeedFunc1(int nowPos, int minSpeed, int maxSpeed){
      |            ^~~~~~~~~~~~~~~~
../Core/Src/app.c:257:12: warning: 'SM_CalSpeed' defined but not used [-Wunused-function]
  257 | static int SM_CalSpeed(int targetSpeed){
      |            ^~~~~~~~~~~
../Core/Src/app.c:30:13: warning: '_1stLot_Ena' defined but not used [-Wunused-variable]
   30 | static bool _1stLot_Ena = false;
      |             ^~~~~~~~~~~
In file included from ../Core/Src/app.c:11:
../Core/Inc/app.h:25:16: warning: 'rcvDataJudge' defined but not used [-Wunused-variable]
   25 | static uint8_t rcvDataJudge[8]; //各ステーションからのCAN受信データ
      |                ^~~~~~~~~~~~
arm-none-eabi-gcc -o "GINGAAAN_STEPPING.elf" @"objects.list"   -mcpu=cortex-m4 -T"/Users/UnknownSP/STM32CubeIDE/GINGAAAN/GINGAAAN_STEPPING/STM32F446RETX_FLASH.ld" --specs=nosys.specs -Wl,-Map="GINGAAAN_STEPPING.map" -Wl,--gc-sections -static --specs=nano.specs -mfpu=fpv4-sp-d16 -mfloat-abi=hard -mthumb -Wl,--start-group -lc -lm -Wl,--end-group
Finished building target: GINGAAAN_STEPPING.elf
 
arm-none-eabi-size   GINGAAAN_STEPPING.elf 
arm-none-eabi-objdump -h -S  GINGAAAN_STEPPING.elf  > "GINGAAAN_STEPPING.list"
arm-none-eabi-objcopy  -O binary  GINGAAAN_STEPPING.elf  "GINGAAAN_STEPPING.bin"
   text	   data	    bss	    dec	    hex	filename
  32288	    156	   3540	  35984	   8c90	GINGAAAN_STEPPING.elf
Finished building: default.size.stdout
 
Finished building: GINGAAAN_STEPPING.bin
 
Finished building: GINGAAAN_STEPPING.list
 
12:59:10 **** Incremental Build of configuration Debug for project GINGAAAN_STEPPING ****
make -j3 all 
arm-none-eabi-gcc "../Core/Src/app.c" -mcpu=cortex-m4 -std=gnu11 -g3 -DDEBUG -DUSE_HAL_DRIVER -DSTM32F446xx -c -I../Core/Inc -I../Drivers/STM32F4xx_HAL_Driver/Inc -I../Drivers/STM32F4xx_HAL_Driver/Inc/Legacy -I../Drivers/CMSIS/Device/ST/STM32F4xx/Include -I../Drivers/CMSIS/Include -O0 -ffunction-sections -fdata-sections -Wall -fstack-usage -MMD -MP -MF"Core/Src/app.d" -MT"Core/Src/app.o" --specs=nano.specs -mfpu=fpv4-sp-d16 -mfloat-abi=hard -mthumb -o "Core/Src/app.o"
../Core/Src/app.c: In function 'appTask':
../Core/Src/app.c:167:14: warning: variable '_divideTarget' set but not used [-Wunused-but-set-variable]
  167 |  static bool _divideTarget = false;
      |              ^~~~~~~~~~~~~
../Core/Src/app.c:161:13: warning: unused variable 'step' [-Wunused-variable]
  161 |  static int step = 0;
      |             ^~~~
../Core/Src/app.c:70:14: warning: unused variable '_1stLot_Init' [-Wunused-variable]
   70 |  static bool _1stLot_Init = false;
      |              ^~~~~~~~~~~~
../Core/Src/app.c:65:17: warning: unused variable 'StepSpeed' [-Wunused-variable]
   65 |  static uint8_t StepSpeed[19] = {
      |                 ^~~~~~~~~
../Core/Src/app.c:61:13: warning: unused variable 'idCount' [-Wunused-variable]
   61 |  static int idCount = 8;
      |             ^~~~~~~
../Core/Src/app.c:59:13: warning: unused variable 'testSendData4' [-Wunused-variable]
   59 |  static int testSendData4 = 0;
      |             ^~~~~~~~~~~~~
../Core/Src/app.c:53:13: warning: unused variable 'sendLength' [-Wunused-variable]
   53 |  static int sendLength = 8;
      |             ^~~~~~~~~~
../Core/Src/app.c: In function 'SM_CalSpeedFunc1':
../Core/Src/app.c:283:19: warning: implicit declaration of function 'IO_READ_SM_R'; did you mean 'IO_READ_1STLOT_R'? [-Wimplicit-function-declaration]
  283 |  if (_stopEna && (IO_READ_SM_R() || IO_READ_SM_L())){
      |                   ^~~~~~~~~~~~
      |                   IO_READ_1STLOT_R
../Core/Src/app.c:283:37: warning: implicit declaration of function 'IO_READ_SM_L'; did you mean 'IO_READ_1STLOT_L'? [-Wimplicit-function-declaration]
  283 |  if (_stopEna && (IO_READ_SM_R() || IO_READ_SM_L())){
      |                                     ^~~~~~~~~~~~
      |                                     IO_READ_1STLOT_L
At top level:
../Core/Src/app.c:53:13: warning: 'sendLength' defined but not used [-Wunused-variable]
   53 |  static int sendLength = 8;
      |             ^~~~~~~~~~
../Core/Src/app.c:59:13: warning: 'testSendData4' defined but not used [-Wunused-variable]
   59 |  static int testSendData4 = 0;
      |             ^~~~~~~~~~~~~
../Core/Src/app.c:61:13: warning: 'idCount' defined but not used [-Wunused-variable]
   61 |  static int idCount = 8;
      |             ^~~~~~~
../Core/Src/app.c:65:17: warning: 'StepSpeed' defined but not used [-Wunused-variable]
   65 |  static uint8_t StepSpeed[19] = {
      |                 ^~~~~~~~~
../Core/Src/app.c:70:14: warning: '_1stLot_Init' defined but not used [-Wunused-variable]
   70 |  static bool _1stLot_Init = false;
      |              ^~~~~~~~~~~~
../Core/Src/app.c:161:13: warning: 'step' defined but not used [-Wunused-variable]
  161 |  static int step = 0;
      |             ^~~~
../Core/Src/app.c:505:13: warning: 'SM_Divide_Move' defined but not used [-Wunused-function]
  505 | static bool SM_Divide_Move(bool _target){
      |             ^~~~~~~~~~~~~~
../Core/Src/app.c:303:12: warning: 'SM_CalSpeedFunc2' defined but not used [-Wunused-function]
  303 | static int SM_CalSpeedFunc2(int nowPos, int minSpeed, int maxSpeed){
      |            ^~~~~~~~~~~~~~~~
../Core/Src/app.c:271:12: warning: 'SM_CalSpeedFunc1' defined but not used [-Wunused-function]
  271 | static int SM_CalSpeedFunc1(int nowPos, int minSpeed, int maxSpeed){
      |            ^~~~~~~~~~~~~~~~
../Core/Src/app.c:257:12: warning: 'SM_CalSpeed' defined but not used [-Wunused-function]
  257 | static int SM_CalSpeed(int targetSpeed){
      |            ^~~~~~~~~~~
../Core/Src/app.c:30:13: warning: '_1stLot_Ena' defined but not used [-Wunused-variable]
   30 | static bool _1stLot_Ena = false;
      |             ^~~~~~~~~~~
In file included from ../Core/Src/app.c:11:
../Core/Inc/app.h:25:16: warning: 'rcvDataJudge' defined but not used [-Wunused-variable]
   25 | static uint8_t rcvDataJudge[8]; //各ステーションからのCAN受信データ
      |                ^~~~~~~~~~~~
arm-none-eabi-gcc -o "GINGAAAN_STEPPING.elf" @"objects.list"   -mcpu=cortex-m4 -T"/Users/UnknownSP/STM32CubeIDE/GINGAAAN/GINGAAAN_STEPPING/STM32F446RETX_FLASH.ld" --specs=nosys.specs -Wl,-Map="GINGAAAN_STEPPING.map" -Wl,--gc-sections -static --specs=nano.specs -mfpu=fpv4-sp-d16 -mfloat-abi=hard -mthumb -Wl,--start-group -lc -lm -Wl,--end-group
Finished building target: GINGAAAN_STEPPING.elf
 
arm-none-eabi-size   GINGAAAN_STEPPING.elf 
arm-none-eabi-objdump -h -S  GINGAAAN_STEPPING.elf  > "GINGAAAN_STEPPING.list"
arm-none-eabi-objcopy  -O binary  GINGAAAN_STEPPING.elf  "GINGAAAN_STEPPING.bin"
   text	   data	    bss	    dec	    hex	filename
  32104	    156	   3532	  35792	   8bd0	GINGAAAN_STEPPING.elf
Finished building: default.size.stdout
 
Finished building: GINGAAAN_STEPPING.bin
 
Finished building: GINGAAAN_STEPPING.list
 
13:02:15 **** Incremental Build of configuration Debug for project GINGAAAN_STEPPING ****
make -j3 all 
arm-none-eabi-gcc "../Core/Src/app.c" -mcpu=cortex-m4 -std=gnu11 -g3 -DDEBUG -DUSE_HAL_DRIVER -DSTM32F446xx -c -I../Core/Inc -I../Drivers/STM32F4xx_HAL_Driver/Inc -I../Drivers/STM32F4xx_HAL_Driver/Inc/Legacy -I../Drivers/CMSIS/Device/ST/STM32F4xx/Include -I../Drivers/CMSIS/Include -O0 -ffunction-sections -fdata-sections -Wall -fstack-usage -MMD -MP -MF"Core/Src/app.d" -MT"Core/Src/app.o" --specs=nano.specs -mfpu=fpv4-sp-d16 -mfloat-abi=hard -mthumb -o "Core/Src/app.o"
../Core/Src/app.c: In function 'appTask':
../Core/Src/app.c:161:13: warning: unused variable 'step' [-Wunused-variable]
  161 |  static int step = 0;
      |             ^~~~
../Core/Src/app.c:70:14: warning: unused variable '_1stLot_Init' [-Wunused-variable]
   70 |  static bool _1stLot_Init = false;
      |              ^~~~~~~~~~~~
../Core/Src/app.c:65:17: warning: unused variable 'StepSpeed' [-Wunused-variable]
   65 |  static uint8_t StepSpeed[19] = {
      |                 ^~~~~~~~~
../Core/Src/app.c:61:13: warning: unused variable 'idCount' [-Wunused-variable]
   61 |  static int idCount = 8;
      |             ^~~~~~~
../Core/Src/app.c:59:13: warning: unused variable 'testSendData4' [-Wunused-variable]
   59 |  static int testSendData4 = 0;
      |             ^~~~~~~~~~~~~
../Core/Src/app.c:53:13: warning: unused variable 'sendLength' [-Wunused-variable]
   53 |  static int sendLength = 8;
      |             ^~~~~~~~~~
../Core/Src/app.c: In function 'SM_CalSpeedFunc1':
../Core/Src/app.c:283:19: warning: implicit declaration of function 'IO_READ_SM_R'; did you mean 'IO_READ_1STLOT_R'? [-Wimplicit-function-declaration]
  283 |  if (_stopEna && (IO_READ_SM_R() || IO_READ_SM_L())){
      |                   ^~~~~~~~~~~~
      |                   IO_READ_1STLOT_R
../Core/Src/app.c:283:37: warning: implicit declaration of function 'IO_READ_SM_L'; did you mean 'IO_READ_1STLOT_L'? [-Wimplicit-function-declaration]
  283 |  if (_stopEna && (IO_READ_SM_R() || IO_READ_SM_L())){
      |                                     ^~~~~~~~~~~~
      |                                     IO_READ_1STLOT_L
../Core/Src/app.c: In function 'SM_Divide_Move':
../Core/Src/app.c:519:22: error: expected ';' before 'if'
  519 |  _recentPos = _target
      |                      ^
      |                      ;
  520 |  if(_complete) return true;
      |  ~~                   
At top level:
../Core/Src/app.c:53:13: warning: 'sendLength' defined but not used [-Wunused-variable]
   53 |  static int sendLength = 8;
      |             ^~~~~~~~~~
../Core/Src/app.c:59:13: warning: 'testSendData4' defined but not used [-Wunused-variable]
   59 |  static int testSendData4 = 0;
      |             ^~~~~~~~~~~~~
../Core/Src/app.c:61:13: warning: 'idCount' defined but not used [-Wunused-variable]
   61 |  static int idCount = 8;
      |             ^~~~~~~
../Core/Src/app.c:65:17: warning: 'StepSpeed' defined but not used [-Wunused-variable]
   65 |  static uint8_t StepSpeed[19] = {
      |                 ^~~~~~~~~
../Core/Src/app.c:70:14: warning: '_1stLot_Init' defined but not used [-Wunused-variable]
   70 |  static bool _1stLot_Init = false;
      |              ^~~~~~~~~~~~
../Core/Src/app.c:161:13: warning: 'step' defined but not used [-Wunused-variable]
  161 |  static int step = 0;
      |             ^~~~
../Core/Src/app.c:303:12: warning: 'SM_CalSpeedFunc2' defined but not used [-Wunused-function]
  303 | static int SM_CalSpeedFunc2(int nowPos, int minSpeed, int maxSpeed){
      |            ^~~~~~~~~~~~~~~~
../Core/Src/app.c:271:12: warning: 'SM_CalSpeedFunc1' defined but not used [-Wunused-function]
  271 | static int SM_CalSpeedFunc1(int nowPos, int minSpeed, int maxSpeed){
      |            ^~~~~~~~~~~~~~~~
../Core/Src/app.c:257:12: warning: 'SM_CalSpeed' defined but not used [-Wunused-function]
  257 | static int SM_CalSpeed(int targetSpeed){
      |            ^~~~~~~~~~~
../Core/Src/app.c:30:13: warning: '_1stLot_Ena' defined but not used [-Wunused-variable]
   30 | static bool _1stLot_Ena = false;
      |             ^~~~~~~~~~~
In file included from ../Core/Src/app.c:11:
../Core/Inc/app.h:25:16: warning: 'rcvDataJudge' defined but not used [-Wunused-variable]
   25 | static uint8_t rcvDataJudge[8]; //各ステーションからのCAN受信データ
      |                ^~~~~~~~~~~~
make: *** [Core/Src/subdir.mk:37: Core/Src/app.o] Error 1
"make -j3 all" terminated with exit code 2. Build might be incomplete.
13:02:24 **** Incremental Build of configuration Debug for project GINGAAAN_STEPPING ****
make -j3 all 
arm-none-eabi-gcc "../Core/Src/app.c" -mcpu=cortex-m4 -std=gnu11 -g3 -DDEBUG -DUSE_HAL_DRIVER -DSTM32F446xx -c -I../Core/Inc -I../Drivers/STM32F4xx_HAL_Driver/Inc -I../Drivers/STM32F4xx_HAL_Driver/Inc/Legacy -I../Drivers/CMSIS/Device/ST/STM32F4xx/Include -I../Drivers/CMSIS/Include -O0 -ffunction-sections -fdata-sections -Wall -fstack-usage -MMD -MP -MF"Core/Src/app.d" -MT"Core/Src/app.o" --specs=nano.specs -mfpu=fpv4-sp-d16 -mfloat-abi=hard -mthumb -o "Core/Src/app.o"
../Core/Src/app.c: In function 'appTask':
../Core/Src/app.c:161:13: warning: unused variable 'step' [-Wunused-variable]
  161 |  static int step = 0;
      |             ^~~~
../Core/Src/app.c:70:14: warning: unused variable '_1stLot_Init' [-Wunused-variable]
   70 |  static bool _1stLot_Init = false;
      |              ^~~~~~~~~~~~
../Core/Src/app.c:65:17: warning: unused variable 'StepSpeed' [-Wunused-variable]
   65 |  static uint8_t StepSpeed[19] = {
      |                 ^~~~~~~~~
../Core/Src/app.c:61:13: warning: unused variable 'idCount' [-Wunused-variable]
   61 |  static int idCount = 8;
      |             ^~~~~~~
../Core/Src/app.c:59:13: warning: unused variable 'testSendData4' [-Wunused-variable]
   59 |  static int testSendData4 = 0;
      |             ^~~~~~~~~~~~~
../Core/Src/app.c:53:13: warning: unused variable 'sendLength' [-Wunused-variable]
   53 |  static int sendLength = 8;
      |             ^~~~~~~~~~
../Core/Src/app.c: In function 'SM_CalSpeedFunc1':
../Core/Src/app.c:283:19: warning: implicit declaration of function 'IO_READ_SM_R'; did you mean 'IO_READ_1STLOT_R'? [-Wimplicit-function-declaration]
  283 |  if (_stopEna && (IO_READ_SM_R() || IO_READ_SM_L())){
      |                   ^~~~~~~~~~~~
      |                   IO_READ_1STLOT_R
../Core/Src/app.c:283:37: warning: implicit declaration of function 'IO_READ_SM_L'; did you mean 'IO_READ_1STLOT_L'? [-Wimplicit-function-declaration]
  283 |  if (_stopEna && (IO_READ_SM_R() || IO_READ_SM_L())){
      |                                     ^~~~~~~~~~~~
      |                                     IO_READ_1STLOT_L
At top level:
../Core/Src/app.c:53:13: warning: 'sendLength' defined but not used [-Wunused-variable]
   53 |  static int sendLength = 8;
      |             ^~~~~~~~~~
../Core/Src/app.c:59:13: warning: 'testSendData4' defined but not used [-Wunused-variable]
   59 |  static int testSendData4 = 0;
      |             ^~~~~~~~~~~~~
../Core/Src/app.c:61:13: warning: 'idCount' defined but not used [-Wunused-variable]
   61 |  static int idCount = 8;
      |             ^~~~~~~
../Core/Src/app.c:65:17: warning: 'StepSpeed' defined but not used [-Wunused-variable]
   65 |  static uint8_t StepSpeed[19] = {
      |                 ^~~~~~~~~
../Core/Src/app.c:70:14: warning: '_1stLot_Init' defined but not used [-Wunused-variable]
   70 |  static bool _1stLot_Init = false;
      |              ^~~~~~~~~~~~
../Core/Src/app.c:161:13: warning: 'step' defined but not used [-Wunused-variable]
  161 |  static int step = 0;
      |             ^~~~
../Core/Src/app.c:303:12: warning: 'SM_CalSpeedFunc2' defined but not used [-Wunused-function]
  303 | static int SM_CalSpeedFunc2(int nowPos, int minSpeed, int maxSpeed){
      |            ^~~~~~~~~~~~~~~~
../Core/Src/app.c:271:12: warning: 'SM_CalSpeedFunc1' defined but not used [-Wunused-function]
  271 | static int SM_CalSpeedFunc1(int nowPos, int minSpeed, int maxSpeed){
      |            ^~~~~~~~~~~~~~~~
../Core/Src/app.c:257:12: warning: 'SM_CalSpeed' defined but not used [-Wunused-function]
  257 | static int SM_CalSpeed(int targetSpeed){
      |            ^~~~~~~~~~~
../Core/Src/app.c:30:13: warning: '_1stLot_Ena' defined but not used [-Wunused-variable]
   30 | static bool _1stLot_Ena = false;
      |             ^~~~~~~~~~~
In file included from ../Core/Src/app.c:11:
../Core/Inc/app.h:25:16: warning: 'rcvDataJudge' defined but not used [-Wunused-variable]
   25 | static uint8_t rcvDataJudge[8]; //各ステーションからのCAN受信データ
      |                ^~~~~~~~~~~~
arm-none-eabi-gcc -o "GINGAAAN_STEPPING.elf" @"objects.list"   -mcpu=cortex-m4 -T"/Users/UnknownSP/STM32CubeIDE/GINGAAAN/GINGAAAN_STEPPING/STM32F446RETX_FLASH.ld" --specs=nosys.specs -Wl,-Map="GINGAAAN_STEPPING.map" -Wl,--gc-sections -static --specs=nano.specs -mfpu=fpv4-sp-d16 -mfloat-abi=hard -mthumb -Wl,--start-group -lc -lm -Wl,--end-group
Finished building target: GINGAAAN_STEPPING.elf
 
arm-none-eabi-size   GINGAAAN_STEPPING.elf 
arm-none-eabi-objdump -h -S  GINGAAAN_STEPPING.elf  > "GINGAAAN_STEPPING.list"
arm-none-eabi-objcopy  -O binary  GINGAAAN_STEPPING.elf  "GINGAAAN_STEPPING.bin"
   text	   data	    bss	    dec	    hex	filename
  32312	    156	   3540	  36008	   8ca8	GINGAAAN_STEPPING.elf
Finished building: default.size.stdout
 
Finished building: GINGAAAN_STEPPING.bin
 
Finished building: GINGAAAN_STEPPING.list
 
13:04:09 **** Incremental Build of configuration Debug for project GINGAAAN_STEPPING ****
make -j3 all 
arm-none-eabi-gcc "../Drivers/PWM/Src/pwm.c" -mcpu=cortex-m4 -std=gnu11 -g3 -DDEBUG -DUSE_HAL_DRIVER -DSTM32F446xx -c -I../Core/Inc -I../Drivers/STM32F4xx_HAL_Driver/Inc -I../Drivers/STM32F4xx_HAL_Driver/Inc/Legacy -I../Drivers/CMSIS/Device/ST/STM32F4xx/Include -I../Drivers/CMSIS/Include -O0 -ffunction-sections -fdata-sections -Wall -fstack-usage -MMD -MP -MF"Drivers/PWM/Src/pwm.d" -MT"Drivers/PWM/Src/pwm.o" --specs=nano.specs -mfpu=fpv4-sp-d16 -mfloat-abi=hard -mthumb -o "Drivers/PWM/Src/pwm.o"
arm-none-eabi-gcc "../Drivers/Message/Src/message.c" -mcpu=cortex-m4 -std=gnu11 -g3 -DDEBUG -DUSE_HAL_DRIVER -DSTM32F446xx -c -I../Core/Inc -I../Drivers/STM32F4xx_HAL_Driver/Inc -I../Drivers/STM32F4xx_HAL_Driver/Inc/Legacy -I../Drivers/CMSIS/Device/ST/STM32F4xx/Include -I../Drivers/CMSIS/Include -O0 -ffunction-sections -fdata-sections -Wall -fstack-usage -MMD -MP -MF"Drivers/Message/Src/message.d" -MT"Drivers/Message/Src/message.o" --specs=nano.specs -mfpu=fpv4-sp-d16 -mfloat-abi=hard -mthumb -o "Drivers/Message/Src/message.o"
arm-none-eabi-gcc "../Drivers/I2C/Src/I2C.c" -mcpu=cortex-m4 -std=gnu11 -g3 -DDEBUG -DUSE_HAL_DRIVER -DSTM32F446xx -c -I../Core/Inc -I../Drivers/STM32F4xx_HAL_Driver/Inc -I../Drivers/STM32F4xx_HAL_Driver/Inc/Legacy -I../Drivers/CMSIS/Device/ST/STM32F4xx/Include -I../Drivers/CMSIS/Include -O0 -ffunction-sections -fdata-sections -Wall -fstack-usage -MMD -MP -MF"Drivers/I2C/Src/I2C.d" -MT"Drivers/I2C/Src/I2C.o" --specs=nano.specs -mfpu=fpv4-sp-d16 -mfloat-abi=hard -mthumb -o "Drivers/I2C/Src/I2C.o"
In file included from ../Core/Inc/main.h:38,
                 from ../Drivers/PWM/Src/../Inc/pwm.h:11,
                 from ../Drivers/PWM/Src/pwm.c:8:
../Core/Inc/app.h:25:16: warning: 'rcvDataJudge' defined but not used [-Wunused-variable]
   25 | static uint8_t rcvDataJudge[8]; //各ステーションからのCAN受信データ
      |                ^~~~~~~~~~~~
In file included from ../Core/Inc/main.h:38,
                 from ../Drivers/I2C/Src/../Inc/I2C.h:11,
                 from ../Drivers/I2C/Src/I2C.c:9:
../Core/Inc/app.h:25:16: warning: 'rcvDataJudge' defined but not used [-Wunused-variable]
   25 | static uint8_t rcvDataJudge[8]; //各ステーションからのCAN受信データ
      |                ^~~~~~~~~~~~
../Core/Inc/app.h:24:16: warning: 'rcvData' defined but not used [-Wunused-variable]
   24 | static uint8_t rcvData[4][8]; //各ステーションからのCAN受信データ
      |                ^~~~~~~
../Core/Inc/app.h:23:16: warning: 'sndData' defined but not used [-Wunused-variable]
   23 | static uint8_t sndData[4][8]; //各ステーションへのCAN送信データ
      |                ^~~~~~~
../Core/Inc/app.h:24:16: warning: 'rcvData' defined but not used [-Wunused-variable]
   24 | static uint8_t rcvData[4][8]; //各ステーションからのCAN受信データ
      |                ^~~~~~~
../Core/Inc/app.h:23:16: warning: 'sndData' defined but not used [-Wunused-variable]
   23 | static uint8_t sndData[4][8]; //各ステーションへのCAN送信データ
      |                ^~~~~~~
In file included from ../Core/Inc/main.h:38,
                 from ../Drivers/Message/Src/message.c:7:
../Core/Inc/app.h:25:16: warning: 'rcvDataJudge' defined but not used [-Wunused-variable]
   25 | static uint8_t rcvDataJudge[8]; //各ステーションからのCAN受信データ
      |                ^~~~~~~~~~~~
../Core/Inc/app.h:24:16: warning: 'rcvData' defined but not used [-Wunused-variable]
   24 | static uint8_t rcvData[4][8]; //各ステーションからのCAN受信データ
      |                ^~~~~~~
../Core/Inc/app.h:23:16: warning: 'sndData' defined but not used [-Wunused-variable]
   23 | static uint8_t sndData[4][8]; //各ステーションへのCAN送信データ
      |                ^~~~~~~
arm-none-eabi-gcc "../Drivers/GPIO/Src/GPIO.c" -mcpu=cortex-m4 -std=gnu11 -g3 -DDEBUG -DUSE_HAL_DRIVER -DSTM32F446xx -c -I../Core/Inc -I../Drivers/STM32F4xx_HAL_Driver/Inc -I../Drivers/STM32F4xx_HAL_Driver/Inc/Legacy -I../Drivers/CMSIS/Device/ST/STM32F4xx/Include -I../Drivers/CMSIS/Include -O0 -ffunction-sections -fdata-sections -Wall -fstack-usage -MMD -MP -MF"Drivers/GPIO/Src/GPIO.d" -MT"Drivers/GPIO/Src/GPIO.o" --specs=nano.specs -mfpu=fpv4-sp-d16 -mfloat-abi=hard -mthumb -o "Drivers/GPIO/Src/GPIO.o"
arm-none-eabi-gcc "../Drivers/CAN/Src/CAN.c" -mcpu=cortex-m4 -std=gnu11 -g3 -DDEBUG -DUSE_HAL_DRIVER -DSTM32F446xx -c -I../Core/Inc -I../Drivers/STM32F4xx_HAL_Driver/Inc -I../Drivers/STM32F4xx_HAL_Driver/Inc/Legacy -I../Drivers/CMSIS/Device/ST/STM32F4xx/Include -I../Drivers/CMSIS/Include -O0 -ffunction-sections -fdata-sections -Wall -fstack-usage -MMD -MP -MF"Drivers/CAN/Src/CAN.d" -MT"Drivers/CAN/Src/CAN.o" --specs=nano.specs -mfpu=fpv4-sp-d16 -mfloat-abi=hard -mthumb -o "Drivers/CAN/Src/CAN.o"
arm-none-eabi-gcc "../Core/Src/app.c" -mcpu=cortex-m4 -std=gnu11 -g3 -DDEBUG -DUSE_HAL_DRIVER -DSTM32F446xx -c -I../Core/Inc -I../Drivers/STM32F4xx_HAL_Driver/Inc -I../Drivers/STM32F4xx_HAL_Driver/Inc/Legacy -I../Drivers/CMSIS/Device/ST/STM32F4xx/Include -I../Drivers/CMSIS/Include -O0 -ffunction-sections -fdata-sections -Wall -fstack-usage -MMD -MP -MF"Core/Src/app.d" -MT"Core/Src/app.o" --specs=nano.specs -mfpu=fpv4-sp-d16 -mfloat-abi=hard -mthumb -o "Core/Src/app.o"
In file included from ../Core/Inc/main.h:38,
                 from ../Drivers/GPIO/Src/../Inc/GPIO.h:11,
                 from ../Drivers/GPIO/Src/GPIO.c:8:
../Core/Inc/app.h:25:16: warning: 'rcvDataJudge' defined but not used [-Wunused-variable]
   25 | static uint8_t rcvDataJudge[8]; //各ステーションからのCAN受信データ
      |                ^~~~~~~~~~~~
../Core/Inc/app.h:24:16: warning: 'rcvData' defined but not used [-Wunused-variable]
   24 | static uint8_t rcvData[4][8]; //各ステーションからのCAN受信データ
      |                ^~~~~~~
../Core/Inc/app.h:23:16: warning: 'sndData' defined but not used [-Wunused-variable]
   23 | static uint8_t sndData[4][8]; //各ステーションへのCAN送信データ
      |                ^~~~~~~
../Drivers/CAN/Src/CAN.c: In function 'D_CAN_Receive':
../Drivers/CAN/Src/CAN.c:85:6: warning: variable 'setIdx' set but not used [-Wunused-but-set-variable]
   85 |  int setIdx = 0;
      |      ^~~~~~
../Drivers/CAN/Src/CAN.c: In function 'D_CAN_ReceiveCallBack':
../Drivers/CAN/Src/CAN.c:125:7: warning: variable 'setIdx' set but not used [-Wunused-but-set-variable]
  125 |   int setIdx = 0;
      |       ^~~~~~
In file included from ../Core/Inc/main.h:38,
                 from ../Drivers/CAN/Src/../Inc/CAN.h:11,
                 from ../Drivers/CAN/Src/CAN.c:8:
At top level:
../Core/Inc/app.h:25:16: warning: 'rcvDataJudge' defined but not used [-Wunused-variable]
   25 | static uint8_t rcvDataJudge[8]; //各ステーションからのCAN受信データ
      |                ^~~~~~~~~~~~
../Core/Inc/app.h:24:16: warning: 'rcvData' defined but not used [-Wunused-variable]
   24 | static uint8_t rcvData[4][8]; //各ステーションからのCAN受信データ
      |                ^~~~~~~
../Core/Inc/app.h:23:16: warning: 'sndData' defined but not used [-Wunused-variable]
   23 | static uint8_t sndData[4][8]; //各ステーションへのCAN送信データ
      |                ^~~~~~~
../Core/Src/app.c: In function 'appTask':
../Core/Src/app.c:161:13: warning: unused variable 'step' [-Wunused-variable]
  161 |  static int step = 0;
      |             ^~~~
../Core/Src/app.c:70:14: warning: unused variable '_1stLot_Init' [-Wunused-variable]
   70 |  static bool _1stLot_Init = false;
      |              ^~~~~~~~~~~~
../Core/Src/app.c:65:17: warning: unused variable 'StepSpeed' [-Wunused-variable]
   65 |  static uint8_t StepSpeed[19] = {
      |                 ^~~~~~~~~
../Core/Src/app.c:61:13: warning: unused variable 'idCount' [-Wunused-variable]
   61 |  static int idCount = 8;
      |             ^~~~~~~
../Core/Src/app.c:59:13: warning: unused variable 'testSendData4' [-Wunused-variable]
   59 |  static int testSendData4 = 0;
      |             ^~~~~~~~~~~~~
../Core/Src/app.c:53:13: warning: unused variable 'sendLength' [-Wunused-variable]
   53 |  static int sendLength = 8;
      |             ^~~~~~~~~~
../Core/Src/app.c: In function 'SM_CalSpeedFunc1':
../Core/Src/app.c:283:19: warning: implicit declaration of function 'IO_READ_SM_R'; did you mean 'IO_READ_1STLOT_R'? [-Wimplicit-function-declaration]
  283 |  if (_stopEna && (IO_READ_SM_R() || IO_READ_SM_L())){
      |                   ^~~~~~~~~~~~
      |                   IO_READ_1STLOT_R
../Core/Src/app.c:283:37: warning: implicit declaration of function 'IO_READ_SM_L'; did you mean 'IO_READ_1STLOT_L'? [-Wimplicit-function-declaration]
  283 |  if (_stopEna && (IO_READ_SM_R() || IO_READ_SM_L())){
      |                                     ^~~~~~~~~~~~
      |                                     IO_READ_1STLOT_L
At top level:
../Core/Src/app.c:53:13: warning: 'sendLength' defined but not used [-Wunused-variable]
   53 |  static int sendLength = 8;
      |             ^~~~~~~~~~
../Core/Src/app.c:59:13: warning: 'testSendData4' defined but not used [-Wunused-variable]
   59 |  static int testSendData4 = 0;
      |             ^~~~~~~~~~~~~
../Core/Src/app.c:61:13: warning: 'idCount' defined but not used [-Wunused-variable]
   61 |  static int idCount = 8;
      |             ^~~~~~~
../Core/Src/app.c:65:17: warning: 'StepSpeed' defined but not used [-Wunused-variable]
   65 |  static uint8_t StepSpeed[19] = {
      |                 ^~~~~~~~~
../Core/Src/app.c:70:14: warning: '_1stLot_Init' defined but not used [-Wunused-variable]
   70 |  static bool _1stLot_Init = false;
      |              ^~~~~~~~~~~~
../Core/Src/app.c:161:13: warning: 'step' defined but not used [-Wunused-variable]
  161 |  static int step = 0;
      |             ^~~~
../Core/Src/app.c:303:12: warning: 'SM_CalSpeedFunc2' defined but not used [-Wunused-function]
  303 | static int SM_CalSpeedFunc2(int nowPos, int minSpeed, int maxSpeed){
      |            ^~~~~~~~~~~~~~~~
../Core/Src/app.c:271:12: warning: 'SM_CalSpeedFunc1' defined but not used [-Wunused-function]
  271 | static int SM_CalSpeedFunc1(int nowPos, int minSpeed, int maxSpeed){
      |            ^~~~~~~~~~~~~~~~
../Core/Src/app.c:257:12: warning: 'SM_CalSpeed' defined but not used [-Wunused-function]
  257 | static int SM_CalSpeed(int targetSpeed){
      |            ^~~~~~~~~~~
../Core/Src/app.c:30:13: warning: '_1stLot_Ena' defined but not used [-Wunused-variable]
   30 | static bool _1stLot_Ena = false;
      |             ^~~~~~~~~~~
In file included from ../Core/Src/app.c:11:
../Core/Inc/app.h:25:16: warning: 'rcvDataJudge' defined but not used [-Wunused-variable]
   25 | static uint8_t rcvDataJudge[8]; //各ステーションからのCAN受信データ
      |                ^~~~~~~~~~~~
arm-none-eabi-gcc "../Core/Src/main.c" -mcpu=cortex-m4 -std=gnu11 -g3 -DDEBUG -DUSE_HAL_DRIVER -DSTM32F446xx -c -I../Core/Inc -I../Drivers/STM32F4xx_HAL_Driver/Inc -I../Drivers/STM32F4xx_HAL_Driver/Inc/Legacy -I../Drivers/CMSIS/Device/ST/STM32F4xx/Include -I../Drivers/CMSIS/Include -O0 -ffunction-sections -fdata-sections -Wall -fstack-usage -MMD -MP -MF"Core/Src/main.d" -MT"Core/Src/main.o" --specs=nano.specs -mfpu=fpv4-sp-d16 -mfloat-abi=hard -mthumb -o "Core/Src/main.o"
arm-none-eabi-gcc "../Core/Src/stm32f4xx_hal_msp.c" -mcpu=cortex-m4 -std=gnu11 -g3 -DDEBUG -DUSE_HAL_DRIVER -DSTM32F446xx -c -I../Core/Inc -I../Drivers/STM32F4xx_HAL_Driver/Inc -I../Drivers/STM32F4xx_HAL_Driver/Inc/Legacy -I../Drivers/CMSIS/Device/ST/STM32F4xx/Include -I../Drivers/CMSIS/Include -O0 -ffunction-sections -fdata-sections -Wall -fstack-usage -MMD -MP -MF"Core/Src/stm32f4xx_hal_msp.d" -MT"Core/Src/stm32f4xx_hal_msp.o" --specs=nano.specs -mfpu=fpv4-sp-d16 -mfloat-abi=hard -mthumb -o "Core/Src/stm32f4xx_hal_msp.o"
arm-none-eabi-gcc "../Core/Src/stm32f4xx_it.c" -mcpu=cortex-m4 -std=gnu11 -g3 -DDEBUG -DUSE_HAL_DRIVER -DSTM32F446xx -c -I../Core/Inc -I../Drivers/STM32F4xx_HAL_Driver/Inc -I../Drivers/STM32F4xx_HAL_Driver/Inc/Legacy -I../Drivers/CMSIS/Device/ST/STM32F4xx/Include -I../Drivers/CMSIS/Include -O0 -ffunction-sections -fdata-sections -Wall -fstack-usage -MMD -MP -MF"Core/Src/stm32f4xx_it.d" -MT"Core/Src/stm32f4xx_it.o" --specs=nano.specs -mfpu=fpv4-sp-d16 -mfloat-abi=hard -mthumb -o "Core/Src/stm32f4xx_it.o"
In file included from ../Core/Inc/main.h:38,
                 from ../Core/Src/main.c:21:
../Core/Inc/app.h:25:16: warning: 'rcvDataJudge' defined but not used [-Wunused-variable]
   25 | static uint8_t rcvDataJudge[8]; //各ステーションからのCAN受信データ
      |                ^~~~~~~~~~~~
../Core/Inc/app.h:24:16: warning: 'rcvData' defined but not used [-Wunused-variable]
   24 | static uint8_t rcvData[4][8]; //各ステーションからのCAN受信データ
      |                ^~~~~~~
../Core/Inc/app.h:23:16: warning: 'sndData' defined but not used [-Wunused-variable]
   23 | static uint8_t sndData[4][8]; //各ステーションへのCAN送信データ
      |                ^~~~~~~
In file included from ../Core/Inc/main.h:38,
                 from ../Core/Src/stm32f4xx_hal_msp.c:23:
../Core/Inc/app.h:25:16: warning: 'rcvDataJudge' defined but not used [-Wunused-variable]
   25 | static uint8_t rcvDataJudge[8]; //各ステーションからのCAN受信データ
      |                ^~~~~~~~~~~~
../Core/Inc/app.h:24:16: warning: 'rcvData' defined but not used [-Wunused-variable]
   24 | static uint8_t rcvData[4][8]; //各ステーションからのCAN受信データ
      |                ^~~~~~~
../Core/Inc/app.h:23:16: warning: 'sndData' defined but not used [-Wunused-variable]
   23 | static uint8_t sndData[4][8]; //各ステーションへのCAN送信データ
      |                ^~~~~~~
../Core/Src/stm32f4xx_it.c: In function 'CAN1_TX_IRQHandler':
../Core/Src/stm32f4xx_it.c:245:3: warning: implicit declaration of function 'HAL_CAN_TxMailboxCompleteCallback'; did you mean 'HAL_CAN_TxMailbox2CompleteCallback'? [-Wimplicit-function-declaration]
  245 |   HAL_CAN_TxMailboxCompleteCallback();
      |   ^~~~~~~~~~~~~~~~~~~~~~~~~~~~~~~~~
      |   HAL_CAN_TxMailbox2CompleteCallback
In file included from ../Core/Inc/main.h:38,
                 from ../Core/Src/stm32f4xx_it.c:22:
At top level:
../Core/Inc/app.h:25:16: warning: 'rcvDataJudge' defined but not used [-Wunused-variable]
   25 | static uint8_t rcvDataJudge[8]; //各ステーションからのCAN受信データ
      |                ^~~~~~~~~~~~
../Core/Inc/app.h:24:16: warning: 'rcvData' defined but not used [-Wunused-variable]
   24 | static uint8_t rcvData[4][8]; //各ステーションからのCAN受信データ
      |                ^~~~~~~
../Core/Inc/app.h:23:16: warning: 'sndData' defined but not used [-Wunused-variable]
   23 | static uint8_t sndData[4][8]; //各ステーションへのCAN送信データ
      |                ^~~~~~~
arm-none-eabi-gcc -o "GINGAAAN_STEPPING.elf" @"objects.list"   -mcpu=cortex-m4 -T"/Users/UnknownSP/STM32CubeIDE/GINGAAAN/GINGAAAN_STEPPING/STM32F446RETX_FLASH.ld" --specs=nosys.specs -Wl,-Map="GINGAAAN_STEPPING.map" -Wl,--gc-sections -static --specs=nano.specs -mfpu=fpv4-sp-d16 -mfloat-abi=hard -mthumb -Wl,--start-group -lc -lm -Wl,--end-group
Finished building target: GINGAAAN_STEPPING.elf
 
arm-none-eabi-size   GINGAAAN_STEPPING.elf 
arm-none-eabi-objdump -h -S  GINGAAAN_STEPPING.elf  > "GINGAAAN_STEPPING.list"
arm-none-eabi-objcopy  -O binary  GINGAAAN_STEPPING.elf  "GINGAAAN_STEPPING.bin"
   text	   data	    bss	    dec	    hex	filename
  32328	    156	   3540	  36024	   8cb8	GINGAAAN_STEPPING.elf
Finished building: default.size.stdout
 
Finished building: GINGAAAN_STEPPING.bin
 
Finished building: GINGAAAN_STEPPING.list
 
13:05:03 **** Incremental Build of configuration Debug for project GINGAAAN_STEPPING ****
make -j3 all 
arm-none-eabi-gcc "../Drivers/PWM/Src/pwm.c" -mcpu=cortex-m4 -std=gnu11 -g3 -DDEBUG -DUSE_HAL_DRIVER -DSTM32F446xx -c -I../Core/Inc -I../Drivers/STM32F4xx_HAL_Driver/Inc -I../Drivers/STM32F4xx_HAL_Driver/Inc/Legacy -I../Drivers/CMSIS/Device/ST/STM32F4xx/Include -I../Drivers/CMSIS/Include -O0 -ffunction-sections -fdata-sections -Wall -fstack-usage -MMD -MP -MF"Drivers/PWM/Src/pwm.d" -MT"Drivers/PWM/Src/pwm.o" --specs=nano.specs -mfpu=fpv4-sp-d16 -mfloat-abi=hard -mthumb -o "Drivers/PWM/Src/pwm.o"
arm-none-eabi-gcc "../Drivers/Message/Src/message.c" -mcpu=cortex-m4 -std=gnu11 -g3 -DDEBUG -DUSE_HAL_DRIVER -DSTM32F446xx -c -I../Core/Inc -I../Drivers/STM32F4xx_HAL_Driver/Inc -I../Drivers/STM32F4xx_HAL_Driver/Inc/Legacy -I../Drivers/CMSIS/Device/ST/STM32F4xx/Include -I../Drivers/CMSIS/Include -O0 -ffunction-sections -fdata-sections -Wall -fstack-usage -MMD -MP -MF"Drivers/Message/Src/message.d" -MT"Drivers/Message/Src/message.o" --specs=nano.specs -mfpu=fpv4-sp-d16 -mfloat-abi=hard -mthumb -o "Drivers/Message/Src/message.o"
arm-none-eabi-gcc "../Drivers/I2C/Src/I2C.c" -mcpu=cortex-m4 -std=gnu11 -g3 -DDEBUG -DUSE_HAL_DRIVER -DSTM32F446xx -c -I../Core/Inc -I../Drivers/STM32F4xx_HAL_Driver/Inc -I../Drivers/STM32F4xx_HAL_Driver/Inc/Legacy -I../Drivers/CMSIS/Device/ST/STM32F4xx/Include -I../Drivers/CMSIS/Include -O0 -ffunction-sections -fdata-sections -Wall -fstack-usage -MMD -MP -MF"Drivers/I2C/Src/I2C.d" -MT"Drivers/I2C/Src/I2C.o" --specs=nano.specs -mfpu=fpv4-sp-d16 -mfloat-abi=hard -mthumb -o "Drivers/I2C/Src/I2C.o"
In file included from ../Core/Inc/main.h:38,
                 from ../Drivers/Message/Src/message.c:7:
../Core/Inc/app.h:25:16: warning: 'rcvDataJudge' defined but not used [-Wunused-variable]
   25 | static uint8_t rcvDataJudge[8]; //各ステーションからのCAN受信データ
      |                ^~~~~~~~~~~~
../Core/Inc/app.h:24:16: warning: 'rcvData' defined but not used [-Wunused-variable]
   24 | static uint8_t rcvData[4][8]; //各ステーションからのCAN受信データ
      |                ^~~~~~~
../Core/Inc/app.h:23:16: warning: 'sndData' defined but not used [-Wunused-variable]
   23 | static uint8_t sndData[4][8]; //各ステーションへのCAN送信データ
      |                ^~~~~~~
In file included from ../Core/Inc/main.h:38,
                 from ../Drivers/I2C/Src/../Inc/I2C.h:11,
                 from ../Drivers/I2C/Src/I2C.c:9:
../Core/Inc/app.h:25:16: warning: 'rcvDataJudge' defined but not used [-Wunused-variable]
   25 | static uint8_t rcvDataJudge[8]; //各ステーションからのCAN受信データ
      |                ^~~~~~~~~~~~
../Core/Inc/app.h:24:16: warning: 'rcvData' defined but not used [-Wunused-variable]
   24 | static uint8_t rcvData[4][8]; //各ステーションからのCAN受信データ
      |                ^~~~~~~
../Core/Inc/app.h:23:16: warning: 'sndData' defined but not used [-Wunused-variable]
   23 | static uint8_t sndData[4][8]; //各ステーションへのCAN送信データ
      |                ^~~~~~~
In file included from ../Core/Inc/main.h:38,
                 from ../Drivers/PWM/Src/../Inc/pwm.h:11,
                 from ../Drivers/PWM/Src/pwm.c:8:
../Core/Inc/app.h:25:16: warning: 'rcvDataJudge' defined but not used [-Wunused-variable]
   25 | static uint8_t rcvDataJudge[8]; //各ステーションからのCAN受信データ
      |                ^~~~~~~~~~~~
../Core/Inc/app.h:24:16: warning: 'rcvData' defined but not used [-Wunused-variable]
   24 | static uint8_t rcvData[4][8]; //各ステーションからのCAN受信データ
      |                ^~~~~~~
../Core/Inc/app.h:23:16: warning: 'sndData' defined but not used [-Wunused-variable]
   23 | static uint8_t sndData[4][8]; //各ステーションへのCAN送信データ
      |                ^~~~~~~
arm-none-eabi-gcc "../Drivers/GPIO/Src/GPIO.c" -mcpu=cortex-m4 -std=gnu11 -g3 -DDEBUG -DUSE_HAL_DRIVER -DSTM32F446xx -c -I../Core/Inc -I../Drivers/STM32F4xx_HAL_Driver/Inc -I../Drivers/STM32F4xx_HAL_Driver/Inc/Legacy -I../Drivers/CMSIS/Device/ST/STM32F4xx/Include -I../Drivers/CMSIS/Include -O0 -ffunction-sections -fdata-sections -Wall -fstack-usage -MMD -MP -MF"Drivers/GPIO/Src/GPIO.d" -MT"Drivers/GPIO/Src/GPIO.o" --specs=nano.specs -mfpu=fpv4-sp-d16 -mfloat-abi=hard -mthumb -o "Drivers/GPIO/Src/GPIO.o"
arm-none-eabi-gcc "../Drivers/CAN/Src/CAN.c" -mcpu=cortex-m4 -std=gnu11 -g3 -DDEBUG -DUSE_HAL_DRIVER -DSTM32F446xx -c -I../Core/Inc -I../Drivers/STM32F4xx_HAL_Driver/Inc -I../Drivers/STM32F4xx_HAL_Driver/Inc/Legacy -I../Drivers/CMSIS/Device/ST/STM32F4xx/Include -I../Drivers/CMSIS/Include -O0 -ffunction-sections -fdata-sections -Wall -fstack-usage -MMD -MP -MF"Drivers/CAN/Src/CAN.d" -MT"Drivers/CAN/Src/CAN.o" --specs=nano.specs -mfpu=fpv4-sp-d16 -mfloat-abi=hard -mthumb -o "Drivers/CAN/Src/CAN.o"
arm-none-eabi-gcc "../Core/Src/app.c" -mcpu=cortex-m4 -std=gnu11 -g3 -DDEBUG -DUSE_HAL_DRIVER -DSTM32F446xx -c -I../Core/Inc -I../Drivers/STM32F4xx_HAL_Driver/Inc -I../Drivers/STM32F4xx_HAL_Driver/Inc/Legacy -I../Drivers/CMSIS/Device/ST/STM32F4xx/Include -I../Drivers/CMSIS/Include -O0 -ffunction-sections -fdata-sections -Wall -fstack-usage -MMD -MP -MF"Core/Src/app.d" -MT"Core/Src/app.o" --specs=nano.specs -mfpu=fpv4-sp-d16 -mfloat-abi=hard -mthumb -o "Core/Src/app.o"
../Drivers/CAN/Src/CAN.c: In function 'D_CAN_Receive':
../Drivers/CAN/Src/CAN.c:85:6: warning: variable 'setIdx' set but not used [-Wunused-but-set-variable]
   85 |  int setIdx = 0;
      |      ^~~~~~
../Drivers/CAN/Src/CAN.c: In function 'D_CAN_ReceiveCallBack':
../Drivers/CAN/Src/CAN.c:125:7: warning: variable 'setIdx' set but not used [-Wunused-but-set-variable]
  125 |   int setIdx = 0;
      |       ^~~~~~
In file included from ../Core/Inc/main.h:38,
                 from ../Drivers/CAN/Src/../Inc/CAN.h:11,
                 from ../Drivers/CAN/Src/CAN.c:8:
At top level:
../Core/Inc/app.h:25:16: warning: 'rcvDataJudge' defined but not used [-Wunused-variable]
   25 | static uint8_t rcvDataJudge[8]; //各ステーションからのCAN受信データ
      |                ^~~~~~~~~~~~
../Core/Inc/app.h:24:16: warning: 'rcvData' defined but not used [-Wunused-variable]
   24 | static uint8_t rcvData[4][8]; //各ステーションからのCAN受信データ
      |                ^~~~~~~
../Core/Inc/app.h:23:16: warning: 'sndData' defined but not used [-Wunused-variable]
   23 | static uint8_t sndData[4][8]; //各ステーションへのCAN送信データ
      |                ^~~~~~~
In file included from ../Core/Inc/main.h:38,
                 from ../Drivers/GPIO/Src/../Inc/GPIO.h:11,
                 from ../Drivers/GPIO/Src/GPIO.c:8:
../Core/Inc/app.h:25:16: warning: 'rcvDataJudge' defined but not used [-Wunused-variable]
   25 | static uint8_t rcvDataJudge[8]; //各ステーションからのCAN受信データ
      |                ^~~~~~~~~~~~
../Core/Inc/app.h:24:16: warning: 'rcvData' defined but not used [-Wunused-variable]
   24 | static uint8_t rcvData[4][8]; //各ステーションからのCAN受信データ
      |                ^~~~~~~
../Core/Inc/app.h:23:16: warning: 'sndData' defined but not used [-Wunused-variable]
   23 | static uint8_t sndData[4][8]; //各ステーションへのCAN送信データ
      |                ^~~~~~~
../Core/Src/app.c: In function 'appTask':
../Core/Src/app.c:161:13: warning: unused variable 'step' [-Wunused-variable]
  161 |  static int step = 0;
      |             ^~~~
../Core/Src/app.c:70:14: warning: unused variable '_1stLot_Init' [-Wunused-variable]
   70 |  static bool _1stLot_Init = false;
      |              ^~~~~~~~~~~~
../Core/Src/app.c:65:17: warning: unused variable 'StepSpeed' [-Wunused-variable]
   65 |  static uint8_t StepSpeed[19] = {
      |                 ^~~~~~~~~
../Core/Src/app.c:61:13: warning: unused variable 'idCount' [-Wunused-variable]
   61 |  static int idCount = 8;
      |             ^~~~~~~
../Core/Src/app.c:59:13: warning: unused variable 'testSendData4' [-Wunused-variable]
   59 |  static int testSendData4 = 0;
      |             ^~~~~~~~~~~~~
../Core/Src/app.c:53:13: warning: unused variable 'sendLength' [-Wunused-variable]
   53 |  static int sendLength = 8;
      |             ^~~~~~~~~~
../Core/Src/app.c: In function 'SM_CalSpeedFunc1':
../Core/Src/app.c:283:19: warning: implicit declaration of function 'IO_READ_SM_R'; did you mean 'IO_READ_1STLOT_R'? [-Wimplicit-function-declaration]
  283 |  if (_stopEna && (IO_READ_SM_R() || IO_READ_SM_L())){
      |                   ^~~~~~~~~~~~
      |                   IO_READ_1STLOT_R
../Core/Src/app.c:283:37: warning: implicit declaration of function 'IO_READ_SM_L'; did you mean 'IO_READ_1STLOT_L'? [-Wimplicit-function-declaration]
  283 |  if (_stopEna && (IO_READ_SM_R() || IO_READ_SM_L())){
      |                                     ^~~~~~~~~~~~
      |                                     IO_READ_1STLOT_L
At top level:
../Core/Src/app.c:53:13: warning: 'sendLength' defined but not used [-Wunused-variable]
   53 |  static int sendLength = 8;
      |             ^~~~~~~~~~
../Core/Src/app.c:59:13: warning: 'testSendData4' defined but not used [-Wunused-variable]
   59 |  static int testSendData4 = 0;
      |             ^~~~~~~~~~~~~
../Core/Src/app.c:61:13: warning: 'idCount' defined but not used [-Wunused-variable]
   61 |  static int idCount = 8;
      |             ^~~~~~~
../Core/Src/app.c:65:17: warning: 'StepSpeed' defined but not used [-Wunused-variable]
   65 |  static uint8_t StepSpeed[19] = {
      |                 ^~~~~~~~~
../Core/Src/app.c:70:14: warning: '_1stLot_Init' defined but not used [-Wunused-variable]
   70 |  static bool _1stLot_Init = false;
      |              ^~~~~~~~~~~~
../Core/Src/app.c:161:13: warning: 'step' defined but not used [-Wunused-variable]
  161 |  static int step = 0;
      |             ^~~~
../Core/Src/app.c:303:12: warning: 'SM_CalSpeedFunc2' defined but not used [-Wunused-function]
  303 | static int SM_CalSpeedFunc2(int nowPos, int minSpeed, int maxSpeed){
      |            ^~~~~~~~~~~~~~~~
../Core/Src/app.c:271:12: warning: 'SM_CalSpeedFunc1' defined but not used [-Wunused-function]
  271 | static int SM_CalSpeedFunc1(int nowPos, int minSpeed, int maxSpeed){
      |            ^~~~~~~~~~~~~~~~
../Core/Src/app.c:257:12: warning: 'SM_CalSpeed' defined but not used [-Wunused-function]
  257 | static int SM_CalSpeed(int targetSpeed){
      |            ^~~~~~~~~~~
../Core/Src/app.c:30:13: warning: '_1stLot_Ena' defined but not used [-Wunused-variable]
   30 | static bool _1stLot_Ena = false;
      |             ^~~~~~~~~~~
In file included from ../Core/Src/app.c:11:
../Core/Inc/app.h:25:16: warning: 'rcvDataJudge' defined but not used [-Wunused-variable]
   25 | static uint8_t rcvDataJudge[8]; //各ステーションからのCAN受信データ
      |                ^~~~~~~~~~~~
arm-none-eabi-gcc "../Core/Src/main.c" -mcpu=cortex-m4 -std=gnu11 -g3 -DDEBUG -DUSE_HAL_DRIVER -DSTM32F446xx -c -I../Core/Inc -I../Drivers/STM32F4xx_HAL_Driver/Inc -I../Drivers/STM32F4xx_HAL_Driver/Inc/Legacy -I../Drivers/CMSIS/Device/ST/STM32F4xx/Include -I../Drivers/CMSIS/Include -O0 -ffunction-sections -fdata-sections -Wall -fstack-usage -MMD -MP -MF"Core/Src/main.d" -MT"Core/Src/main.o" --specs=nano.specs -mfpu=fpv4-sp-d16 -mfloat-abi=hard -mthumb -o "Core/Src/main.o"
arm-none-eabi-gcc "../Core/Src/stm32f4xx_hal_msp.c" -mcpu=cortex-m4 -std=gnu11 -g3 -DDEBUG -DUSE_HAL_DRIVER -DSTM32F446xx -c -I../Core/Inc -I../Drivers/STM32F4xx_HAL_Driver/Inc -I../Drivers/STM32F4xx_HAL_Driver/Inc/Legacy -I../Drivers/CMSIS/Device/ST/STM32F4xx/Include -I../Drivers/CMSIS/Include -O0 -ffunction-sections -fdata-sections -Wall -fstack-usage -MMD -MP -MF"Core/Src/stm32f4xx_hal_msp.d" -MT"Core/Src/stm32f4xx_hal_msp.o" --specs=nano.specs -mfpu=fpv4-sp-d16 -mfloat-abi=hard -mthumb -o "Core/Src/stm32f4xx_hal_msp.o"
arm-none-eabi-gcc "../Core/Src/stm32f4xx_it.c" -mcpu=cortex-m4 -std=gnu11 -g3 -DDEBUG -DUSE_HAL_DRIVER -DSTM32F446xx -c -I../Core/Inc -I../Drivers/STM32F4xx_HAL_Driver/Inc -I../Drivers/STM32F4xx_HAL_Driver/Inc/Legacy -I../Drivers/CMSIS/Device/ST/STM32F4xx/Include -I../Drivers/CMSIS/Include -O0 -ffunction-sections -fdata-sections -Wall -fstack-usage -MMD -MP -MF"Core/Src/stm32f4xx_it.d" -MT"Core/Src/stm32f4xx_it.o" --specs=nano.specs -mfpu=fpv4-sp-d16 -mfloat-abi=hard -mthumb -o "Core/Src/stm32f4xx_it.o"
In file included from ../Core/Inc/main.h:38,
                 from ../Core/Src/main.c:21:
../Core/Inc/app.h:25:16: warning: 'rcvDataJudge' defined but not used [-Wunused-variable]
   25 | static uint8_t rcvDataJudge[8]; //各ステーションからのCAN受信データ
      |                ^~~~~~~~~~~~
../Core/Inc/app.h:24:16: warning: 'rcvData' defined but not used [-Wunused-variable]
   24 | static uint8_t rcvData[4][8]; //各ステーションからのCAN受信データ
      |                ^~~~~~~
../Core/Inc/app.h:23:16: warning: 'sndData' defined but not used [-Wunused-variable]
   23 | static uint8_t sndData[4][8]; //各ステーションへのCAN送信データ
      |                ^~~~~~~
In file included from ../Core/Inc/main.h:38,
                 from ../Core/Src/stm32f4xx_hal_msp.c:23:
../Core/Inc/app.h:25:16: warning: 'rcvDataJudge' defined but not used [-Wunused-variable]
   25 | static uint8_t rcvDataJudge[8]; //各ステーションからのCAN受信データ
      |                ^~~~~~~~~~~~
../Core/Inc/app.h:24:16: warning: 'rcvData' defined but not used [-Wunused-variable]
   24 | static uint8_t rcvData[4][8]; //各ステーションからのCAN受信データ
      |                ^~~~~~~
../Core/Inc/app.h:23:16: warning: 'sndData' defined but not used [-Wunused-variable]
   23 | static uint8_t sndData[4][8]; //各ステーションへのCAN送信データ
      |                ^~~~~~~
../Core/Src/stm32f4xx_it.c: In function 'CAN1_TX_IRQHandler':
../Core/Src/stm32f4xx_it.c:245:3: warning: implicit declaration of function 'HAL_CAN_TxMailboxCompleteCallback'; did you mean 'HAL_CAN_TxMailbox2CompleteCallback'? [-Wimplicit-function-declaration]
  245 |   HAL_CAN_TxMailboxCompleteCallback();
      |   ^~~~~~~~~~~~~~~~~~~~~~~~~~~~~~~~~
      |   HAL_CAN_TxMailbox2CompleteCallback
In file included from ../Core/Inc/main.h:38,
                 from ../Core/Src/stm32f4xx_it.c:22:
At top level:
../Core/Inc/app.h:25:16: warning: 'rcvDataJudge' defined but not used [-Wunused-variable]
   25 | static uint8_t rcvDataJudge[8]; //各ステーションからのCAN受信データ
      |                ^~~~~~~~~~~~
../Core/Inc/app.h:24:16: warning: 'rcvData' defined but not used [-Wunused-variable]
   24 | static uint8_t rcvData[4][8]; //各ステーションからのCAN受信データ
      |                ^~~~~~~
../Core/Inc/app.h:23:16: warning: 'sndData' defined but not used [-Wunused-variable]
   23 | static uint8_t sndData[4][8]; //各ステーションへのCAN送信データ
      |                ^~~~~~~
arm-none-eabi-gcc -o "GINGAAAN_STEPPING.elf" @"objects.list"   -mcpu=cortex-m4 -T"/Users/UnknownSP/STM32CubeIDE/GINGAAAN/GINGAAAN_STEPPING/STM32F446RETX_FLASH.ld" --specs=nosys.specs -Wl,-Map="GINGAAAN_STEPPING.map" -Wl,--gc-sections -static --specs=nano.specs -mfpu=fpv4-sp-d16 -mfloat-abi=hard -mthumb -Wl,--start-group -lc -lm -Wl,--end-group
Finished building target: GINGAAAN_STEPPING.elf
 
arm-none-eabi-size   GINGAAAN_STEPPING.elf 
arm-none-eabi-objdump -h -S  GINGAAAN_STEPPING.elf  > "GINGAAAN_STEPPING.list"
arm-none-eabi-objcopy  -O binary  GINGAAAN_STEPPING.elf  "GINGAAAN_STEPPING.bin"
   text	   data	    bss	    dec	    hex	filename
  32328	    156	   3540	  36024	   8cb8	GINGAAAN_STEPPING.elf
Finished building: default.size.stdout
 
Finished building: GINGAAAN_STEPPING.bin
 
Finished building: GINGAAAN_STEPPING.list
 
13:05:30 **** Incremental Build of configuration Debug for project GINGAAAN_STEPPING ****
make -j3 all 
arm-none-eabi-gcc "../Core/Src/app.c" -mcpu=cortex-m4 -std=gnu11 -g3 -DDEBUG -DUSE_HAL_DRIVER -DSTM32F446xx -c -I../Core/Inc -I../Drivers/STM32F4xx_HAL_Driver/Inc -I../Drivers/STM32F4xx_HAL_Driver/Inc/Legacy -I../Drivers/CMSIS/Device/ST/STM32F4xx/Include -I../Drivers/CMSIS/Include -O0 -ffunction-sections -fdata-sections -Wall -fstack-usage -MMD -MP -MF"Core/Src/app.d" -MT"Core/Src/app.o" --specs=nano.specs -mfpu=fpv4-sp-d16 -mfloat-abi=hard -mthumb -o "Core/Src/app.o"
../Core/Src/app.c: In function 'appTask':
../Core/Src/app.c:161:13: warning: unused variable 'step' [-Wunused-variable]
  161 |  static int step = 0;
      |             ^~~~
../Core/Src/app.c:70:14: warning: unused variable '_1stLot_Init' [-Wunused-variable]
   70 |  static bool _1stLot_Init = false;
      |              ^~~~~~~~~~~~
../Core/Src/app.c:65:17: warning: unused variable 'StepSpeed' [-Wunused-variable]
   65 |  static uint8_t StepSpeed[19] = {
      |                 ^~~~~~~~~
../Core/Src/app.c:61:13: warning: unused variable 'idCount' [-Wunused-variable]
   61 |  static int idCount = 8;
      |             ^~~~~~~
../Core/Src/app.c:59:13: warning: unused variable 'testSendData4' [-Wunused-variable]
   59 |  static int testSendData4 = 0;
      |             ^~~~~~~~~~~~~
../Core/Src/app.c:53:13: warning: unused variable 'sendLength' [-Wunused-variable]
   53 |  static int sendLength = 8;
      |             ^~~~~~~~~~
../Core/Src/app.c: In function 'SM_CalSpeedFunc1':
../Core/Src/app.c:283:19: warning: implicit declaration of function 'IO_READ_SM_R'; did you mean 'IO_READ_1STLOT_R'? [-Wimplicit-function-declaration]
  283 |  if (_stopEna && (IO_READ_SM_R() || IO_READ_SM_L())){
      |                   ^~~~~~~~~~~~
      |                   IO_READ_1STLOT_R
../Core/Src/app.c:283:37: warning: implicit declaration of function 'IO_READ_SM_L'; did you mean 'IO_READ_1STLOT_L'? [-Wimplicit-function-declaration]
  283 |  if (_stopEna && (IO_READ_SM_R() || IO_READ_SM_L())){
      |                                     ^~~~~~~~~~~~
      |                                     IO_READ_1STLOT_L
At top level:
../Core/Src/app.c:53:13: warning: 'sendLength' defined but not used [-Wunused-variable]
   53 |  static int sendLength = 8;
      |             ^~~~~~~~~~
../Core/Src/app.c:59:13: warning: 'testSendData4' defined but not used [-Wunused-variable]
   59 |  static int testSendData4 = 0;
      |             ^~~~~~~~~~~~~
../Core/Src/app.c:61:13: warning: 'idCount' defined but not used [-Wunused-variable]
   61 |  static int idCount = 8;
      |             ^~~~~~~
../Core/Src/app.c:65:17: warning: 'StepSpeed' defined but not used [-Wunused-variable]
   65 |  static uint8_t StepSpeed[19] = {
      |                 ^~~~~~~~~
../Core/Src/app.c:70:14: warning: '_1stLot_Init' defined but not used [-Wunused-variable]
   70 |  static bool _1stLot_Init = false;
      |              ^~~~~~~~~~~~
../Core/Src/app.c:161:13: warning: 'step' defined but not used [-Wunused-variable]
  161 |  static int step = 0;
      |             ^~~~
../Core/Src/app.c:303:12: warning: 'SM_CalSpeedFunc2' defined but not used [-Wunused-function]
  303 | static int SM_CalSpeedFunc2(int nowPos, int minSpeed, int maxSpeed){
      |            ^~~~~~~~~~~~~~~~
../Core/Src/app.c:271:12: warning: 'SM_CalSpeedFunc1' defined but not used [-Wunused-function]
  271 | static int SM_CalSpeedFunc1(int nowPos, int minSpeed, int maxSpeed){
      |            ^~~~~~~~~~~~~~~~
../Core/Src/app.c:257:12: warning: 'SM_CalSpeed' defined but not used [-Wunused-function]
  257 | static int SM_CalSpeed(int targetSpeed){
      |            ^~~~~~~~~~~
../Core/Src/app.c:30:13: warning: '_1stLot_Ena' defined but not used [-Wunused-variable]
   30 | static bool _1stLot_Ena = false;
      |             ^~~~~~~~~~~
In file included from ../Core/Src/app.c:11:
../Core/Inc/app.h:25:16: warning: 'rcvDataJudge' defined but not used [-Wunused-variable]
   25 | static uint8_t rcvDataJudge[8]; //各ステーションからのCAN受信データ
      |                ^~~~~~~~~~~~
arm-none-eabi-gcc -o "GINGAAAN_STEPPING.elf" @"objects.list"   -mcpu=cortex-m4 -T"/Users/UnknownSP/STM32CubeIDE/GINGAAAN/GINGAAAN_STEPPING/STM32F446RETX_FLASH.ld" --specs=nosys.specs -Wl,-Map="GINGAAAN_STEPPING.map" -Wl,--gc-sections -static --specs=nano.specs -mfpu=fpv4-sp-d16 -mfloat-abi=hard -mthumb -Wl,--start-group -lc -lm -Wl,--end-group
Finished building target: GINGAAAN_STEPPING.elf
 
arm-none-eabi-size   GINGAAAN_STEPPING.elf 
arm-none-eabi-objdump -h -S  GINGAAAN_STEPPING.elf  > "GINGAAAN_STEPPING.list"
arm-none-eabi-objcopy  -O binary  GINGAAAN_STEPPING.elf  "GINGAAAN_STEPPING.bin"
   text	   data	    bss	    dec	    hex	filename
  32328	    156	   3540	  36024	   8cb8	GINGAAAN_STEPPING.elf
Finished building: default.size.stdout
 
Finished building: GINGAAAN_STEPPING.bin
 
Finished building: GINGAAAN_STEPPING.list
 
13:09:35 **** Incremental Build of configuration Debug for project GINGAAAN_STEPPING ****
make -j3 all 
[...]
arm-none-eabi-gcc "../Drivers/Message/Src/message.c" -mcpu=cortex-m4 -std=gnu11 -g3 -DDEBUG -DUSE_HAL_DRIVER -DSTM32F446xx -c -I../Core/Inc -I../Drivers/STM32F4xx_HAL_Driver/Inc -I../Drivers/STM32F4xx_HAL_Driver/Inc/Legacy -I../Drivers/CMSIS/Device/ST/STM32F4xx/Include -I../Drivers/CMSIS/Include -O0 -ffunction-sections -fdata-sections -Wall -fstack-usage -MMD -MP -MF"Drivers/Message/Src/message.d" -MT"Drivers/Message/Src/message.o" --specs=nano.specs -mfpu=fpv4-sp-d16 -mfloat-abi=hard -mthumb -o "Drivers/Message/Src/message.o"
arm-none-eabi-gcc "../Drivers/I2C/Src/I2C.c" -mcpu=cortex-m4 -std=gnu11 -g3 -DDEBUG -DUSE_HAL_DRIVER -DSTM32F446xx -c -I../Core/Inc -I../Drivers/STM32F4xx_HAL_Driver/Inc -I../Drivers/STM32F4xx_HAL_Driver/Inc/Legacy -I../Drivers/CMSIS/Device/ST/STM32F4xx/Include -I../Drivers/CMSIS/Include -O0 -ffunction-sections -fdata-sections -Wall -fstack-usage -MMD -MP -MF"Drivers/I2C/Src/I2C.d" -MT"Drivers/I2C/Src/I2C.o" --specs=nano.specs -mfpu=fpv4-sp-d16 -mfloat-abi=hard -mthumb -o "Drivers/I2C/Src/I2C.o"
In file included from ../Core/Inc/main.h:38,
                 from ../Drivers/Message/Src/message.c:7:
../Core/Inc/app.h:25:16: warning: 'rcvDataJudge' defined but not used [-Wunused-variable]
   25 | static uint8_t rcvDataJudge[8]; //各ステーションからのCAN受信データ
      |                ^~~~~~~~~~~~
../Core/Inc/app.h:24:16: warning: 'rcvData' defined but not used [-Wunused-variable]
   24 | static uint8_t rcvData[4][8]; //各ステーションからのCAN受信データ
      |                ^~~~~~~
../Core/Inc/app.h:23:16: warning: 'sndData' defined but not used [-Wunused-variable]
   23 | static uint8_t sndData[4][8]; //各ステーションへのCAN送信データ
      |                ^~~~~~~
In file included from ../Core/Inc/main.h:38,
                 from ../Drivers/PWM/Src/../Inc/pwm.h:11,
                 from ../Drivers/PWM/Src/pwm.c:8:
../Core/Inc/app.h:25:16: warning: 'rcvDataJudge' defined but not used [-Wunused-variable]
   25 | static uint8_t rcvDataJudge[8]; //各ステーションからのCAN受信データ
      |                ^~~~~~~~~~~~
../Core/Inc/app.h:24:16: warning: 'rcvData' defined but not used [-Wunused-variable]
   24 | static uint8_t rcvData[4][8]; //各ステーションからのCAN受信データ
      |                ^~~~~~~
../Core/Inc/app.h:23:16: warning: 'sndData' defined but not used [-Wunused-variable]
   23 | static uint8_t sndData[4][8]; //各ステーションへのCAN送信データ
      |                ^~~~~~~
In file included from ../Core/Inc/main.h:38,
                 from ../Drivers/I2C/Src/../Inc/I2C.h:11,
                 from ../Drivers/I2C/Src/I2C.c:9:
../Core/Inc/app.h:25:16: warning: 'rcvDataJudge' defined but not used [-Wunused-variable]
   25 | static uint8_t rcvDataJudge[8]; //各ステーションからのCAN受信データ
      |                ^~~~~~~~~~~~
../Core/Inc/app.h:24:16: warning: 'rcvData' defined but not used [-Wunused-variable]
   24 | static uint8_t rcvData[4][8]; //各ステーションからのCAN受信データ
      |                ^~~~~~~
../Core/Inc/app.h:23:16: warning: 'sndData' defined but not used [-Wunused-variable]
   23 | static uint8_t sndData[4][8]; //各ステーションへのCAN送信データ
      |                ^~~~~~~
arm-none-eabi-gcc "../Drivers/GPIO/Src/GPIO.c" -mcpu=cortex-m4 -std=gnu11 -g3 -DDEBUG -DUSE_HAL_DRIVER -DSTM32F446xx -c -I../Core/Inc -I../Drivers/STM32F4xx_HAL_Driver/Inc -I../Drivers/STM32F4xx_HAL_Driver/Inc/Legacy -I../Drivers/CMSIS/Device/ST/STM32F4xx/Include -I../Drivers/CMSIS/Include -O0 -ffunction-sections -fdata-sections -Wall -fstack-usage -MMD -MP -MF"Drivers/GPIO/Src/GPIO.d" -MT"Drivers/GPIO/Src/GPIO.o" --specs=nano.specs -mfpu=fpv4-sp-d16 -mfloat-abi=hard -mthumb -o "Drivers/GPIO/Src/GPIO.o"
arm-none-eabi-gcc "../Drivers/CAN/Src/CAN.c" -mcpu=cortex-m4 -std=gnu11 -g3 -DDEBUG -DUSE_HAL_DRIVER -DSTM32F446xx -c -I../Core/Inc -I../Drivers/STM32F4xx_HAL_Driver/Inc -I../Drivers/STM32F4xx_HAL_Driver/Inc/Legacy -I../Drivers/CMSIS/Device/ST/STM32F4xx/Include -I../Drivers/CMSIS/Include -O0 -ffunction-sections -fdata-sections -Wall -fstack-usage -MMD -MP -MF"Drivers/CAN/Src/CAN.d" -MT"Drivers/CAN/Src/CAN.o" --specs=nano.specs -mfpu=fpv4-sp-d16 -mfloat-abi=hard -mthumb -o "Drivers/CAN/Src/CAN.o"
arm-none-eabi-gcc "../Core/Src/app.c" -mcpu=cortex-m4 -std=gnu11 -g3 -DDEBUG -DUSE_HAL_DRIVER -DSTM32F446xx -c -I../Core/Inc -I../Drivers/STM32F4xx_HAL_Driver/Inc -I../Drivers/STM32F4xx_HAL_Driver/Inc/Legacy -I../Drivers/CMSIS/Device/ST/STM32F4xx/Include -I../Drivers/CMSIS/Include -O0 -ffunction-sections -fdata-sections -Wall -fstack-usage -MMD -MP -MF"Core/Src/app.d" -MT"Core/Src/app.o" --specs=nano.specs -mfpu=fpv4-sp-d16 -mfloat-abi=hard -mthumb -o "Core/Src/app.o"
In file included from ../Core/Inc/main.h:38,
                 from ../Drivers/GPIO/Src/../Inc/GPIO.h:11,
                 from ../Drivers/GPIO/Src/GPIO.c:8:
../Core/Inc/app.h:25:16: warning: 'rcvDataJudge' defined but not used [-Wunused-variable]
   25 | static uint8_t rcvDataJudge[8]; //各ステーションからのCAN受信データ
      |                ^~~~~~~~~~~~
../Core/Inc/app.h:24:16: warning: 'rcvData' defined but not used [-Wunused-variable]
   24 | static uint8_t rcvData[4][8]; //各ステーションからのCAN受信データ
      |                ^~~~~~~
../Core/Inc/app.h:23:16: warning: 'sndData' defined but not used [-Wunused-variable]
   23 | static uint8_t sndData[4][8]; //各ステーションへのCAN送信データ
      |                ^~~~~~~
../Drivers/CAN/Src/CAN.c: In function 'D_CAN_Receive':
../Drivers/CAN/Src/CAN.c:85:6: warning: variable 'setIdx' set but not used [-Wunused-but-set-variable]
   85 |  int setIdx = 0;
      |      ^~~~~~
../Drivers/CAN/Src/CAN.c: In function 'D_CAN_ReceiveCallBack':
../Drivers/CAN/Src/CAN.c:125:7: warning: variable 'setIdx' set but not used [-Wunused-but-set-variable]
  125 |   int setIdx = 0;
      |       ^~~~~~
In file included from ../Core/Inc/main.h:38,
                 from ../Drivers/CAN/Src/../Inc/CAN.h:11,
                 from ../Drivers/CAN/Src/CAN.c:8:
At top level:
../Core/Inc/app.h:25:16: warning: 'rcvDataJudge' defined but not used [-Wunused-variable]
   25 | static uint8_t rcvDataJudge[8]; //各ステーションからのCAN受信データ
      |                ^~~~~~~~~~~~
../Core/Inc/app.h:24:16: warning: 'rcvData' defined but not used [-Wunused-variable]
   24 | static uint8_t rcvData[4][8]; //各ステーションからのCAN受信データ
      |                ^~~~~~~
../Core/Inc/app.h:23:16: warning: 'sndData' defined but not used [-Wunused-variable]
   23 | static uint8_t sndData[4][8]; //各ステーションへのCAN送信データ
      |                ^~~~~~~
../Core/Src/app.c: In function 'appTask':
../Core/Src/app.c:161:13: warning: unused variable 'step' [-Wunused-variable]
  161 |  static int step = 0;
      |             ^~~~
../Core/Src/app.c:70:14: warning: unused variable '_1stLot_Init' [-Wunused-variable]
   70 |  static bool _1stLot_Init = false;
      |              ^~~~~~~~~~~~
../Core/Src/app.c:65:17: warning: unused variable 'StepSpeed' [-Wunused-variable]
   65 |  static uint8_t StepSpeed[19] = {
      |                 ^~~~~~~~~
../Core/Src/app.c:61:13: warning: unused variable 'idCount' [-Wunused-variable]
   61 |  static int idCount = 8;
      |             ^~~~~~~
../Core/Src/app.c:59:13: warning: unused variable 'testSendData4' [-Wunused-variable]
   59 |  static int testSendData4 = 0;
      |             ^~~~~~~~~~~~~
../Core/Src/app.c:53:13: warning: unused variable 'sendLength' [-Wunused-variable]
   53 |  static int sendLength = 8;
      |             ^~~~~~~~~~
../Core/Src/app.c: In function 'SM_CalSpeedFunc1':
../Core/Src/app.c:283:19: warning: implicit declaration of function 'IO_READ_SM_R'; did you mean 'IO_READ_1STLOT_R'? [-Wimplicit-function-declaration]
  283 |  if (_stopEna && (IO_READ_SM_R() || IO_READ_SM_L())){
      |                   ^~~~~~~~~~~~
      |                   IO_READ_1STLOT_R
../Core/Src/app.c:283:37: warning: implicit declaration of function 'IO_READ_SM_L'; did you mean 'IO_READ_1STLOT_L'? [-Wimplicit-function-declaration]
  283 |  if (_stopEna && (IO_READ_SM_R() || IO_READ_SM_L())){
      |                                     ^~~~~~~~~~~~
      |                                     IO_READ_1STLOT_L
At top level:
../Core/Src/app.c:53:13: warning: 'sendLength' defined but not used [-Wunused-variable]
   53 |  static int sendLength = 8;
      |             ^~~~~~~~~~
../Core/Src/app.c:59:13: warning: 'testSendData4' defined but not used [-Wunused-variable]
   59 |  static int testSendData4 = 0;
      |             ^~~~~~~~~~~~~
../Core/Src/app.c:61:13: warning: 'idCount' defined but not used [-Wunused-variable]
   61 |  static int idCount = 8;
      |             ^~~~~~~
../Core/Src/app.c:65:17: warning: 'StepSpeed' defined but not used [-Wunused-variable]
   65 |  static uint8_t StepSpeed[19] = {
      |                 ^~~~~~~~~
../Core/Src/app.c:70:14: warning: '_1stLot_Init' defined but not used [-Wunused-variable]
   70 |  static bool _1stLot_Init = false;
      |              ^~~~~~~~~~~~
../Core/Src/app.c:161:13: warning: 'step' defined but not used [-Wunused-variable]
  161 |  static int step = 0;
      |             ^~~~
../Core/Src/app.c:303:12: warning: 'SM_CalSpeedFunc2' defined but not used [-Wunused-function]
  303 | static int SM_CalSpeedFunc2(int nowPos, int minSpeed, int maxSpeed){
      |            ^~~~~~~~~~~~~~~~
../Core/Src/app.c:271:12: warning: 'SM_CalSpeedFunc1' defined but not used [-Wunused-function]
  271 | static int SM_CalSpeedFunc1(int nowPos, int minSpeed, int maxSpeed){
      |            ^~~~~~~~~~~~~~~~
../Core/Src/app.c:257:12: warning: 'SM_CalSpeed' defined but not used [-Wunused-function]
  257 | static int SM_CalSpeed(int targetSpeed){
      |            ^~~~~~~~~~~
../Core/Src/app.c:30:13: warning: '_1stLot_Ena' defined but not used [-Wunused-variable]
   30 | static bool _1stLot_Ena = false;
      |             ^~~~~~~~~~~
In file included from ../Core/Src/app.c:11:
../Core/Inc/app.h:25:16: warning: 'rcvDataJudge' defined but not used [-Wunused-variable]
   25 | static uint8_t rcvDataJudge[8]; //各ステーションからのCAN受信データ
      |                ^~~~~~~~~~~~
arm-none-eabi-gcc "../Core/Src/main.c" -mcpu=cortex-m4 -std=gnu11 -g3 -DDEBUG -DUSE_HAL_DRIVER -DSTM32F446xx -c -I../Core/Inc -I../Drivers/STM32F4xx_HAL_Driver/Inc -I../Drivers/STM32F4xx_HAL_Driver/Inc/Legacy -I../Drivers/CMSIS/Device/ST/STM32F4xx/Include -I../Drivers/CMSIS/Include -O0 -ffunction-sections -fdata-sections -Wall -fstack-usage -MMD -MP -MF"Core/Src/main.d" -MT"Core/Src/main.o" --specs=nano.specs -mfpu=fpv4-sp-d16 -mfloat-abi=hard -mthumb -o "Core/Src/main.o"
arm-none-eabi-gcc "../Core/Src/stm32f4xx_hal_msp.c" -mcpu=cortex-m4 -std=gnu11 -g3 -DDEBUG -DUSE_HAL_DRIVER -DSTM32F446xx -c -I../Core/Inc -I../Drivers/STM32F4xx_HAL_Driver/Inc -I../Drivers/STM32F4xx_HAL_Driver/Inc/Legacy -I../Drivers/CMSIS/Device/ST/STM32F4xx/Include -I../Drivers/CMSIS/Include -O0 -ffunction-sections -fdata-sections -Wall -fstack-usage -MMD -MP -MF"Core/Src/stm32f4xx_hal_msp.d" -MT"Core/Src/stm32f4xx_hal_msp.o" --specs=nano.specs -mfpu=fpv4-sp-d16 -mfloat-abi=hard -mthumb -o "Core/Src/stm32f4xx_hal_msp.o"
arm-none-eabi-gcc "../Core/Src/stm32f4xx_it.c" -mcpu=cortex-m4 -std=gnu11 -g3 -DDEBUG -DUSE_HAL_DRIVER -DSTM32F446xx -c -I../Core/Inc -I../Drivers/STM32F4xx_HAL_Driver/Inc -I../Drivers/STM32F4xx_HAL_Driver/Inc/Legacy -I../Drivers/CMSIS/Device/ST/STM32F4xx/Include -I../Drivers/CMSIS/Include -O0 -ffunction-sections -fdata-sections -Wall -fstack-usage -MMD -MP -MF"Core/Src/stm32f4xx_it.d" -MT"Core/Src/stm32f4xx_it.o" --specs=nano.specs -mfpu=fpv4-sp-d16 -mfloat-abi=hard -mthumb -o "Core/Src/stm32f4xx_it.o"
In file included from ../Core/Inc/main.h:38,
                 from ../Core/Src/main.c:21:
../Core/Inc/app.h:25:16: warning: 'rcvDataJudge' defined but not used [-Wunused-variable]
   25 | static uint8_t rcvDataJudge[8]; //各ステーションからのCAN受信データ
      |                ^~~~~~~~~~~~
../Core/Inc/app.h:24:16: warning: 'rcvData' defined but not used [-Wunused-variable]
   24 | static uint8_t rcvData[4][8]; //各ステーションからのCAN受信データ
      |                ^~~~~~~
../Core/Inc/app.h:23:16: warning: 'sndData' defined but not used [-Wunused-variable]
   23 | static uint8_t sndData[4][8]; //各ステーションへのCAN送信データ
      |                ^~~~~~~
In file included from ../Core/Inc/main.h:38,
                 from ../Core/Src/stm32f4xx_hal_msp.c:23:
../Core/Inc/app.h:25:16: warning: 'rcvDataJudge' defined but not used [-Wunused-variable]
   25 | static uint8_t rcvDataJudge[8]; //各ステーションからのCAN受信データ
      |                ^~~~~~~~~~~~
../Core/Inc/app.h:24:16: warning: 'rcvData' defined but not used [-Wunused-variable]
   24 | static uint8_t rcvData[4][8]; //各ステーションからのCAN受信データ
      |                ^~~~~~~
../Core/Inc/app.h:23:16: warning: 'sndData' defined but not used [-Wunused-variable]
   23 | static uint8_t sndData[4][8]; //各ステーションへのCAN送信データ
      |                ^~~~~~~
../Core/Src/stm32f4xx_it.c: In function 'CAN1_TX_IRQHandler':
../Core/Src/stm32f4xx_it.c:245:3: warning: implicit declaration of function 'HAL_CAN_TxMailboxCompleteCallback'; did you mean 'HAL_CAN_TxMailbox2CompleteCallback'? [-Wimplicit-function-declaration]
  245 |   HAL_CAN_TxMailboxCompleteCallback();
      |   ^~~~~~~~~~~~~~~~~~~~~~~~~~~~~~~~~
      |   HAL_CAN_TxMailbox2CompleteCallback
In file included from ../Core/Inc/main.h:38,
                 from ../Core/Src/stm32f4xx_it.c:22:
At top level:
../Core/Inc/app.h:25:16: warning: 'rcvDataJudge' defined but not used [-Wunused-variable]
   25 | static uint8_t rcvDataJudge[8]; //各ステーションからのCAN受信データ
      |                ^~~~~~~~~~~~
../Core/Inc/app.h:24:16: warning: 'rcvData' defined but not used [-Wunused-variable]
   24 | static uint8_t rcvData[4][8]; //各ステーションからのCAN受信データ
      |                ^~~~~~~
../Core/Inc/app.h:23:16: warning: 'sndData' defined but not used [-Wunused-variable]
   23 | static uint8_t sndData[4][8]; //各ステーションへのCAN送信データ
      |                ^~~~~~~
arm-none-eabi-gcc -o "GINGAAAN_STEPPING.elf" @"objects.list"   -mcpu=cortex-m4 -T"/Users/UnknownSP/STM32CubeIDE/GINGAAAN/GINGAAAN_STEPPING/STM32F446RETX_FLASH.ld" --specs=nosys.specs -Wl,-Map="GINGAAAN_STEPPING.map" -Wl,--gc-sections -static --specs=nano.specs -mfpu=fpv4-sp-d16 -mfloat-abi=hard -mthumb -Wl,--start-group -lc -lm -Wl,--end-group
Finished building target: GINGAAAN_STEPPING.elf
 
arm-none-eabi-size   GINGAAAN_STEPPING.elf 
arm-none-eabi-objdump -h -S  GINGAAAN_STEPPING.elf  > "GINGAAAN_STEPPING.list"
arm-none-eabi-objcopy  -O binary  GINGAAAN_STEPPING.elf  "GINGAAAN_STEPPING.bin"
   text	   data	    bss	    dec	    hex	filename
  32296	    156	   3540	  35992	   8c98	GINGAAAN_STEPPING.elf
Finished building: default.size.stdout
 
Finished building: GINGAAAN_STEPPING.bin
 
Finished building: GINGAAAN_STEPPING.list
 
13:17:15 **** Incremental Build of configuration Debug for project GINGAAAN_STEPPING ****
make -j3 all 
arm-none-eabi-size   GINGAAAN_STEPPING.elf 
   text	   data	    bss	    dec	    hex	filename
  32296	    156	   3540	  35992	   8c98	GINGAAAN_STEPPING.elf
Finished building: default.size.stdout
 
13:18:06 **** Incremental Build of configuration Debug for project GINGAAAN_STEPPING ****
make -j3 all 
arm-none-eabi-gcc "../Core/Src/app.c" -mcpu=cortex-m4 -std=gnu11 -g3 -DDEBUG -DUSE_HAL_DRIVER -DSTM32F446xx -c -I../Core/Inc -I../Drivers/STM32F4xx_HAL_Driver/Inc -I../Drivers/STM32F4xx_HAL_Driver/Inc/Legacy -I../Drivers/CMSIS/Device/ST/STM32F4xx/Include -I../Drivers/CMSIS/Include -O0 -ffunction-sections -fdata-sections -Wall -fstack-usage -MMD -MP -MF"Core/Src/app.d" -MT"Core/Src/app.o" --specs=nano.specs -mfpu=fpv4-sp-d16 -mfloat-abi=hard -mthumb -o "Core/Src/app.o"
../Core/Src/app.c: In function 'appTask':
../Core/Src/app.c:161:13: warning: unused variable 'step' [-Wunused-variable]
  161 |  static int step = 0;
      |             ^~~~
../Core/Src/app.c:70:14: warning: unused variable '_1stLot_Init' [-Wunused-variable]
   70 |  static bool _1stLot_Init = false;
      |              ^~~~~~~~~~~~
../Core/Src/app.c:65:17: warning: unused variable 'StepSpeed' [-Wunused-variable]
   65 |  static uint8_t StepSpeed[19] = {
      |                 ^~~~~~~~~
../Core/Src/app.c:61:13: warning: unused variable 'idCount' [-Wunused-variable]
   61 |  static int idCount = 8;
      |             ^~~~~~~
../Core/Src/app.c:59:13: warning: unused variable 'testSendData4' [-Wunused-variable]
   59 |  static int testSendData4 = 0;
      |             ^~~~~~~~~~~~~
../Core/Src/app.c:53:13: warning: unused variable 'sendLength' [-Wunused-variable]
   53 |  static int sendLength = 8;
      |             ^~~~~~~~~~
../Core/Src/app.c: In function 'SM_CalSpeedFunc1':
../Core/Src/app.c:283:19: warning: implicit declaration of function 'IO_READ_SM_R'; did you mean 'IO_READ_1STLOT_R'? [-Wimplicit-function-declaration]
  283 |  if (_stopEna && (IO_READ_SM_R() || IO_READ_SM_L())){
      |                   ^~~~~~~~~~~~
      |                   IO_READ_1STLOT_R
../Core/Src/app.c:283:37: warning: implicit declaration of function 'IO_READ_SM_L'; did you mean 'IO_READ_1STLOT_L'? [-Wimplicit-function-declaration]
  283 |  if (_stopEna && (IO_READ_SM_R() || IO_READ_SM_L())){
      |                                     ^~~~~~~~~~~~
      |                                     IO_READ_1STLOT_L
At top level:
../Core/Src/app.c:53:13: warning: 'sendLength' defined but not used [-Wunused-variable]
   53 |  static int sendLength = 8;
      |             ^~~~~~~~~~
../Core/Src/app.c:59:13: warning: 'testSendData4' defined but not used [-Wunused-variable]
   59 |  static int testSendData4 = 0;
      |             ^~~~~~~~~~~~~
../Core/Src/app.c:61:13: warning: 'idCount' defined but not used [-Wunused-variable]
   61 |  static int idCount = 8;
      |             ^~~~~~~
../Core/Src/app.c:65:17: warning: 'StepSpeed' defined but not used [-Wunused-variable]
   65 |  static uint8_t StepSpeed[19] = {
      |                 ^~~~~~~~~
../Core/Src/app.c:70:14: warning: '_1stLot_Init' defined but not used [-Wunused-variable]
   70 |  static bool _1stLot_Init = false;
      |              ^~~~~~~~~~~~
../Core/Src/app.c:161:13: warning: 'step' defined but not used [-Wunused-variable]
  161 |  static int step = 0;
      |             ^~~~
../Core/Src/app.c:303:12: warning: 'SM_CalSpeedFunc2' defined but not used [-Wunused-function]
  303 | static int SM_CalSpeedFunc2(int nowPos, int minSpeed, int maxSpeed){
      |            ^~~~~~~~~~~~~~~~
../Core/Src/app.c:271:12: warning: 'SM_CalSpeedFunc1' defined but not used [-Wunused-function]
  271 | static int SM_CalSpeedFunc1(int nowPos, int minSpeed, int maxSpeed){
      |            ^~~~~~~~~~~~~~~~
../Core/Src/app.c:257:12: warning: 'SM_CalSpeed' defined but not used [-Wunused-function]
  257 | static int SM_CalSpeed(int targetSpeed){
      |            ^~~~~~~~~~~
../Core/Src/app.c:30:13: warning: '_1stLot_Ena' defined but not used [-Wunused-variable]
   30 | static bool _1stLot_Ena = false;
      |             ^~~~~~~~~~~
In file included from ../Core/Src/app.c:11:
../Core/Inc/app.h:25:16: warning: 'rcvDataJudge' defined but not used [-Wunused-variable]
   25 | static uint8_t rcvDataJudge[8]; //各ステーションからのCAN受信データ
      |                ^~~~~~~~~~~~
arm-none-eabi-gcc -o "GINGAAAN_STEPPING.elf" @"objects.list"   -mcpu=cortex-m4 -T"/Users/UnknownSP/STM32CubeIDE/GINGAAAN/GINGAAAN_STEPPING/STM32F446RETX_FLASH.ld" --specs=nosys.specs -Wl,-Map="GINGAAAN_STEPPING.map" -Wl,--gc-sections -static --specs=nano.specs -mfpu=fpv4-sp-d16 -mfloat-abi=hard -mthumb -Wl,--start-group -lc -lm -Wl,--end-group
Finished building target: GINGAAAN_STEPPING.elf
 
arm-none-eabi-size   GINGAAAN_STEPPING.elf 
arm-none-eabi-objdump -h -S  GINGAAAN_STEPPING.elf  > "GINGAAAN_STEPPING.list"
arm-none-eabi-objcopy  -O binary  GINGAAAN_STEPPING.elf  "GINGAAAN_STEPPING.bin"
   text	   data	    bss	    dec	    hex	filename
  32304	    156	   3540	  36000	   8ca0	GINGAAAN_STEPPING.elf
Finished building: default.size.stdout
 
Finished building: GINGAAAN_STEPPING.bin
 
Finished building: GINGAAAN_STEPPING.list
 
