23:01:38 **** Incremental Build of configuration Debug for project GINGAAAN_1STLOTSLIDE ****
make -j3 all 
arm-none-eabi-gcc "../USB_DEVICE/Target/usbd_conf.c" -mcpu=cortex-m4 -std=gnu11 -g3 -DDEBUG -DUSE_HAL_DRIVER -DSTM32F401xE -c -I../Core/Inc -I../Drivers/STM32F4xx_HAL_Driver/Inc -I../Drivers/STM32F4xx_HAL_Driver/Inc/Legacy -I../Drivers/CMSIS/Device/ST/STM32F4xx/Include -I../Drivers/CMSIS/Include -I../USB_DEVICE/App -I../USB_DEVICE/Target -I../Middlewares/ST/STM32_USB_Device_Library/Core/Inc -I../Middlewares/ST/STM32_USB_Device_Library/Class/HID/Inc -O0 -ffunction-sections -fdata-sections -Wall -fstack-usage -MMD -MP -MF"USB_DEVICE/Target/usbd_conf.d" -MT"USB_DEVICE/Target/usbd_conf.o" --specs=nano.specs -mfpu=fpv4-sp-d16 -mfloat-abi=hard -mthumb -o "USB_DEVICE/Target/usbd_conf.o"
arm-none-eabi-gcc "../USB_DEVICE/App/usb_device.c" -mcpu=cortex-m4 -std=gnu11 -g3 -DDEBUG -DUSE_HAL_DRIVER -DSTM32F401xE -c -I../Core/Inc -I../Drivers/STM32F4xx_HAL_Driver/Inc -I../Drivers/STM32F4xx_HAL_Driver/Inc/Legacy -I../Drivers/CMSIS/Device/ST/STM32F4xx/Include -I../Drivers/CMSIS/Include -I../USB_DEVICE/App -I../USB_DEVICE/Target -I../Middlewares/ST/STM32_USB_Device_Library/Core/Inc -I../Middlewares/ST/STM32_USB_Device_Library/Class/HID/Inc -O0 -ffunction-sections -fdata-sections -Wall -fstack-usage -MMD -MP -MF"USB_DEVICE/App/usb_device.d" -MT"USB_DEVICE/App/usb_device.o" --specs=nano.specs -mfpu=fpv4-sp-d16 -mfloat-abi=hard -mthumb -o "USB_DEVICE/App/usb_device.o"
arm-none-eabi-gcc "../USB_DEVICE/App/usbd_desc.c" -mcpu=cortex-m4 -std=gnu11 -g3 -DDEBUG -DUSE_HAL_DRIVER -DSTM32F401xE -c -I../Core/Inc -I../Drivers/STM32F4xx_HAL_Driver/Inc -I../Drivers/STM32F4xx_HAL_Driver/Inc/Legacy -I../Drivers/CMSIS/Device/ST/STM32F4xx/Include -I../Drivers/CMSIS/Include -I../USB_DEVICE/App -I../USB_DEVICE/Target -I../Middlewares/ST/STM32_USB_Device_Library/Core/Inc -I../Middlewares/ST/STM32_USB_Device_Library/Class/HID/Inc -O0 -ffunction-sections -fdata-sections -Wall -fstack-usage -MMD -MP -MF"USB_DEVICE/App/usbd_desc.d" -MT"USB_DEVICE/App/usbd_desc.o" --specs=nano.specs -mfpu=fpv4-sp-d16 -mfloat-abi=hard -mthumb -o "USB_DEVICE/App/usbd_desc.o"
In file included from ../Core/Inc/main.h:36,
                 from ../USB_DEVICE/Target/usbd_conf.h:34,
                 from ../Middlewares/ST/STM32_USB_Device_Library/Core/Inc/usbd_def.h:29,
                 from ../USB_DEVICE/App/usb_device.h:33,
                 from ../USB_DEVICE/App/usb_device.c:24:
../Core/Inc/app.h:31:13: warning: 'SliderLEDDataL' defined but not used [-Wunused-variable]
   31 | static bool SliderLEDDataL[5][3] = {{false}};
      |             ^~~~~~~~~~~~~~
../Core/Inc/app.h:30:13: warning: 'SliderLEDDataR' defined but not used [-Wunused-variable]
   30 | static bool SliderLEDDataR[5][3] = {{false}};
      |             ^~~~~~~~~~~~~~
../Core/Inc/app.h:28:16: warning: 'SliderBarLEDData' defined but not used [-Wunused-variable]
   28 | static uint8_t SliderBarLEDData[16][3] = {{0}}; //16はない
      |                ^~~~~~~~~~~~~~~~
../Core/Inc/app.h:27:16: warning: 'SliderLEDData' defined but not used [-Wunused-variable]
   27 | static uint8_t SliderLEDData[16][3] = {{0}};
      |                ^~~~~~~~~~~~~
../Core/Inc/app.h:26:16: warning: 'TouchThreshold' defined but not used [-Wunused-variable]
   26 | static uint8_t TouchThreshold[32] = {0};
      |                ^~~~~~~~~~~~~~
../Core/Inc/app.h:25:13: warning: 'SideSegment' defined but not used [-Wunused-variable]
   25 | static bool SideSegment[6] = {false};
      |             ^~~~~~~~~~~
../Core/Inc/app.h:24:13: warning: 'TouchSegment' defined but not used [-Wunused-variable]
   24 | static bool TouchSegment[32] = {false};
      |             ^~~~~~~~~~~~
../Core/Inc/app.h:17:16: warning: 'sndData' defined but not used [-Wunused-variable]
   17 | static uint8_t sndData[8] = {0}; //CAN送信データ
      |                ^~~~~~~
../Core/Inc/app.h:16:16: warning: 'rcvData' defined but not used [-Wunused-variable]
   16 | static uint8_t rcvData[8] = {0}; //CAN受信データ
      |                ^~~~~~~
In file included from ../Core/Inc/main.h:36,
                 from ../USB_DEVICE/Target/usbd_conf.h:34,
                 from ../Middlewares/ST/STM32_USB_Device_Library/Core/Inc/usbd_core.h:29,
                 from ../USB_DEVICE/App/usbd_desc.c:23:
../Core/Inc/app.h:31:13: warning: 'SliderLEDDataL' defined but not used [-Wunused-variable]
   31 | static bool SliderLEDDataL[5][3] = {{false}};
      |             ^~~~~~~~~~~~~~
../Core/Inc/app.h:30:13: warning: 'SliderLEDDataR' defined but not used [-Wunused-variable]
   30 | static bool SliderLEDDataR[5][3] = {{false}};
      |             ^~~~~~~~~~~~~~
../Core/Inc/app.h:28:16: warning: 'SliderBarLEDData' defined but not used [-Wunused-variable]
   28 | static uint8_t SliderBarLEDData[16][3] = {{0}}; //16はない
      |                ^~~~~~~~~~~~~~~~
../Core/Inc/app.h:27:16: warning: 'SliderLEDData' defined but not used [-Wunused-variable]
   27 | static uint8_t SliderLEDData[16][3] = {{0}};
      |                ^~~~~~~~~~~~~
../Core/Inc/app.h:26:16: warning: 'TouchThreshold' defined but not used [-Wunused-variable]
   26 | static uint8_t TouchThreshold[32] = {0};
      |                ^~~~~~~~~~~~~~
../Core/Inc/app.h:25:13: warning: 'SideSegment' defined but not used [-Wunused-variable]
   25 | static bool SideSegment[6] = {false};
      |             ^~~~~~~~~~~
../Core/Inc/app.h:24:13: warning: 'TouchSegment' defined but not used [-Wunused-variable]
   24 | static bool TouchSegment[32] = {false};
      |             ^~~~~~~~~~~~
../Core/Inc/app.h:17:16: warning: 'sndData' defined but not used [-Wunused-variable]
   17 | static uint8_t sndData[8] = {0}; //CAN送信データ
      |                ^~~~~~~
../Core/Inc/app.h:16:16: warning: 'rcvData' defined but not used [-Wunused-variable]
   16 | static uint8_t rcvData[8] = {0}; //CAN受信データ
      |                ^~~~~~~
In file included from ../Core/Inc/main.h:36,
                 from ../USB_DEVICE/Target/usbd_conf.h:34,
                 from ../Middlewares/ST/STM32_USB_Device_Library/Core/Inc/usbd_def.h:29,
                 from ../USB_DEVICE/Target/usbd_conf.c:25:
../Core/Inc/app.h:31:13: warning: 'SliderLEDDataL' defined but not used [-Wunused-variable]
   31 | static bool SliderLEDDataL[5][3] = {{false}};
      |             ^~~~~~~~~~~~~~
../Core/Inc/app.h:30:13: warning: 'SliderLEDDataR' defined but not used [-Wunused-variable]
   30 | static bool SliderLEDDataR[5][3] = {{false}};
      |             ^~~~~~~~~~~~~~
../Core/Inc/app.h:28:16: warning: 'SliderBarLEDData' defined but not used [-Wunused-variable]
   28 | static uint8_t SliderBarLEDData[16][3] = {{0}}; //16はない
      |                ^~~~~~~~~~~~~~~~
../Core/Inc/app.h:27:16: warning: 'SliderLEDData' defined but not used [-Wunused-variable]
   27 | static uint8_t SliderLEDData[16][3] = {{0}};
      |                ^~~~~~~~~~~~~
../Core/Inc/app.h:26:16: warning: 'TouchThreshold' defined but not used [-Wunused-variable]
   26 | static uint8_t TouchThreshold[32] = {0};
      |                ^~~~~~~~~~~~~~
../Core/Inc/app.h:25:13: warning: 'SideSegment' defined but not used [-Wunused-variable]
   25 | static bool SideSegment[6] = {false};
      |             ^~~~~~~~~~~
../Core/Inc/app.h:24:13: warning: 'TouchSegment' defined but not used [-Wunused-variable]
   24 | static bool TouchSegment[32] = {false};
      |             ^~~~~~~~~~~~
../Core/Inc/app.h:17:16: warning: 'sndData' defined but not used [-Wunused-variable]
   17 | static uint8_t sndData[8] = {0}; //CAN送信データ
      |                ^~~~~~~
../Core/Inc/app.h:16:16: warning: 'rcvData' defined but not used [-Wunused-variable]
   16 | static uint8_t rcvData[8] = {0}; //CAN受信データ
      |                ^~~~~~~
arm-none-eabi-gcc "../Middlewares/ST/STM32_USB_Device_Library/Core/Src/usbd_core.c" -mcpu=cortex-m4 -std=gnu11 -g3 -DDEBUG -DUSE_HAL_DRIVER -DSTM32F401xE -c -I../Core/Inc -I../Drivers/STM32F4xx_HAL_Driver/Inc -I../Drivers/STM32F4xx_HAL_Driver/Inc/Legacy -I../Drivers/CMSIS/Device/ST/STM32F4xx/Include -I../Drivers/CMSIS/Include -I../USB_DEVICE/App -I../USB_DEVICE/Target -I../Middlewares/ST/STM32_USB_Device_Library/Core/Inc -I../Middlewares/ST/STM32_USB_Device_Library/Class/HID/Inc -O0 -ffunction-sections -fdata-sections -Wall -fstack-usage -MMD -MP -MF"Middlewares/ST/STM32_USB_Device_Library/Core/Src/usbd_core.d" -MT"Middlewares/ST/STM32_USB_Device_Library/Core/Src/usbd_core.o" --specs=nano.specs -mfpu=fpv4-sp-d16 -mfloat-abi=hard -mthumb -o "Middlewares/ST/STM32_USB_Device_Library/Core/Src/usbd_core.o"
arm-none-eabi-gcc "../Middlewares/ST/STM32_USB_Device_Library/Core/Src/usbd_ctlreq.c" -mcpu=cortex-m4 -std=gnu11 -g3 -DDEBUG -DUSE_HAL_DRIVER -DSTM32F401xE -c -I../Core/Inc -I../Drivers/STM32F4xx_HAL_Driver/Inc -I../Drivers/STM32F4xx_HAL_Driver/Inc/Legacy -I../Drivers/CMSIS/Device/ST/STM32F4xx/Include -I../Drivers/CMSIS/Include -I../USB_DEVICE/App -I../USB_DEVICE/Target -I../Middlewares/ST/STM32_USB_Device_Library/Core/Inc -I../Middlewares/ST/STM32_USB_Device_Library/Class/HID/Inc -O0 -ffunction-sections -fdata-sections -Wall -fstack-usage -MMD -MP -MF"Middlewares/ST/STM32_USB_Device_Library/Core/Src/usbd_ctlreq.d" -MT"Middlewares/ST/STM32_USB_Device_Library/Core/Src/usbd_ctlreq.o" --specs=nano.specs -mfpu=fpv4-sp-d16 -mfloat-abi=hard -mthumb -o "Middlewares/ST/STM32_USB_Device_Library/Core/Src/usbd_ctlreq.o"
arm-none-eabi-gcc "../Middlewares/ST/STM32_USB_Device_Library/Core/Src/usbd_ioreq.c" -mcpu=cortex-m4 -std=gnu11 -g3 -DDEBUG -DUSE_HAL_DRIVER -DSTM32F401xE -c -I../Core/Inc -I../Drivers/STM32F4xx_HAL_Driver/Inc -I../Drivers/STM32F4xx_HAL_Driver/Inc/Legacy -I../Drivers/CMSIS/Device/ST/STM32F4xx/Include -I../Drivers/CMSIS/Include -I../USB_DEVICE/App -I../USB_DEVICE/Target -I../Middlewares/ST/STM32_USB_Device_Library/Core/Inc -I../Middlewares/ST/STM32_USB_Device_Library/Class/HID/Inc -O0 -ffunction-sections -fdata-sections -Wall -fstack-usage -MMD -MP -MF"Middlewares/ST/STM32_USB_Device_Library/Core/Src/usbd_ioreq.d" -MT"Middlewares/ST/STM32_USB_Device_Library/Core/Src/usbd_ioreq.o" --specs=nano.specs -mfpu=fpv4-sp-d16 -mfloat-abi=hard -mthumb -o "Middlewares/ST/STM32_USB_Device_Library/Core/Src/usbd_ioreq.o"
In file included from ../Core/Inc/main.h:36,
                 from ../USB_DEVICE/Target/usbd_conf.h:34,
                 from ../Middlewares/ST/STM32_USB_Device_Library/Core/Inc/usbd_core.h:29,
                 from ../Middlewares/ST/STM32_USB_Device_Library/Core/Src/usbd_core.c:21:
../Core/Inc/app.h:31:13: warning: 'SliderLEDDataL' defined but not used [-Wunused-variable]
   31 | static bool SliderLEDDataL[5][3] = {{false}};
      |             ^~~~~~~~~~~~~~
../Core/Inc/app.h:30:13: warning: 'SliderLEDDataR' defined but not used [-Wunused-variable]
   30 | static bool SliderLEDDataR[5][3] = {{false}};
      |             ^~~~~~~~~~~~~~
../Core/Inc/app.h:28:16: warning: 'SliderBarLEDData' defined but not used [-Wunused-variable]
   28 | static uint8_t SliderBarLEDData[16][3] = {{0}}; //16はない
      |                ^~~~~~~~~~~~~~~~
../Core/Inc/app.h:27:16: warning: 'SliderLEDData' defined but not used [-Wunused-variable]
   27 | static uint8_t SliderLEDData[16][3] = {{0}};
      |                ^~~~~~~~~~~~~
../Core/Inc/app.h:26:16: warning: 'TouchThreshold' defined but not used [-Wunused-variable]
   26 | static uint8_t TouchThreshold[32] = {0};
      |                ^~~~~~~~~~~~~~
../Core/Inc/app.h:25:13: warning: 'SideSegment' defined but not used [-Wunused-variable]
   25 | static bool SideSegment[6] = {false};
      |             ^~~~~~~~~~~
../Core/Inc/app.h:24:13: warning: 'TouchSegment' defined but not used [-Wunused-variable]
   24 | static bool TouchSegment[32] = {false};
      |             ^~~~~~~~~~~~
../Core/Inc/app.h:17:16: warning: 'sndData' defined but not used [-Wunused-variable]
   17 | static uint8_t sndData[8] = {0}; //CAN送信データ
      |                ^~~~~~~
../Core/Inc/app.h:16:16: warning: 'rcvData' defined but not used [-Wunused-variable]
   16 | static uint8_t rcvData[8] = {0}; //CAN受信データ
      |                ^~~~~~~
In file included from ../Core/Inc/main.h:36,
                 from ../USB_DEVICE/Target/usbd_conf.h:34,
                 from ../Middlewares/ST/STM32_USB_Device_Library/Core/Inc/usbd_def.h:29,
                 from ../Middlewares/ST/STM32_USB_Device_Library/Core/Inc/usbd_ctlreq.h:29,
                 from ../Middlewares/ST/STM32_USB_Device_Library/Core/Src/usbd_ctlreq.c:21:
../Core/Inc/app.h:31:13: warning: 'SliderLEDDataL' defined but not used [-Wunused-variable]
   31 | static bool SliderLEDDataL[5][3] = {{false}};
      |             ^~~~~~~~~~~~~~
../Core/Inc/app.h:30:13: warning: 'SliderLEDDataR' defined but not used [-Wunused-variable]
   30 | static bool SliderLEDDataR[5][3] = {{false}};
      |             ^~~~~~~~~~~~~~
../Core/Inc/app.h:28:16: warning: 'SliderBarLEDData' defined but not used [-Wunused-variable]
   28 | static uint8_t SliderBarLEDData[16][3] = {{0}}; //16はない
      |                ^~~~~~~~~~~~~~~~
../Core/Inc/app.h:27:16: warning: 'SliderLEDData' defined but not used [-Wunused-variable]
   27 | static uint8_t SliderLEDData[16][3] = {{0}};
      |                ^~~~~~~~~~~~~
../Core/Inc/app.h:26:16: warning: 'TouchThreshold' defined but not used [-Wunused-variable]
   26 | static uint8_t TouchThreshold[32] = {0};
      |                ^~~~~~~~~~~~~~
../Core/Inc/app.h:25:13: warning: 'SideSegment' defined but not used [-Wunused-variable]
   25 | static bool SideSegment[6] = {false};
      |             ^~~~~~~~~~~
../Core/Inc/app.h:24:13: warning: 'TouchSegment' defined but not used [-Wunused-variable]
   24 | static bool TouchSegment[32] = {false};
      |             ^~~~~~~~~~~~
../Core/Inc/app.h:17:16: warning: 'sndData' defined but not used [-Wunused-variable]
   17 | static uint8_t sndData[8] = {0}; //CAN送信データ
      |                ^~~~~~~
../Core/Inc/app.h:16:16: warning: 'rcvData' defined but not used [-Wunused-variable]
   16 | static uint8_t rcvData[8] = {0}; //CAN受信データ
      |                ^~~~~~~
In file included from ../Core/Inc/main.h:36,
                 from ../USB_DEVICE/Target/usbd_conf.h:34,
                 from ../Middlewares/ST/STM32_USB_Device_Library/Core/Inc/usbd_def.h:29,
                 from ../Middlewares/ST/STM32_USB_Device_Library/Core/Inc/usbd_ioreq.h:29,
                 from ../Middlewares/ST/STM32_USB_Device_Library/Core/Src/usbd_ioreq.c:21:
../Core/Inc/app.h:31:13: warning: 'SliderLEDDataL' defined but not used [-Wunused-variable]
   31 | static bool SliderLEDDataL[5][3] = {{false}};
      |             ^~~~~~~~~~~~~~
../Core/Inc/app.h:30:13: warning: 'SliderLEDDataR' defined but not used [-Wunused-variable]
   30 | static bool SliderLEDDataR[5][3] = {{false}};
      |             ^~~~~~~~~~~~~~
../Core/Inc/app.h:28:16: warning: 'SliderBarLEDData' defined but not used [-Wunused-variable]
   28 | static uint8_t SliderBarLEDData[16][3] = {{0}}; //16はない
      |                ^~~~~~~~~~~~~~~~
../Core/Inc/app.h:27:16: warning: 'SliderLEDData' defined but not used [-Wunused-variable]
   27 | static uint8_t SliderLEDData[16][3] = {{0}};
      |                ^~~~~~~~~~~~~
../Core/Inc/app.h:26:16: warning: 'TouchThreshold' defined but not used [-Wunused-variable]
   26 | static uint8_t TouchThreshold[32] = {0};
      |                ^~~~~~~~~~~~~~
../Core/Inc/app.h:25:13: warning: 'SideSegment' defined but not used [-Wunused-variable]
   25 | static bool SideSegment[6] = {false};
      |             ^~~~~~~~~~~
../Core/Inc/app.h:24:13: warning: 'TouchSegment' defined but not used [-Wunused-variable]
   24 | static bool TouchSegment[32] = {false};
      |             ^~~~~~~~~~~~
../Core/Inc/app.h:17:16: warning: 'sndData' defined but not used [-Wunused-variable]
   17 | static uint8_t sndData[8] = {0}; //CAN送信データ
      |                ^~~~~~~
../Core/Inc/app.h:16:16: warning: 'rcvData' defined but not used [-Wunused-variable]
   16 | static uint8_t rcvData[8] = {0}; //CAN受信データ
      |                ^~~~~~~
arm-none-eabi-gcc "../Middlewares/ST/STM32_USB_Device_Library/Class/HID/Src/usbd_hid.c" -mcpu=cortex-m4 -std=gnu11 -g3 -DDEBUG -DUSE_HAL_DRIVER -DSTM32F401xE -c -I../Core/Inc -I../Drivers/STM32F4xx_HAL_Driver/Inc -I../Drivers/STM32F4xx_HAL_Driver/Inc/Legacy -I../Drivers/CMSIS/Device/ST/STM32F4xx/Include -I../Drivers/CMSIS/Include -I../USB_DEVICE/App -I../USB_DEVICE/Target -I../Middlewares/ST/STM32_USB_Device_Library/Core/Inc -I../Middlewares/ST/STM32_USB_Device_Library/Class/HID/Inc -O0 -ffunction-sections -fdata-sections -Wall -fstack-usage -MMD -MP -MF"Middlewares/ST/STM32_USB_Device_Library/Class/HID/Src/usbd_hid.d" -MT"Middlewares/ST/STM32_USB_Device_Library/Class/HID/Src/usbd_hid.o" --specs=nano.specs -mfpu=fpv4-sp-d16 -mfloat-abi=hard -mthumb -o "Middlewares/ST/STM32_USB_Device_Library/Class/HID/Src/usbd_hid.o"
arm-none-eabi-gcc "../Drivers/USBHID/Src/usbhid.c" -mcpu=cortex-m4 -std=gnu11 -g3 -DDEBUG -DUSE_HAL_DRIVER -DSTM32F401xE -c -I../Core/Inc -I../Drivers/STM32F4xx_HAL_Driver/Inc -I../Drivers/STM32F4xx_HAL_Driver/Inc/Legacy -I../Drivers/CMSIS/Device/ST/STM32F4xx/Include -I../Drivers/CMSIS/Include -I../USB_DEVICE/App -I../USB_DEVICE/Target -I../Middlewares/ST/STM32_USB_Device_Library/Core/Inc -I../Middlewares/ST/STM32_USB_Device_Library/Class/HID/Inc -O0 -ffunction-sections -fdata-sections -Wall -fstack-usage -MMD -MP -MF"Drivers/USBHID/Src/usbhid.d" -MT"Drivers/USBHID/Src/usbhid.o" --specs=nano.specs -mfpu=fpv4-sp-d16 -mfloat-abi=hard -mthumb -o "Drivers/USBHID/Src/usbhid.o"
arm-none-eabi-gcc "../Drivers/Message/Src/message.c" -mcpu=cortex-m4 -std=gnu11 -g3 -DDEBUG -DUSE_HAL_DRIVER -DSTM32F401xE -c -I../Core/Inc -I../Drivers/STM32F4xx_HAL_Driver/Inc -I../Drivers/STM32F4xx_HAL_Driver/Inc/Legacy -I../Drivers/CMSIS/Device/ST/STM32F4xx/Include -I../Drivers/CMSIS/Include -I../USB_DEVICE/App -I../USB_DEVICE/Target -I../Middlewares/ST/STM32_USB_Device_Library/Core/Inc -I../Middlewares/ST/STM32_USB_Device_Library/Class/HID/Inc -O0 -ffunction-sections -fdata-sections -Wall -fstack-usage -MMD -MP -MF"Drivers/Message/Src/message.d" -MT"Drivers/Message/Src/message.o" --specs=nano.specs -mfpu=fpv4-sp-d16 -mfloat-abi=hard -mthumb -o "Drivers/Message/Src/message.o"
In file included from ../Core/Inc/main.h:36,
                 from ../USB_DEVICE/Target/usbd_conf.h:34,
                 from ../Middlewares/ST/STM32_USB_Device_Library/Core/Inc/usbd_def.h:29,
                 from ../Middlewares/ST/STM32_USB_Device_Library/Core/Inc/usbd_ioreq.h:29,
                 from ../Middlewares/ST/STM32_USB_Device_Library/Class/HID/Inc/usbd_hid.h:29,
                 from ../Middlewares/ST/STM32_USB_Device_Library/Class/HID/Src/usbd_hid.c:47:
../Core/Inc/app.h:31:13: warning: 'SliderLEDDataL' defined but not used [-Wunused-variable]
   31 | static bool SliderLEDDataL[5][3] = {{false}};
      |             ^~~~~~~~~~~~~~
../Core/Inc/app.h:30:13: warning: 'SliderLEDDataR' defined but not used [-Wunused-variable]
   30 | static bool SliderLEDDataR[5][3] = {{false}};
      |             ^~~~~~~~~~~~~~
../Core/Inc/app.h:28:16: warning: 'SliderBarLEDData' defined but not used [-Wunused-variable]
   28 | static uint8_t SliderBarLEDData[16][3] = {{0}}; //16はない
      |                ^~~~~~~~~~~~~~~~
../Core/Inc/app.h:27:16: warning: 'SliderLEDData' defined but not used [-Wunused-variable]
   27 | static uint8_t SliderLEDData[16][3] = {{0}};
      |                ^~~~~~~~~~~~~
../Core/Inc/app.h:26:16: warning: 'TouchThreshold' defined but not used [-Wunused-variable]
   26 | static uint8_t TouchThreshold[32] = {0};
      |                ^~~~~~~~~~~~~~
../Core/Inc/app.h:25:13: warning: 'SideSegment' defined but not used [-Wunused-variable]
   25 | static bool SideSegment[6] = {false};
      |             ^~~~~~~~~~~
../Core/Inc/app.h:24:13: warning: 'TouchSegment' defined but not used [-Wunused-variable]
   24 | static bool TouchSegment[32] = {false};
      |             ^~~~~~~~~~~~
../Core/Inc/app.h:17:16: warning: 'sndData' defined but not used [-Wunused-variable]
   17 | static uint8_t sndData[8] = {0}; //CAN送信データ
      |                ^~~~~~~
../Core/Inc/app.h:16:16: warning: 'rcvData' defined but not used [-Wunused-variable]
   16 | static uint8_t rcvData[8] = {0}; //CAN受信データ
      |                ^~~~~~~
In file included from ../Core/Inc/main.h:36,
                 from ../Drivers/Message/Src/message.c:7:
../Core/Inc/app.h:31:13: warning: 'SliderLEDDataL' defined but not used [-Wunused-variable]
   31 | static bool SliderLEDDataL[5][3] = {{false}};
      |             ^~~~~~~~~~~~~~
../Core/Inc/app.h:30:13: warning: 'SliderLEDDataR' defined but not used [-Wunused-variable]
   30 | static bool SliderLEDDataR[5][3] = {{false}};
      |             ^~~~~~~~~~~~~~
../Core/Inc/app.h:28:16: warning: 'SliderBarLEDData' defined but not used [-Wunused-variable]
   28 | static uint8_t SliderBarLEDData[16][3] = {{0}}; //16はない
      |                ^~~~~~~~~~~~~~~~
../Core/Inc/app.h:27:16: warning: 'SliderLEDData' defined but not used [-Wunused-variable]
   27 | static uint8_t SliderLEDData[16][3] = {{0}};
      |                ^~~~~~~~~~~~~
../Core/Inc/app.h:26:16: warning: 'TouchThreshold' defined but not used [-Wunused-variable]
   26 | static uint8_t TouchThreshold[32] = {0};
      |                ^~~~~~~~~~~~~~
../Core/Inc/app.h:25:13: warning: 'SideSegment' defined but not used [-Wunused-variable]
   25 | static bool SideSegment[6] = {false};
      |             ^~~~~~~~~~~
../Core/Inc/app.h:24:13: warning: 'TouchSegment' defined but not used [-Wunused-variable]
   24 | static bool TouchSegment[32] = {false};
      |             ^~~~~~~~~~~~
../Core/Inc/app.h:17:16: warning: 'sndData' defined but not used [-Wunused-variable]
   17 | static uint8_t sndData[8] = {0}; //CAN送信データ
      |                ^~~~~~~
../Core/Inc/app.h:16:16: warning: 'rcvData' defined but not used [-Wunused-variable]
   16 | static uint8_t rcvData[8] = {0}; //CAN受信データ
      |                ^~~~~~~
../Drivers/USBHID/Src/usbhid.c: In function 'D_USBHID_Send':
../Drivers/USBHID/Src/usbhid.c:106:2: warning: implicit declaration of function 'USBD_HID_SendReport' [-Wimplicit-function-declaration]
  106 |  USBD_HID_SendReport(&hUsbDeviceFS, &keyboardHID, sizeof(struct keyboardHID_t));
      |  ^~~~~~~~~~~~~~~~~~~
In file included from ../Core/Inc/main.h:36,
                 from ../Drivers/USBHID/Src/../Inc/usbhid.h:11,
                 from ../Drivers/USBHID/Src/usbhid.c:9:
At top level:
../Core/Inc/app.h:31:13: warning: 'SliderLEDDataL' defined but not used [-Wunused-variable]
   31 | static bool SliderLEDDataL[5][3] = {{false}};
      |             ^~~~~~~~~~~~~~
../Core/Inc/app.h:30:13: warning: 'SliderLEDDataR' defined but not used [-Wunused-variable]
   30 | static bool SliderLEDDataR[5][3] = {{false}};
      |             ^~~~~~~~~~~~~~
../Core/Inc/app.h:28:16: warning: 'SliderBarLEDData' defined but not used [-Wunused-variable]
   28 | static uint8_t SliderBarLEDData[16][3] = {{0}}; //16はない
      |                ^~~~~~~~~~~~~~~~
../Core/Inc/app.h:27:16: warning: 'SliderLEDData' defined but not used [-Wunused-variable]
   27 | static uint8_t SliderLEDData[16][3] = {{0}};
      |                ^~~~~~~~~~~~~
../Core/Inc/app.h:26:16: warning: 'TouchThreshold' defined but not used [-Wunused-variable]
   26 | static uint8_t TouchThreshold[32] = {0};
      |                ^~~~~~~~~~~~~~
../Core/Inc/app.h:25:13: warning: 'SideSegment' defined but not used [-Wunused-variable]
   25 | static bool SideSegment[6] = {false};
      |             ^~~~~~~~~~~
../Core/Inc/app.h:24:13: warning: 'TouchSegment' defined but not used [-Wunused-variable]
   24 | static bool TouchSegment[32] = {false};
      |             ^~~~~~~~~~~~
../Core/Inc/app.h:17:16: warning: 'sndData' defined but not used [-Wunused-variable]
   17 | static uint8_t sndData[8] = {0}; //CAN送信データ
      |                ^~~~~~~
../Core/Inc/app.h:16:16: warning: 'rcvData' defined but not used [-Wunused-variable]
   16 | static uint8_t rcvData[8] = {0}; //CAN受信データ
      |                ^~~~~~~
arm-none-eabi-gcc "../Drivers/GPIO/Src/GPIO.c" -mcpu=cortex-m4 -std=gnu11 -g3 -DDEBUG -DUSE_HAL_DRIVER -DSTM32F401xE -c -I../Core/Inc -I../Drivers/STM32F4xx_HAL_Driver/Inc -I../Drivers/STM32F4xx_HAL_Driver/Inc/Legacy -I../Drivers/CMSIS/Device/ST/STM32F4xx/Include -I../Drivers/CMSIS/Include -I../USB_DEVICE/App -I../USB_DEVICE/Target -I../Middlewares/ST/STM32_USB_Device_Library/Core/Inc -I../Middlewares/ST/STM32_USB_Device_Library/Class/HID/Inc -O0 -ffunction-sections -fdata-sections -Wall -fstack-usage -MMD -MP -MF"Drivers/GPIO/Src/GPIO.d" -MT"Drivers/GPIO/Src/GPIO.o" --specs=nano.specs -mfpu=fpv4-sp-d16 -mfloat-abi=hard -mthumb -o "Drivers/GPIO/Src/GPIO.o"
arm-none-eabi-gcc "../Drivers/DeviceController/Src/DeviceController.c" -mcpu=cortex-m4 -std=gnu11 -g3 -DDEBUG -DUSE_HAL_DRIVER -DSTM32F401xE -c -I../Core/Inc -I../Drivers/STM32F4xx_HAL_Driver/Inc -I../Drivers/STM32F4xx_HAL_Driver/Inc/Legacy -I../Drivers/CMSIS/Device/ST/STM32F4xx/Include -I../Drivers/CMSIS/Include -I../USB_DEVICE/App -I../USB_DEVICE/Target -I../Middlewares/ST/STM32_USB_Device_Library/Core/Inc -I../Middlewares/ST/STM32_USB_Device_Library/Class/HID/Inc -O0 -ffunction-sections -fdata-sections -Wall -fstack-usage -MMD -MP -MF"Drivers/DeviceController/Src/DeviceController.d" -MT"Drivers/DeviceController/Src/DeviceController.o" --specs=nano.specs -mfpu=fpv4-sp-d16 -mfloat-abi=hard -mthumb -o "Drivers/DeviceController/Src/DeviceController.o"
arm-none-eabi-gcc "../Core/Src/app.c" -mcpu=cortex-m4 -std=gnu11 -g3 -DDEBUG -DUSE_HAL_DRIVER -DSTM32F401xE -c -I../Core/Inc -I../Drivers/STM32F4xx_HAL_Driver/Inc -I../Drivers/STM32F4xx_HAL_Driver/Inc/Legacy -I../Drivers/CMSIS/Device/ST/STM32F4xx/Include -I../Drivers/CMSIS/Include -I../USB_DEVICE/App -I../USB_DEVICE/Target -I../Middlewares/ST/STM32_USB_Device_Library/Core/Inc -I../Middlewares/ST/STM32_USB_Device_Library/Class/HID/Inc -O0 -ffunction-sections -fdata-sections -Wall -fstack-usage -MMD -MP -MF"Core/Src/app.d" -MT"Core/Src/app.o" --specs=nano.specs -mfpu=fpv4-sp-d16 -mfloat-abi=hard -mthumb -o "Core/Src/app.o"
In file included from ../Core/Inc/main.h:36,
                 from ../Drivers/GPIO/Src/../Inc/GPIO.h:11,
                 from ../Drivers/GPIO/Src/GPIO.c:8:
../Core/Inc/app.h:31:13: warning: 'SliderLEDDataL' defined but not used [-Wunused-variable]
   31 | static bool SliderLEDDataL[5][3] = {{false}};
      |             ^~~~~~~~~~~~~~
../Core/Inc/app.h:30:13: warning: 'SliderLEDDataR' defined but not used [-Wunused-variable]
   30 | static bool SliderLEDDataR[5][3] = {{false}};
      |             ^~~~~~~~~~~~~~
../Core/Inc/app.h:28:16: warning: 'SliderBarLEDData' defined but not used [-Wunused-variable]
   28 | static uint8_t SliderBarLEDData[16][3] = {{0}}; //16はない
      |                ^~~~~~~~~~~~~~~~
../Core/Inc/app.h:27:16: warning: 'SliderLEDData' defined but not used [-Wunused-variable]
   27 | static uint8_t SliderLEDData[16][3] = {{0}};
      |                ^~~~~~~~~~~~~
../Core/Inc/app.h:26:16: warning: 'TouchThreshold' defined but not used [-Wunused-variable]
   26 | static uint8_t TouchThreshold[32] = {0};
      |                ^~~~~~~~~~~~~~
../Core/Inc/app.h:25:13: warning: 'SideSegment' defined but not used [-Wunused-variable]
   25 | static bool SideSegment[6] = {false};
      |             ^~~~~~~~~~~
../Core/Inc/app.h:24:13: warning: 'TouchSegment' defined but not used [-Wunused-variable]
   24 | static bool TouchSegment[32] = {false};
      |             ^~~~~~~~~~~~
../Core/Inc/app.h:17:16: warning: 'sndData' defined but not used [-Wunused-variable]
   17 | static uint8_t sndData[8] = {0}; //CAN送信データ
      |                ^~~~~~~
../Core/Inc/app.h:16:16: warning: 'rcvData' defined but not used [-Wunused-variable]
   16 | static uint8_t rcvData[8] = {0}; //CAN受信データ
      |                ^~~~~~~
../Drivers/DeviceController/Src/DeviceController.c:23:12: warning: 'receiveFaultCount' defined but not used [-Wunused-variable]
   23 | static int receiveFaultCount = 0;
      |            ^~~~~~~~~~~~~~~~~
../Drivers/DeviceController/Src/DeviceController.c:22:13: warning: '_firstSend' defined but not used [-Wunused-variable]
   22 | static bool _firstSend = false;
      |             ^~~~~~~~~~
In file included from ../Core/Inc/main.h:36,
                 from ../Drivers/DeviceController/Src/../Inc/DeviceController.h:11,
                 from ../Drivers/DeviceController/Src/DeviceController.c:7:
../Core/Inc/app.h:31:13: warning: 'SliderLEDDataL' defined but not used [-Wunused-variable]
   31 | static bool SliderLEDDataL[5][3] = {{false}};
      |             ^~~~~~~~~~~~~~
../Core/Inc/app.h:30:13: warning: 'SliderLEDDataR' defined but not used [-Wunused-variable]
   30 | static bool SliderLEDDataR[5][3] = {{false}};
      |             ^~~~~~~~~~~~~~
../Core/Inc/app.h:28:16: warning: 'SliderBarLEDData' defined but not used [-Wunused-variable]
   28 | static uint8_t SliderBarLEDData[16][3] = {{0}}; //16はない
      |                ^~~~~~~~~~~~~~~~
../Core/Inc/app.h:27:16: warning: 'SliderLEDData' defined but not used [-Wunused-variable]
   27 | static uint8_t SliderLEDData[16][3] = {{0}};
      |                ^~~~~~~~~~~~~
../Core/Inc/app.h:26:16: warning: 'TouchThreshold' defined but not used [-Wunused-variable]
   26 | static uint8_t TouchThreshold[32] = {0};
      |                ^~~~~~~~~~~~~~
../Core/Inc/app.h:25:13: warning: 'SideSegment' defined but not used [-Wunused-variable]
   25 | static bool SideSegment[6] = {false};
      |             ^~~~~~~~~~~
../Core/Inc/app.h:24:13: warning: 'TouchSegment' defined but not used [-Wunused-variable]
   24 | static bool TouchSegment[32] = {false};
      |             ^~~~~~~~~~~~
../Core/Inc/app.h:17:16: warning: 'sndData' defined but not used [-Wunused-variable]
   17 | static uint8_t sndData[8] = {0}; //CAN送信データ
      |                ^~~~~~~
../Core/Inc/app.h:16:16: warning: 'rcvData' defined but not used [-Wunused-variable]
   16 | static uint8_t rcvData[8] = {0}; //CAN受信データ
      |                ^~~~~~~
../Core/Src/app.c: In function 'appTask':
../Core/Src/app.c:39:18: warning: unused variable 'successCount' [-Wunused-variable]
   39 |  static uint32_t successCount = 0;
      |                  ^~~~~~~~~~~~
../Core/Src/app.c:36:14: warning: unused variable '_firstSend' [-Wunused-variable]
   36 |  static bool _firstSend = false;
      |              ^~~~~~~~~~
At top level:
../Core/Src/app.c:36:14: warning: '_firstSend' defined but not used [-Wunused-variable]
../Core/Src/app.c:39:18: warning: 'successCount' defined but not used [-Wunused-variable]
   39 |  static uint32_t successCount = 0;
      |                  ^~~~~~~~~~~~
../Core/Src/app.c:350:13: warning: 'IO_Read' defined but not used [-Wunused-function]
  350 | static bool IO_Read(uint8_t sensor){
      |             ^~~~~~~
In file included from ../Core/Src/app.c:11:
../Core/Inc/app.h:31:13: warning: 'SliderLEDDataL' defined but not used [-Wunused-variable]
   31 | static bool SliderLEDDataL[5][3] = {{false}};
      |             ^~~~~~~~~~~~~~
../Core/Inc/app.h:30:13: warning: 'SliderLEDDataR' defined but not used [-Wunused-variable]
   30 | static bool SliderLEDDataR[5][3] = {{false}};
      |             ^~~~~~~~~~~~~~
../Core/Inc/app.h:28:16: warning: 'SliderBarLEDData' defined but not used [-Wunused-variable]
   28 | static uint8_t SliderBarLEDData[16][3] = {{0}}; //16はない
      |                ^~~~~~~~~~~~~~~~
../Core/Inc/app.h:26:16: warning: 'TouchThreshold' defined but not used [-Wunused-variable]
   26 | static uint8_t TouchThreshold[32] = {0};
      |                ^~~~~~~~~~~~~~
../Core/Inc/app.h:25:13: warning: 'SideSegment' defined but not used [-Wunused-variable]
   25 | static bool SideSegment[6] = {false};
      |             ^~~~~~~~~~~
../Core/Inc/app.h:17:16: warning: 'sndData' defined but not used [-Wunused-variable]
   17 | static uint8_t sndData[8] = {0}; //CAN送信データ
      |                ^~~~~~~
../Core/Inc/app.h:16:16: warning: 'rcvData' defined but not used [-Wunused-variable]
   16 | static uint8_t rcvData[8] = {0}; //CAN受信データ
      |                ^~~~~~~
arm-none-eabi-gcc "../Core/Src/main.c" -mcpu=cortex-m4 -std=gnu11 -g3 -DDEBUG -DUSE_HAL_DRIVER -DSTM32F401xE -c -I../Core/Inc -I../Drivers/STM32F4xx_HAL_Driver/Inc -I../Drivers/STM32F4xx_HAL_Driver/Inc/Legacy -I../Drivers/CMSIS/Device/ST/STM32F4xx/Include -I../Drivers/CMSIS/Include -I../USB_DEVICE/App -I../USB_DEVICE/Target -I../Middlewares/ST/STM32_USB_Device_Library/Core/Inc -I../Middlewares/ST/STM32_USB_Device_Library/Class/HID/Inc -O0 -ffunction-sections -fdata-sections -Wall -fstack-usage -MMD -MP -MF"Core/Src/main.d" -MT"Core/Src/main.o" --specs=nano.specs -mfpu=fpv4-sp-d16 -mfloat-abi=hard -mthumb -o "Core/Src/main.o"
arm-none-eabi-gcc "../Core/Src/stm32f4xx_hal_msp.c" -mcpu=cortex-m4 -std=gnu11 -g3 -DDEBUG -DUSE_HAL_DRIVER -DSTM32F401xE -c -I../Core/Inc -I../Drivers/STM32F4xx_HAL_Driver/Inc -I../Drivers/STM32F4xx_HAL_Driver/Inc/Legacy -I../Drivers/CMSIS/Device/ST/STM32F4xx/Include -I../Drivers/CMSIS/Include -I../USB_DEVICE/App -I../USB_DEVICE/Target -I../Middlewares/ST/STM32_USB_Device_Library/Core/Inc -I../Middlewares/ST/STM32_USB_Device_Library/Class/HID/Inc -O0 -ffunction-sections -fdata-sections -Wall -fstack-usage -MMD -MP -MF"Core/Src/stm32f4xx_hal_msp.d" -MT"Core/Src/stm32f4xx_hal_msp.o" --specs=nano.specs -mfpu=fpv4-sp-d16 -mfloat-abi=hard -mthumb -o "Core/Src/stm32f4xx_hal_msp.o"
arm-none-eabi-gcc "../Core/Src/stm32f4xx_it.c" -mcpu=cortex-m4 -std=gnu11 -g3 -DDEBUG -DUSE_HAL_DRIVER -DSTM32F401xE -c -I../Core/Inc -I../Drivers/STM32F4xx_HAL_Driver/Inc -I../Drivers/STM32F4xx_HAL_Driver/Inc/Legacy -I../Drivers/CMSIS/Device/ST/STM32F4xx/Include -I../Drivers/CMSIS/Include -I../USB_DEVICE/App -I../USB_DEVICE/Target -I../Middlewares/ST/STM32_USB_Device_Library/Core/Inc -I../Middlewares/ST/STM32_USB_Device_Library/Class/HID/Inc -O0 -ffunction-sections -fdata-sections -Wall -fstack-usage -MMD -MP -MF"Core/Src/stm32f4xx_it.d" -MT"Core/Src/stm32f4xx_it.o" --specs=nano.specs -mfpu=fpv4-sp-d16 -mfloat-abi=hard -mthumb -o "Core/Src/stm32f4xx_it.o"
In file included from ../Core/Inc/main.h:36,
                 from ../Core/Src/stm32f4xx_hal_msp.c:23:
../Core/Inc/app.h:31:13: warning: 'SliderLEDDataL' defined but not used [-Wunused-variable]
   31 | static bool SliderLEDDataL[5][3] = {{false}};
      |             ^~~~~~~~~~~~~~
../Core/Inc/app.h:30:13: warning: 'SliderLEDDataR' defined but not used [-Wunused-variable]
   30 | static bool SliderLEDDataR[5][3] = {{false}};
      |             ^~~~~~~~~~~~~~
../Core/Inc/app.h:28:16: warning: 'SliderBarLEDData' defined but not used [-Wunused-variable]
   28 | static uint8_t SliderBarLEDData[16][3] = {{0}}; //16はない
      |                ^~~~~~~~~~~~~~~~
../Core/Inc/app.h:27:16: warning: 'SliderLEDData' defined but not used [-Wunused-variable]
   27 | static uint8_t SliderLEDData[16][3] = {{0}};
      |                ^~~~~~~~~~~~~
../Core/Inc/app.h:26:16: warning: 'TouchThreshold' defined but not used [-Wunused-variable]
   26 | static uint8_t TouchThreshold[32] = {0};
      |                ^~~~~~~~~~~~~~
../Core/Inc/app.h:25:13: warning: 'SideSegment' defined but not used [-Wunused-variable]
   25 | static bool SideSegment[6] = {false};
      |             ^~~~~~~~~~~
../Core/Inc/app.h:24:13: warning: 'TouchSegment' defined but not used [-Wunused-variable]
   24 | static bool TouchSegment[32] = {false};
      |             ^~~~~~~~~~~~
../Core/Inc/app.h:17:16: warning: 'sndData' defined but not used [-Wunused-variable]
   17 | static uint8_t sndData[8] = {0}; //CAN送信データ
      |                ^~~~~~~
../Core/Inc/app.h:16:16: warning: 'rcvData' defined but not used [-Wunused-variable]
   16 | static uint8_t rcvData[8] = {0}; //CAN受信データ
      |                ^~~~~~~
../Core/Src/main.c: In function 'main':
../Core/Src/main.c:110:24: warning: variable 'keyboardHID' set but not used [-Wunused-but-set-variable]
  110 |   struct keyboardHID_t keyboardHID;
      |                        ^~~~~~~~~~~
In file included from ../Core/Inc/main.h:36,
                 from ../Core/Src/main.c:21:
At top level:
../Core/Inc/app.h:31:13: warning: 'SliderLEDDataL' defined but not used [-Wunused-variable]
   31 | static bool SliderLEDDataL[5][3] = {{false}};
      |             ^~~~~~~~~~~~~~
../Core/Inc/app.h:30:13: warning: 'SliderLEDDataR' defined but not used [-Wunused-variable]
   30 | static bool SliderLEDDataR[5][3] = {{false}};
      |             ^~~~~~~~~~~~~~
../Core/Inc/app.h:28:16: warning: 'SliderBarLEDData' defined but not used [-Wunused-variable]
   28 | static uint8_t SliderBarLEDData[16][3] = {{0}}; //16はない
      |                ^~~~~~~~~~~~~~~~
../Core/Inc/app.h:27:16: warning: 'SliderLEDData' defined but not used [-Wunused-variable]
   27 | static uint8_t SliderLEDData[16][3] = {{0}};
      |                ^~~~~~~~~~~~~
../Core/Inc/app.h:26:16: warning: 'TouchThreshold' defined but not used [-Wunused-variable]
   26 | static uint8_t TouchThreshold[32] = {0};
      |                ^~~~~~~~~~~~~~
../Core/Inc/app.h:25:13: warning: 'SideSegment' defined but not used [-Wunused-variable]
   25 | static bool SideSegment[6] = {false};
      |             ^~~~~~~~~~~
../Core/Inc/app.h:24:13: warning: 'TouchSegment' defined but not used [-Wunused-variable]
   24 | static bool TouchSegment[32] = {false};
      |             ^~~~~~~~~~~~
../Core/Inc/app.h:17:16: warning: 'sndData' defined but not used [-Wunused-variable]
   17 | static uint8_t sndData[8] = {0}; //CAN送信データ
      |                ^~~~~~~
../Core/Inc/app.h:16:16: warning: 'rcvData' defined but not used [-Wunused-variable]
   16 | static uint8_t rcvData[8] = {0}; //CAN受信データ
      |                ^~~~~~~
In file included from ../Core/Inc/main.h:36,
                 from ../Core/Src/stm32f4xx_it.c:22:
../Core/Inc/app.h:31:13: warning: 'SliderLEDDataL' defined but not used [-Wunused-variable]
   31 | static bool SliderLEDDataL[5][3] = {{false}};
      |             ^~~~~~~~~~~~~~
../Core/Inc/app.h:30:13: warning: 'SliderLEDDataR' defined but not used [-Wunused-variable]
   30 | static bool SliderLEDDataR[5][3] = {{false}};
      |             ^~~~~~~~~~~~~~
../Core/Inc/app.h:28:16: warning: 'SliderBarLEDData' defined but not used [-Wunused-variable]
   28 | static uint8_t SliderBarLEDData[16][3] = {{0}}; //16はない
      |                ^~~~~~~~~~~~~~~~
../Core/Inc/app.h:27:16: warning: 'SliderLEDData' defined but not used [-Wunused-variable]
   27 | static uint8_t SliderLEDData[16][3] = {{0}};
      |                ^~~~~~~~~~~~~
../Core/Inc/app.h:26:16: warning: 'TouchThreshold' defined but not used [-Wunused-variable]
   26 | static uint8_t TouchThreshold[32] = {0};
      |                ^~~~~~~~~~~~~~
../Core/Inc/app.h:25:13: warning: 'SideSegment' defined but not used [-Wunused-variable]
   25 | static bool SideSegment[6] = {false};
      |             ^~~~~~~~~~~
../Core/Inc/app.h:24:13: warning: 'TouchSegment' defined but not used [-Wunused-variable]
   24 | static bool TouchSegment[32] = {false};
      |             ^~~~~~~~~~~~
../Core/Inc/app.h:17:16: warning: 'sndData' defined but not used [-Wunused-variable]
   17 | static uint8_t sndData[8] = {0}; //CAN送信データ
      |                ^~~~~~~
../Core/Inc/app.h:16:16: warning: 'rcvData' defined but not used [-Wunused-variable]
   16 | static uint8_t rcvData[8] = {0}; //CAN受信データ
      |                ^~~~~~~
arm-none-eabi-gcc -o "GINGAAAN_1STLOTSLIDE.elf" @"objects.list"   -mcpu=cortex-m4 -T"/Users/UnknownSP/STM32CubeIDE/GINGAAAN/GINGAAAN_1STLOTSLIDE/STM32F401RETX_FLASH.ld" --specs=nosys.specs -Wl,-Map="GINGAAAN_1STLOTSLIDE.map" -Wl,--gc-sections -static --specs=nano.specs -mfpu=fpv4-sp-d16 -mfloat-abi=hard -mthumb -Wl,--start-group -lc -lm -Wl,--end-group
Finished building target: GINGAAAN_1STLOTSLIDE.elf
 
arm-none-eabi-size   GINGAAAN_1STLOTSLIDE.elf 
arm-none-eabi-objdump -h -S  GINGAAAN_1STLOTSLIDE.elf  > "GINGAAAN_1STLOTSLIDE.list"
arm-none-eabi-objcopy  -O binary  GINGAAAN_1STLOTSLIDE.elf  "GINGAAAN_1STLOTSLIDE.bin"
   text	   data	    bss	    dec	    hex	filename
  35212	    348	   5900	  41460	   a1f4	GINGAAAN_1STLOTSLIDE.elf
Finished building: default.size.stdout
 
Finished building: GINGAAAN_1STLOTSLIDE.bin
 
Finished building: GINGAAAN_1STLOTSLIDE.list
 
23:05:28 **** Incremental Build of configuration Debug for project GINGAAAN_1STLOTSLIDE ****
make -j3 all 
arm-none-eabi-gcc "../Core/Src/app.c" -mcpu=cortex-m4 -std=gnu11 -g3 -DDEBUG -DUSE_HAL_DRIVER -DSTM32F401xE -c -I../Core/Inc -I../Drivers/STM32F4xx_HAL_Driver/Inc -I../Drivers/STM32F4xx_HAL_Driver/Inc/Legacy -I../Drivers/CMSIS/Device/ST/STM32F4xx/Include -I../Drivers/CMSIS/Include -I../USB_DEVICE/App -I../USB_DEVICE/Target -I../Middlewares/ST/STM32_USB_Device_Library/Core/Inc -I../Middlewares/ST/STM32_USB_Device_Library/Class/HID/Inc -O0 -ffunction-sections -fdata-sections -Wall -fstack-usage -MMD -MP -MF"Core/Src/app.d" -MT"Core/Src/app.o" --specs=nano.specs -mfpu=fpv4-sp-d16 -mfloat-abi=hard -mthumb -o "Core/Src/app.o"
../Core/Src/app.c: In function 'appTask':
../Core/Src/app.c:39:18: warning: unused variable 'successCount' [-Wunused-variable]
   39 |  static uint32_t successCount = 0;
      |                  ^~~~~~~~~~~~
../Core/Src/app.c:36:14: warning: unused variable '_firstSend' [-Wunused-variable]
   36 |  static bool _firstSend = false;
      |              ^~~~~~~~~~
At top level:
../Core/Src/app.c:36:14: warning: '_firstSend' defined but not used [-Wunused-variable]
../Core/Src/app.c:39:18: warning: 'successCount' defined but not used [-Wunused-variable]
   39 |  static uint32_t successCount = 0;
      |                  ^~~~~~~~~~~~
../Core/Src/app.c:363:13: warning: 'IO_Read' defined but not used [-Wunused-function]
  363 | static bool IO_Read(uint8_t sensor){
      |             ^~~~~~~
In file included from ../Core/Src/app.c:11:
../Core/Inc/app.h:28:16: warning: 'SliderBarLEDData' defined but not used [-Wunused-variable]
   28 | static uint8_t SliderBarLEDData[16][3] = {{0}}; //16はない
      |                ^~~~~~~~~~~~~~~~
../Core/Inc/app.h:26:16: warning: 'TouchThreshold' defined but not used [-Wunused-variable]
   26 | static uint8_t TouchThreshold[32] = {0};
      |                ^~~~~~~~~~~~~~
../Core/Inc/app.h:25:13: warning: 'SideSegment' defined but not used [-Wunused-variable]
   25 | static bool SideSegment[6] = {false};
      |             ^~~~~~~~~~~
../Core/Inc/app.h:17:16: warning: 'sndData' defined but not used [-Wunused-variable]
   17 | static uint8_t sndData[8] = {0}; //CAN送信データ
      |                ^~~~~~~
../Core/Inc/app.h:16:16: warning: 'rcvData' defined but not used [-Wunused-variable]
   16 | static uint8_t rcvData[8] = {0}; //CAN受信データ
      |                ^~~~~~~
arm-none-eabi-gcc -o "GINGAAAN_1STLOTSLIDE.elf" @"objects.list"   -mcpu=cortex-m4 -T"/Users/UnknownSP/STM32CubeIDE/GINGAAAN/GINGAAAN_1STLOTSLIDE/STM32F401RETX_FLASH.ld" --specs=nosys.specs -Wl,-Map="GINGAAAN_1STLOTSLIDE.map" -Wl,--gc-sections -static --specs=nano.specs -mfpu=fpv4-sp-d16 -mfloat-abi=hard -mthumb -Wl,--start-group -lc -lm -Wl,--end-group
Finished building target: GINGAAAN_1STLOTSLIDE.elf
 
arm-none-eabi-size   GINGAAAN_1STLOTSLIDE.elf 
arm-none-eabi-objdump -h -S  GINGAAAN_1STLOTSLIDE.elf  > "GINGAAAN_1STLOTSLIDE.list"
arm-none-eabi-objcopy  -O binary  GINGAAAN_1STLOTSLIDE.elf  "GINGAAAN_1STLOTSLIDE.bin"
   text	   data	    bss	    dec	    hex	filename
  35756	    348	   5932	  42036	   a434	GINGAAAN_1STLOTSLIDE.elf
Finished building: default.size.stdout
 
Finished building: GINGAAAN_1STLOTSLIDE.bin
 
Finished building: GINGAAAN_1STLOTSLIDE.list
 
23:08:26 **** Incremental Build of configuration Debug for project GINGAAAN_1STLOTSLIDE ****
make -j3 all 
arm-none-eabi-gcc "../Drivers/DeviceController/Src/DeviceController.c" -mcpu=cortex-m4 -std=gnu11 -g3 -DDEBUG -DUSE_HAL_DRIVER -DSTM32F401xE -c -I../Core/Inc -I../Drivers/STM32F4xx_HAL_Driver/Inc -I../Drivers/STM32F4xx_HAL_Driver/Inc/Legacy -I../Drivers/CMSIS/Device/ST/STM32F4xx/Include -I../Drivers/CMSIS/Include -I../USB_DEVICE/App -I../USB_DEVICE/Target -I../Middlewares/ST/STM32_USB_Device_Library/Core/Inc -I../Middlewares/ST/STM32_USB_Device_Library/Class/HID/Inc -O0 -ffunction-sections -fdata-sections -Wall -fstack-usage -MMD -MP -MF"Drivers/DeviceController/Src/DeviceController.d" -MT"Drivers/DeviceController/Src/DeviceController.o" --specs=nano.specs -mfpu=fpv4-sp-d16 -mfloat-abi=hard -mthumb -o "Drivers/DeviceController/Src/DeviceController.o"
../Drivers/DeviceController/Src/DeviceController.c:23:12: warning: 'receiveFaultCount' defined but not used [-Wunused-variable]
   23 | static int receiveFaultCount = 0;
      |            ^~~~~~~~~~~~~~~~~
../Drivers/DeviceController/Src/DeviceController.c:22:13: warning: '_firstSend' defined but not used [-Wunused-variable]
   22 | static bool _firstSend = false;
      |             ^~~~~~~~~~
In file included from ../Core/Inc/main.h:36,
                 from ../Drivers/DeviceController/Src/../Inc/DeviceController.h:11,
                 from ../Drivers/DeviceController/Src/DeviceController.c:7:
../Core/Inc/app.h:31:13: warning: 'SliderLEDDataL' defined but not used [-Wunused-variable]
   31 | static bool SliderLEDDataL[5][3] = {{false}};
      |             ^~~~~~~~~~~~~~
../Core/Inc/app.h:30:13: warning: 'SliderLEDDataR' defined but not used [-Wunused-variable]
   30 | static bool SliderLEDDataR[5][3] = {{false}};
      |             ^~~~~~~~~~~~~~
../Core/Inc/app.h:28:16: warning: 'SliderBarLEDData' defined but not used [-Wunused-variable]
   28 | static uint8_t SliderBarLEDData[16][3] = {{0}}; //16はない
      |                ^~~~~~~~~~~~~~~~
../Core/Inc/app.h:27:16: warning: 'SliderLEDData' defined but not used [-Wunused-variable]
   27 | static uint8_t SliderLEDData[16][3] = {{0}};
      |                ^~~~~~~~~~~~~
../Core/Inc/app.h:26:16: warning: 'TouchThreshold' defined but not used [-Wunused-variable]
   26 | static uint8_t TouchThreshold[32] = {0};
      |                ^~~~~~~~~~~~~~
../Core/Inc/app.h:25:13: warning: 'SideSegment' defined but not used [-Wunused-variable]
   25 | static bool SideSegment[6] = {false};
      |             ^~~~~~~~~~~
../Core/Inc/app.h:24:13: warning: 'TouchSegment' defined but not used [-Wunused-variable]
   24 | static bool TouchSegment[32] = {false};
      |             ^~~~~~~~~~~~
../Core/Inc/app.h:17:16: warning: 'sndData' defined but not used [-Wunused-variable]
   17 | static uint8_t sndData[8] = {0}; //CAN送信データ
      |                ^~~~~~~
../Core/Inc/app.h:16:16: warning: 'rcvData' defined but not used [-Wunused-variable]
   16 | static uint8_t rcvData[8] = {0}; //CAN受信データ
      |                ^~~~~~~
arm-none-eabi-gcc -o "GINGAAAN_1STLOTSLIDE.elf" @"objects.list"   -mcpu=cortex-m4 -T"/Users/UnknownSP/STM32CubeIDE/GINGAAAN/GINGAAAN_1STLOTSLIDE/STM32F401RETX_FLASH.ld" --specs=nosys.specs -Wl,-Map="GINGAAAN_1STLOTSLIDE.map" -Wl,--gc-sections -static --specs=nano.specs -mfpu=fpv4-sp-d16 -mfloat-abi=hard -mthumb -Wl,--start-group -lc -lm -Wl,--end-group
Finished building target: GINGAAAN_1STLOTSLIDE.elf
 
arm-none-eabi-size   GINGAAAN_1STLOTSLIDE.elf 
arm-none-eabi-objdump -h -S  GINGAAAN_1STLOTSLIDE.elf  > "GINGAAAN_1STLOTSLIDE.list"
arm-none-eabi-objcopy  -O binary  GINGAAAN_1STLOTSLIDE.elf  "GINGAAAN_1STLOTSLIDE.bin"
   text	   data	    bss	    dec	    hex	filename
  35800	    348	   5932	  42080	   a460	GINGAAAN_1STLOTSLIDE.elf
Finished building: default.size.stdout
 
Finished building: GINGAAAN_1STLOTSLIDE.bin
 
Finished building: GINGAAAN_1STLOTSLIDE.list
 
23:09:35 **** Incremental Build of configuration Debug for project GINGAAAN_1STLOTSLIDE ****
make -j3 all 
arm-none-eabi-gcc "../USB_DEVICE/Target/usbd_conf.c" -mcpu=cortex-m4 -std=gnu11 -g3 -DDEBUG -DUSE_HAL_DRIVER -DSTM32F401xE -c -I../Core/Inc -I../Drivers/STM32F4xx_HAL_Driver/Inc -I../Drivers/STM32F4xx_HAL_Driver/Inc/Legacy -I../Drivers/CMSIS/Device/ST/STM32F4xx/Include -I../Drivers/CMSIS/Include -I../USB_DEVICE/App -I../USB_DEVICE/Target -I../Middlewares/ST/STM32_USB_Device_Library/Core/Inc -I../Middlewares/ST/STM32_USB_Device_Library/Class/HID/Inc -O0 -ffunction-sections -fdata-sections -Wall -fstack-usage -MMD -MP -MF"USB_DEVICE/Target/usbd_conf.d" -MT"USB_DEVICE/Target/usbd_conf.o" --specs=nano.specs -mfpu=fpv4-sp-d16 -mfloat-abi=hard -mthumb -o "USB_DEVICE/Target/usbd_conf.o"
arm-none-eabi-gcc "../USB_DEVICE/App/usb_device.c" -mcpu=cortex-m4 -std=gnu11 -g3 -DDEBUG -DUSE_HAL_DRIVER -DSTM32F401xE -c -I../Core/Inc -I../Drivers/STM32F4xx_HAL_Driver/Inc -I../Drivers/STM32F4xx_HAL_Driver/Inc/Legacy -I../Drivers/CMSIS/Device/ST/STM32F4xx/Include -I../Drivers/CMSIS/Include -I../USB_DEVICE/App -I../USB_DEVICE/Target -I../Middlewares/ST/STM32_USB_Device_Library/Core/Inc -I../Middlewares/ST/STM32_USB_Device_Library/Class/HID/Inc -O0 -ffunction-sections -fdata-sections -Wall -fstack-usage -MMD -MP -MF"USB_DEVICE/App/usb_device.d" -MT"USB_DEVICE/App/usb_device.o" --specs=nano.specs -mfpu=fpv4-sp-d16 -mfloat-abi=hard -mthumb -o "USB_DEVICE/App/usb_device.o"
arm-none-eabi-gcc "../USB_DEVICE/App/usbd_desc.c" -mcpu=cortex-m4 -std=gnu11 -g3 -DDEBUG -DUSE_HAL_DRIVER -DSTM32F401xE -c -I../Core/Inc -I../Drivers/STM32F4xx_HAL_Driver/Inc -I../Drivers/STM32F4xx_HAL_Driver/Inc/Legacy -I../Drivers/CMSIS/Device/ST/STM32F4xx/Include -I../Drivers/CMSIS/Include -I../USB_DEVICE/App -I../USB_DEVICE/Target -I../Middlewares/ST/STM32_USB_Device_Library/Core/Inc -I../Middlewares/ST/STM32_USB_Device_Library/Class/HID/Inc -O0 -ffunction-sections -fdata-sections -Wall -fstack-usage -MMD -MP -MF"USB_DEVICE/App/usbd_desc.d" -MT"USB_DEVICE/App/usbd_desc.o" --specs=nano.specs -mfpu=fpv4-sp-d16 -mfloat-abi=hard -mthumb -o "USB_DEVICE/App/usbd_desc.o"
In file included from ../Core/Inc/main.h:36,
                 from ../USB_DEVICE/Target/usbd_conf.h:34,
                 from ../Middlewares/ST/STM32_USB_Device_Library/Core/Inc/usbd_def.h:29,
                 from ../USB_DEVICE/App/usb_device.h:33,
                 from ../USB_DEVICE/App/usb_device.c:24:
../Core/Inc/app.h:31:13: warning: 'SliderLEDDataL' defined but not used [-Wunused-variable]
   31 | static bool SliderLEDDataL[5][3] = {{false}};
      |             ^~~~~~~~~~~~~~
../Core/Inc/app.h:30:13: warning: 'SliderLEDDataR' defined but not used [-Wunused-variable]
   30 | static bool SliderLEDDataR[5][3] = {{false}};
      |             ^~~~~~~~~~~~~~
../Core/Inc/app.h:28:16: warning: 'SliderBarLEDData' defined but not used [-Wunused-variable]
   28 | static uint8_t SliderBarLEDData[16][3] = {{0}}; //16はない
      |                ^~~~~~~~~~~~~~~~
../Core/Inc/app.h:27:16: warning: 'SliderLEDData' defined but not used [-Wunused-variable]
   27 | static uint8_t SliderLEDData[16][3] = {{0}};
      |                ^~~~~~~~~~~~~
../Core/Inc/app.h:26:16: warning: 'TouchThreshold' defined but not used [-Wunused-variable]
   26 | static uint8_t TouchThreshold[32] = {0};
      |                ^~~~~~~~~~~~~~
../Core/Inc/app.h:25:13: warning: 'SideSegment' defined but not used [-Wunused-variable]
   25 | static bool SideSegment[6] = {false};
      |             ^~~~~~~~~~~
../Core/Inc/app.h:24:13: warning: 'TouchSegment' defined but not used [-Wunused-variable]
   24 | static bool TouchSegment[32] = {false};
      |             ^~~~~~~~~~~~
../Core/Inc/app.h:17:16: warning: 'sndData' defined but not used [-Wunused-variable]
   17 | static uint8_t sndData[8] = {0}; //CAN送信データ
      |                ^~~~~~~
../Core/Inc/app.h:16:16: warning: 'rcvData' defined but not used [-Wunused-variable]
   16 | static uint8_t rcvData[8] = {0}; //CAN受信データ
      |                ^~~~~~~
In file included from ../Core/Inc/main.h:36,
                 from ../USB_DEVICE/Target/usbd_conf.h:34,
                 from ../Middlewares/ST/STM32_USB_Device_Library/Core/Inc/usbd_core.h:29,
                 from ../USB_DEVICE/App/usbd_desc.c:23:
../Core/Inc/app.h:31:13: warning: 'SliderLEDDataL' defined but not used [-Wunused-variable]
   31 | static bool SliderLEDDataL[5][3] = {{false}};
      |             ^~~~~~~~~~~~~~
../Core/Inc/app.h:30:13: warning: 'SliderLEDDataR' defined but not used [-Wunused-variable]
   30 | static bool SliderLEDDataR[5][3] = {{false}};
      |             ^~~~~~~~~~~~~~
../Core/Inc/app.h:28:16: warning: 'SliderBarLEDData' defined but not used [-Wunused-variable]
   28 | static uint8_t SliderBarLEDData[16][3] = {{0}}; //16はない
      |                ^~~~~~~~~~~~~~~~
../Core/Inc/app.h:27:16: warning: 'SliderLEDData' defined but not used [-Wunused-variable]
   27 | static uint8_t SliderLEDData[16][3] = {{0}};
      |                ^~~~~~~~~~~~~
../Core/Inc/app.h:26:16: warning: 'TouchThreshold' defined but not used [-Wunused-variable]
   26 | static uint8_t TouchThreshold[32] = {0};
      |                ^~~~~~~~~~~~~~
../Core/Inc/app.h:25:13: warning: 'SideSegment' defined but not used [-Wunused-variable]
   25 | static bool SideSegment[6] = {false};
      |             ^~~~~~~~~~~
../Core/Inc/app.h:24:13: warning: 'TouchSegment' defined but not used [-Wunused-variable]
   24 | static bool TouchSegment[32] = {false};
      |             ^~~~~~~~~~~~
../Core/Inc/app.h:17:16: warning: 'sndData' defined but not used [-Wunused-variable]
   17 | static uint8_t sndData[8] = {0}; //CAN送信データ
      |                ^~~~~~~
../Core/Inc/app.h:16:16: warning: 'rcvData' defined but not used [-Wunused-variable]
   16 | static uint8_t rcvData[8] = {0}; //CAN受信データ
      |                ^~~~~~~
In file included from ../Core/Inc/main.h:36,
                 from ../USB_DEVICE/Target/usbd_conf.h:34,
                 from ../Middlewares/ST/STM32_USB_Device_Library/Core/Inc/usbd_def.h:29,
                 from ../USB_DEVICE/Target/usbd_conf.c:25:
../Core/Inc/app.h:31:13: warning: 'SliderLEDDataL' defined but not used [-Wunused-variable]
   31 | static bool SliderLEDDataL[5][3] = {{false}};
      |             ^~~~~~~~~~~~~~
../Core/Inc/app.h:30:13: warning: 'SliderLEDDataR' defined but not used [-Wunused-variable]
   30 | static bool SliderLEDDataR[5][3] = {{false}};
      |             ^~~~~~~~~~~~~~
../Core/Inc/app.h:28:16: warning: 'SliderBarLEDData' defined but not used [-Wunused-variable]
   28 | static uint8_t SliderBarLEDData[16][3] = {{0}}; //16はない
      |                ^~~~~~~~~~~~~~~~
../Core/Inc/app.h:27:16: warning: 'SliderLEDData' defined but not used [-Wunused-variable]
   27 | static uint8_t SliderLEDData[16][3] = {{0}};
      |                ^~~~~~~~~~~~~
../Core/Inc/app.h:26:16: warning: 'TouchThreshold' defined but not used [-Wunused-variable]
   26 | static uint8_t TouchThreshold[32] = {0};
      |                ^~~~~~~~~~~~~~
../Core/Inc/app.h:25:13: warning: 'SideSegment' defined but not used [-Wunused-variable]
   25 | static bool SideSegment[6] = {false};
      |             ^~~~~~~~~~~
../Core/Inc/app.h:24:13: warning: 'TouchSegment' defined but not used [-Wunused-variable]
   24 | static bool TouchSegment[32] = {false};
      |             ^~~~~~~~~~~~
../Core/Inc/app.h:17:16: warning: 'sndData' defined but not used [-Wunused-variable]
   17 | static uint8_t sndData[8] = {0}; //CAN送信データ
      |                ^~~~~~~
../Core/Inc/app.h:16:16: warning: 'rcvData' defined but not used [-Wunused-variable]
   16 | static uint8_t rcvData[8] = {0}; //CAN受信データ
      |                ^~~~~~~
arm-none-eabi-gcc "../Middlewares/ST/STM32_USB_Device_Library/Core/Src/usbd_core.c" -mcpu=cortex-m4 -std=gnu11 -g3 -DDEBUG -DUSE_HAL_DRIVER -DSTM32F401xE -c -I../Core/Inc -I../Drivers/STM32F4xx_HAL_Driver/Inc -I../Drivers/STM32F4xx_HAL_Driver/Inc/Legacy -I../Drivers/CMSIS/Device/ST/STM32F4xx/Include -I../Drivers/CMSIS/Include -I../USB_DEVICE/App -I../USB_DEVICE/Target -I../Middlewares/ST/STM32_USB_Device_Library/Core/Inc -I../Middlewares/ST/STM32_USB_Device_Library/Class/HID/Inc -O0 -ffunction-sections -fdata-sections -Wall -fstack-usage -MMD -MP -MF"Middlewares/ST/STM32_USB_Device_Library/Core/Src/usbd_core.d" -MT"Middlewares/ST/STM32_USB_Device_Library/Core/Src/usbd_core.o" --specs=nano.specs -mfpu=fpv4-sp-d16 -mfloat-abi=hard -mthumb -o "Middlewares/ST/STM32_USB_Device_Library/Core/Src/usbd_core.o"
arm-none-eabi-gcc "../Middlewares/ST/STM32_USB_Device_Library/Core/Src/usbd_ctlreq.c" -mcpu=cortex-m4 -std=gnu11 -g3 -DDEBUG -DUSE_HAL_DRIVER -DSTM32F401xE -c -I../Core/Inc -I../Drivers/STM32F4xx_HAL_Driver/Inc -I../Drivers/STM32F4xx_HAL_Driver/Inc/Legacy -I../Drivers/CMSIS/Device/ST/STM32F4xx/Include -I../Drivers/CMSIS/Include -I../USB_DEVICE/App -I../USB_DEVICE/Target -I../Middlewares/ST/STM32_USB_Device_Library/Core/Inc -I../Middlewares/ST/STM32_USB_Device_Library/Class/HID/Inc -O0 -ffunction-sections -fdata-sections -Wall -fstack-usage -MMD -MP -MF"Middlewares/ST/STM32_USB_Device_Library/Core/Src/usbd_ctlreq.d" -MT"Middlewares/ST/STM32_USB_Device_Library/Core/Src/usbd_ctlreq.o" --specs=nano.specs -mfpu=fpv4-sp-d16 -mfloat-abi=hard -mthumb -o "Middlewares/ST/STM32_USB_Device_Library/Core/Src/usbd_ctlreq.o"
arm-none-eabi-gcc "../Middlewares/ST/STM32_USB_Device_Library/Core/Src/usbd_ioreq.c" -mcpu=cortex-m4 -std=gnu11 -g3 -DDEBUG -DUSE_HAL_DRIVER -DSTM32F401xE -c -I../Core/Inc -I../Drivers/STM32F4xx_HAL_Driver/Inc -I../Drivers/STM32F4xx_HAL_Driver/Inc/Legacy -I../Drivers/CMSIS/Device/ST/STM32F4xx/Include -I../Drivers/CMSIS/Include -I../USB_DEVICE/App -I../USB_DEVICE/Target -I../Middlewares/ST/STM32_USB_Device_Library/Core/Inc -I../Middlewares/ST/STM32_USB_Device_Library/Class/HID/Inc -O0 -ffunction-sections -fdata-sections -Wall -fstack-usage -MMD -MP -MF"Middlewares/ST/STM32_USB_Device_Library/Core/Src/usbd_ioreq.d" -MT"Middlewares/ST/STM32_USB_Device_Library/Core/Src/usbd_ioreq.o" --specs=nano.specs -mfpu=fpv4-sp-d16 -mfloat-abi=hard -mthumb -o "Middlewares/ST/STM32_USB_Device_Library/Core/Src/usbd_ioreq.o"
In file included from ../Core/Inc/main.h:36,
                 from ../USB_DEVICE/Target/usbd_conf.h:34,
                 from ../Middlewares/ST/STM32_USB_Device_Library/Core/Inc/usbd_core.h:29,
                 from ../Middlewares/ST/STM32_USB_Device_Library/Core/Src/usbd_core.c:21:
../Core/Inc/app.h:31:13: warning: 'SliderLEDDataL' defined but not used [-Wunused-variable]
   31 | static bool SliderLEDDataL[5][3] = {{false}};
      |             ^~~~~~~~~~~~~~
../Core/Inc/app.h:30:13: warning: 'SliderLEDDataR' defined but not used [-Wunused-variable]
   30 | static bool SliderLEDDataR[5][3] = {{false}};
      |             ^~~~~~~~~~~~~~
../Core/Inc/app.h:28:16: warning: 'SliderBarLEDData' defined but not used [-Wunused-variable]
   28 | static uint8_t SliderBarLEDData[16][3] = {{0}}; //16はない
      |                ^~~~~~~~~~~~~~~~
../Core/Inc/app.h:27:16: warning: 'SliderLEDData' defined but not used [-Wunused-variable]
   27 | static uint8_t SliderLEDData[16][3] = {{0}};
      |                ^~~~~~~~~~~~~
../Core/Inc/app.h:26:16: warning: 'TouchThreshold' defined but not used [-Wunused-variable]
   26 | static uint8_t TouchThreshold[32] = {0};
      |                ^~~~~~~~~~~~~~
../Core/Inc/app.h:25:13: warning: 'SideSegment' defined but not used [-Wunused-variable]
   25 | static bool SideSegment[6] = {false};
      |             ^~~~~~~~~~~
../Core/Inc/app.h:24:13: warning: 'TouchSegment' defined but not used [-Wunused-variable]
   24 | static bool TouchSegment[32] = {false};
      |             ^~~~~~~~~~~~
../Core/Inc/app.h:17:16: warning: 'sndData' defined but not used [-Wunused-variable]
   17 | static uint8_t sndData[8] = {0}; //CAN送信データ
      |                ^~~~~~~
../Core/Inc/app.h:16:16: warning: 'rcvData' defined but not used [-Wunused-variable]
   16 | static uint8_t rcvData[8] = {0}; //CAN受信データ
      |                ^~~~~~~
In file included from ../Core/Inc/main.h:36,
                 from ../USB_DEVICE/Target/usbd_conf.h:34,
                 from ../Middlewares/ST/STM32_USB_Device_Library/Core/Inc/usbd_def.h:29,
                 from ../Middlewares/ST/STM32_USB_Device_Library/Core/Inc/usbd_ctlreq.h:29,
                 from ../Middlewares/ST/STM32_USB_Device_Library/Core/Src/usbd_ctlreq.c:21:
../Core/Inc/app.h:31:13: warning: 'SliderLEDDataL' defined but not used [-Wunused-variable]
   31 | static bool SliderLEDDataL[5][3] = {{false}};
      |             ^~~~~~~~~~~~~~
../Core/Inc/app.h:30:13: warning: 'SliderLEDDataR' defined but not used [-Wunused-variable]
   30 | static bool SliderLEDDataR[5][3] = {{false}};
      |             ^~~~~~~~~~~~~~
../Core/Inc/app.h:28:16: warning: 'SliderBarLEDData' defined but not used [-Wunused-variable]
   28 | static uint8_t SliderBarLEDData[16][3] = {{0}}; //16はない
      |                ^~~~~~~~~~~~~~~~
../Core/Inc/app.h:27:16: warning: 'SliderLEDData' defined but not used [-Wunused-variable]
   27 | static uint8_t SliderLEDData[16][3] = {{0}};
      |                ^~~~~~~~~~~~~
../Core/Inc/app.h:26:16: warning: 'TouchThreshold' defined but not used [-Wunused-variable]
   26 | static uint8_t TouchThreshold[32] = {0};
      |                ^~~~~~~~~~~~~~
../Core/Inc/app.h:25:13: warning: 'SideSegment' defined but not used [-Wunused-variable]
   25 | static bool SideSegment[6] = {false};
      |             ^~~~~~~~~~~
../Core/Inc/app.h:24:13: warning: 'TouchSegment' defined but not used [-Wunused-variable]
   24 | static bool TouchSegment[32] = {false};
      |             ^~~~~~~~~~~~
../Core/Inc/app.h:17:16: warning: 'sndData' defined but not used [-Wunused-variable]
   17 | static uint8_t sndData[8] = {0}; //CAN送信データ
      |                ^~~~~~~
../Core/Inc/app.h:16:16: warning: 'rcvData' defined but not used [-Wunused-variable]
   16 | static uint8_t rcvData[8] = {0}; //CAN受信データ
      |                ^~~~~~~
In file included from ../Core/Inc/main.h:36,
                 from ../USB_DEVICE/Target/usbd_conf.h:34,
                 from ../Middlewares/ST/STM32_USB_Device_Library/Core/Inc/usbd_def.h:29,
                 from ../Middlewares/ST/STM32_USB_Device_Library/Core/Inc/usbd_ioreq.h:29,
                 from ../Middlewares/ST/STM32_USB_Device_Library/Core/Src/usbd_ioreq.c:21:
../Core/Inc/app.h:31:13: warning: 'SliderLEDDataL' defined but not used [-Wunused-variable]
   31 | static bool SliderLEDDataL[5][3] = {{false}};
      |             ^~~~~~~~~~~~~~
../Core/Inc/app.h:30:13: warning: 'SliderLEDDataR' defined but not used [-Wunused-variable]
   30 | static bool SliderLEDDataR[5][3] = {{false}};
      |             ^~~~~~~~~~~~~~
../Core/Inc/app.h:28:16: warning: 'SliderBarLEDData' defined but not used [-Wunused-variable]
   28 | static uint8_t SliderBarLEDData[16][3] = {{0}}; //16はない
      |                ^~~~~~~~~~~~~~~~
../Core/Inc/app.h:27:16: warning: 'SliderLEDData' defined but not used [-Wunused-variable]
   27 | static uint8_t SliderLEDData[16][3] = {{0}};
      |                ^~~~~~~~~~~~~
../Core/Inc/app.h:26:16: warning: 'TouchThreshold' defined but not used [-Wunused-variable]
   26 | static uint8_t TouchThreshold[32] = {0};
      |                ^~~~~~~~~~~~~~
../Core/Inc/app.h:25:13: warning: 'SideSegment' defined but not used [-Wunused-variable]
   25 | static bool SideSegment[6] = {false};
      |             ^~~~~~~~~~~
../Core/Inc/app.h:24:13: warning: 'TouchSegment' defined but not used [-Wunused-variable]
   24 | static bool TouchSegment[32] = {false};
      |             ^~~~~~~~~~~~
../Core/Inc/app.h:17:16: warning: 'sndData' defined but not used [-Wunused-variable]
   17 | static uint8_t sndData[8] = {0}; //CAN送信データ
      |                ^~~~~~~
../Core/Inc/app.h:16:16: warning: 'rcvData' defined but not used [-Wunused-variable]
   16 | static uint8_t rcvData[8] = {0}; //CAN受信データ
      |                ^~~~~~~
arm-none-eabi-gcc "../Middlewares/ST/STM32_USB_Device_Library/Class/HID/Src/usbd_hid.c" -mcpu=cortex-m4 -std=gnu11 -g3 -DDEBUG -DUSE_HAL_DRIVER -DSTM32F401xE -c -I../Core/Inc -I../Drivers/STM32F4xx_HAL_Driver/Inc -I../Drivers/STM32F4xx_HAL_Driver/Inc/Legacy -I../Drivers/CMSIS/Device/ST/STM32F4xx/Include -I../Drivers/CMSIS/Include -I../USB_DEVICE/App -I../USB_DEVICE/Target -I../Middlewares/ST/STM32_USB_Device_Library/Core/Inc -I../Middlewares/ST/STM32_USB_Device_Library/Class/HID/Inc -O0 -ffunction-sections -fdata-sections -Wall -fstack-usage -MMD -MP -MF"Middlewares/ST/STM32_USB_Device_Library/Class/HID/Src/usbd_hid.d" -MT"Middlewares/ST/STM32_USB_Device_Library/Class/HID/Src/usbd_hid.o" --specs=nano.specs -mfpu=fpv4-sp-d16 -mfloat-abi=hard -mthumb -o "Middlewares/ST/STM32_USB_Device_Library/Class/HID/Src/usbd_hid.o"
arm-none-eabi-gcc "../Drivers/USBHID/Src/usbhid.c" -mcpu=cortex-m4 -std=gnu11 -g3 -DDEBUG -DUSE_HAL_DRIVER -DSTM32F401xE -c -I../Core/Inc -I../Drivers/STM32F4xx_HAL_Driver/Inc -I../Drivers/STM32F4xx_HAL_Driver/Inc/Legacy -I../Drivers/CMSIS/Device/ST/STM32F4xx/Include -I../Drivers/CMSIS/Include -I../USB_DEVICE/App -I../USB_DEVICE/Target -I../Middlewares/ST/STM32_USB_Device_Library/Core/Inc -I../Middlewares/ST/STM32_USB_Device_Library/Class/HID/Inc -O0 -ffunction-sections -fdata-sections -Wall -fstack-usage -MMD -MP -MF"Drivers/USBHID/Src/usbhid.d" -MT"Drivers/USBHID/Src/usbhid.o" --specs=nano.specs -mfpu=fpv4-sp-d16 -mfloat-abi=hard -mthumb -o "Drivers/USBHID/Src/usbhid.o"
arm-none-eabi-gcc "../Drivers/Message/Src/message.c" -mcpu=cortex-m4 -std=gnu11 -g3 -DDEBUG -DUSE_HAL_DRIVER -DSTM32F401xE -c -I../Core/Inc -I../Drivers/STM32F4xx_HAL_Driver/Inc -I../Drivers/STM32F4xx_HAL_Driver/Inc/Legacy -I../Drivers/CMSIS/Device/ST/STM32F4xx/Include -I../Drivers/CMSIS/Include -I../USB_DEVICE/App -I../USB_DEVICE/Target -I../Middlewares/ST/STM32_USB_Device_Library/Core/Inc -I../Middlewares/ST/STM32_USB_Device_Library/Class/HID/Inc -O0 -ffunction-sections -fdata-sections -Wall -fstack-usage -MMD -MP -MF"Drivers/Message/Src/message.d" -MT"Drivers/Message/Src/message.o" --specs=nano.specs -mfpu=fpv4-sp-d16 -mfloat-abi=hard -mthumb -o "Drivers/Message/Src/message.o"
In file included from ../Core/Inc/main.h:36,
                 from ../USB_DEVICE/Target/usbd_conf.h:34,
                 from ../Middlewares/ST/STM32_USB_Device_Library/Core/Inc/usbd_def.h:29,
                 from ../Middlewares/ST/STM32_USB_Device_Library/Core/Inc/usbd_ioreq.h:29,
                 from ../Middlewares/ST/STM32_USB_Device_Library/Class/HID/Inc/usbd_hid.h:29,
                 from ../Middlewares/ST/STM32_USB_Device_Library/Class/HID/Src/usbd_hid.c:47:
../Core/Inc/app.h:31:13: warning: 'SliderLEDDataL' defined but not used [-Wunused-variable]
   31 | static bool SliderLEDDataL[5][3] = {{false}};
      |             ^~~~~~~~~~~~~~
../Core/Inc/app.h:30:13: warning: 'SliderLEDDataR' defined but not used [-Wunused-variable]
   30 | static bool SliderLEDDataR[5][3] = {{false}};
      |             ^~~~~~~~~~~~~~
../Core/Inc/app.h:28:16: warning: 'SliderBarLEDData' defined but not used [-Wunused-variable]
   28 | static uint8_t SliderBarLEDData[16][3] = {{0}}; //16はない
      |                ^~~~~~~~~~~~~~~~
../Core/Inc/app.h:27:16: warning: 'SliderLEDData' defined but not used [-Wunused-variable]
   27 | static uint8_t SliderLEDData[16][3] = {{0}};
      |                ^~~~~~~~~~~~~
../Core/Inc/app.h:26:16: warning: 'TouchThreshold' defined but not used [-Wunused-variable]
   26 | static uint8_t TouchThreshold[32] = {0};
      |                ^~~~~~~~~~~~~~
../Core/Inc/app.h:25:13: warning: 'SideSegment' defined but not used [-Wunused-variable]
   25 | static bool SideSegment[6] = {false};
      |             ^~~~~~~~~~~
../Core/Inc/app.h:24:13: warning: 'TouchSegment' defined but not used [-Wunused-variable]
   24 | static bool TouchSegment[32] = {false};
      |             ^~~~~~~~~~~~
../Core/Inc/app.h:17:16: warning: 'sndData' defined but not used [-Wunused-variable]
   17 | static uint8_t sndData[8] = {0}; //CAN送信データ
      |                ^~~~~~~
../Core/Inc/app.h:16:16: warning: 'rcvData' defined but not used [-Wunused-variable]
   16 | static uint8_t rcvData[8] = {0}; //CAN受信データ
      |                ^~~~~~~
In file included from ../Core/Inc/main.h:36,
                 from ../Drivers/Message/Src/message.c:7:
../Core/Inc/app.h:31:13: warning: 'SliderLEDDataL' defined but not used [-Wunused-variable]
   31 | static bool SliderLEDDataL[5][3] = {{false}};
      |             ^~~~~~~~~~~~~~
../Core/Inc/app.h:30:13: warning: 'SliderLEDDataR' defined but not used [-Wunused-variable]
   30 | static bool SliderLEDDataR[5][3] = {{false}};
      |             ^~~~~~~~~~~~~~
../Core/Inc/app.h:28:16: warning: 'SliderBarLEDData' defined but not used [-Wunused-variable]
   28 | static uint8_t SliderBarLEDData[16][3] = {{0}}; //16はない
      |                ^~~~~~~~~~~~~~~~
../Core/Inc/app.h:27:16: warning: 'SliderLEDData' defined but not used [-Wunused-variable]
   27 | static uint8_t SliderLEDData[16][3] = {{0}};
      |                ^~~~~~~~~~~~~
../Core/Inc/app.h:26:16: warning: 'TouchThreshold' defined but not used [-Wunused-variable]
   26 | static uint8_t TouchThreshold[32] = {0};
      |                ^~~~~~~~~~~~~~
../Core/Inc/app.h:25:13: warning: 'SideSegment' defined but not used [-Wunused-variable]
   25 | static bool SideSegment[6] = {false};
      |             ^~~~~~~~~~~
../Core/Inc/app.h:24:13: warning: 'TouchSegment' defined but not used [-Wunused-variable]
   24 | static bool TouchSegment[32] = {false};
      |             ^~~~~~~~~~~~
../Core/Inc/app.h:17:16: warning: 'sndData' defined but not used [-Wunused-variable]
   17 | static uint8_t sndData[8] = {0}; //CAN送信データ
      |                ^~~~~~~
../Core/Inc/app.h:16:16: warning: 'rcvData' defined but not used [-Wunused-variable]
   16 | static uint8_t rcvData[8] = {0}; //CAN受信データ
      |                ^~~~~~~
../Drivers/USBHID/Src/usbhid.c: In function 'D_USBHID_Send':
../Drivers/USBHID/Src/usbhid.c:106:2: warning: implicit declaration of function 'USBD_HID_SendReport' [-Wimplicit-function-declaration]
  106 |  USBD_HID_SendReport(&hUsbDeviceFS, &keyboardHID, sizeof(struct keyboardHID_t));
      |  ^~~~~~~~~~~~~~~~~~~
In file included from ../Core/Inc/main.h:36,
                 from ../Drivers/USBHID/Src/../Inc/usbhid.h:11,
                 from ../Drivers/USBHID/Src/usbhid.c:9:
At top level:
../Core/Inc/app.h:31:13: warning: 'SliderLEDDataL' defined but not used [-Wunused-variable]
   31 | static bool SliderLEDDataL[5][3] = {{false}};
      |             ^~~~~~~~~~~~~~
../Core/Inc/app.h:30:13: warning: 'SliderLEDDataR' defined but not used [-Wunused-variable]
   30 | static bool SliderLEDDataR[5][3] = {{false}};
      |             ^~~~~~~~~~~~~~
../Core/Inc/app.h:28:16: warning: 'SliderBarLEDData' defined but not used [-Wunused-variable]
   28 | static uint8_t SliderBarLEDData[16][3] = {{0}}; //16はない
      |                ^~~~~~~~~~~~~~~~
../Core/Inc/app.h:27:16: warning: 'SliderLEDData' defined but not used [-Wunused-variable]
   27 | static uint8_t SliderLEDData[16][3] = {{0}};
      |                ^~~~~~~~~~~~~
../Core/Inc/app.h:26:16: warning: 'TouchThreshold' defined but not used [-Wunused-variable]
   26 | static uint8_t TouchThreshold[32] = {0};
      |                ^~~~~~~~~~~~~~
../Core/Inc/app.h:25:13: warning: 'SideSegment' defined but not used [-Wunused-variable]
   25 | static bool SideSegment[6] = {false};
      |             ^~~~~~~~~~~
../Core/Inc/app.h:24:13: warning: 'TouchSegment' defined but not used [-Wunused-variable]
   24 | static bool TouchSegment[32] = {false};
      |             ^~~~~~~~~~~~
../Core/Inc/app.h:17:16: warning: 'sndData' defined but not used [-Wunused-variable]
   17 | static uint8_t sndData[8] = {0}; //CAN送信データ
      |                ^~~~~~~
../Core/Inc/app.h:16:16: warning: 'rcvData' defined but not used [-Wunused-variable]
   16 | static uint8_t rcvData[8] = {0}; //CAN受信データ
      |                ^~~~~~~
arm-none-eabi-gcc "../Drivers/GPIO/Src/GPIO.c" -mcpu=cortex-m4 -std=gnu11 -g3 -DDEBUG -DUSE_HAL_DRIVER -DSTM32F401xE -c -I../Core/Inc -I../Drivers/STM32F4xx_HAL_Driver/Inc -I../Drivers/STM32F4xx_HAL_Driver/Inc/Legacy -I../Drivers/CMSIS/Device/ST/STM32F4xx/Include -I../Drivers/CMSIS/Include -I../USB_DEVICE/App -I../USB_DEVICE/Target -I../Middlewares/ST/STM32_USB_Device_Library/Core/Inc -I../Middlewares/ST/STM32_USB_Device_Library/Class/HID/Inc -O0 -ffunction-sections -fdata-sections -Wall -fstack-usage -MMD -MP -MF"Drivers/GPIO/Src/GPIO.d" -MT"Drivers/GPIO/Src/GPIO.o" --specs=nano.specs -mfpu=fpv4-sp-d16 -mfloat-abi=hard -mthumb -o "Drivers/GPIO/Src/GPIO.o"
arm-none-eabi-gcc "../Drivers/DeviceController/Src/DeviceController.c" -mcpu=cortex-m4 -std=gnu11 -g3 -DDEBUG -DUSE_HAL_DRIVER -DSTM32F401xE -c -I../Core/Inc -I../Drivers/STM32F4xx_HAL_Driver/Inc -I../Drivers/STM32F4xx_HAL_Driver/Inc/Legacy -I../Drivers/CMSIS/Device/ST/STM32F4xx/Include -I../Drivers/CMSIS/Include -I../USB_DEVICE/App -I../USB_DEVICE/Target -I../Middlewares/ST/STM32_USB_Device_Library/Core/Inc -I../Middlewares/ST/STM32_USB_Device_Library/Class/HID/Inc -O0 -ffunction-sections -fdata-sections -Wall -fstack-usage -MMD -MP -MF"Drivers/DeviceController/Src/DeviceController.d" -MT"Drivers/DeviceController/Src/DeviceController.o" --specs=nano.specs -mfpu=fpv4-sp-d16 -mfloat-abi=hard -mthumb -o "Drivers/DeviceController/Src/DeviceController.o"
arm-none-eabi-gcc "../Core/Src/app.c" -mcpu=cortex-m4 -std=gnu11 -g3 -DDEBUG -DUSE_HAL_DRIVER -DSTM32F401xE -c -I../Core/Inc -I../Drivers/STM32F4xx_HAL_Driver/Inc -I../Drivers/STM32F4xx_HAL_Driver/Inc/Legacy -I../Drivers/CMSIS/Device/ST/STM32F4xx/Include -I../Drivers/CMSIS/Include -I../USB_DEVICE/App -I../USB_DEVICE/Target -I../Middlewares/ST/STM32_USB_Device_Library/Core/Inc -I../Middlewares/ST/STM32_USB_Device_Library/Class/HID/Inc -O0 -ffunction-sections -fdata-sections -Wall -fstack-usage -MMD -MP -MF"Core/Src/app.d" -MT"Core/Src/app.o" --specs=nano.specs -mfpu=fpv4-sp-d16 -mfloat-abi=hard -mthumb -o "Core/Src/app.o"
In file included from ../Core/Inc/main.h:36,
                 from ../Drivers/GPIO/Src/../Inc/GPIO.h:11,
                 from ../Drivers/GPIO/Src/GPIO.c:8:
../Core/Inc/app.h:31:13: warning: 'SliderLEDDataL' defined but not used [-Wunused-variable]
   31 | static bool SliderLEDDataL[5][3] = {{false}};
      |             ^~~~~~~~~~~~~~
../Core/Inc/app.h:30:13: warning: 'SliderLEDDataR' defined but not used [-Wunused-variable]
   30 | static bool SliderLEDDataR[5][3] = {{false}};
      |             ^~~~~~~~~~~~~~
../Core/Inc/app.h:28:16: warning: 'SliderBarLEDData' defined but not used [-Wunused-variable]
   28 | static uint8_t SliderBarLEDData[16][3] = {{0}}; //16はない
      |                ^~~~~~~~~~~~~~~~
../Core/Inc/app.h:27:16: warning: 'SliderLEDData' defined but not used [-Wunused-variable]
   27 | static uint8_t SliderLEDData[16][3] = {{0}};
      |                ^~~~~~~~~~~~~
../Core/Inc/app.h:26:16: warning: 'TouchThreshold' defined but not used [-Wunused-variable]
   26 | static uint8_t TouchThreshold[32] = {0};
      |                ^~~~~~~~~~~~~~
../Core/Inc/app.h:25:13: warning: 'SideSegment' defined but not used [-Wunused-variable]
   25 | static bool SideSegment[6] = {false};
      |             ^~~~~~~~~~~
../Core/Inc/app.h:24:13: warning: 'TouchSegment' defined but not used [-Wunused-variable]
   24 | static bool TouchSegment[32] = {false};
      |             ^~~~~~~~~~~~
../Core/Inc/app.h:17:16: warning: 'sndData' defined but not used [-Wunused-variable]
   17 | static uint8_t sndData[8] = {0}; //CAN送信データ
      |                ^~~~~~~
../Core/Inc/app.h:16:16: warning: 'rcvData' defined but not used [-Wunused-variable]
   16 | static uint8_t rcvData[8] = {0}; //CAN受信データ
      |                ^~~~~~~
../Drivers/DeviceController/Src/DeviceController.c:23:12: warning: 'receiveFaultCount' defined but not used [-Wunused-variable]
   23 | static int receiveFaultCount = 0;
      |            ^~~~~~~~~~~~~~~~~
../Drivers/DeviceController/Src/DeviceController.c:22:13: warning: '_firstSend' defined but not used [-Wunused-variable]
   22 | static bool _firstSend = false;
      |             ^~~~~~~~~~
In file included from ../Core/Inc/main.h:36,
                 from ../Drivers/DeviceController/Src/../Inc/DeviceController.h:11,
                 from ../Drivers/DeviceController/Src/DeviceController.c:7:
../Core/Inc/app.h:31:13: warning: 'SliderLEDDataL' defined but not used [-Wunused-variable]
   31 | static bool SliderLEDDataL[5][3] = {{false}};
      |             ^~~~~~~~~~~~~~
../Core/Inc/app.h:30:13: warning: 'SliderLEDDataR' defined but not used [-Wunused-variable]
   30 | static bool SliderLEDDataR[5][3] = {{false}};
      |             ^~~~~~~~~~~~~~
../Core/Inc/app.h:28:16: warning: 'SliderBarLEDData' defined but not used [-Wunused-variable]
   28 | static uint8_t SliderBarLEDData[16][3] = {{0}}; //16はない
      |                ^~~~~~~~~~~~~~~~
../Core/Inc/app.h:27:16: warning: 'SliderLEDData' defined but not used [-Wunused-variable]
   27 | static uint8_t SliderLEDData[16][3] = {{0}};
      |                ^~~~~~~~~~~~~
../Core/Inc/app.h:26:16: warning: 'TouchThreshold' defined but not used [-Wunused-variable]
   26 | static uint8_t TouchThreshold[32] = {0};
      |                ^~~~~~~~~~~~~~
../Core/Inc/app.h:25:13: warning: 'SideSegment' defined but not used [-Wunused-variable]
   25 | static bool SideSegment[6] = {false};
      |             ^~~~~~~~~~~
../Core/Inc/app.h:24:13: warning: 'TouchSegment' defined but not used [-Wunused-variable]
   24 | static bool TouchSegment[32] = {false};
      |             ^~~~~~~~~~~~
../Core/Inc/app.h:17:16: warning: 'sndData' defined but not used [-Wunused-variable]
   17 | static uint8_t sndData[8] = {0}; //CAN送信データ
      |                ^~~~~~~
../Core/Inc/app.h:16:16: warning: 'rcvData' defined but not used [-Wunused-variable]
   16 | static uint8_t rcvData[8] = {0}; //CAN受信データ
      |                ^~~~~~~
../Core/Src/app.c: In function 'appTask':
../Core/Src/app.c:39:18: warning: unused variable 'successCount' [-Wunused-variable]
   39 |  static uint32_t successCount = 0;
      |                  ^~~~~~~~~~~~
../Core/Src/app.c:36:14: warning: unused variable '_firstSend' [-Wunused-variable]
   36 |  static bool _firstSend = false;
      |              ^~~~~~~~~~
At top level:
../Core/Src/app.c:36:14: warning: '_firstSend' defined but not used [-Wunused-variable]
../Core/Src/app.c:39:18: warning: 'successCount' defined but not used [-Wunused-variable]
   39 |  static uint32_t successCount = 0;
      |                  ^~~~~~~~~~~~
../Core/Src/app.c:363:13: warning: 'IO_Read' defined but not used [-Wunused-function]
  363 | static bool IO_Read(uint8_t sensor){
      |             ^~~~~~~
In file included from ../Core/Src/app.c:11:
../Core/Inc/app.h:28:16: warning: 'SliderBarLEDData' defined but not used [-Wunused-variable]
   28 | static uint8_t SliderBarLEDData[16][3] = {{0}}; //16はない
      |                ^~~~~~~~~~~~~~~~
../Core/Inc/app.h:26:16: warning: 'TouchThreshold' defined but not used [-Wunused-variable]
   26 | static uint8_t TouchThreshold[32] = {0};
      |                ^~~~~~~~~~~~~~
../Core/Inc/app.h:25:13: warning: 'SideSegment' defined but not used [-Wunused-variable]
   25 | static bool SideSegment[6] = {false};
      |             ^~~~~~~~~~~
../Core/Inc/app.h:17:16: warning: 'sndData' defined but not used [-Wunused-variable]
   17 | static uint8_t sndData[8] = {0}; //CAN送信データ
      |                ^~~~~~~
../Core/Inc/app.h:16:16: warning: 'rcvData' defined but not used [-Wunused-variable]
   16 | static uint8_t rcvData[8] = {0}; //CAN受信データ
      |                ^~~~~~~
[...]
   47 |  static int rcvJudge[16] = {};
      |             ^~~~~~~~
../Core/Src/app.c:45:13: warning: variable 'retSnd' set but not used [-Wunused-but-set-variable]
   45 |  static int retSnd = 0;
      |             ^~~~~~
../Core/Src/app.c:39:18: warning: unused variable 'successCount' [-Wunused-variable]
   39 |  static uint32_t successCount = 0;
      |                  ^~~~~~~~~~~~
../Core/Src/app.c:36:14: warning: unused variable '_firstSend' [-Wunused-variable]
   36 |  static bool _firstSend = false;
      |              ^~~~~~~~~~
At top level:
../Core/Src/app.c:36:14: warning: '_firstSend' defined but not used [-Wunused-variable]
../Core/Src/app.c:39:18: warning: 'successCount' defined but not used [-Wunused-variable]
   39 |  static uint32_t successCount = 0;
      |                  ^~~~~~~~~~~~
../Core/Src/app.c:65:17: warning: 'sum' defined but not used [-Wunused-variable]
   65 |  static uint8_t sum = 0;
      |                 ^~~
../Core/Src/app.c:406:13: warning: 'IO_Read' defined but not used [-Wunused-function]
  406 | static bool IO_Read(uint8_t sensor){
      |             ^~~~~~~
In file included from ../Core/Src/app.c:11:
../Core/Inc/app.h:28:16: warning: 'SliderBarLEDData' defined but not used [-Wunused-variable]
   28 | static uint8_t SliderBarLEDData[16][3] = {{0}}; //16はない
      |                ^~~~~~~~~~~~~~~~
../Core/Inc/app.h:26:16: warning: 'TouchThreshold' defined but not used [-Wunused-variable]
   26 | static uint8_t TouchThreshold[32] = {0};
      |                ^~~~~~~~~~~~~~
../Core/Inc/app.h:25:13: warning: 'SideSegment' defined but not used [-Wunused-variable]
   25 | static bool SideSegment[6] = {false};
      |             ^~~~~~~~~~~
../Core/Inc/app.h:17:16: warning: 'sndData' defined but not used [-Wunused-variable]
   17 | static uint8_t sndData[8] = {0}; //CAN送信データ
      |                ^~~~~~~
../Core/Inc/app.h:16:16: warning: 'rcvData' defined but not used [-Wunused-variable]
   16 | static uint8_t rcvData[8] = {0}; //CAN受信データ
      |                ^~~~~~~
arm-none-eabi-gcc -o "GINGAAAN_1STLOTSLIDE.elf" @"objects.list"   -mcpu=cortex-m4 -T"/Users/UnknownSP/STM32CubeIDE/GINGAAAN/GINGAAAN_1STLOTSLIDE/STM32F401RETX_FLASH.ld" --specs=nosys.specs -Wl,-Map="GINGAAAN_1STLOTSLIDE.map" -Wl,--gc-sections -static --specs=nano.specs -mfpu=fpv4-sp-d16 -mfloat-abi=hard -mthumb -Wl,--start-group -lc -lm -Wl,--end-group
Finished building target: GINGAAAN_1STLOTSLIDE.elf
 
arm-none-eabi-size   GINGAAAN_1STLOTSLIDE.elf 
arm-none-eabi-objdump -h -S  GINGAAAN_1STLOTSLIDE.elf  > "GINGAAAN_1STLOTSLIDE.list"
arm-none-eabi-objcopy  -O binary  GINGAAAN_1STLOTSLIDE.elf  "GINGAAAN_1STLOTSLIDE.bin"
   text	   data	    bss	    dec	    hex	filename
  36392	    352	   5824	  42568	   a648	GINGAAAN_1STLOTSLIDE.elf
Finished building: default.size.stdout
 
Finished building: GINGAAAN_1STLOTSLIDE.bin
 
Finished building: GINGAAAN_1STLOTSLIDE.list
 
00:36:34 **** Incremental Build of configuration Debug for project GINGAAAN_1STLOTSLIDE ****
make -j3 all 
arm-none-eabi-gcc "../Drivers/DeviceController/Src/DeviceController.c" -mcpu=cortex-m4 -std=gnu11 -g3 -DDEBUG -DUSE_HAL_DRIVER -DSTM32F401xE -c -I../Core/Inc -I../Drivers/STM32F4xx_HAL_Driver/Inc -I../Drivers/STM32F4xx_HAL_Driver/Inc/Legacy -I../Drivers/CMSIS/Device/ST/STM32F4xx/Include -I../Drivers/CMSIS/Include -I../USB_DEVICE/App -I../USB_DEVICE/Target -I../Middlewares/ST/STM32_USB_Device_Library/Core/Inc -I../Middlewares/ST/STM32_USB_Device_Library/Class/HID/Inc -O0 -ffunction-sections -fdata-sections -Wall -fstack-usage -MMD -MP -MF"Drivers/DeviceController/Src/DeviceController.d" -MT"Drivers/DeviceController/Src/DeviceController.o" --specs=nano.specs -mfpu=fpv4-sp-d16 -mfloat-abi=hard -mthumb -o "Drivers/DeviceController/Src/DeviceController.o"
arm-none-eabi-gcc "../Core/Src/app.c" -mcpu=cortex-m4 -std=gnu11 -g3 -DDEBUG -DUSE_HAL_DRIVER -DSTM32F401xE -c -I../Core/Inc -I../Drivers/STM32F4xx_HAL_Driver/Inc -I../Drivers/STM32F4xx_HAL_Driver/Inc/Legacy -I../Drivers/CMSIS/Device/ST/STM32F4xx/Include -I../Drivers/CMSIS/Include -I../USB_DEVICE/App -I../USB_DEVICE/Target -I../Middlewares/ST/STM32_USB_Device_Library/Core/Inc -I../Middlewares/ST/STM32_USB_Device_Library/Class/HID/Inc -O0 -ffunction-sections -fdata-sections -Wall -fstack-usage -MMD -MP -MF"Core/Src/app.d" -MT"Core/Src/app.o" --specs=nano.specs -mfpu=fpv4-sp-d16 -mfloat-abi=hard -mthumb -o "Core/Src/app.o"
../Core/Src/app.c: In function 'appTask':
../Core/Src/app.c:100:18: error: 'sendLength' undeclared (first use in this function)
  100 |   for(int j=1; j<sendLength-1; j++){
      |                  ^~~~~~~~~~
../Core/Src/app.c:100:18: note: each undeclared identifier is reported only once for each function it appears in
../Core/Src/app.c:150:7: warning: unused variable 'B' [-Wunused-variable]
  150 |  bool B = ((testCount>>2) & 1) == 1;
      |       ^
../Core/Src/app.c:149:7: warning: unused variable 'G' [-Wunused-variable]
  149 |  bool G = ((testCount>>1) & 1) == 1;
      |       ^
../Core/Src/app.c:148:7: warning: unused variable 'R' [-Wunused-variable]
  148 |  bool R = (testCount & 1) == 1;
      |       ^
../Core/Src/app.c:65:17: warning: unused variable 'sum' [-Wunused-variable]
   65 |  static uint8_t sum = 0;
      |                 ^~~
../Core/Src/app.c:47:13: warning: variable 'rcvJudge' set but not used [-Wunused-but-set-variable]
   47 |  static int rcvJudge[16] = {};
      |             ^~~~~~~~
../Core/Src/app.c:46:13: warning: unused variable 'retRcv' [-Wunused-variable]
   46 |  static int retRcv = 0;
      |             ^~~~~~
../Core/Src/app.c:45:13: warning: unused variable 'retSnd' [-Wunused-variable]
   45 |  static int retSnd = 0;
      |             ^~~~~~
../Core/Src/app.c:39:18: warning: unused variable 'successCount' [-Wunused-variable]
   39 |  static uint32_t successCount = 0;
      |                  ^~~~~~~~~~~~
../Core/Src/app.c:36:14: warning: unused variable '_firstSend' [-Wunused-variable]
   36 |  static bool _firstSend = false;
      |              ^~~~~~~~~~
At top level:
../Core/Src/app.c:36:14: warning: '_firstSend' defined but not used [-Wunused-variable]
../Core/Src/app.c:39:18: warning: 'successCount' defined but not used [-Wunused-variable]
   39 |  static uint32_t successCount = 0;
      |                  ^~~~~~~~~~~~
../Core/Src/app.c:45:13: warning: 'retSnd' defined but not used [-Wunused-variable]
   45 |  static int retSnd = 0;
      |             ^~~~~~
../Core/Src/app.c:46:13: warning: 'retRcv' defined but not used [-Wunused-variable]
   46 |  static int retRcv = 0;
      |             ^~~~~~
../Core/Src/app.c:65:17: warning: 'sum' defined but not used [-Wunused-variable]
   65 |  static uint8_t sum = 0;
      |                 ^~~
../Core/Src/app.c:405:13: warning: 'IO_Read' defined but not used [-Wunused-function]
  405 | static bool IO_Read(uint8_t sensor){
      |             ^~~~~~~
In file included from ../Core/Src/app.c:11:
../Core/Inc/app.h:28:16: warning: 'SliderBarLEDData' defined but not used [-Wunused-variable]
   28 | static uint8_t SliderBarLEDData[16][3] = {{0}}; //16はない
      |                ^~~~~~~~~~~~~~~~
../Core/Inc/app.h:26:16: warning: 'TouchThreshold' defined but not used [-Wunused-variable]
   26 | static uint8_t TouchThreshold[32] = {0};
      |                ^~~~~~~~~~~~~~
../Core/Inc/app.h:25:13: warning: 'SideSegment' defined but not used [-Wunused-variable]
   25 | static bool SideSegment[6] = {false};
      |             ^~~~~~~~~~~
../Core/Inc/app.h:17:16: warning: 'sndData' defined but not used [-Wunused-variable]
   17 | static uint8_t sndData[8] = {0}; //CAN送信データ
      |                ^~~~~~~
../Core/Inc/app.h:16:16: warning: 'rcvData' defined but not used [-Wunused-variable]
   16 | static uint8_t rcvData[8] = {0}; //CAN受信データ
      |                ^~~~~~~
make: *** [Core/Src/subdir.mk:37: Core/Src/app.o] Error 1
make: *** Waiting for unfinished jobs....
../Drivers/DeviceController/Src/DeviceController.c: In function 'D_Slider_SystickUpdate':
../Drivers/DeviceController/Src/DeviceController.c:42:3: warning: implicit declaration of function 'D_Slider_Start'; did you mean 'D_Slider_Send'? [-Wimplicit-function-declaration]
   42 |   D_Slider_Start();
      |   ^~~~~~~~~~~~~~
      |   D_Slider_Send
../Drivers/DeviceController/Src/DeviceController.c: At top level:
../Drivers/DeviceController/Src/DeviceController.c:77:6: warning: conflicting types for 'D_Slider_Start'
   77 | void D_Slider_Start(){
      |      ^~~~~~~~~~~~~~
../Drivers/DeviceController/Src/DeviceController.c:42:3: note: previous implicit declaration of 'D_Slider_Start' was here
   42 |   D_Slider_Start();
      |   ^~~~~~~~~~~~~~
../Drivers/DeviceController/Src/DeviceController.c:27:12: warning: 'receiveFaultCount' defined but not used [-Wunused-variable]
   27 | static int receiveFaultCount = 0;
      |            ^~~~~~~~~~~~~~~~~
In file included from ../Core/Inc/main.h:36,
                 from ../Drivers/DeviceController/Src/../Inc/DeviceController.h:11,
                 from ../Drivers/DeviceController/Src/DeviceController.c:7:
../Core/Inc/app.h:31:13: warning: 'SliderLEDDataL' defined but not used [-Wunused-variable]
   31 | static bool SliderLEDDataL[5][3] = {{false}};
      |             ^~~~~~~~~~~~~~
../Core/Inc/app.h:30:13: warning: 'SliderLEDDataR' defined but not used [-Wunused-variable]
   30 | static bool SliderLEDDataR[5][3] = {{false}};
      |             ^~~~~~~~~~~~~~
../Core/Inc/app.h:28:16: warning: 'SliderBarLEDData' defined but not used [-Wunused-variable]
   28 | static uint8_t SliderBarLEDData[16][3] = {{0}}; //16はない
      |                ^~~~~~~~~~~~~~~~
../Core/Inc/app.h:27:16: warning: 'SliderLEDData' defined but not used [-Wunused-variable]
   27 | static uint8_t SliderLEDData[16][3] = {{0}};
      |                ^~~~~~~~~~~~~
../Core/Inc/app.h:26:16: warning: 'TouchThreshold' defined but not used [-Wunused-variable]
   26 | static uint8_t TouchThreshold[32] = {0};
      |                ^~~~~~~~~~~~~~
../Core/Inc/app.h:25:13: warning: 'SideSegment' defined but not used [-Wunused-variable]
   25 | static bool SideSegment[6] = {false};
      |             ^~~~~~~~~~~
../Core/Inc/app.h:24:13: warning: 'TouchSegment' defined but not used [-Wunused-variable]
   24 | static bool TouchSegment[32] = {false};
      |             ^~~~~~~~~~~~
../Core/Inc/app.h:17:16: warning: 'sndData' defined but not used [-Wunused-variable]
   17 | static uint8_t sndData[8] = {0}; //CAN送信データ
      |                ^~~~~~~
../Core/Inc/app.h:16:16: warning: 'rcvData' defined but not used [-Wunused-variable]
   16 | static uint8_t rcvData[8] = {0}; //CAN受信データ
      |                ^~~~~~~
"make -j3 all" terminated with exit code 2. Build might be incomplete.
00:37:18 **** Incremental Build of configuration Debug for project GINGAAAN_1STLOTSLIDE ****
make -j3 all 
arm-none-eabi-gcc "../Core/Src/app.c" -mcpu=cortex-m4 -std=gnu11 -g3 -DDEBUG -DUSE_HAL_DRIVER -DSTM32F401xE -c -I../Core/Inc -I../Drivers/STM32F4xx_HAL_Driver/Inc -I../Drivers/STM32F4xx_HAL_Driver/Inc/Legacy -I../Drivers/CMSIS/Device/ST/STM32F4xx/Include -I../Drivers/CMSIS/Include -I../USB_DEVICE/App -I../USB_DEVICE/Target -I../Middlewares/ST/STM32_USB_Device_Library/Core/Inc -I../Middlewares/ST/STM32_USB_Device_Library/Class/HID/Inc -O0 -ffunction-sections -fdata-sections -Wall -fstack-usage -MMD -MP -MF"Core/Src/app.d" -MT"Core/Src/app.o" --specs=nano.specs -mfpu=fpv4-sp-d16 -mfloat-abi=hard -mthumb -o "Core/Src/app.o"
../Core/Src/app.c: In function 'appTask':
../Core/Src/app.c:148:7: warning: unused variable 'B' [-Wunused-variable]
  148 |  bool B = ((testCount>>2) & 1) == 1;
      |       ^
../Core/Src/app.c:147:7: warning: unused variable 'G' [-Wunused-variable]
  147 |  bool G = ((testCount>>1) & 1) == 1;
      |       ^
../Core/Src/app.c:146:7: warning: unused variable 'R' [-Wunused-variable]
  146 |  bool R = (testCount & 1) == 1;
      |       ^
../Core/Src/app.c:65:17: warning: unused variable 'sum' [-Wunused-variable]
   65 |  static uint8_t sum = 0;
      |                 ^~~
../Core/Src/app.c:47:13: warning: variable 'rcvJudge' set but not used [-Wunused-but-set-variable]
   47 |  static int rcvJudge[16] = {};
      |             ^~~~~~~~
../Core/Src/app.c:46:13: warning: unused variable 'retRcv' [-Wunused-variable]
   46 |  static int retRcv = 0;
      |             ^~~~~~
../Core/Src/app.c:45:13: warning: unused variable 'retSnd' [-Wunused-variable]
   45 |  static int retSnd = 0;
      |             ^~~~~~
../Core/Src/app.c:39:18: warning: unused variable 'successCount' [-Wunused-variable]
   39 |  static uint32_t successCount = 0;
      |                  ^~~~~~~~~~~~
../Core/Src/app.c:36:14: warning: unused variable '_firstSend' [-Wunused-variable]
   36 |  static bool _firstSend = false;
      |              ^~~~~~~~~~
At top level:
../Core/Src/app.c:36:14: warning: '_firstSend' defined but not used [-Wunused-variable]
../Core/Src/app.c:39:18: warning: 'successCount' defined but not used [-Wunused-variable]
   39 |  static uint32_t successCount = 0;
      |                  ^~~~~~~~~~~~
../Core/Src/app.c:45:13: warning: 'retSnd' defined but not used [-Wunused-variable]
   45 |  static int retSnd = 0;
      |             ^~~~~~
../Core/Src/app.c:46:13: warning: 'retRcv' defined but not used [-Wunused-variable]
   46 |  static int retRcv = 0;
      |             ^~~~~~
../Core/Src/app.c:65:17: warning: 'sum' defined but not used [-Wunused-variable]
   65 |  static uint8_t sum = 0;
      |                 ^~~
../Core/Src/app.c:403:13: warning: 'IO_Read' defined but not used [-Wunused-function]
  403 | static bool IO_Read(uint8_t sensor){
      |             ^~~~~~~
In file included from ../Core/Src/app.c:11:
../Core/Inc/app.h:28:16: warning: 'SliderBarLEDData' defined but not used [-Wunused-variable]
   28 | static uint8_t SliderBarLEDData[16][3] = {{0}}; //16はない
      |                ^~~~~~~~~~~~~~~~
../Core/Inc/app.h:26:16: warning: 'TouchThreshold' defined but not used [-Wunused-variable]
   26 | static uint8_t TouchThreshold[32] = {0};
      |                ^~~~~~~~~~~~~~
../Core/Inc/app.h:25:13: warning: 'SideSegment' defined but not used [-Wunused-variable]
   25 | static bool SideSegment[6] = {false};
      |             ^~~~~~~~~~~
../Core/Inc/app.h:17:16: warning: 'sndData' defined but not used [-Wunused-variable]
   17 | static uint8_t sndData[8] = {0}; //CAN送信データ
      |                ^~~~~~~
../Core/Inc/app.h:16:16: warning: 'rcvData' defined but not used [-Wunused-variable]
   16 | static uint8_t rcvData[8] = {0}; //CAN受信データ
      |                ^~~~~~~
arm-none-eabi-gcc -o "GINGAAAN_1STLOTSLIDE.elf" @"objects.list"   -mcpu=cortex-m4 -T"/Users/UnknownSP/STM32CubeIDE/GINGAAAN/GINGAAAN_1STLOTSLIDE/STM32F401RETX_FLASH.ld" --specs=nosys.specs -Wl,-Map="GINGAAAN_1STLOTSLIDE.map" -Wl,--gc-sections -static --specs=nano.specs -mfpu=fpv4-sp-d16 -mfloat-abi=hard -mthumb -Wl,--start-group -lc -lm -Wl,--end-group
Finished building target: GINGAAAN_1STLOTSLIDE.elf
 
arm-none-eabi-size   GINGAAAN_1STLOTSLIDE.elf 
arm-none-eabi-objdump -h -S  GINGAAAN_1STLOTSLIDE.elf  > "GINGAAAN_1STLOTSLIDE.list"
arm-none-eabi-objcopy  -O binary  GINGAAAN_1STLOTSLIDE.elf  "GINGAAAN_1STLOTSLIDE.bin"
   text	   data	    bss	    dec	    hex	filename
  35284	    352	   5856	  41492	   a214	GINGAAAN_1STLOTSLIDE.elf
Finished building: default.size.stdout
 
Finished building: GINGAAAN_1STLOTSLIDE.bin
 
Finished building: GINGAAAN_1STLOTSLIDE.list
 
00:38:56 **** Incremental Build of configuration Debug for project GINGAAAN_1STLOTSLIDE ****
make -j3 all 
arm-none-eabi-gcc "../Drivers/DeviceController/Src/DeviceController.c" -mcpu=cortex-m4 -std=gnu11 -g3 -DDEBUG -DUSE_HAL_DRIVER -DSTM32F401xE -c -I../Core/Inc -I../Drivers/STM32F4xx_HAL_Driver/Inc -I../Drivers/STM32F4xx_HAL_Driver/Inc/Legacy -I../Drivers/CMSIS/Device/ST/STM32F4xx/Include -I../Drivers/CMSIS/Include -I../USB_DEVICE/App -I../USB_DEVICE/Target -I../Middlewares/ST/STM32_USB_Device_Library/Core/Inc -I../Middlewares/ST/STM32_USB_Device_Library/Class/HID/Inc -O0 -ffunction-sections -fdata-sections -Wall -fstack-usage -MMD -MP -MF"Drivers/DeviceController/Src/DeviceController.d" -MT"Drivers/DeviceController/Src/DeviceController.o" --specs=nano.specs -mfpu=fpv4-sp-d16 -mfloat-abi=hard -mthumb -o "Drivers/DeviceController/Src/DeviceController.o"
../Drivers/DeviceController/Src/DeviceController.c: In function 'D_Slider_SystickUpdate':
../Drivers/DeviceController/Src/DeviceController.c:42:3: warning: implicit declaration of function 'D_Slider_Start'; did you mean 'D_Slider_Send'? [-Wimplicit-function-declaration]
   42 |   D_Slider_Start();
      |   ^~~~~~~~~~~~~~
      |   D_Slider_Send
../Drivers/DeviceController/Src/DeviceController.c: At top level:
../Drivers/DeviceController/Src/DeviceController.c:77:6: warning: conflicting types for 'D_Slider_Start'
   77 | void D_Slider_Start(){
      |      ^~~~~~~~~~~~~~
../Drivers/DeviceController/Src/DeviceController.c:42:3: note: previous implicit declaration of 'D_Slider_Start' was here
   42 |   D_Slider_Start();
      |   ^~~~~~~~~~~~~~
../Drivers/DeviceController/Src/DeviceController.c:27:12: warning: 'receiveFaultCount' defined but not used [-Wunused-variable]
   27 | static int receiveFaultCount = 0;
      |            ^~~~~~~~~~~~~~~~~
In file included from ../Core/Inc/main.h:36,
                 from ../Drivers/DeviceController/Src/../Inc/DeviceController.h:11,
                 from ../Drivers/DeviceController/Src/DeviceController.c:7:
../Core/Inc/app.h:31:13: warning: 'SliderLEDDataL' defined but not used [-Wunused-variable]
   31 | static bool SliderLEDDataL[5][3] = {{false}};
      |             ^~~~~~~~~~~~~~
../Core/Inc/app.h:30:13: warning: 'SliderLEDDataR' defined but not used [-Wunused-variable]
   30 | static bool SliderLEDDataR[5][3] = {{false}};
      |             ^~~~~~~~~~~~~~
../Core/Inc/app.h:28:16: warning: 'SliderBarLEDData' defined but not used [-Wunused-variable]
   28 | static uint8_t SliderBarLEDData[16][3] = {{0}}; //16はない
      |                ^~~~~~~~~~~~~~~~
../Core/Inc/app.h:27:16: warning: 'SliderLEDData' defined but not used [-Wunused-variable]
   27 | static uint8_t SliderLEDData[16][3] = {{0}};
      |                ^~~~~~~~~~~~~
../Core/Inc/app.h:26:16: warning: 'TouchThreshold' defined but not used [-Wunused-variable]
   26 | static uint8_t TouchThreshold[32] = {0};
      |                ^~~~~~~~~~~~~~
../Core/Inc/app.h:25:13: warning: 'SideSegment' defined but not used [-Wunused-variable]
   25 | static bool SideSegment[6] = {false};
      |             ^~~~~~~~~~~
../Core/Inc/app.h:24:13: warning: 'TouchSegment' defined but not used [-Wunused-variable]
   24 | static bool TouchSegment[32] = {false};
      |             ^~~~~~~~~~~~
../Core/Inc/app.h:17:16: warning: 'sndData' defined but not used [-Wunused-variable]
   17 | static uint8_t sndData[8] = {0}; //CAN送信データ
      |                ^~~~~~~
../Core/Inc/app.h:16:16: warning: 'rcvData' defined but not used [-Wunused-variable]
   16 | static uint8_t rcvData[8] = {0}; //CAN受信データ
      |                ^~~~~~~
arm-none-eabi-gcc -o "GINGAAAN_1STLOTSLIDE.elf" @"objects.list"   -mcpu=cortex-m4 -T"/Users/UnknownSP/STM32CubeIDE/GINGAAAN/GINGAAAN_1STLOTSLIDE/STM32F401RETX_FLASH.ld" --specs=nosys.specs -Wl,-Map="GINGAAAN_1STLOTSLIDE.map" -Wl,--gc-sections -static --specs=nano.specs -mfpu=fpv4-sp-d16 -mfloat-abi=hard -mthumb -Wl,--start-group -lc -lm -Wl,--end-group
Finished building target: GINGAAAN_1STLOTSLIDE.elf
 
arm-none-eabi-size   GINGAAAN_1STLOTSLIDE.elf 
arm-none-eabi-objdump -h -S  GINGAAAN_1STLOTSLIDE.elf  > "GINGAAAN_1STLOTSLIDE.list"
arm-none-eabi-objcopy  -O binary  GINGAAAN_1STLOTSLIDE.elf  "GINGAAAN_1STLOTSLIDE.bin"
   text	   data	    bss	    dec	    hex	filename
  35288	    352	   5856	  41496	   a218	GINGAAAN_1STLOTSLIDE.elf
Finished building: default.size.stdout
 
Finished building: GINGAAAN_1STLOTSLIDE.bin
 
Finished building: GINGAAAN_1STLOTSLIDE.list
 
